running egg_info
creating ../../build/VLMProcessing/VLMProcessing.egg-info
writing ../../build/VLMProcessing/VLMProcessing.egg-info/PKG-INFO
writing dependency_links to ../../build/VLMProcessing/VLMProcessing.egg-info/dependency_links.txt
writing entry points to ../../build/VLMProcessing/VLMProcessing.egg-info/entry_points.txt
writing requirements to ../../build/VLMProcessing/VLMProcessing.egg-info/requires.txt
writing top-level names to ../../build/VLMProcessing/VLMProcessing.egg-info/top_level.txt
writing manifest file '../../build/VLMProcessing/VLMProcessing.egg-info/SOURCES.txt'
reading manifest file '../../build/VLMProcessing/VLMProcessing.egg-info/SOURCES.txt'
adding license file 'LICENSE'
writing manifest file '../../build/VLMProcessing/VLMProcessing.egg-info/SOURCES.txt'
running build
running build_py
creating /home/upo/TFG/ros2_ws/build/VLMProcessing/build
creating /home/upo/TFG/ros2_ws/build/VLMProcessing/build/lib
creating /home/upo/TFG/ros2_ws/build/VLMProcessing/build/lib/VLMProcessing
copying VLMProcessing/constants.py -> /home/upo/TFG/ros2_ws/build/VLMProcessing/build/lib/VLMProcessing
copying VLMProcessing/VLMProcessing.py -> /home/upo/TFG/ros2_ws/build/VLMProcessing/build/lib/VLMProcessing
copying VLMProcessing/__init__.py -> /home/upo/TFG/ros2_ws/build/VLMProcessing/build/lib/VLMProcessing
running install
running install_lib
creating /home/upo/TFG/ros2_ws/install/VLMProcessing/lib/python3.12/site-packages/VLMProcessing
copying /home/upo/TFG/ros2_ws/build/VLMProcessing/build/lib/VLMProcessing/constants.py -> /home/upo/TFG/ros2_ws/install/VLMProcessing/lib/python3.12/site-packages/VLMProcessing
copying /home/upo/TFG/ros2_ws/build/VLMProcessing/build/lib/VLMProcessing/VLMProcessing.py -> /home/upo/TFG/ros2_ws/install/VLMProcessing/lib/python3.12/site-packages/VLMProcessing
copying /home/upo/TFG/ros2_ws/build/VLMProcessing/build/lib/VLMProcessing/__init__.py -> /home/upo/TFG/ros2_ws/install/VLMProcessing/lib/python3.12/site-packages/VLMProcessing
byte-compiling /home/upo/TFG/ros2_ws/install/VLMProcessing/lib/python3.12/site-packages/VLMProcessing/constants.py to constants.cpython-312.pyc
byte-compiling /home/upo/TFG/ros2_ws/install/VLMProcessing/lib/python3.12/site-packages/VLMProcessing/VLMProcessing.py to VLMProcessing.cpython-312.pyc
byte-compiling /home/upo/TFG/ros2_ws/install/VLMProcessing/lib/python3.12/site-packages/VLMProcessing/__init__.py to __init__.cpython-312.pyc
running install_data
creating /home/upo/TFG/ros2_ws/install/VLMProcessing/share/ament_index
creating /home/upo/TFG/ros2_ws/install/VLMProcessing/share/ament_index/resource_index
creating /home/upo/TFG/ros2_ws/install/VLMProcessing/share/ament_index/resource_index/packages
copying resource/VLMProcessing -> /home/upo/TFG/ros2_ws/install/VLMProcessing/share/ament_index/resource_index/packages
copying package.xml -> /home/upo/TFG/ros2_ws/install/VLMProcessing/share/VLMProcessing
error: can't copy '../config.yaml': doesn't exist or not a regular file
