[1.081s] Invoking command in '/home/upo/TFG/ros2_ws/src/VLMProcessing': AMENT_PREFIX_PATH=/home/upo/TFG/ros2_ws/install/interfaces:${AMENT_PREFIX_PATH} CMAKE_PREFIX_PATH=/home/upo/TFG/ros2_ws/install/interfaces:${CMAKE_PREFIX_PATH} DEBUGINFOD_URLS=https://debuginfod.ubuntu.com LD_LIBRARY_PATH=/home/upo/TFG/ros2_ws/install/interfaces/lib:${LD_LIBRARY_PATH} PYTHONPATH=/home/upo/TFG/ros2_ws/build/VLMProcessing/prefix_override:/usr/lib/python3/dist-packages/colcon_core/task/python/colcon_distutils_commands:/home/upo/TFG/ros2_ws/install/VLMProcessing/lib/python3.12/site-packages:/home/upo/TFG/ros2_ws/install/interfaces/lib/python3.12/site-packages:${PYTHONPATH} /usr/bin/python3 -W ignore:setup.py install is deprecated -W ignore:easy_install command is deprecated setup.py egg_info --egg-base ../../build/VLMProcessing build --build-base /home/upo/TFG/ros2_ws/build/VLMProcessing/build install --record /home/upo/TFG/ros2_ws/build/VLMProcessing/install.log --install-scripts $base/lib/VLMProcessing --single-version-externally-managed install_data
[1.326s] running egg_info
[1.326s] creating ../../build/VLMProcessing/VLMProcessing.egg-info
[1.345s] writing ../../build/VLMProcessing/VLMProcessing.egg-info/PKG-INFO
[1.345s] writing dependency_links to ../../build/VLMProcessing/VLMProcessing.egg-info/dependency_links.txt
[1.345s] writing entry points to ../../build/VLMProcessing/VLMProcessing.egg-info/entry_points.txt
[1.345s] writing requirements to ../../build/VLMProcessing/VLMProcessing.egg-info/requires.txt
[1.345s] writing top-level names to ../../build/VLMProcessing/VLMProcessing.egg-info/top_level.txt
[1.345s] writing manifest file '../../build/VLMProcessing/VLMProcessing.egg-info/SOURCES.txt'
[1.382s] reading manifest file '../../build/VLMProcessing/VLMProcessing.egg-info/SOURCES.txt'
[1.383s] adding license file 'LICENSE'
[1.383s] writing manifest file '../../build/VLMProcessing/VLMProcessing.egg-info/SOURCES.txt'
[1.383s] running build
[1.383s] running build_py
[1.383s] creating /home/upo/TFG/ros2_ws/build/VLMProcessing/build
[1.383s] creating /home/upo/TFG/ros2_ws/build/VLMProcessing/build/lib
[1.383s] creating /home/upo/TFG/ros2_ws/build/VLMProcessing/build/lib/VLMProcessing
[1.384s] copying VLMProcessing/constants.py -> /home/upo/TFG/ros2_ws/build/VLMProcessing/build/lib/VLMProcessing
[1.384s] copying VLMProcessing/VLMProcessing.py -> /home/upo/TFG/ros2_ws/build/VLMProcessing/build/lib/VLMProcessing
[1.384s] copying VLMProcessing/__init__.py -> /home/upo/TFG/ros2_ws/build/VLMProcessing/build/lib/VLMProcessing
[1.384s] running install
[1.389s] running install_lib
[1.408s] creating /home/upo/TFG/ros2_ws/install/VLMProcessing/lib/python3.12/site-packages/VLMProcessing
[1.408s] copying /home/upo/TFG/ros2_ws/build/VLMProcessing/build/lib/VLMProcessing/constants.py -> /home/upo/TFG/ros2_ws/install/VLMProcessing/lib/python3.12/site-packages/VLMProcessing
[1.408s] copying /home/upo/TFG/ros2_ws/build/VLMProcessing/build/lib/VLMProcessing/VLMProcessing.py -> /home/upo/TFG/ros2_ws/install/VLMProcessing/lib/python3.12/site-packages/VLMProcessing
[1.408s] copying /home/upo/TFG/ros2_ws/build/VLMProcessing/build/lib/VLMProcessing/__init__.py -> /home/upo/TFG/ros2_ws/install/VLMProcessing/lib/python3.12/site-packages/VLMProcessing
[1.408s] byte-compiling /home/upo/TFG/ros2_ws/install/VLMProcessing/lib/python3.12/site-packages/VLMProcessing/constants.py to constants.cpython-312.pyc
[1.409s] byte-compiling /home/upo/TFG/ros2_ws/install/VLMProcessing/lib/python3.12/site-packages/VLMProcessing/VLMProcessing.py to VLMProcessing.cpython-312.pyc
[1.414s] byte-compiling /home/upo/TFG/ros2_ws/install/VLMProcessing/lib/python3.12/site-packages/VLMProcessing/__init__.py to __init__.cpython-312.pyc
[1.414s] running install_data
[1.414s] creating /home/upo/TFG/ros2_ws/install/VLMProcessing/share/ament_index
[1.414s] creating /home/upo/TFG/ros2_ws/install/VLMProcessing/share/ament_index/resource_index
[1.414s] creating /home/upo/TFG/ros2_ws/install/VLMProcessing/share/ament_index/resource_index/packages
[1.414s] copying resource/VLMProcessing -> /home/upo/TFG/ros2_ws/install/VLMProcessing/share/ament_index/resource_index/packages
[1.414s] copying package.xml -> /home/upo/TFG/ros2_ws/install/VLMProcessing/share/VLMProcessing
[1.414s] error: can't copy '../config.yaml': doesn't exist or not a regular file
