[0.026s] Invoking command in '/home/upo/Documents/TFG/TFG/ros2_ws/src/build/interfaces': CMAKE_PREFIX_PATH=${CMAKE_PREFIX_PATH}:/home/upo/turtlebot3_ws/install/userCommunication:/home/upo/turtlebot3_ws/install/turtlebot3_teleop:/home/upo/turtlebot3_ws/install/turtlebot3_example:/home/upo/turtlebot3_ws/install/robotMovement:/home/upo/turtlebot3_ws/install/robotCommunication:/home/upo/turtlebot3_ws/install/VLMProcessing:/opt/ros/jazzy DEBUGINFOD_URLS=https://debuginfod.ubuntu.com /usr/bin/cmake /home/upo/Documents/TFG/TFG/ros2_ws/src/interfaces -DAMENT_CMAKE_SYMLINK_INSTALL=1 -DCMAKE_INSTALL_PREFIX=/home/upo/Documents/TFG/TFG/ros2_ws/src/install/interfaces
[0.289s] -- The C compiler identification is GNU 13.3.0
[0.289s] -- The CXX compiler identification is GNU 13.3.0
[0.289s] -- Detecting C compiler ABI info
[0.337s] -- Detecting C compiler ABI info - done
[0.347s] -- Check for working C compiler: /usr/bin/cc - skipped
[0.347s] -- Detecting C compile features
[0.348s] -- Detecting C compile features - done
[0.359s] -- Detecting CXX compiler ABI info
[0.500s] -- Detecting CXX compiler ABI info - done
[0.516s] -- Check for working CXX compiler: /usr/bin/c++ - skipped
[0.516s] -- Detecting CXX compile features
[0.517s] -- Detecting CXX compile features - done
[0.532s] -- Found ament_cmake: 2.5.6 (/opt/ros/jazzy/share/ament_cmake/cmake)
[0.746s] -- Found Python3: /usr/bin/python3 (found version "3.12.3") found components: Interpreter 
[0.852s] -- Override CMake install command with custom implementation using symlinks instead of copying resources
[0.952s] -- Found geometry_msgs: 5.3.8 (/opt/ros/jazzy/share/geometry_msgs/cmake)
[1.054s] -- Found rosidl_generator_c: 4.6.9 (/opt/ros/jazzy/share/rosidl_generator_c/cmake)
[1.082s] -- Found rosidl_generator_cpp: 4.6.9 (/opt/ros/jazzy/share/rosidl_generator_cpp/cmake)
[1.118s] -- Using all available rosidl_typesupport_c: rosidl_typesupport_fastrtps_c;rosidl_typesupport_introspection_c
[1.160s] -- Using all available rosidl_typesupport_cpp: rosidl_typesupport_fastrtps_cpp;rosidl_typesupport_introspection_cpp
[1.245s] -- Found sensor_msgs: 5.3.8 (/opt/ros/jazzy/share/sensor_msgs/cmake)
[1.301s] -- Found ament_lint_auto: 0.17.5 (/opt/ros/jazzy/share/ament_lint_auto/cmake)
[1.484s] -- Found rosidl_default_generators: 1.6.1 (/opt/ros/jazzy/share/rosidl_default_generators/cmake)
[1.534s] -- Found rosidl_adapter: 4.6.9 (/opt/ros/jazzy/share/rosidl_adapter/cmake)
[2.421s] -- Found ament_cmake_ros: 0.12.1 (/opt/ros/jazzy/share/ament_cmake_ros/cmake)
[3.621s] -- Using all available rosidl_typesupport_c: rosidl_typesupport_fastrtps_c;rosidl_typesupport_introspection_c
[4.057s] -- Using all available rosidl_typesupport_cpp: rosidl_typesupport_fastrtps_cpp;rosidl_typesupport_introspection_cpp
[4.069s] -- Found python_cmake_module: 0.11.1 (/opt/ros/jazzy/share/python_cmake_module/cmake)
[4.267s] -- Found PythonExtra: /usr/bin/python3  
[4.794s] -- Found Python3: /usr/bin/python3 (found version "3.12.3") found components: Interpreter Development NumPy Development.Module Development.Embed 
[4.960s] -- Found Python3: /usr/bin/python3 (found version "3.12.3") found components: Interpreter 
[4.970s] -- Added test 'lint_cmake' to check CMake code style
[4.972s] -- Added test 'xmllint' to check XML markup files
[4.985s] -- Configuring done (4.9s)
[5.053s] -- Generating done (0.1s)
[5.069s] -- Build files have been written to: /home/upo/Documents/TFG/TFG/ros2_ws/src/build/interfaces
[5.084s] Invoked command in '/home/upo/Documents/TFG/TFG/ros2_ws/src/build/interfaces' returned '0': CMAKE_PREFIX_PATH=${CMAKE_PREFIX_PATH}:/home/upo/turtlebot3_ws/install/userCommunication:/home/upo/turtlebot3_ws/install/turtlebot3_teleop:/home/upo/turtlebot3_ws/install/turtlebot3_example:/home/upo/turtlebot3_ws/install/robotMovement:/home/upo/turtlebot3_ws/install/robotCommunication:/home/upo/turtlebot3_ws/install/VLMProcessing:/opt/ros/jazzy DEBUGINFOD_URLS=https://debuginfod.ubuntu.com /usr/bin/cmake /home/upo/Documents/TFG/TFG/ros2_ws/src/interfaces -DAMENT_CMAKE_SYMLINK_INSTALL=1 -DCMAKE_INSTALL_PREFIX=/home/upo/Documents/TFG/TFG/ros2_ws/src/install/interfaces
[5.085s] Invoking command in '/home/upo/Documents/TFG/TFG/ros2_ws/src/build/interfaces': CMAKE_PREFIX_PATH=${CMAKE_PREFIX_PATH}:/home/upo/turtlebot3_ws/install/userCommunication:/home/upo/turtlebot3_ws/install/turtlebot3_teleop:/home/upo/turtlebot3_ws/install/turtlebot3_example:/home/upo/turtlebot3_ws/install/robotMovement:/home/upo/turtlebot3_ws/install/robotCommunication:/home/upo/turtlebot3_ws/install/VLMProcessing:/opt/ros/jazzy DEBUGINFOD_URLS=https://debuginfod.ubuntu.com /usr/bin/cmake --build /home/upo/Documents/TFG/TFG/ros2_ws/src/build/interfaces -- -j16 -l16
[5.161s] [  2%] [34m[1mGenerating type hashes for ROS interfaces[0m
[5.161s] [  2%] [34m[1mGenerating Rust code for ROS interfaces[0m
[5.177s] [  2%] Built target ament_cmake_python_symlink_interfaces
[5.444s] running egg_info
[5.445s] creating interfaces.egg-info
[5.468s] writing interfaces.egg-info/PKG-INFO
[5.468s] writing dependency_links to interfaces.egg-info/dependency_links.txt
[5.469s] writing top-level names to interfaces.egg-info/top_level.txt
[5.469s] writing manifest file 'interfaces.egg-info/SOURCES.txt'
[5.480s] [  2%] Built target interfaces__rosidl_generator_type_description
[5.493s] [  4%] [34m[1mGenerating C code for ROS interfaces[0m
[5.510s] [  5%] [34m[1mGenerating C++ code for ROS interfaces[0m
[5.525s] [  5%] Built target interfaces__rs
[5.542s] reading manifest file 'interfaces.egg-info/SOURCES.txt'
[5.543s] writing manifest file 'interfaces.egg-info/SOURCES.txt'
[5.585s] [  5%] Built target ament_cmake_python_build_interfaces_egg
[6.142s] [  5%] Built target interfaces__cpp
[6.281s] [  9%] [32mBuilding C object CMakeFiles/interfaces__rosidl_generator_c.dir/rosidl_generator_c/interfaces/msg/detail/request__functions.c.o[0m
[6.281s] [  9%] [32mBuilding C object CMakeFiles/interfaces__rosidl_generator_c.dir/rosidl_generator_c/interfaces/msg/detail/request__description.c.o[0m
[6.281s] [  9%] [32mBuilding C object CMakeFiles/interfaces__rosidl_generator_c.dir/rosidl_generator_c/interfaces/msg/detail/combo_image__description.c.o[0m
[6.281s] [ 10%] [32mBuilding C object CMakeFiles/interfaces__rosidl_generator_c.dir/rosidl_generator_c/interfaces/msg/detail/goal__description.c.o[0m
[6.281s] [ 13%] [32mBuilding C object CMakeFiles/interfaces__rosidl_generator_c.dir/rosidl_generator_c/interfaces/msg/detail/goal__functions.c.o[0m
[6.281s] [ 13%] [32mBuilding C object CMakeFiles/interfaces__rosidl_generator_c.dir/rosidl_generator_c/interfaces/msg/detail/combo_image__type_support.c.o[0m
[6.283s] [ 14%] [32mBuilding C object CMakeFiles/interfaces__rosidl_generator_c.dir/rosidl_generator_c/interfaces/msg/detail/goal__type_support.c.o[0m
[6.283s] [ 16%] [32mBuilding C object CMakeFiles/interfaces__rosidl_generator_c.dir/rosidl_generator_c/interfaces/msg/detail/response__description.c.o[0m
[6.283s] [ 17%] [32mBuilding C object CMakeFiles/interfaces__rosidl_generator_c.dir/rosidl_generator_c/interfaces/msg/detail/response__functions.c.o[0m
[6.283s] [ 18%] [32mBuilding C object CMakeFiles/interfaces__rosidl_generator_c.dir/rosidl_generator_c/interfaces/msg/detail/request__type_support.c.o[0m
[6.287s] [ 20%] [32mBuilding C object CMakeFiles/interfaces__rosidl_generator_c.dir/rosidl_generator_c/interfaces/msg/detail/combo_image__functions.c.o[0m
[6.294s] [ 22%] [32mBuilding C object CMakeFiles/interfaces__rosidl_generator_c.dir/rosidl_generator_c/interfaces/action/detail/move__functions.c.o[0m
[6.294s] [ 22%] [32mBuilding C object CMakeFiles/interfaces__rosidl_generator_c.dir/rosidl_generator_c/interfaces/action/detail/move__description.c.o[0m
[6.295s] [ 24%] [32mBuilding C object CMakeFiles/interfaces__rosidl_generator_c.dir/rosidl_generator_c/interfaces/msg/detail/response__type_support.c.o[0m
[6.297s] [ 25%] [32mBuilding C object CMakeFiles/interfaces__rosidl_generator_c.dir/rosidl_generator_c/interfaces/action/detail/move__type_support.c.o[0m
[6.499s] [ 26%] [32m[1mLinking C shared library libinterfaces__rosidl_generator_c.so[0m
[6.571s] [ 26%] Built target interfaces__rosidl_generator_c
[6.589s] [ 33%] [34m[1mGenerating C++ type support for eProsima Fast-RTPS[0m
[6.589s] [ 33%] [34m[1mGenerating C++ type support dispatch for ROS interfaces[0m
[6.589s] [ 33%] [34m[1mGenerating C++ introspection for ROS interfaces[0m
[6.590s] [ 33%] [34m[1mGenerating C type support dispatch for ROS interfaces[0m
[6.590s] [ 33%] [34m[1mGenerating C introspection for ROS interfaces[0m
[6.590s] [ 34%] [34m[1mGenerating C type support for eProsima Fast-RTPS[0m
[7.110s] [ 36%] [32mBuilding CXX object CMakeFiles/interfaces__rosidl_typesupport_cpp.dir/rosidl_typesupport_cpp/interfaces/msg/request__type_support.cpp.o[0m
[7.111s] [ 37%] [32mBuilding CXX object CMakeFiles/interfaces__rosidl_typesupport_cpp.dir/rosidl_typesupport_cpp/interfaces/msg/response__type_support.cpp.o[0m
[7.117s] [ 40%] [32mBuilding CXX object CMakeFiles/interfaces__rosidl_typesupport_c.dir/rosidl_typesupport_c/interfaces/msg/combo_image__type_support.cpp.o[0m
[7.117s] [ 40%] [32mBuilding CXX object CMakeFiles/interfaces__rosidl_typesupport_cpp.dir/rosidl_typesupport_cpp/interfaces/action/move__type_support.cpp.o[0m
[7.120s] [ 41%] [32mBuilding CXX object CMakeFiles/interfaces__rosidl_typesupport_c.dir/rosidl_typesupport_c/interfaces/msg/request__type_support.cpp.o[0m
[7.121s] [ 42%] [32mBuilding CXX object CMakeFiles/interfaces__rosidl_typesupport_c.dir/rosidl_typesupport_c/interfaces/msg/goal__type_support.cpp.o[0m
[7.130s] [ 44%] [32mBuilding CXX object CMakeFiles/interfaces__rosidl_typesupport_cpp.dir/rosidl_typesupport_cpp/interfaces/msg/goal__type_support.cpp.o[0m
[7.131s] [ 45%] [32mBuilding CXX object CMakeFiles/interfaces__rosidl_typesupport_cpp.dir/rosidl_typesupport_cpp/interfaces/msg/combo_image__type_support.cpp.o[0m
[7.131s] [ 46%] [32mBuilding CXX object CMakeFiles/interfaces__rosidl_typesupport_c.dir/rosidl_typesupport_c/interfaces/msg/response__type_support.cpp.o[0m
[7.135s] [ 48%] [32mBuilding CXX object CMakeFiles/interfaces__rosidl_typesupport_c.dir/rosidl_typesupport_c/interfaces/action/move__type_support.cpp.o[0m
[7.276s] [ 49%] [32m[1mLinking CXX shared library libinterfaces__rosidl_typesupport_c.so[0m
[7.347s] [ 50%] [32mBuilding C object CMakeFiles/interfaces__rosidl_typesupport_introspection_c.dir/rosidl_typesupport_introspection_c/interfaces/msg/detail/combo_image__type_support.c.o[0m
[7.357s] [ 53%] [32mBuilding C object CMakeFiles/interfaces__rosidl_typesupport_introspection_c.dir/rosidl_typesupport_introspection_c/interfaces/msg/detail/request__type_support.c.o[0m
[7.357s] [ 53%] [32mBuilding C object CMakeFiles/interfaces__rosidl_typesupport_introspection_c.dir/rosidl_typesupport_introspection_c/interfaces/action/detail/move__type_support.c.o[0m
[7.360s] [ 54%] [32mBuilding CXX object CMakeFiles/interfaces__rosidl_typesupport_introspection_cpp.dir/rosidl_typesupport_introspection_cpp/interfaces/msg/detail/combo_image__type_support.cpp.o[0m
[7.364s] [ 56%] [32mBuilding C object CMakeFiles/interfaces__rosidl_typesupport_introspection_c.dir/rosidl_typesupport_introspection_c/interfaces/msg/detail/response__type_support.c.o[0m
[7.370s] [ 57%] [32mBuilding CXX object CMakeFiles/interfaces__rosidl_typesupport_introspection_cpp.dir/rosidl_typesupport_introspection_cpp/interfaces/msg/detail/goal__type_support.cpp.o[0m
[7.385s] [ 58%] [32mBuilding C object CMakeFiles/interfaces__rosidl_typesupport_introspection_c.dir/rosidl_typesupport_introspection_c/interfaces/msg/detail/goal__type_support.c.o[0m
[7.386s] [ 60%] [32mBuilding CXX object CMakeFiles/interfaces__rosidl_typesupport_introspection_cpp.dir/rosidl_typesupport_introspection_cpp/interfaces/msg/detail/request__type_support.cpp.o[0m
[7.438s] [ 60%] Built target interfaces__rosidl_typesupport_c
[7.470s] [ 61%] [32mBuilding CXX object CMakeFiles/interfaces__rosidl_typesupport_introspection_cpp.dir/rosidl_typesupport_introspection_cpp/interfaces/msg/detail/response__type_support.cpp.o[0m
[7.477s] [ 62%] [32mBuilding CXX object CMakeFiles/interfaces__rosidl_typesupport_introspection_cpp.dir/rosidl_typesupport_introspection_cpp/interfaces/action/detail/move__type_support.cpp.o[0m
[7.592s] [ 64%] [32m[1mLinking C shared library libinterfaces__rosidl_typesupport_introspection_c.so[0m
[7.665s] [ 65%] [32mBuilding CXX object CMakeFiles/interfaces__rosidl_typesupport_fastrtps_cpp.dir/rosidl_typesupport_fastrtps_cpp/interfaces/msg/detail/dds_fastrtps/combo_image__type_support.cpp.o[0m
[7.667s] [ 66%] [32mBuilding CXX object CMakeFiles/interfaces__rosidl_typesupport_fastrtps_cpp.dir/rosidl_typesupport_fastrtps_cpp/interfaces/msg/detail/dds_fastrtps/request__type_support.cpp.o[0m
[7.697s] [ 68%] [32mBuilding CXX object CMakeFiles/interfaces__rosidl_typesupport_fastrtps_cpp.dir/rosidl_typesupport_fastrtps_cpp/interfaces/msg/detail/dds_fastrtps/goal__type_support.cpp.o[0m
[7.697s] [ 69%] [32mBuilding CXX object CMakeFiles/interfaces__rosidl_typesupport_fastrtps_cpp.dir/rosidl_typesupport_fastrtps_cpp/interfaces/msg/detail/dds_fastrtps/response__type_support.cpp.o[0m
[7.744s] [ 69%] Built target interfaces__rosidl_typesupport_introspection_c
[7.786s] [ 70%] [32mBuilding CXX object CMakeFiles/interfaces__rosidl_typesupport_fastrtps_cpp.dir/rosidl_typesupport_fastrtps_cpp/interfaces/action/detail/dds_fastrtps/move__type_support.cpp.o[0m
[7.918s] [ 72%] [32mBuilding CXX object CMakeFiles/interfaces__rosidl_typesupport_fastrtps_c.dir/rosidl_typesupport_fastrtps_c/interfaces/msg/detail/goal__type_support_c.cpp.o[0m
[7.921s] [ 73%] [32mBuilding CXX object CMakeFiles/interfaces__rosidl_typesupport_fastrtps_c.dir/rosidl_typesupport_fastrtps_c/interfaces/msg/detail/combo_image__type_support_c.cpp.o[0m
[7.932s] [ 74%] [32mBuilding CXX object CMakeFiles/interfaces__rosidl_typesupport_fastrtps_c.dir/rosidl_typesupport_fastrtps_c/interfaces/msg/detail/request__type_support_c.cpp.o[0m
[7.932s] [ 76%] [32mBuilding CXX object CMakeFiles/interfaces__rosidl_typesupport_fastrtps_c.dir/rosidl_typesupport_fastrtps_c/interfaces/msg/detail/response__type_support_c.cpp.o[0m
[8.037s] [ 77%] [32mBuilding CXX object CMakeFiles/interfaces__rosidl_typesupport_fastrtps_c.dir/rosidl_typesupport_fastrtps_c/interfaces/action/detail/move__type_support_c.cpp.o[0m
[8.595s] [ 78%] [32m[1mLinking CXX shared library libinterfaces__rosidl_typesupport_cpp.so[0m
[8.772s] [ 78%] Built target interfaces__rosidl_typesupport_cpp
[8.835s] [ 80%] [32m[1mLinking CXX shared library libinterfaces__rosidl_typesupport_introspection_cpp.so[0m
[8.957s] [ 80%] Built target interfaces__rosidl_typesupport_introspection_cpp
[8.985s] [ 81%] [32m[1mLinking CXX shared library libinterfaces__rosidl_typesupport_fastrtps_c.so[0m
[9.108s] [ 81%] Built target interfaces__rosidl_typesupport_fastrtps_c
[9.299s] [ 82%] [32m[1mLinking CXX shared library libinterfaces__rosidl_typesupport_fastrtps_cpp.so[0m
[9.413s] [ 82%] Built target interfaces__rosidl_typesupport_fastrtps_cpp
[9.441s] [ 82%] Built target interfaces
[9.473s] [ 84%] [34m[1mGenerating Python code for ROS interfaces[0m
[10.413s] [ 84%] Built target interfaces__py
[10.441s] [ 90%] [32mBuilding C object CMakeFiles/interfaces__rosidl_generator_py.dir/rosidl_generator_py/interfaces/msg/_combo_image_s.c.o[0m
[10.441s] [ 90%] [32mBuilding C object CMakeFiles/interfaces__rosidl_generator_py.dir/rosidl_generator_py/interfaces/msg/_goal_s.c.o[0m
[10.441s] [ 90%] [32mBuilding C object CMakeFiles/interfaces__rosidl_generator_py.dir/rosidl_generator_py/interfaces/action/_move_s.c.o[0m
[10.441s] [ 90%] [32mBuilding C object CMakeFiles/interfaces__rosidl_generator_py.dir/rosidl_generator_py/interfaces/msg/_response_s.c.o[0m
[10.441s] [ 90%] [32mBuilding C object CMakeFiles/interfaces__rosidl_generator_py.dir/rosidl_generator_py/interfaces/msg/_request_s.c.o[0m
[10.659s] [ 92%] [32m[1mLinking C shared library libinterfaces__rosidl_generator_py.so[0m
[10.719s] [ 92%] Built target interfaces__rosidl_generator_py
[10.745s] [ 94%] [32mBuilding C object CMakeFiles/interfaces_s__rosidl_typesupport_introspection_c.dir/rosidl_generator_py/interfaces/_interfaces_s.ep.rosidl_typesupport_introspection_c.c.o[0m
[10.745s] [ 94%] [32mBuilding C object CMakeFiles/interfaces_s__rosidl_typesupport_c.dir/rosidl_generator_py/interfaces/_interfaces_s.ep.rosidl_typesupport_c.c.o[0m
[10.746s] [ 96%] [32mBuilding C object CMakeFiles/interfaces_s__rosidl_typesupport_fastrtps_c.dir/rosidl_generator_py/interfaces/_interfaces_s.ep.rosidl_typesupport_fastrtps_c.c.o[0m
[10.889s] [ 97%] [32m[1mLinking C shared module rosidl_generator_py/interfaces/interfaces_s__rosidl_typesupport_c.so[0m
[10.893s] [100%] [32m[1mLinking C shared module rosidl_generator_py/interfaces/interfaces_s__rosidl_typesupport_introspection_c.so[0m
[10.893s] [100%] [32m[1mLinking C shared module rosidl_generator_py/interfaces/interfaces_s__rosidl_typesupport_fastrtps_c.so[0m
[10.934s] [100%] Built target interfaces_s__rosidl_typesupport_c
[10.939s] [100%] Built target interfaces_s__rosidl_typesupport_fastrtps_c
[10.939s] [100%] Built target interfaces_s__rosidl_typesupport_introspection_c
[10.957s] Invoked command in '/home/upo/Documents/TFG/TFG/ros2_ws/src/build/interfaces' returned '0': CMAKE_PREFIX_PATH=${CMAKE_PREFIX_PATH}:/home/upo/turtlebot3_ws/install/userCommunication:/home/upo/turtlebot3_ws/install/turtlebot3_teleop:/home/upo/turtlebot3_ws/install/turtlebot3_example:/home/upo/turtlebot3_ws/install/robotMovement:/home/upo/turtlebot3_ws/install/robotCommunication:/home/upo/turtlebot3_ws/install/VLMProcessing:/opt/ros/jazzy DEBUGINFOD_URLS=https://debuginfod.ubuntu.com /usr/bin/cmake --build /home/upo/Documents/TFG/TFG/ros2_ws/src/build/interfaces -- -j16 -l16
[10.974s] Invoking command in '/home/upo/Documents/TFG/TFG/ros2_ws/src/build/interfaces': CMAKE_PREFIX_PATH=${CMAKE_PREFIX_PATH}:/home/upo/turtlebot3_ws/install/userCommunication:/home/upo/turtlebot3_ws/install/turtlebot3_teleop:/home/upo/turtlebot3_ws/install/turtlebot3_example:/home/upo/turtlebot3_ws/install/robotMovement:/home/upo/turtlebot3_ws/install/robotCommunication:/home/upo/turtlebot3_ws/install/VLMProcessing:/opt/ros/jazzy DEBUGINFOD_URLS=https://debuginfod.ubuntu.com /usr/bin/cmake --install /home/upo/Documents/TFG/TFG/ros2_ws/src/build/interfaces
[10.985s] -- Install configuration: ""
[10.986s] -- Execute custom install script
[10.986s] -- Symlinking: /home/upo/Documents/TFG/TFG/ros2_ws/src/install/interfaces/share/ament_index/resource_index/rosidl_interfaces/interfaces
[10.998s] -- Symlinking: /home/upo/Documents/TFG/TFG/ros2_ws/src/install/interfaces/share/interfaces/msg/Goal.json
[11.010s] -- Symlinking: /home/upo/Documents/TFG/TFG/ros2_ws/src/install/interfaces/share/interfaces/msg/ComboImage.json
[11.022s] -- Symlinking: /home/upo/Documents/TFG/TFG/ros2_ws/src/install/interfaces/share/interfaces/msg/Request.json
[11.036s] -- Symlinking: /home/upo/Documents/TFG/TFG/ros2_ws/src/install/interfaces/share/interfaces/msg/Response.json
[11.050s] -- Symlinking: /home/upo/Documents/TFG/TFG/ros2_ws/src/install/interfaces/share/interfaces/action/Move.json
[11.063s] -- Symlinking: /home/upo/Documents/TFG/TFG/ros2_ws/src/install/interfaces/include/interfaces/interfaces/action/detail/move__functions.h
[11.075s] -- Symlinking: /home/upo/Documents/TFG/TFG/ros2_ws/src/install/interfaces/include/interfaces/interfaces/action/detail/move__struct.h
[11.086s] -- Symlinking: /home/upo/Documents/TFG/TFG/ros2_ws/src/install/interfaces/include/interfaces/interfaces/action/detail/move__type_support.h
[11.100s] -- Symlinking: /home/upo/Documents/TFG/TFG/ros2_ws/src/install/interfaces/include/interfaces/interfaces/action/move.h
[11.113s] -- Symlinking: /home/upo/Documents/TFG/TFG/ros2_ws/src/install/interfaces/include/interfaces/interfaces/msg/combo_image.h
[11.125s] -- Symlinking: /home/upo/Documents/TFG/TFG/ros2_ws/src/install/interfaces/include/interfaces/interfaces/msg/detail/combo_image__functions.h
[11.142s] -- Symlinking: /home/upo/Documents/TFG/TFG/ros2_ws/src/install/interfaces/include/interfaces/interfaces/msg/detail/combo_image__struct.h
[11.158s] -- Symlinking: /home/upo/Documents/TFG/TFG/ros2_ws/src/install/interfaces/include/interfaces/interfaces/msg/detail/combo_image__type_support.h
[11.174s] -- Symlinking: /home/upo/Documents/TFG/TFG/ros2_ws/src/install/interfaces/include/interfaces/interfaces/msg/detail/goal__functions.h
[11.187s] -- Symlinking: /home/upo/Documents/TFG/TFG/ros2_ws/src/install/interfaces/include/interfaces/interfaces/msg/detail/goal__struct.h
[11.200s] -- Symlinking: /home/upo/Documents/TFG/TFG/ros2_ws/src/install/interfaces/include/interfaces/interfaces/msg/detail/goal__type_support.h
[11.212s] -- Symlinking: /home/upo/Documents/TFG/TFG/ros2_ws/src/install/interfaces/include/interfaces/interfaces/msg/detail/request__functions.h
[11.225s] -- Symlinking: /home/upo/Documents/TFG/TFG/ros2_ws/src/install/interfaces/include/interfaces/interfaces/msg/detail/request__struct.h
[11.241s] -- Symlinking: /home/upo/Documents/TFG/TFG/ros2_ws/src/install/interfaces/include/interfaces/interfaces/msg/detail/request__type_support.h
[11.253s] -- Symlinking: /home/upo/Documents/TFG/TFG/ros2_ws/src/install/interfaces/include/interfaces/interfaces/msg/detail/response__functions.h
[11.265s] -- Symlinking: /home/upo/Documents/TFG/TFG/ros2_ws/src/install/interfaces/include/interfaces/interfaces/msg/detail/response__struct.h
[11.276s] -- Symlinking: /home/upo/Documents/TFG/TFG/ros2_ws/src/install/interfaces/include/interfaces/interfaces/msg/detail/response__type_support.h
[11.288s] -- Symlinking: /home/upo/Documents/TFG/TFG/ros2_ws/src/install/interfaces/include/interfaces/interfaces/msg/goal.h
[11.302s] -- Symlinking: /home/upo/Documents/TFG/TFG/ros2_ws/src/install/interfaces/include/interfaces/interfaces/msg/request.h
[11.315s] -- Symlinking: /home/upo/Documents/TFG/TFG/ros2_ws/src/install/interfaces/include/interfaces/interfaces/msg/response.h
[11.327s] -- Symlinking: /home/upo/Documents/TFG/TFG/ros2_ws/src/install/interfaces/include/interfaces/interfaces/msg/rosidl_generator_c__visibility_control.h
[11.341s] -- Symlinking: /home/upo/Documents/TFG/TFG/ros2_ws/src/install/interfaces/share/interfaces/environment/library_path.sh
[11.353s] -- Symlinking: /home/upo/Documents/TFG/TFG/ros2_ws/src/install/interfaces/share/interfaces/environment/library_path.dsv
[11.365s] -- Symlinking: /home/upo/Documents/TFG/TFG/ros2_ws/src/install/interfaces/include/interfaces/interfaces/action/detail/move__rosidl_typesupport_fastrtps_c.h
[11.378s] -- Symlinking: /home/upo/Documents/TFG/TFG/ros2_ws/src/install/interfaces/include/interfaces/interfaces/msg/detail/combo_image__rosidl_typesupport_fastrtps_c.h
[11.390s] -- Symlinking: /home/upo/Documents/TFG/TFG/ros2_ws/src/install/interfaces/include/interfaces/interfaces/msg/detail/goal__rosidl_typesupport_fastrtps_c.h
[11.402s] -- Symlinking: /home/upo/Documents/TFG/TFG/ros2_ws/src/install/interfaces/include/interfaces/interfaces/msg/detail/request__rosidl_typesupport_fastrtps_c.h
[11.413s] -- Symlinking: /home/upo/Documents/TFG/TFG/ros2_ws/src/install/interfaces/include/interfaces/interfaces/msg/detail/response__rosidl_typesupport_fastrtps_c.h
[11.424s] -- Symlinking: /home/upo/Documents/TFG/TFG/ros2_ws/src/install/interfaces/include/interfaces/interfaces/msg/rosidl_typesupport_fastrtps_c__visibility_control.h
[11.439s] -- Symlinking: /home/upo/Documents/TFG/TFG/ros2_ws/src/install/interfaces/include/interfaces/interfaces/action/detail/move__builder.hpp
[11.455s] -- Symlinking: /home/upo/Documents/TFG/TFG/ros2_ws/src/install/interfaces/include/interfaces/interfaces/action/detail/move__struct.hpp
[11.468s] -- Symlinking: /home/upo/Documents/TFG/TFG/ros2_ws/src/install/interfaces/include/interfaces/interfaces/action/detail/move__traits.hpp
[11.480s] -- Symlinking: /home/upo/Documents/TFG/TFG/ros2_ws/src/install/interfaces/include/interfaces/interfaces/action/detail/move__type_support.hpp
[11.492s] -- Symlinking: /home/upo/Documents/TFG/TFG/ros2_ws/src/install/interfaces/include/interfaces/interfaces/action/move.hpp
[11.505s] -- Symlinking: /home/upo/Documents/TFG/TFG/ros2_ws/src/install/interfaces/include/interfaces/interfaces/msg/combo_image.hpp
[11.519s] -- Symlinking: /home/upo/Documents/TFG/TFG/ros2_ws/src/install/interfaces/include/interfaces/interfaces/msg/detail/combo_image__builder.hpp
[11.530s] -- Symlinking: /home/upo/Documents/TFG/TFG/ros2_ws/src/install/interfaces/include/interfaces/interfaces/msg/detail/combo_image__struct.hpp
[11.542s] -- Symlinking: /home/upo/Documents/TFG/TFG/ros2_ws/src/install/interfaces/include/interfaces/interfaces/msg/detail/combo_image__traits.hpp
[11.555s] -- Symlinking: /home/upo/Documents/TFG/TFG/ros2_ws/src/install/interfaces/include/interfaces/interfaces/msg/detail/combo_image__type_support.hpp
[11.568s] -- Symlinking: /home/upo/Documents/TFG/TFG/ros2_ws/src/install/interfaces/include/interfaces/interfaces/msg/detail/goal__builder.hpp
[11.582s] -- Symlinking: /home/upo/Documents/TFG/TFG/ros2_ws/src/install/interfaces/include/interfaces/interfaces/msg/detail/goal__struct.hpp
[11.594s] -- Symlinking: /home/upo/Documents/TFG/TFG/ros2_ws/src/install/interfaces/include/interfaces/interfaces/msg/detail/goal__traits.hpp
[11.605s] -- Symlinking: /home/upo/Documents/TFG/TFG/ros2_ws/src/install/interfaces/include/interfaces/interfaces/msg/detail/goal__type_support.hpp
[11.617s] -- Symlinking: /home/upo/Documents/TFG/TFG/ros2_ws/src/install/interfaces/include/interfaces/interfaces/msg/detail/request__builder.hpp
[11.627s] -- Symlinking: /home/upo/Documents/TFG/TFG/ros2_ws/src/install/interfaces/include/interfaces/interfaces/msg/detail/request__struct.hpp
[11.640s] -- Symlinking: /home/upo/Documents/TFG/TFG/ros2_ws/src/install/interfaces/include/interfaces/interfaces/msg/detail/request__traits.hpp
[11.655s] -- Symlinking: /home/upo/Documents/TFG/TFG/ros2_ws/src/install/interfaces/include/interfaces/interfaces/msg/detail/request__type_support.hpp
[11.666s] -- Symlinking: /home/upo/Documents/TFG/TFG/ros2_ws/src/install/interfaces/include/interfaces/interfaces/msg/detail/response__builder.hpp
[11.678s] -- Symlinking: /home/upo/Documents/TFG/TFG/ros2_ws/src/install/interfaces/include/interfaces/interfaces/msg/detail/response__struct.hpp
[11.689s] -- Symlinking: /home/upo/Documents/TFG/TFG/ros2_ws/src/install/interfaces/include/interfaces/interfaces/msg/detail/response__traits.hpp
[11.700s] -- Symlinking: /home/upo/Documents/TFG/TFG/ros2_ws/src/install/interfaces/include/interfaces/interfaces/msg/detail/response__type_support.hpp
[11.712s] -- Symlinking: /home/upo/Documents/TFG/TFG/ros2_ws/src/install/interfaces/include/interfaces/interfaces/msg/goal.hpp
[11.724s] -- Symlinking: /home/upo/Documents/TFG/TFG/ros2_ws/src/install/interfaces/include/interfaces/interfaces/msg/request.hpp
[11.736s] -- Symlinking: /home/upo/Documents/TFG/TFG/ros2_ws/src/install/interfaces/include/interfaces/interfaces/msg/response.hpp
[11.749s] -- Symlinking: /home/upo/Documents/TFG/TFG/ros2_ws/src/install/interfaces/include/interfaces/interfaces/msg/rosidl_generator_cpp__visibility_control.hpp
[11.760s] -- Symlinking: /home/upo/Documents/TFG/TFG/ros2_ws/src/install/interfaces/include/interfaces/interfaces/action/detail/move__rosidl_typesupport_fastrtps_cpp.hpp
[11.774s] -- Symlinking: /home/upo/Documents/TFG/TFG/ros2_ws/src/install/interfaces/include/interfaces/interfaces/msg/detail/combo_image__rosidl_typesupport_fastrtps_cpp.hpp
[11.787s] -- Symlinking: /home/upo/Documents/TFG/TFG/ros2_ws/src/install/interfaces/include/interfaces/interfaces/msg/detail/goal__rosidl_typesupport_fastrtps_cpp.hpp
[11.798s] -- Symlinking: /home/upo/Documents/TFG/TFG/ros2_ws/src/install/interfaces/include/interfaces/interfaces/msg/detail/request__rosidl_typesupport_fastrtps_cpp.hpp
[11.809s] -- Symlinking: /home/upo/Documents/TFG/TFG/ros2_ws/src/install/interfaces/include/interfaces/interfaces/msg/detail/response__rosidl_typesupport_fastrtps_cpp.hpp
[11.821s] -- Symlinking: /home/upo/Documents/TFG/TFG/ros2_ws/src/install/interfaces/include/interfaces/interfaces/msg/rosidl_typesupport_fastrtps_cpp__visibility_control.h
[11.833s] -- Symlinking: /home/upo/Documents/TFG/TFG/ros2_ws/src/install/interfaces/include/interfaces/interfaces/action/detail/move__rosidl_typesupport_introspection_c.h
[11.847s] -- Symlinking: /home/upo/Documents/TFG/TFG/ros2_ws/src/install/interfaces/include/interfaces/interfaces/msg/detail/combo_image__rosidl_typesupport_introspection_c.h
[11.859s] -- Symlinking: /home/upo/Documents/TFG/TFG/ros2_ws/src/install/interfaces/include/interfaces/interfaces/msg/detail/goal__rosidl_typesupport_introspection_c.h
[11.871s] -- Symlinking: /home/upo/Documents/TFG/TFG/ros2_ws/src/install/interfaces/include/interfaces/interfaces/msg/detail/request__rosidl_typesupport_introspection_c.h
[11.883s] -- Symlinking: /home/upo/Documents/TFG/TFG/ros2_ws/src/install/interfaces/include/interfaces/interfaces/msg/detail/response__rosidl_typesupport_introspection_c.h
[11.894s] -- Symlinking: /home/upo/Documents/TFG/TFG/ros2_ws/src/install/interfaces/include/interfaces/interfaces/msg/rosidl_typesupport_introspection_c__visibility_control.h
[11.909s] -- Symlinking: /home/upo/Documents/TFG/TFG/ros2_ws/src/install/interfaces/include/interfaces/interfaces/action/detail/move__rosidl_typesupport_introspection_cpp.hpp
[11.922s] -- Symlinking: /home/upo/Documents/TFG/TFG/ros2_ws/src/install/interfaces/include/interfaces/interfaces/msg/detail/combo_image__rosidl_typesupport_introspection_cpp.hpp
[11.935s] -- Symlinking: /home/upo/Documents/TFG/TFG/ros2_ws/src/install/interfaces/include/interfaces/interfaces/msg/detail/goal__rosidl_typesupport_introspection_cpp.hpp
[11.949s] -- Symlinking: /home/upo/Documents/TFG/TFG/ros2_ws/src/install/interfaces/include/interfaces/interfaces/msg/detail/request__rosidl_typesupport_introspection_cpp.hpp
[11.961s] -- Symlinking: /home/upo/Documents/TFG/TFG/ros2_ws/src/install/interfaces/include/interfaces/interfaces/msg/detail/response__rosidl_typesupport_introspection_cpp.hpp
[11.977s] -- Symlinking: /home/upo/Documents/TFG/TFG/ros2_ws/src/install/interfaces/share/interfaces/environment/pythonpath.sh
[11.990s] -- Symlinking: /home/upo/Documents/TFG/TFG/ros2_ws/src/install/interfaces/share/interfaces/environment/pythonpath.dsv
[12.004s] -- Symlinking: /home/upo/Documents/TFG/TFG/ros2_ws/src/install/interfaces/lib/python3.12/site-packages/interfaces-0.0.0-py3.12.egg-info/PKG-INFO
[12.016s] -- Symlinking: /home/upo/Documents/TFG/TFG/ros2_ws/src/install/interfaces/lib/python3.12/site-packages/interfaces-0.0.0-py3.12.egg-info/SOURCES.txt
[12.029s] -- Symlinking: /home/upo/Documents/TFG/TFG/ros2_ws/src/install/interfaces/lib/python3.12/site-packages/interfaces-0.0.0-py3.12.egg-info/dependency_links.txt
[12.045s] -- Symlinking: /home/upo/Documents/TFG/TFG/ros2_ws/src/install/interfaces/lib/python3.12/site-packages/interfaces-0.0.0-py3.12.egg-info/top_level.txt
[12.060s] -- Symlinking: /home/upo/Documents/TFG/TFG/ros2_ws/src/install/interfaces/lib/python3.12/site-packages/interfaces/__init__.py
[12.072s] -- Symlinking: /home/upo/Documents/TFG/TFG/ros2_ws/src/install/interfaces/lib/python3.12/site-packages/interfaces/_interfaces_s.ep.rosidl_typesupport_c.c
[12.084s] -- Symlinking: /home/upo/Documents/TFG/TFG/ros2_ws/src/install/interfaces/lib/python3.12/site-packages/interfaces/_interfaces_s.ep.rosidl_typesupport_fastrtps_c.c
[12.096s] -- Symlinking: /home/upo/Documents/TFG/TFG/ros2_ws/src/install/interfaces/lib/python3.12/site-packages/interfaces/_interfaces_s.ep.rosidl_typesupport_introspection_c.c
[12.111s] -- Symlinking: /home/upo/Documents/TFG/TFG/ros2_ws/src/install/interfaces/lib/python3.12/site-packages/interfaces/action/__init__.py
[12.123s] -- Symlinking: /home/upo/Documents/TFG/TFG/ros2_ws/src/install/interfaces/lib/python3.12/site-packages/interfaces/action/_move.py
[12.136s] -- Symlinking: /home/upo/Documents/TFG/TFG/ros2_ws/src/install/interfaces/lib/python3.12/site-packages/interfaces/action/_move_s.c
[12.151s] -- Symlinking: /home/upo/Documents/TFG/TFG/ros2_ws/src/install/interfaces/lib/python3.12/site-packages/interfaces/interfaces_s__rosidl_typesupport_c.so
[12.166s] -- Symlinking: /home/upo/Documents/TFG/TFG/ros2_ws/src/install/interfaces/lib/python3.12/site-packages/interfaces/interfaces_s__rosidl_typesupport_fastrtps_c.so
[12.181s] -- Symlinking: /home/upo/Documents/TFG/TFG/ros2_ws/src/install/interfaces/lib/python3.12/site-packages/interfaces/interfaces_s__rosidl_typesupport_introspection_c.so
[12.194s] -- Symlinking: /home/upo/Documents/TFG/TFG/ros2_ws/src/install/interfaces/lib/python3.12/site-packages/interfaces/msg/__init__.py
[12.207s] -- Symlinking: /home/upo/Documents/TFG/TFG/ros2_ws/src/install/interfaces/lib/python3.12/site-packages/interfaces/msg/_combo_image.py
[12.220s] -- Symlinking: /home/upo/Documents/TFG/TFG/ros2_ws/src/install/interfaces/lib/python3.12/site-packages/interfaces/msg/_combo_image_s.c
[12.232s] -- Symlinking: /home/upo/Documents/TFG/TFG/ros2_ws/src/install/interfaces/lib/python3.12/site-packages/interfaces/msg/_goal.py
[12.248s] -- Symlinking: /home/upo/Documents/TFG/TFG/ros2_ws/src/install/interfaces/lib/python3.12/site-packages/interfaces/msg/_goal_s.c
[12.259s] -- Symlinking: /home/upo/Documents/TFG/TFG/ros2_ws/src/install/interfaces/lib/python3.12/site-packages/interfaces/msg/_request.py
[12.271s] -- Symlinking: /home/upo/Documents/TFG/TFG/ros2_ws/src/install/interfaces/lib/python3.12/site-packages/interfaces/msg/_request_s.c
[12.283s] -- Symlinking: /home/upo/Documents/TFG/TFG/ros2_ws/src/install/interfaces/lib/python3.12/site-packages/interfaces/msg/_response.py
[12.295s] -- Symlinking: /home/upo/Documents/TFG/TFG/ros2_ws/src/install/interfaces/lib/python3.12/site-packages/interfaces/msg/_response_s.c
[12.310s] -- Up-to-date symlink: /home/upo/Documents/TFG/TFG/ros2_ws/src/install/interfaces/lib/python3.12/site-packages/interfaces/interfaces_s__rosidl_typesupport_fastrtps_c.so
[12.310s] -- Up-to-date symlink: /home/upo/Documents/TFG/TFG/ros2_ws/src/install/interfaces/lib/python3.12/site-packages/interfaces/interfaces_s__rosidl_typesupport_introspection_c.so
[12.310s] -- Up-to-date symlink: /home/upo/Documents/TFG/TFG/ros2_ws/src/install/interfaces/lib/python3.12/site-packages/interfaces/interfaces_s__rosidl_typesupport_c.so
[12.310s] -- Symlinking: /home/upo/Documents/TFG/TFG/ros2_ws/src/install/interfaces/share/ament_index/resource_index/rust_packages/interfaces
[12.324s] -- Symlinking: /home/upo/Documents/TFG/TFG/ros2_ws/src/install/interfaces/share/interfaces/rust/Cargo.toml
[12.336s] -- Symlinking: /home/upo/Documents/TFG/TFG/ros2_ws/src/install/interfaces/share/interfaces/rust/build.rs
[12.350s] -- Symlinking: /home/upo/Documents/TFG/TFG/ros2_ws/src/install/interfaces/share/interfaces/rust/src/action.rs
[12.364s] -- Symlinking: /home/upo/Documents/TFG/TFG/ros2_ws/src/install/interfaces/share/interfaces/rust/src/action/rmw.rs
[12.377s] -- Symlinking: /home/upo/Documents/TFG/TFG/ros2_ws/src/install/interfaces/share/interfaces/rust/src/lib.rs
[12.389s] -- Symlinking: /home/upo/Documents/TFG/TFG/ros2_ws/src/install/interfaces/share/interfaces/rust/src/msg.rs
[12.401s] -- Symlinking: /home/upo/Documents/TFG/TFG/ros2_ws/src/install/interfaces/share/interfaces/rust/src/msg/rmw.rs
[12.412s] -- Symlinking: /home/upo/Documents/TFG/TFG/ros2_ws/src/install/interfaces/share/interfaces/msg/Goal.idl
[12.423s] -- Symlinking: /home/upo/Documents/TFG/TFG/ros2_ws/src/install/interfaces/share/interfaces/msg/ComboImage.idl
[12.437s] -- Symlinking: /home/upo/Documents/TFG/TFG/ros2_ws/src/install/interfaces/share/interfaces/msg/Request.idl
[12.453s] -- Symlinking: /home/upo/Documents/TFG/TFG/ros2_ws/src/install/interfaces/share/interfaces/msg/Response.idl
[12.465s] -- Symlinking: /home/upo/Documents/TFG/TFG/ros2_ws/src/install/interfaces/share/interfaces/action/Move.idl
[12.477s] -- Symlinking: /home/upo/Documents/TFG/TFG/ros2_ws/src/install/interfaces/share/interfaces/msg/Goal.msg
[12.490s] -- Symlinking: /home/upo/Documents/TFG/TFG/ros2_ws/src/install/interfaces/share/interfaces/msg/ComboImage.msg
[12.504s] -- Symlinking: /home/upo/Documents/TFG/TFG/ros2_ws/src/install/interfaces/share/interfaces/msg/Request.msg
[12.516s] -- Symlinking: /home/upo/Documents/TFG/TFG/ros2_ws/src/install/interfaces/share/interfaces/msg/Response.msg
[12.526s] -- Symlinking: /home/upo/Documents/TFG/TFG/ros2_ws/src/install/interfaces/share/interfaces/action/Move.action
[12.538s] -- Symlinking: /home/upo/Documents/TFG/TFG/ros2_ws/src/install/interfaces/share/ament_index/resource_index/package_run_dependencies/interfaces
[12.552s] -- Symlinking: /home/upo/Documents/TFG/TFG/ros2_ws/src/install/interfaces/share/ament_index/resource_index/parent_prefix_path/interfaces
[12.567s] -- Symlinking: /home/upo/Documents/TFG/TFG/ros2_ws/src/install/interfaces/share/interfaces/environment/ament_prefix_path.sh
[12.579s] -- Symlinking: /home/upo/Documents/TFG/TFG/ros2_ws/src/install/interfaces/share/interfaces/environment/ament_prefix_path.dsv
[12.594s] -- Symlinking: /home/upo/Documents/TFG/TFG/ros2_ws/src/install/interfaces/share/interfaces/environment/path.sh
[12.606s] -- Symlinking: /home/upo/Documents/TFG/TFG/ros2_ws/src/install/interfaces/share/interfaces/environment/path.dsv
[12.617s] -- Symlinking: /home/upo/Documents/TFG/TFG/ros2_ws/src/install/interfaces/share/interfaces/local_setup.bash
[12.629s] -- Symlinking: /home/upo/Documents/TFG/TFG/ros2_ws/src/install/interfaces/share/interfaces/local_setup.sh
[12.643s] -- Symlinking: /home/upo/Documents/TFG/TFG/ros2_ws/src/install/interfaces/share/interfaces/local_setup.zsh
[12.654s] -- Symlinking: /home/upo/Documents/TFG/TFG/ros2_ws/src/install/interfaces/share/interfaces/local_setup.dsv
[12.667s] -- Symlinking: /home/upo/Documents/TFG/TFG/ros2_ws/src/install/interfaces/share/interfaces/package.dsv
[12.678s] -- Symlinking: /home/upo/Documents/TFG/TFG/ros2_ws/src/install/interfaces/share/ament_index/resource_index/packages/interfaces
[12.690s] -- Symlinking: /home/upo/Documents/TFG/TFG/ros2_ws/src/install/interfaces/share/interfaces/cmake/rosidl_cmake-extras.cmake
[12.704s] -- Symlinking: /home/upo/Documents/TFG/TFG/ros2_ws/src/install/interfaces/share/interfaces/cmake/ament_cmake_export_dependencies-extras.cmake
[12.715s] -- Symlinking: /home/upo/Documents/TFG/TFG/ros2_ws/src/install/interfaces/share/interfaces/cmake/ament_cmake_export_include_directories-extras.cmake
[12.725s] -- Symlinking: /home/upo/Documents/TFG/TFG/ros2_ws/src/install/interfaces/share/interfaces/cmake/ament_cmake_export_libraries-extras.cmake
[12.738s] -- Symlinking: /home/upo/Documents/TFG/TFG/ros2_ws/src/install/interfaces/share/interfaces/cmake/ament_cmake_export_targets-extras.cmake
[12.749s] -- Symlinking: /home/upo/Documents/TFG/TFG/ros2_ws/src/install/interfaces/share/interfaces/cmake/rosidl_cmake_export_typesupport_targets-extras.cmake
[12.763s] -- Symlinking: /home/upo/Documents/TFG/TFG/ros2_ws/src/install/interfaces/share/interfaces/cmake/rosidl_cmake_export_typesupport_libraries-extras.cmake
[12.775s] -- Symlinking: /home/upo/Documents/TFG/TFG/ros2_ws/src/install/interfaces/share/interfaces/cmake/rosidl_cmake_aggregate_target-extras.cmake
[12.786s] -- Symlinking: /home/upo/Documents/TFG/TFG/ros2_ws/src/install/interfaces/share/interfaces/cmake/interfacesConfig.cmake
[12.796s] -- Symlinking: /home/upo/Documents/TFG/TFG/ros2_ws/src/install/interfaces/share/interfaces/cmake/interfacesConfig-version.cmake
[12.807s] -- Symlinking: /home/upo/Documents/TFG/TFG/ros2_ws/src/install/interfaces/share/interfaces/package.xml
[12.818s] -- Installing: /home/upo/Documents/TFG/TFG/ros2_ws/src/install/interfaces/lib/libinterfaces__rosidl_generator_c.so
[12.819s] -- Set non-toolchain portion of runtime path of "/home/upo/Documents/TFG/TFG/ros2_ws/src/install/interfaces/lib/libinterfaces__rosidl_generator_c.so" to ""
[12.820s] -- Installing: /home/upo/Documents/TFG/TFG/ros2_ws/src/install/interfaces/lib/libinterfaces__rosidl_typesupport_fastrtps_c.so
[12.820s] -- Set non-toolchain portion of runtime path of "/home/upo/Documents/TFG/TFG/ros2_ws/src/install/interfaces/lib/libinterfaces__rosidl_typesupport_fastrtps_c.so" to ""
[12.820s] -- Installing: /home/upo/Documents/TFG/TFG/ros2_ws/src/install/interfaces/lib/libinterfaces__rosidl_typesupport_fastrtps_cpp.so
[12.821s] -- Set non-toolchain portion of runtime path of "/home/upo/Documents/TFG/TFG/ros2_ws/src/install/interfaces/lib/libinterfaces__rosidl_typesupport_fastrtps_cpp.so" to ""
[12.821s] -- Installing: /home/upo/Documents/TFG/TFG/ros2_ws/src/install/interfaces/lib/libinterfaces__rosidl_typesupport_introspection_c.so
[12.822s] -- Set non-toolchain portion of runtime path of "/home/upo/Documents/TFG/TFG/ros2_ws/src/install/interfaces/lib/libinterfaces__rosidl_typesupport_introspection_c.so" to ""
[12.822s] -- Installing: /home/upo/Documents/TFG/TFG/ros2_ws/src/install/interfaces/lib/libinterfaces__rosidl_typesupport_c.so
[12.822s] -- Set non-toolchain portion of runtime path of "/home/upo/Documents/TFG/TFG/ros2_ws/src/install/interfaces/lib/libinterfaces__rosidl_typesupport_c.so" to ""
[12.822s] -- Installing: /home/upo/Documents/TFG/TFG/ros2_ws/src/install/interfaces/lib/libinterfaces__rosidl_typesupport_introspection_cpp.so
[12.823s] -- Set non-toolchain portion of runtime path of "/home/upo/Documents/TFG/TFG/ros2_ws/src/install/interfaces/lib/libinterfaces__rosidl_typesupport_introspection_cpp.so" to ""
[12.823s] -- Installing: /home/upo/Documents/TFG/TFG/ros2_ws/src/install/interfaces/lib/libinterfaces__rosidl_typesupport_cpp.so
[12.823s] -- Set non-toolchain portion of runtime path of "/home/upo/Documents/TFG/TFG/ros2_ws/src/install/interfaces/lib/libinterfaces__rosidl_typesupport_cpp.so" to ""
[12.881s] Listing '/home/upo/Documents/TFG/TFG/ros2_ws/src/install/interfaces/lib/python3.12/site-packages/interfaces'...
[12.881s] Compiling '/home/upo/Documents/TFG/TFG/ros2_ws/src/install/interfaces/lib/python3.12/site-packages/interfaces/__init__.py'...
[12.881s] Listing '/home/upo/Documents/TFG/TFG/ros2_ws/src/install/interfaces/lib/python3.12/site-packages/interfaces/action'...
[12.881s] Compiling '/home/upo/Documents/TFG/TFG/ros2_ws/src/install/interfaces/lib/python3.12/site-packages/interfaces/action/__init__.py'...
[12.881s] Compiling '/home/upo/Documents/TFG/TFG/ros2_ws/src/install/interfaces/lib/python3.12/site-packages/interfaces/action/_move.py'...
[12.881s] Listing '/home/upo/Documents/TFG/TFG/ros2_ws/src/install/interfaces/lib/python3.12/site-packages/interfaces/msg'...
[12.882s] Compiling '/home/upo/Documents/TFG/TFG/ros2_ws/src/install/interfaces/lib/python3.12/site-packages/interfaces/msg/__init__.py'...
[12.882s] Compiling '/home/upo/Documents/TFG/TFG/ros2_ws/src/install/interfaces/lib/python3.12/site-packages/interfaces/msg/_combo_image.py'...
[12.882s] Compiling '/home/upo/Documents/TFG/TFG/ros2_ws/src/install/interfaces/lib/python3.12/site-packages/interfaces/msg/_goal.py'...
[12.882s] Compiling '/home/upo/Documents/TFG/TFG/ros2_ws/src/install/interfaces/lib/python3.12/site-packages/interfaces/msg/_request.py'...
[12.882s] Compiling '/home/upo/Documents/TFG/TFG/ros2_ws/src/install/interfaces/lib/python3.12/site-packages/interfaces/msg/_response.py'...
[12.888s] -- Installing: /home/upo/Documents/TFG/TFG/ros2_ws/src/install/interfaces/lib/libinterfaces__rosidl_generator_py.so
[12.889s] -- Set non-toolchain portion of runtime path of "/home/upo/Documents/TFG/TFG/ros2_ws/src/install/interfaces/lib/libinterfaces__rosidl_generator_py.so" to ""
[12.889s] -- Installing: /home/upo/Documents/TFG/TFG/ros2_ws/src/install/interfaces/share/interfaces/cmake/export_interfaces__rosidl_generator_cExport.cmake
[12.889s] -- Installing: /home/upo/Documents/TFG/TFG/ros2_ws/src/install/interfaces/share/interfaces/cmake/export_interfaces__rosidl_generator_cExport-noconfig.cmake
[12.889s] -- Installing: /home/upo/Documents/TFG/TFG/ros2_ws/src/install/interfaces/share/interfaces/cmake/export_interfaces__rosidl_typesupport_fastrtps_cExport.cmake
[12.889s] -- Installing: /home/upo/Documents/TFG/TFG/ros2_ws/src/install/interfaces/share/interfaces/cmake/export_interfaces__rosidl_typesupport_fastrtps_cExport-noconfig.cmake
[12.890s] -- Installing: /home/upo/Documents/TFG/TFG/ros2_ws/src/install/interfaces/share/interfaces/cmake/export_interfaces__rosidl_generator_cppExport.cmake
[12.890s] -- Installing: /home/upo/Documents/TFG/TFG/ros2_ws/src/install/interfaces/share/interfaces/cmake/export_interfaces__rosidl_typesupport_fastrtps_cppExport.cmake
[12.890s] -- Installing: /home/upo/Documents/TFG/TFG/ros2_ws/src/install/interfaces/share/interfaces/cmake/export_interfaces__rosidl_typesupport_fastrtps_cppExport-noconfig.cmake
[12.891s] -- Installing: /home/upo/Documents/TFG/TFG/ros2_ws/src/install/interfaces/share/interfaces/cmake/interfaces__rosidl_typesupport_introspection_cExport.cmake
[12.891s] -- Installing: /home/upo/Documents/TFG/TFG/ros2_ws/src/install/interfaces/share/interfaces/cmake/interfaces__rosidl_typesupport_introspection_cExport-noconfig.cmake
[12.891s] -- Installing: /home/upo/Documents/TFG/TFG/ros2_ws/src/install/interfaces/share/interfaces/cmake/interfaces__rosidl_typesupport_cExport.cmake
[12.891s] -- Installing: /home/upo/Documents/TFG/TFG/ros2_ws/src/install/interfaces/share/interfaces/cmake/interfaces__rosidl_typesupport_cExport-noconfig.cmake
[12.891s] -- Installing: /home/upo/Documents/TFG/TFG/ros2_ws/src/install/interfaces/share/interfaces/cmake/interfaces__rosidl_typesupport_introspection_cppExport.cmake
[12.892s] -- Installing: /home/upo/Documents/TFG/TFG/ros2_ws/src/install/interfaces/share/interfaces/cmake/interfaces__rosidl_typesupport_introspection_cppExport-noconfig.cmake
[12.892s] -- Installing: /home/upo/Documents/TFG/TFG/ros2_ws/src/install/interfaces/share/interfaces/cmake/interfaces__rosidl_typesupport_cppExport.cmake
[12.892s] -- Installing: /home/upo/Documents/TFG/TFG/ros2_ws/src/install/interfaces/share/interfaces/cmake/interfaces__rosidl_typesupport_cppExport-noconfig.cmake
[12.892s] -- Installing: /home/upo/Documents/TFG/TFG/ros2_ws/src/install/interfaces/share/interfaces/cmake/export_interfaces__rosidl_generator_pyExport.cmake
[12.892s] -- Installing: /home/upo/Documents/TFG/TFG/ros2_ws/src/install/interfaces/share/interfaces/cmake/export_interfaces__rosidl_generator_pyExport-noconfig.cmake
[12.896s] Invoked command in '/home/upo/Documents/TFG/TFG/ros2_ws/src/build/interfaces' returned '0': CMAKE_PREFIX_PATH=${CMAKE_PREFIX_PATH}:/home/upo/turtlebot3_ws/install/userCommunication:/home/upo/turtlebot3_ws/install/turtlebot3_teleop:/home/upo/turtlebot3_ws/install/turtlebot3_example:/home/upo/turtlebot3_ws/install/robotMovement:/home/upo/turtlebot3_ws/install/robotCommunication:/home/upo/turtlebot3_ws/install/VLMProcessing:/opt/ros/jazzy DEBUGINFOD_URLS=https://debuginfod.ubuntu.com /usr/bin/cmake --install /home/upo/Documents/TFG/TFG/ros2_ws/src/build/interfaces
