[0.018s] Invoking command in '/home/upo/TFG/ros2_ws/build/interfaces': CMAKE_PREFIX_PATH=${CMAKE_PREFIX_PATH}:/home/upo/turtlebot3_ws/install/userCommunication:/home/upo/turtlebot3_ws/install/turtlebot3_teleop:/home/upo/turtlebot3_ws/install/turtlebot3_example:/home/upo/turtlebot3_ws/install/robotMovement:/home/upo/turtlebot3_ws/install/robotCommunication:/home/upo/turtlebot3_ws/install/VLMProcessing:/opt/ros/jazzy DEBUGINFOD_URLS=https://debuginfod.ubuntu.com /usr/bin/cmake /home/upo/TFG/ros2_ws/src/interfaces -DAMENT_CMAKE_SYMLINK_INSTALL=1 -DCMAKE_INSTALL_PREFIX=/home/upo/TFG/ros2_ws/install/interfaces
[0.223s] -- The C compiler identification is GNU 13.3.0
[0.224s] -- The CXX compiler identification is GNU 13.3.0
[0.224s] -- Detecting C compiler ABI info
[0.255s] -- Detecting C compiler ABI info - done
[0.263s] -- Check for working C compiler: /usr/bin/cc - skipped
[0.263s] -- Detecting C compile features
[0.263s] -- Detecting C compile features - done
[0.273s] -- Detecting CXX compiler ABI info
[0.379s] -- Detecting CXX compiler ABI info - done
[0.387s] -- Check for working CXX compiler: /usr/bin/c++ - skipped
[0.387s] -- Detecting CXX compile features
[0.387s] -- Detecting CXX compile features - done
[0.393s] -- Found ament_cmake: 2.5.6 (/opt/ros/jazzy/share/ament_cmake/cmake)
[0.559s] -- Found Python3: /usr/bin/python3 (found version "3.12.3") found components: Interpreter 
[0.625s] -- Override CMake install command with custom implementation using symlinks instead of copying resources
[0.699s] -- Found geometry_msgs: 5.3.8 (/opt/ros/jazzy/share/geometry_msgs/cmake)
[0.770s] -- Found rosidl_generator_c: 4.6.9 (/opt/ros/jazzy/share/rosidl_generator_c/cmake)
[0.792s] -- Found rosidl_generator_cpp: 4.6.9 (/opt/ros/jazzy/share/rosidl_generator_cpp/cmake)
[0.816s] -- Using all available rosidl_typesupport_c: rosidl_typesupport_fastrtps_c;rosidl_typesupport_introspection_c
[0.841s] -- Using all available rosidl_typesupport_cpp: rosidl_typesupport_fastrtps_cpp;rosidl_typesupport_introspection_cpp
[0.895s] -- Found sensor_msgs: 5.3.8 (/opt/ros/jazzy/share/sensor_msgs/cmake)
[0.933s] -- Found ament_lint_auto: 0.17.5 (/opt/ros/jazzy/share/ament_lint_auto/cmake)
[1.045s] -- Found rosidl_default_generators: 1.6.1 (/opt/ros/jazzy/share/rosidl_default_generators/cmake)
[1.078s] -- Found rosidl_adapter: 4.6.9 (/opt/ros/jazzy/share/rosidl_adapter/cmake)
[1.649s] -- Found ament_cmake_ros: 0.12.1 (/opt/ros/jazzy/share/ament_cmake_ros/cmake)
[2.487s] -- Using all available rosidl_typesupport_c: rosidl_typesupport_fastrtps_c;rosidl_typesupport_introspection_c
[2.825s] -- Using all available rosidl_typesupport_cpp: rosidl_typesupport_fastrtps_cpp;rosidl_typesupport_introspection_cpp
[2.831s] -- Found python_cmake_module: 0.11.1 (/opt/ros/jazzy/share/python_cmake_module/cmake)
[2.963s] -- Found PythonExtra: /usr/bin/python3  
[3.363s] -- Found Python3: /usr/bin/python3 (found version "3.12.3") found components: Interpreter Development NumPy Development.Module Development.Embed 
[3.497s] -- Found Python3: /usr/bin/python3 (found version "3.12.3") found components: Interpreter 
[3.504s] -- Added test 'lint_cmake' to check CMake code style
[3.506s] -- Added test 'xmllint' to check XML markup files
[3.513s] -- Configuring done (3.5s)
[3.562s] -- Generating done (0.0s)
[3.573s] -- Build files have been written to: /home/upo/TFG/ros2_ws/build/interfaces
[3.586s] Invoked command in '/home/upo/TFG/ros2_ws/build/interfaces' returned '0': CMAKE_PREFIX_PATH=${CMAKE_PREFIX_PATH}:/home/upo/turtlebot3_ws/install/userCommunication:/home/upo/turtlebot3_ws/install/turtlebot3_teleop:/home/upo/turtlebot3_ws/install/turtlebot3_example:/home/upo/turtlebot3_ws/install/robotMovement:/home/upo/turtlebot3_ws/install/robotCommunication:/home/upo/turtlebot3_ws/install/VLMProcessing:/opt/ros/jazzy DEBUGINFOD_URLS=https://debuginfod.ubuntu.com /usr/bin/cmake /home/upo/TFG/ros2_ws/src/interfaces -DAMENT_CMAKE_SYMLINK_INSTALL=1 -DCMAKE_INSTALL_PREFIX=/home/upo/TFG/ros2_ws/install/interfaces
[3.588s] Invoking command in '/home/upo/TFG/ros2_ws/build/interfaces': CMAKE_PREFIX_PATH=${CMAKE_PREFIX_PATH}:/home/upo/turtlebot3_ws/install/userCommunication:/home/upo/turtlebot3_ws/install/turtlebot3_teleop:/home/upo/turtlebot3_ws/install/turtlebot3_example:/home/upo/turtlebot3_ws/install/robotMovement:/home/upo/turtlebot3_ws/install/robotCommunication:/home/upo/turtlebot3_ws/install/VLMProcessing:/opt/ros/jazzy DEBUGINFOD_URLS=https://debuginfod.ubuntu.com /usr/bin/cmake --build /home/upo/TFG/ros2_ws/build/interfaces -- -j16 -l16
[3.649s] [  2%] Generating Rust code for ROS interfaces
[3.649s] [  1%] Generating type hashes for ROS interfaces
[3.658s] [  2%] Built target ament_cmake_python_symlink_interfaces
[3.872s] running egg_info
[3.873s] creating interfaces.egg-info
[3.891s] [  2%] Built target interfaces__rosidl_generator_type_description
[3.900s] writing interfaces.egg-info/PKG-INFO
[3.902s] writing dependency_links to interfaces.egg-info/dependency_links.txt
[3.902s] writing top-level names to interfaces.egg-info/top_level.txt
[3.902s] writing manifest file 'interfaces.egg-info/SOURCES.txt'
[3.905s] [  4%] Generating C code for ROS interfaces
[3.919s] [  5%] Generating C++ code for ROS interfaces
[3.948s] [  5%] Built target interfaces__rs
[3.965s] reading manifest file 'interfaces.egg-info/SOURCES.txt'
[3.965s] writing manifest file 'interfaces.egg-info/SOURCES.txt'
[3.994s] [  5%] Built target ament_cmake_python_build_interfaces_egg
[4.422s] [  5%] Built target interfaces__cpp
[4.484s] [ 13%] Building C object CMakeFiles/interfaces__rosidl_generator_c.dir/rosidl_generator_c/interfaces/msg/detail/combo_image__functions.c.o
[4.484s] [ 13%] Building C object CMakeFiles/interfaces__rosidl_generator_c.dir/rosidl_generator_c/interfaces/msg/detail/goal__functions.c.o
[4.484s] [ 13%] Building C object CMakeFiles/interfaces__rosidl_generator_c.dir/rosidl_generator_c/interfaces/msg/detail/goal__description.c.o
[4.484s] [ 13%] Building C object CMakeFiles/interfaces__rosidl_generator_c.dir/rosidl_generator_c/interfaces/msg/detail/combo_image__description.c.o
[4.484s] [ 13%] Building C object CMakeFiles/interfaces__rosidl_generator_c.dir/rosidl_generator_c/interfaces/msg/detail/combo_image__type_support.c.o
[4.484s] [ 13%] Building C object CMakeFiles/interfaces__rosidl_generator_c.dir/rosidl_generator_c/interfaces/msg/detail/request__description.c.o
[4.485s] [ 16%] Building C object CMakeFiles/interfaces__rosidl_generator_c.dir/rosidl_generator_c/interfaces/action/detail/move__description.c.o
[4.485s] [ 14%] Building C object CMakeFiles/interfaces__rosidl_generator_c.dir/rosidl_generator_c/interfaces/msg/detail/goal__type_support.c.o
[4.485s] [ 18%] Building C object CMakeFiles/interfaces__rosidl_generator_c.dir/rosidl_generator_c/interfaces/msg/detail/response__description.c.o
[4.485s] [ 20%] Building C object CMakeFiles/interfaces__rosidl_generator_c.dir/rosidl_generator_c/interfaces/msg/detail/response__functions.c.o
[4.485s] [ 21%] Building C object CMakeFiles/interfaces__rosidl_generator_c.dir/rosidl_generator_c/interfaces/msg/detail/request__functions.c.o
[4.485s] [ 22%] Building C object CMakeFiles/interfaces__rosidl_generator_c.dir/rosidl_generator_c/interfaces/msg/detail/response__type_support.c.o
[4.486s] [ 24%] Building C object CMakeFiles/interfaces__rosidl_generator_c.dir/rosidl_generator_c/interfaces/action/detail/move__type_support.c.o
[4.486s] [ 25%] Building C object CMakeFiles/interfaces__rosidl_generator_c.dir/rosidl_generator_c/interfaces/action/detail/move__functions.c.o
[4.487s] [ 17%] Building C object CMakeFiles/interfaces__rosidl_generator_c.dir/rosidl_generator_c/interfaces/msg/detail/request__type_support.c.o
[4.639s] [ 26%] Linking C shared library libinterfaces__rosidl_generator_c.so
[4.686s] [ 26%] Built target interfaces__rosidl_generator_c
[4.698s] [ 33%] Generating C++ type support dispatch for ROS interfaces
[4.699s] [ 33%] Generating C type support dispatch for ROS interfaces
[4.699s] [ 33%] Generating C introspection for ROS interfaces
[4.699s] [ 34%] Generating C type support for eProsima Fast-RTPS
[4.699s] [ 33%] Generating C++ type support for eProsima Fast-RTPS
[4.699s] [ 34%] Generating C++ introspection for ROS interfaces
[5.039s] [ 42%] Building CXX object CMakeFiles/interfaces__rosidl_typesupport_c.dir/rosidl_typesupport_c/interfaces/action/move__type_support.cpp.o
[5.039s] [ 42%] Building CXX object CMakeFiles/interfaces__rosidl_typesupport_cpp.dir/rosidl_typesupport_cpp/interfaces/msg/combo_image__type_support.cpp.o
[5.039s] [ 42%] Building CXX object CMakeFiles/interfaces__rosidl_typesupport_c.dir/rosidl_typesupport_c/interfaces/msg/combo_image__type_support.cpp.o
[5.040s] [ 42%] Building CXX object CMakeFiles/interfaces__rosidl_typesupport_cpp.dir/rosidl_typesupport_cpp/interfaces/msg/request__type_support.cpp.o
[5.041s] [ 46%] Building CXX object CMakeFiles/interfaces__rosidl_typesupport_c.dir/rosidl_typesupport_c/interfaces/msg/response__type_support.cpp.o
[5.041s] [ 45%] Building CXX object CMakeFiles/interfaces__rosidl_typesupport_cpp.dir/rosidl_typesupport_cpp/interfaces/action/move__type_support.cpp.o
[5.041s] [ 46%] Building CXX object CMakeFiles/interfaces__rosidl_typesupport_c.dir/rosidl_typesupport_c/interfaces/msg/goal__type_support.cpp.o
[5.041s] [ 42%] Building CXX object CMakeFiles/interfaces__rosidl_typesupport_cpp.dir/rosidl_typesupport_cpp/interfaces/msg/goal__type_support.cpp.o
[5.041s] [ 46%] Building CXX object CMakeFiles/interfaces__rosidl_typesupport_cpp.dir/rosidl_typesupport_cpp/interfaces/msg/response__type_support.cpp.o
[5.041s] [ 48%] Building CXX object CMakeFiles/interfaces__rosidl_typesupport_c.dir/rosidl_typesupport_c/interfaces/msg/request__type_support.cpp.o
[5.129s] [ 49%] Linking CXX shared library libinterfaces__rosidl_typesupport_c.so
[5.129s] [ 50%] Building CXX object CMakeFiles/interfaces__rosidl_typesupport_introspection_cpp.dir/rosidl_typesupport_introspection_cpp/interfaces/msg/detail/goal__type_support.cpp.o
[5.138s] [ 52%] Building CXX object CMakeFiles/interfaces__rosidl_typesupport_introspection_cpp.dir/rosidl_typesupport_introspection_cpp/interfaces/msg/detail/combo_image__type_support.cpp.o
[5.140s] [ 53%] Building CXX object CMakeFiles/interfaces__rosidl_typesupport_introspection_cpp.dir/rosidl_typesupport_introspection_cpp/interfaces/msg/detail/request__type_support.cpp.o
[5.141s] [ 54%] Building CXX object CMakeFiles/interfaces__rosidl_typesupport_introspection_cpp.dir/rosidl_typesupport_introspection_cpp/interfaces/msg/detail/response__type_support.cpp.o
[5.154s] [ 56%] Building CXX object CMakeFiles/interfaces__rosidl_typesupport_introspection_cpp.dir/rosidl_typesupport_introspection_cpp/interfaces/action/detail/move__type_support.cpp.o
[5.179s] [ 58%] Building C object CMakeFiles/interfaces__rosidl_typesupport_introspection_c.dir/rosidl_typesupport_introspection_c/interfaces/msg/detail/goal__type_support.c.o
[5.179s] [ 58%] Building C object CMakeFiles/interfaces__rosidl_typesupport_introspection_c.dir/rosidl_typesupport_introspection_c/interfaces/msg/detail/combo_image__type_support.c.o
[5.189s] [ 60%] Building C object CMakeFiles/interfaces__rosidl_typesupport_introspection_c.dir/rosidl_typesupport_introspection_c/interfaces/msg/detail/request__type_support.c.o
[5.208s] [ 60%] Built target interfaces__rosidl_typesupport_c
[5.223s] [ 61%] Building C object CMakeFiles/interfaces__rosidl_typesupport_introspection_c.dir/rosidl_typesupport_introspection_c/interfaces/msg/detail/response__type_support.c.o
[5.250s] [ 62%] Building C object CMakeFiles/interfaces__rosidl_typesupport_introspection_c.dir/rosidl_typesupport_introspection_c/interfaces/action/detail/move__type_support.c.o
[5.352s] [ 64%] Linking C shared library libinterfaces__rosidl_typesupport_introspection_c.so
[5.408s] [ 64%] Built target interfaces__rosidl_typesupport_introspection_c
[5.428s] [ 65%] Building CXX object CMakeFiles/interfaces__rosidl_typesupport_fastrtps_cpp.dir/rosidl_typesupport_fastrtps_cpp/interfaces/msg/detail/dds_fastrtps/response__type_support.cpp.o
[5.433s] [ 66%] Building CXX object CMakeFiles/interfaces__rosidl_typesupport_fastrtps_cpp.dir/rosidl_typesupport_fastrtps_cpp/interfaces/msg/detail/dds_fastrtps/request__type_support.cpp.o
[5.435s] [ 69%] Building CXX object CMakeFiles/interfaces__rosidl_typesupport_fastrtps_cpp.dir/rosidl_typesupport_fastrtps_cpp/interfaces/action/detail/dds_fastrtps/move__type_support.cpp.o
[5.435s] [ 68%] Building CXX object CMakeFiles/interfaces__rosidl_typesupport_fastrtps_cpp.dir/rosidl_typesupport_fastrtps_cpp/interfaces/msg/detail/dds_fastrtps/combo_image__type_support.cpp.o
[5.452s] [ 70%] Building CXX object CMakeFiles/interfaces__rosidl_typesupport_fastrtps_cpp.dir/rosidl_typesupport_fastrtps_cpp/interfaces/msg/detail/dds_fastrtps/goal__type_support.cpp.o
[5.555s] [ 73%] Building CXX object CMakeFiles/interfaces__rosidl_typesupport_fastrtps_c.dir/rosidl_typesupport_fastrtps_c/interfaces/msg/detail/response__type_support_c.cpp.o
[5.555s] [ 72%] Building CXX object CMakeFiles/interfaces__rosidl_typesupport_fastrtps_c.dir/rosidl_typesupport_fastrtps_c/interfaces/msg/detail/goal__type_support_c.cpp.o
[5.555s] [ 74%] Building CXX object CMakeFiles/interfaces__rosidl_typesupport_fastrtps_c.dir/rosidl_typesupport_fastrtps_c/interfaces/msg/detail/combo_image__type_support_c.cpp.o
[5.555s] [ 76%] Building CXX object CMakeFiles/interfaces__rosidl_typesupport_fastrtps_c.dir/rosidl_typesupport_fastrtps_c/interfaces/action/detail/move__type_support_c.cpp.o
[5.561s] [ 77%] Building CXX object CMakeFiles/interfaces__rosidl_typesupport_fastrtps_c.dir/rosidl_typesupport_fastrtps_c/interfaces/msg/detail/request__type_support_c.cpp.o
[5.920s] [ 78%] Linking CXX shared library libinterfaces__rosidl_typesupport_cpp.so
[6.044s] [ 80%] Linking CXX shared library libinterfaces__rosidl_typesupport_introspection_cpp.so
[6.071s] [ 80%] Built target interfaces__rosidl_typesupport_cpp
[6.145s] [ 80%] Built target interfaces__rosidl_typesupport_introspection_cpp
[6.274s] [ 81%] Linking CXX shared library libinterfaces__rosidl_typesupport_fastrtps_c.so
[6.360s] [ 81%] Built target interfaces__rosidl_typesupport_fastrtps_c
[6.534s] [ 82%] Linking CXX shared library libinterfaces__rosidl_typesupport_fastrtps_cpp.so
[6.621s] [ 82%] Built target interfaces__rosidl_typesupport_fastrtps_cpp
[6.647s] [ 82%] Built target interfaces
[6.674s] [ 84%] Generating Python code for ROS interfaces
[7.405s] [ 84%] Built target interfaces__py
[7.431s] [ 88%] Building C object CMakeFiles/interfaces__rosidl_generator_py.dir/rosidl_generator_py/interfaces/msg/_goal_s.c.o
[7.431s] [ 88%] Building C object CMakeFiles/interfaces__rosidl_generator_py.dir/rosidl_generator_py/interfaces/action/_move_s.c.o
[7.432s] [ 88%] Building C object CMakeFiles/interfaces__rosidl_generator_py.dir/rosidl_generator_py/interfaces/msg/_combo_image_s.c.o
[7.432s] [ 90%] Building C object CMakeFiles/interfaces__rosidl_generator_py.dir/rosidl_generator_py/interfaces/msg/_request_s.c.o
[7.432s] [ 90%] Building C object CMakeFiles/interfaces__rosidl_generator_py.dir/rosidl_generator_py/interfaces/msg/_response_s.c.o
[7.615s] [ 92%] Linking C shared library libinterfaces__rosidl_generator_py.so
[7.672s] [ 92%] Built target interfaces__rosidl_generator_py
[7.695s] [ 96%] Building C object CMakeFiles/interfaces_s__rosidl_typesupport_introspection_c.dir/rosidl_generator_py/interfaces/_interfaces_s.ep.rosidl_typesupport_introspection_c.c.o
[7.695s] [ 96%] Building C object CMakeFiles/interfaces_s__rosidl_typesupport_fastrtps_c.dir/rosidl_generator_py/interfaces/_interfaces_s.ep.rosidl_typesupport_fastrtps_c.c.o
[7.695s] [ 96%] Building C object CMakeFiles/interfaces_s__rosidl_typesupport_c.dir/rosidl_generator_py/interfaces/_interfaces_s.ep.rosidl_typesupport_c.c.o
[7.822s] [ 97%] Linking C shared module rosidl_generator_py/interfaces/interfaces_s__rosidl_typesupport_introspection_c.so
[7.822s] [ 98%] Linking C shared module rosidl_generator_py/interfaces/interfaces_s__rosidl_typesupport_c.so
[7.825s] [100%] Linking C shared module rosidl_generator_py/interfaces/interfaces_s__rosidl_typesupport_fastrtps_c.so
[7.859s] [100%] Built target interfaces_s__rosidl_typesupport_c
[7.859s] [100%] Built target interfaces_s__rosidl_typesupport_introspection_c
[7.861s] [100%] Built target interfaces_s__rosidl_typesupport_fastrtps_c
[7.877s] Invoked command in '/home/upo/TFG/ros2_ws/build/interfaces' returned '0': CMAKE_PREFIX_PATH=${CMAKE_PREFIX_PATH}:/home/upo/turtlebot3_ws/install/userCommunication:/home/upo/turtlebot3_ws/install/turtlebot3_teleop:/home/upo/turtlebot3_ws/install/turtlebot3_example:/home/upo/turtlebot3_ws/install/robotMovement:/home/upo/turtlebot3_ws/install/robotCommunication:/home/upo/turtlebot3_ws/install/VLMProcessing:/opt/ros/jazzy DEBUGINFOD_URLS=https://debuginfod.ubuntu.com /usr/bin/cmake --build /home/upo/TFG/ros2_ws/build/interfaces -- -j16 -l16
[7.889s] Invoking command in '/home/upo/TFG/ros2_ws/build/interfaces': CMAKE_PREFIX_PATH=${CMAKE_PREFIX_PATH}:/home/upo/turtlebot3_ws/install/userCommunication:/home/upo/turtlebot3_ws/install/turtlebot3_teleop:/home/upo/turtlebot3_ws/install/turtlebot3_example:/home/upo/turtlebot3_ws/install/robotMovement:/home/upo/turtlebot3_ws/install/robotCommunication:/home/upo/turtlebot3_ws/install/VLMProcessing:/opt/ros/jazzy DEBUGINFOD_URLS=https://debuginfod.ubuntu.com /usr/bin/cmake --install /home/upo/TFG/ros2_ws/build/interfaces
[7.899s] -- Install configuration: ""
[7.900s] -- Execute custom install script
[7.900s] -- Symlinking: /home/upo/TFG/ros2_ws/install/interfaces/share/ament_index/resource_index/rosidl_interfaces/interfaces
[7.911s] -- Symlinking: /home/upo/TFG/ros2_ws/install/interfaces/share/interfaces/msg/Goal.json
[7.921s] -- Symlinking: /home/upo/TFG/ros2_ws/install/interfaces/share/interfaces/msg/ComboImage.json
[7.931s] -- Symlinking: /home/upo/TFG/ros2_ws/install/interfaces/share/interfaces/msg/Request.json
[7.941s] -- Symlinking: /home/upo/TFG/ros2_ws/install/interfaces/share/interfaces/msg/Response.json
[7.952s] -- Symlinking: /home/upo/TFG/ros2_ws/install/interfaces/share/interfaces/action/Move.json
[7.964s] -- Symlinking: /home/upo/TFG/ros2_ws/install/interfaces/include/interfaces/interfaces/action/detail/move__functions.h
[7.974s] -- Symlinking: /home/upo/TFG/ros2_ws/install/interfaces/include/interfaces/interfaces/action/detail/move__struct.h
[7.984s] -- Symlinking: /home/upo/TFG/ros2_ws/install/interfaces/include/interfaces/interfaces/action/detail/move__type_support.h
[7.994s] -- Symlinking: /home/upo/TFG/ros2_ws/install/interfaces/include/interfaces/interfaces/action/move.h
[8.004s] -- Symlinking: /home/upo/TFG/ros2_ws/install/interfaces/include/interfaces/interfaces/msg/combo_image.h
[8.014s] -- Symlinking: /home/upo/TFG/ros2_ws/install/interfaces/include/interfaces/interfaces/msg/detail/combo_image__functions.h
[8.024s] -- Symlinking: /home/upo/TFG/ros2_ws/install/interfaces/include/interfaces/interfaces/msg/detail/combo_image__struct.h
[8.033s] -- Symlinking: /home/upo/TFG/ros2_ws/install/interfaces/include/interfaces/interfaces/msg/detail/combo_image__type_support.h
[8.042s] -- Symlinking: /home/upo/TFG/ros2_ws/install/interfaces/include/interfaces/interfaces/msg/detail/goal__functions.h
[8.052s] -- Symlinking: /home/upo/TFG/ros2_ws/install/interfaces/include/interfaces/interfaces/msg/detail/goal__struct.h
[8.062s] -- Symlinking: /home/upo/TFG/ros2_ws/install/interfaces/include/interfaces/interfaces/msg/detail/goal__type_support.h
[8.073s] -- Symlinking: /home/upo/TFG/ros2_ws/install/interfaces/include/interfaces/interfaces/msg/detail/request__functions.h
[8.084s] -- Symlinking: /home/upo/TFG/ros2_ws/install/interfaces/include/interfaces/interfaces/msg/detail/request__struct.h
[8.095s] -- Symlinking: /home/upo/TFG/ros2_ws/install/interfaces/include/interfaces/interfaces/msg/detail/request__type_support.h
[8.105s] -- Symlinking: /home/upo/TFG/ros2_ws/install/interfaces/include/interfaces/interfaces/msg/detail/response__functions.h
[8.115s] -- Symlinking: /home/upo/TFG/ros2_ws/install/interfaces/include/interfaces/interfaces/msg/detail/response__struct.h
[8.126s] -- Symlinking: /home/upo/TFG/ros2_ws/install/interfaces/include/interfaces/interfaces/msg/detail/response__type_support.h
[8.136s] -- Symlinking: /home/upo/TFG/ros2_ws/install/interfaces/include/interfaces/interfaces/msg/goal.h
[8.147s] -- Symlinking: /home/upo/TFG/ros2_ws/install/interfaces/include/interfaces/interfaces/msg/request.h
[8.157s] -- Symlinking: /home/upo/TFG/ros2_ws/install/interfaces/include/interfaces/interfaces/msg/response.h
[8.166s] -- Symlinking: /home/upo/TFG/ros2_ws/install/interfaces/include/interfaces/interfaces/msg/rosidl_generator_c__visibility_control.h
[8.177s] -- Symlinking: /home/upo/TFG/ros2_ws/install/interfaces/share/interfaces/environment/library_path.sh
[8.188s] -- Symlinking: /home/upo/TFG/ros2_ws/install/interfaces/share/interfaces/environment/library_path.dsv
[8.200s] -- Symlinking: /home/upo/TFG/ros2_ws/install/interfaces/include/interfaces/interfaces/action/detail/move__rosidl_typesupport_fastrtps_c.h
[8.210s] -- Symlinking: /home/upo/TFG/ros2_ws/install/interfaces/include/interfaces/interfaces/msg/detail/combo_image__rosidl_typesupport_fastrtps_c.h
[8.220s] -- Symlinking: /home/upo/TFG/ros2_ws/install/interfaces/include/interfaces/interfaces/msg/detail/goal__rosidl_typesupport_fastrtps_c.h
[8.229s] -- Symlinking: /home/upo/TFG/ros2_ws/install/interfaces/include/interfaces/interfaces/msg/detail/request__rosidl_typesupport_fastrtps_c.h
[8.240s] -- Symlinking: /home/upo/TFG/ros2_ws/install/interfaces/include/interfaces/interfaces/msg/detail/response__rosidl_typesupport_fastrtps_c.h
[8.251s] -- Symlinking: /home/upo/TFG/ros2_ws/install/interfaces/include/interfaces/interfaces/msg/rosidl_typesupport_fastrtps_c__visibility_control.h
[8.262s] -- Symlinking: /home/upo/TFG/ros2_ws/install/interfaces/include/interfaces/interfaces/action/detail/move__builder.hpp
[8.273s] -- Symlinking: /home/upo/TFG/ros2_ws/install/interfaces/include/interfaces/interfaces/action/detail/move__struct.hpp
[8.283s] -- Symlinking: /home/upo/TFG/ros2_ws/install/interfaces/include/interfaces/interfaces/action/detail/move__traits.hpp
[8.294s] -- Symlinking: /home/upo/TFG/ros2_ws/install/interfaces/include/interfaces/interfaces/action/detail/move__type_support.hpp
[8.305s] -- Symlinking: /home/upo/TFG/ros2_ws/install/interfaces/include/interfaces/interfaces/action/move.hpp
[8.316s] -- Symlinking: /home/upo/TFG/ros2_ws/install/interfaces/include/interfaces/interfaces/msg/combo_image.hpp
[8.327s] -- Symlinking: /home/upo/TFG/ros2_ws/install/interfaces/include/interfaces/interfaces/msg/detail/combo_image__builder.hpp
[8.339s] -- Symlinking: /home/upo/TFG/ros2_ws/install/interfaces/include/interfaces/interfaces/msg/detail/combo_image__struct.hpp
[8.349s] -- Symlinking: /home/upo/TFG/ros2_ws/install/interfaces/include/interfaces/interfaces/msg/detail/combo_image__traits.hpp
[8.360s] -- Symlinking: /home/upo/TFG/ros2_ws/install/interfaces/include/interfaces/interfaces/msg/detail/combo_image__type_support.hpp
[8.371s] -- Symlinking: /home/upo/TFG/ros2_ws/install/interfaces/include/interfaces/interfaces/msg/detail/goal__builder.hpp
[8.381s] -- Symlinking: /home/upo/TFG/ros2_ws/install/interfaces/include/interfaces/interfaces/msg/detail/goal__struct.hpp
[8.392s] -- Symlinking: /home/upo/TFG/ros2_ws/install/interfaces/include/interfaces/interfaces/msg/detail/goal__traits.hpp
[8.403s] -- Symlinking: /home/upo/TFG/ros2_ws/install/interfaces/include/interfaces/interfaces/msg/detail/goal__type_support.hpp
[8.415s] -- Symlinking: /home/upo/TFG/ros2_ws/install/interfaces/include/interfaces/interfaces/msg/detail/request__builder.hpp
[8.425s] -- Symlinking: /home/upo/TFG/ros2_ws/install/interfaces/include/interfaces/interfaces/msg/detail/request__struct.hpp
[8.434s] -- Symlinking: /home/upo/TFG/ros2_ws/install/interfaces/include/interfaces/interfaces/msg/detail/request__traits.hpp
[8.445s] -- Symlinking: /home/upo/TFG/ros2_ws/install/interfaces/include/interfaces/interfaces/msg/detail/request__type_support.hpp
[8.454s] -- Symlinking: /home/upo/TFG/ros2_ws/install/interfaces/include/interfaces/interfaces/msg/detail/response__builder.hpp
[8.464s] -- Symlinking: /home/upo/TFG/ros2_ws/install/interfaces/include/interfaces/interfaces/msg/detail/response__struct.hpp
[8.474s] -- Symlinking: /home/upo/TFG/ros2_ws/install/interfaces/include/interfaces/interfaces/msg/detail/response__traits.hpp
[8.483s] -- Symlinking: /home/upo/TFG/ros2_ws/install/interfaces/include/interfaces/interfaces/msg/detail/response__type_support.hpp
[8.493s] -- Symlinking: /home/upo/TFG/ros2_ws/install/interfaces/include/interfaces/interfaces/msg/goal.hpp
[8.503s] -- Symlinking: /home/upo/TFG/ros2_ws/install/interfaces/include/interfaces/interfaces/msg/request.hpp
[8.513s] -- Symlinking: /home/upo/TFG/ros2_ws/install/interfaces/include/interfaces/interfaces/msg/response.hpp
[8.524s] -- Symlinking: /home/upo/TFG/ros2_ws/install/interfaces/include/interfaces/interfaces/msg/rosidl_generator_cpp__visibility_control.hpp
[8.534s] -- Symlinking: /home/upo/TFG/ros2_ws/install/interfaces/include/interfaces/interfaces/action/detail/move__rosidl_typesupport_fastrtps_cpp.hpp
[8.545s] -- Symlinking: /home/upo/TFG/ros2_ws/install/interfaces/include/interfaces/interfaces/msg/detail/combo_image__rosidl_typesupport_fastrtps_cpp.hpp
[8.555s] -- Symlinking: /home/upo/TFG/ros2_ws/install/interfaces/include/interfaces/interfaces/msg/detail/goal__rosidl_typesupport_fastrtps_cpp.hpp
[8.565s] -- Symlinking: /home/upo/TFG/ros2_ws/install/interfaces/include/interfaces/interfaces/msg/detail/request__rosidl_typesupport_fastrtps_cpp.hpp
[8.576s] -- Symlinking: /home/upo/TFG/ros2_ws/install/interfaces/include/interfaces/interfaces/msg/detail/response__rosidl_typesupport_fastrtps_cpp.hpp
[8.586s] -- Symlinking: /home/upo/TFG/ros2_ws/install/interfaces/include/interfaces/interfaces/msg/rosidl_typesupport_fastrtps_cpp__visibility_control.h
[8.598s] -- Symlinking: /home/upo/TFG/ros2_ws/install/interfaces/include/interfaces/interfaces/action/detail/move__rosidl_typesupport_introspection_c.h
[8.609s] -- Symlinking: /home/upo/TFG/ros2_ws/install/interfaces/include/interfaces/interfaces/msg/detail/combo_image__rosidl_typesupport_introspection_c.h
[8.620s] -- Symlinking: /home/upo/TFG/ros2_ws/install/interfaces/include/interfaces/interfaces/msg/detail/goal__rosidl_typesupport_introspection_c.h
[8.630s] -- Symlinking: /home/upo/TFG/ros2_ws/install/interfaces/include/interfaces/interfaces/msg/detail/request__rosidl_typesupport_introspection_c.h
[8.641s] -- Symlinking: /home/upo/TFG/ros2_ws/install/interfaces/include/interfaces/interfaces/msg/detail/response__rosidl_typesupport_introspection_c.h
[8.651s] -- Symlinking: /home/upo/TFG/ros2_ws/install/interfaces/include/interfaces/interfaces/msg/rosidl_typesupport_introspection_c__visibility_control.h
[8.664s] -- Symlinking: /home/upo/TFG/ros2_ws/install/interfaces/include/interfaces/interfaces/action/detail/move__rosidl_typesupport_introspection_cpp.hpp
[8.674s] -- Symlinking: /home/upo/TFG/ros2_ws/install/interfaces/include/interfaces/interfaces/msg/detail/combo_image__rosidl_typesupport_introspection_cpp.hpp
[8.684s] -- Symlinking: /home/upo/TFG/ros2_ws/install/interfaces/include/interfaces/interfaces/msg/detail/goal__rosidl_typesupport_introspection_cpp.hpp
[8.695s] -- Symlinking: /home/upo/TFG/ros2_ws/install/interfaces/include/interfaces/interfaces/msg/detail/request__rosidl_typesupport_introspection_cpp.hpp
[8.704s] -- Symlinking: /home/upo/TFG/ros2_ws/install/interfaces/include/interfaces/interfaces/msg/detail/response__rosidl_typesupport_introspection_cpp.hpp
[8.715s] -- Symlinking: /home/upo/TFG/ros2_ws/install/interfaces/share/interfaces/environment/pythonpath.sh
[8.726s] -- Symlinking: /home/upo/TFG/ros2_ws/install/interfaces/share/interfaces/environment/pythonpath.dsv
[8.736s] -- Symlinking: /home/upo/TFG/ros2_ws/install/interfaces/lib/python3.12/site-packages/interfaces-0.0.0-py3.12.egg-info/PKG-INFO
[8.747s] -- Symlinking: /home/upo/TFG/ros2_ws/install/interfaces/lib/python3.12/site-packages/interfaces-0.0.0-py3.12.egg-info/SOURCES.txt
[8.758s] -- Symlinking: /home/upo/TFG/ros2_ws/install/interfaces/lib/python3.12/site-packages/interfaces-0.0.0-py3.12.egg-info/dependency_links.txt
[8.767s] -- Symlinking: /home/upo/TFG/ros2_ws/install/interfaces/lib/python3.12/site-packages/interfaces-0.0.0-py3.12.egg-info/top_level.txt
[8.781s] -- Symlinking: /home/upo/TFG/ros2_ws/install/interfaces/lib/python3.12/site-packages/interfaces/__init__.py
[8.790s] -- Symlinking: /home/upo/TFG/ros2_ws/install/interfaces/lib/python3.12/site-packages/interfaces/_interfaces_s.ep.rosidl_typesupport_c.c
[8.800s] -- Symlinking: /home/upo/TFG/ros2_ws/install/interfaces/lib/python3.12/site-packages/interfaces/_interfaces_s.ep.rosidl_typesupport_fastrtps_c.c
[8.811s] -- Symlinking: /home/upo/TFG/ros2_ws/install/interfaces/lib/python3.12/site-packages/interfaces/_interfaces_s.ep.rosidl_typesupport_introspection_c.c
[8.824s] -- Symlinking: /home/upo/TFG/ros2_ws/install/interfaces/lib/python3.12/site-packages/interfaces/action/__init__.py
[8.834s] -- Symlinking: /home/upo/TFG/ros2_ws/install/interfaces/lib/python3.12/site-packages/interfaces/action/_move.py
[8.846s] -- Symlinking: /home/upo/TFG/ros2_ws/install/interfaces/lib/python3.12/site-packages/interfaces/action/_move_s.c
[8.857s] -- Symlinking: /home/upo/TFG/ros2_ws/install/interfaces/lib/python3.12/site-packages/interfaces/interfaces_s__rosidl_typesupport_c.so
[8.868s] -- Symlinking: /home/upo/TFG/ros2_ws/install/interfaces/lib/python3.12/site-packages/interfaces/interfaces_s__rosidl_typesupport_fastrtps_c.so
[8.880s] -- Symlinking: /home/upo/TFG/ros2_ws/install/interfaces/lib/python3.12/site-packages/interfaces/interfaces_s__rosidl_typesupport_introspection_c.so
[8.890s] -- Symlinking: /home/upo/TFG/ros2_ws/install/interfaces/lib/python3.12/site-packages/interfaces/msg/__init__.py
[8.900s] -- Symlinking: /home/upo/TFG/ros2_ws/install/interfaces/lib/python3.12/site-packages/interfaces/msg/_combo_image.py
[8.912s] -- Symlinking: /home/upo/TFG/ros2_ws/install/interfaces/lib/python3.12/site-packages/interfaces/msg/_combo_image_s.c
[8.923s] -- Symlinking: /home/upo/TFG/ros2_ws/install/interfaces/lib/python3.12/site-packages/interfaces/msg/_goal.py
[8.933s] -- Symlinking: /home/upo/TFG/ros2_ws/install/interfaces/lib/python3.12/site-packages/interfaces/msg/_goal_s.c
[8.944s] -- Symlinking: /home/upo/TFG/ros2_ws/install/interfaces/lib/python3.12/site-packages/interfaces/msg/_request.py
[8.954s] -- Symlinking: /home/upo/TFG/ros2_ws/install/interfaces/lib/python3.12/site-packages/interfaces/msg/_request_s.c
[8.965s] -- Symlinking: /home/upo/TFG/ros2_ws/install/interfaces/lib/python3.12/site-packages/interfaces/msg/_response.py
[8.977s] -- Symlinking: /home/upo/TFG/ros2_ws/install/interfaces/lib/python3.12/site-packages/interfaces/msg/_response_s.c
[8.988s] -- Up-to-date symlink: /home/upo/TFG/ros2_ws/install/interfaces/lib/python3.12/site-packages/interfaces/interfaces_s__rosidl_typesupport_fastrtps_c.so
[8.988s] -- Up-to-date symlink: /home/upo/TFG/ros2_ws/install/interfaces/lib/python3.12/site-packages/interfaces/interfaces_s__rosidl_typesupport_introspection_c.so
[8.988s] -- Up-to-date symlink: /home/upo/TFG/ros2_ws/install/interfaces/lib/python3.12/site-packages/interfaces/interfaces_s__rosidl_typesupport_c.so
[8.989s] -- Symlinking: /home/upo/TFG/ros2_ws/install/interfaces/share/ament_index/resource_index/rust_packages/interfaces
[9.000s] -- Symlinking: /home/upo/TFG/ros2_ws/install/interfaces/share/interfaces/rust/Cargo.toml
[9.010s] -- Symlinking: /home/upo/TFG/ros2_ws/install/interfaces/share/interfaces/rust/build.rs
[9.020s] -- Symlinking: /home/upo/TFG/ros2_ws/install/interfaces/share/interfaces/rust/src/action.rs
[9.031s] -- Symlinking: /home/upo/TFG/ros2_ws/install/interfaces/share/interfaces/rust/src/action/rmw.rs
[9.042s] -- Symlinking: /home/upo/TFG/ros2_ws/install/interfaces/share/interfaces/rust/src/lib.rs
[9.053s] -- Symlinking: /home/upo/TFG/ros2_ws/install/interfaces/share/interfaces/rust/src/msg.rs
[9.063s] -- Symlinking: /home/upo/TFG/ros2_ws/install/interfaces/share/interfaces/rust/src/msg/rmw.rs
[9.074s] -- Symlinking: /home/upo/TFG/ros2_ws/install/interfaces/share/interfaces/msg/Goal.idl
[9.085s] -- Symlinking: /home/upo/TFG/ros2_ws/install/interfaces/share/interfaces/msg/ComboImage.idl
[9.097s] -- Symlinking: /home/upo/TFG/ros2_ws/install/interfaces/share/interfaces/msg/Request.idl
[9.108s] -- Symlinking: /home/upo/TFG/ros2_ws/install/interfaces/share/interfaces/msg/Response.idl
[9.120s] -- Symlinking: /home/upo/TFG/ros2_ws/install/interfaces/share/interfaces/action/Move.idl
[9.130s] -- Symlinking: /home/upo/TFG/ros2_ws/install/interfaces/share/interfaces/msg/Goal.msg
[9.142s] -- Symlinking: /home/upo/TFG/ros2_ws/install/interfaces/share/interfaces/msg/ComboImage.msg
[9.153s] -- Symlinking: /home/upo/TFG/ros2_ws/install/interfaces/share/interfaces/msg/Request.msg
[9.163s] -- Symlinking: /home/upo/TFG/ros2_ws/install/interfaces/share/interfaces/msg/Response.msg
[9.173s] -- Symlinking: /home/upo/TFG/ros2_ws/install/interfaces/share/interfaces/action/Move.action
[9.184s] -- Symlinking: /home/upo/TFG/ros2_ws/install/interfaces/share/ament_index/resource_index/package_run_dependencies/interfaces
[9.195s] -- Symlinking: /home/upo/TFG/ros2_ws/install/interfaces/share/ament_index/resource_index/parent_prefix_path/interfaces
[9.206s] -- Symlinking: /home/upo/TFG/ros2_ws/install/interfaces/share/interfaces/environment/ament_prefix_path.sh
[9.216s] -- Symlinking: /home/upo/TFG/ros2_ws/install/interfaces/share/interfaces/environment/ament_prefix_path.dsv
[9.227s] -- Symlinking: /home/upo/TFG/ros2_ws/install/interfaces/share/interfaces/environment/path.sh
[9.238s] -- Symlinking: /home/upo/TFG/ros2_ws/install/interfaces/share/interfaces/environment/path.dsv
[9.249s] -- Symlinking: /home/upo/TFG/ros2_ws/install/interfaces/share/interfaces/local_setup.bash
[9.260s] -- Symlinking: /home/upo/TFG/ros2_ws/install/interfaces/share/interfaces/local_setup.sh
[9.271s] -- Symlinking: /home/upo/TFG/ros2_ws/install/interfaces/share/interfaces/local_setup.zsh
[9.282s] -- Symlinking: /home/upo/TFG/ros2_ws/install/interfaces/share/interfaces/local_setup.dsv
[9.294s] -- Symlinking: /home/upo/TFG/ros2_ws/install/interfaces/share/interfaces/package.dsv
[9.303s] -- Symlinking: /home/upo/TFG/ros2_ws/install/interfaces/share/ament_index/resource_index/packages/interfaces
[9.314s] -- Symlinking: /home/upo/TFG/ros2_ws/install/interfaces/share/interfaces/cmake/rosidl_cmake-extras.cmake
[9.325s] -- Symlinking: /home/upo/TFG/ros2_ws/install/interfaces/share/interfaces/cmake/ament_cmake_export_dependencies-extras.cmake
[9.335s] -- Symlinking: /home/upo/TFG/ros2_ws/install/interfaces/share/interfaces/cmake/ament_cmake_export_include_directories-extras.cmake
[9.346s] -- Symlinking: /home/upo/TFG/ros2_ws/install/interfaces/share/interfaces/cmake/ament_cmake_export_libraries-extras.cmake
[9.358s] -- Symlinking: /home/upo/TFG/ros2_ws/install/interfaces/share/interfaces/cmake/ament_cmake_export_targets-extras.cmake
[9.370s] -- Symlinking: /home/upo/TFG/ros2_ws/install/interfaces/share/interfaces/cmake/rosidl_cmake_export_typesupport_targets-extras.cmake
[9.380s] -- Symlinking: /home/upo/TFG/ros2_ws/install/interfaces/share/interfaces/cmake/rosidl_cmake_export_typesupport_libraries-extras.cmake
[9.391s] -- Symlinking: /home/upo/TFG/ros2_ws/install/interfaces/share/interfaces/cmake/rosidl_cmake_aggregate_target-extras.cmake
[9.402s] -- Symlinking: /home/upo/TFG/ros2_ws/install/interfaces/share/interfaces/cmake/interfacesConfig.cmake
[9.414s] -- Symlinking: /home/upo/TFG/ros2_ws/install/interfaces/share/interfaces/cmake/interfacesConfig-version.cmake
[9.425s] -- Symlinking: /home/upo/TFG/ros2_ws/install/interfaces/share/interfaces/package.xml
[9.437s] -- Installing: /home/upo/TFG/ros2_ws/install/interfaces/lib/libinterfaces__rosidl_generator_c.so
[9.438s] -- Set non-toolchain portion of runtime path of "/home/upo/TFG/ros2_ws/install/interfaces/lib/libinterfaces__rosidl_generator_c.so" to ""
[9.438s] -- Installing: /home/upo/TFG/ros2_ws/install/interfaces/lib/libinterfaces__rosidl_typesupport_fastrtps_c.so
[9.438s] -- Set non-toolchain portion of runtime path of "/home/upo/TFG/ros2_ws/install/interfaces/lib/libinterfaces__rosidl_typesupport_fastrtps_c.so" to ""
[9.438s] -- Installing: /home/upo/TFG/ros2_ws/install/interfaces/lib/libinterfaces__rosidl_typesupport_fastrtps_cpp.so
[9.439s] -- Set non-toolchain portion of runtime path of "/home/upo/TFG/ros2_ws/install/interfaces/lib/libinterfaces__rosidl_typesupport_fastrtps_cpp.so" to ""
[9.439s] -- Installing: /home/upo/TFG/ros2_ws/install/interfaces/lib/libinterfaces__rosidl_typesupport_introspection_c.so
[9.439s] -- Set non-toolchain portion of runtime path of "/home/upo/TFG/ros2_ws/install/interfaces/lib/libinterfaces__rosidl_typesupport_introspection_c.so" to ""
[9.439s] -- Installing: /home/upo/TFG/ros2_ws/install/interfaces/lib/libinterfaces__rosidl_typesupport_c.so
[9.440s] -- Set non-toolchain portion of runtime path of "/home/upo/TFG/ros2_ws/install/interfaces/lib/libinterfaces__rosidl_typesupport_c.so" to ""
[9.440s] -- Installing: /home/upo/TFG/ros2_ws/install/interfaces/lib/libinterfaces__rosidl_typesupport_introspection_cpp.so
[9.440s] -- Set non-toolchain portion of runtime path of "/home/upo/TFG/ros2_ws/install/interfaces/lib/libinterfaces__rosidl_typesupport_introspection_cpp.so" to ""
[9.440s] -- Installing: /home/upo/TFG/ros2_ws/install/interfaces/lib/libinterfaces__rosidl_typesupport_cpp.so
[9.441s] -- Set non-toolchain portion of runtime path of "/home/upo/TFG/ros2_ws/install/interfaces/lib/libinterfaces__rosidl_typesupport_cpp.so" to ""
[9.487s] Listing '/home/upo/TFG/ros2_ws/install/interfaces/lib/python3.12/site-packages/interfaces'...
[9.487s] Compiling '/home/upo/TFG/ros2_ws/install/interfaces/lib/python3.12/site-packages/interfaces/__init__.py'...
[9.487s] Listing '/home/upo/TFG/ros2_ws/install/interfaces/lib/python3.12/site-packages/interfaces/action'...
[9.487s] Compiling '/home/upo/TFG/ros2_ws/install/interfaces/lib/python3.12/site-packages/interfaces/action/__init__.py'...
[9.487s] Compiling '/home/upo/TFG/ros2_ws/install/interfaces/lib/python3.12/site-packages/interfaces/action/_move.py'...
[9.488s] Listing '/home/upo/TFG/ros2_ws/install/interfaces/lib/python3.12/site-packages/interfaces/msg'...
[9.488s] Compiling '/home/upo/TFG/ros2_ws/install/interfaces/lib/python3.12/site-packages/interfaces/msg/__init__.py'...
[9.488s] Compiling '/home/upo/TFG/ros2_ws/install/interfaces/lib/python3.12/site-packages/interfaces/msg/_combo_image.py'...
[9.488s] Compiling '/home/upo/TFG/ros2_ws/install/interfaces/lib/python3.12/site-packages/interfaces/msg/_goal.py'...
[9.488s] Compiling '/home/upo/TFG/ros2_ws/install/interfaces/lib/python3.12/site-packages/interfaces/msg/_request.py'...
[9.488s] Compiling '/home/upo/TFG/ros2_ws/install/interfaces/lib/python3.12/site-packages/interfaces/msg/_response.py'...
[9.492s] -- Installing: /home/upo/TFG/ros2_ws/install/interfaces/lib/libinterfaces__rosidl_generator_py.so
[9.493s] -- Set non-toolchain portion of runtime path of "/home/upo/TFG/ros2_ws/install/interfaces/lib/libinterfaces__rosidl_generator_py.so" to ""
[9.493s] -- Installing: /home/upo/TFG/ros2_ws/install/interfaces/share/interfaces/cmake/export_interfaces__rosidl_generator_cExport.cmake
[9.493s] -- Installing: /home/upo/TFG/ros2_ws/install/interfaces/share/interfaces/cmake/export_interfaces__rosidl_generator_cExport-noconfig.cmake
[9.493s] -- Installing: /home/upo/TFG/ros2_ws/install/interfaces/share/interfaces/cmake/export_interfaces__rosidl_typesupport_fastrtps_cExport.cmake
[9.493s] -- Installing: /home/upo/TFG/ros2_ws/install/interfaces/share/interfaces/cmake/export_interfaces__rosidl_typesupport_fastrtps_cExport-noconfig.cmake
[9.494s] -- Installing: /home/upo/TFG/ros2_ws/install/interfaces/share/interfaces/cmake/export_interfaces__rosidl_generator_cppExport.cmake
[9.494s] -- Installing: /home/upo/TFG/ros2_ws/install/interfaces/share/interfaces/cmake/export_interfaces__rosidl_typesupport_fastrtps_cppExport.cmake
[9.494s] -- Installing: /home/upo/TFG/ros2_ws/install/interfaces/share/interfaces/cmake/export_interfaces__rosidl_typesupport_fastrtps_cppExport-noconfig.cmake
[9.494s] -- Installing: /home/upo/TFG/ros2_ws/install/interfaces/share/interfaces/cmake/interfaces__rosidl_typesupport_introspection_cExport.cmake
[9.494s] -- Installing: /home/upo/TFG/ros2_ws/install/interfaces/share/interfaces/cmake/interfaces__rosidl_typesupport_introspection_cExport-noconfig.cmake
[9.494s] -- Installing: /home/upo/TFG/ros2_ws/install/interfaces/share/interfaces/cmake/interfaces__rosidl_typesupport_cExport.cmake
[9.494s] -- Installing: /home/upo/TFG/ros2_ws/install/interfaces/share/interfaces/cmake/interfaces__rosidl_typesupport_cExport-noconfig.cmake
[9.495s] -- Installing: /home/upo/TFG/ros2_ws/install/interfaces/share/interfaces/cmake/interfaces__rosidl_typesupport_introspection_cppExport.cmake
[9.495s] -- Installing: /home/upo/TFG/ros2_ws/install/interfaces/share/interfaces/cmake/interfaces__rosidl_typesupport_introspection_cppExport-noconfig.cmake
[9.495s] -- Installing: /home/upo/TFG/ros2_ws/install/interfaces/share/interfaces/cmake/interfaces__rosidl_typesupport_cppExport.cmake
[9.495s] -- Installing: /home/upo/TFG/ros2_ws/install/interfaces/share/interfaces/cmake/interfaces__rosidl_typesupport_cppExport-noconfig.cmake
[9.495s] -- Installing: /home/upo/TFG/ros2_ws/install/interfaces/share/interfaces/cmake/export_interfaces__rosidl_generator_pyExport.cmake
[9.495s] -- Installing: /home/upo/TFG/ros2_ws/install/interfaces/share/interfaces/cmake/export_interfaces__rosidl_generator_pyExport-noconfig.cmake
[9.498s] Invoked command in '/home/upo/TFG/ros2_ws/build/interfaces' returned '0': CMAKE_PREFIX_PATH=${CMAKE_PREFIX_PATH}:/home/upo/turtlebot3_ws/install/userCommunication:/home/upo/turtlebot3_ws/install/turtlebot3_teleop:/home/upo/turtlebot3_ws/install/turtlebot3_example:/home/upo/turtlebot3_ws/install/robotMovement:/home/upo/turtlebot3_ws/install/robotCommunication:/home/upo/turtlebot3_ws/install/VLMProcessing:/opt/ros/jazzy DEBUGINFOD_URLS=https://debuginfod.ubuntu.com /usr/bin/cmake --install /home/upo/TFG/ros2_ws/build/interfaces
