[2.044s] Invoking command in '/home/upo/Documents/TFG/TFG/ros2_ws/src/build/robotCommunication': AMENT_PREFIX_PATH=/home/upo/Documents/TFG/TFG/ros2_ws/src/install/interfaces:${AMENT_PREFIX_PATH} CMAKE_PREFIX_PATH=/home/upo/Documents/TFG/TFG/ros2_ws/src/install/interfaces:${CMAKE_PREFIX_PATH} DEBUGINFOD_URLS=https://debuginfod.ubuntu.com LD_LIBRARY_PATH=/home/upo/Documents/TFG/TFG/ros2_ws/src/install/interfaces/lib:${LD_LIBRARY_PATH} PYTHONPATH=/home/upo/Documents/TFG/TFG/ros2_ws/src/build/robotCommunication/prefix_override:/usr/lib/python3/dist-packages/colcon_core/task/python/colcon_distutils_commands:/home/upo/Documents/TFG/TFG/ros2_ws/src/install/robotCommunication/lib/python3.12/site-packages:/home/upo/Documents/TFG/TFG/ros2_ws/src/install/interfaces/lib/python3.12/site-packages:${PYTHONPATH} /usr/bin/python3 -W ignore:setup.py install is deprecated -W ignore:easy_install command is deprecated setup.py develop --editable --build-directory /home/upo/Documents/TFG/TFG/ros2_ws/src/build/robotCommunication/build --no-deps symlink_data
[2.512s] running develop
[2.789s] running egg_info
[2.789s] creating robotCommunication.egg-info
[2.819s] writing robotCommunication.egg-info/PKG-INFO
[2.819s] writing dependency_links to robotCommunication.egg-info/dependency_links.txt
[2.819s] writing entry points to robotCommunication.egg-info/entry_points.txt
[2.819s] writing requirements to robotCommunication.egg-info/requires.txt
[2.819s] writing top-level names to robotCommunication.egg-info/top_level.txt
[2.819s] writing manifest file 'robotCommunication.egg-info/SOURCES.txt'
[2.870s] reading manifest file 'robotCommunication.egg-info/SOURCES.txt'
[2.870s] writing manifest file 'robotCommunication.egg-info/SOURCES.txt'
[2.896s] running build_ext
[2.896s] Creating /home/upo/Documents/TFG/TFG/ros2_ws/src/install/robotCommunication/lib/python3.12/site-packages/robotCommunication.egg-link (link to .)
[2.896s] Installing robotCommunication script to /home/upo/Documents/TFG/TFG/ros2_ws/src/install/robotCommunication/lib/robotCommunication
[2.897s] 
[2.897s] Installed /home/upo/Documents/TFG/TFG/ros2_ws/src/build/robotCommunication
[2.897s] running symlink_data
[2.897s] creating /home/upo/Documents/TFG/TFG/ros2_ws/src/install/robotCommunication/share/ament_index
[2.897s] creating /home/upo/Documents/TFG/TFG/ros2_ws/src/install/robotCommunication/share/ament_index/resource_index
[2.897s] creating /home/upo/Documents/TFG/TFG/ros2_ws/src/install/robotCommunication/share/ament_index/resource_index/packages
[2.897s] symbolically linking /home/upo/Documents/TFG/TFG/ros2_ws/src/build/robotCommunication/resource/robotCommunication -> /home/upo/Documents/TFG/TFG/ros2_ws/src/install/robotCommunication/share/ament_index/resource_index/packages
[2.897s] symbolically linking /home/upo/Documents/TFG/TFG/ros2_ws/src/build/robotCommunication/package.xml -> /home/upo/Documents/TFG/TFG/ros2_ws/src/install/robotCommunication/share/robotCommunication
[2.897s] symbolically linking /home/upo/Documents/TFG/TFG/ros2_ws/src/build/config.yaml -> /home/upo/Documents/TFG/TFG/ros2_ws/src/install/robotCommunication/share/robotCommunication
[2.974s] Invoked command in '/home/upo/Documents/TFG/TFG/ros2_ws/src/build/robotCommunication' returned '0': AMENT_PREFIX_PATH=/home/upo/Documents/TFG/TFG/ros2_ws/src/install/interfaces:${AMENT_PREFIX_PATH} CMAKE_PREFIX_PATH=/home/upo/Documents/TFG/TFG/ros2_ws/src/install/interfaces:${CMAKE_PREFIX_PATH} DEBUGINFOD_URLS=https://debuginfod.ubuntu.com LD_LIBRARY_PATH=/home/upo/Documents/TFG/TFG/ros2_ws/src/install/interfaces/lib:${LD_LIBRARY_PATH} PYTHONPATH=/home/upo/Documents/TFG/TFG/ros2_ws/src/build/robotCommunication/prefix_override:/usr/lib/python3/dist-packages/colcon_core/task/python/colcon_distutils_commands:/home/upo/Documents/TFG/TFG/ros2_ws/src/install/robotCommunication/lib/python3.12/site-packages:/home/upo/Documents/TFG/TFG/ros2_ws/src/install/interfaces/lib/python3.12/site-packages:${PYTHONPATH} /usr/bin/python3 -W ignore:setup.py install is deprecated -W ignore:easy_install command is deprecated setup.py develop --editable --build-directory /home/upo/Documents/TFG/TFG/ros2_ws/src/build/robotCommunication/build --no-deps symlink_data
