[0.158s] DEBUG:colcon:Command line arguments: ['/usr/bin/colcon', 'build', '--symlink-install']
[0.158s] DEBUG:colcon:Parsed command line arguments: Namespace(log_base=None, log_level=None, verb_name='build', build_base='build', install_base='install', merge_install=False, symlink_install=True, test_result_base=None, continue_on_error=False, executor='parallel', parallel_workers=16, event_handlers=None, ignore_user_meta=False, metas=['./colcon.meta'], base_paths=['.'], packages_ignore=None, packages_ignore_regex=None, paths=None, packages_up_to=None, packages_up_to_regex=None, packages_above=None, packages_above_and_dependencies=None, packages_above_depth=None, packages_select_by_dep=None, packages_skip_by_dep=None, packages_skip_up_to=None, packages_select_build_failed=False, packages_skip_build_finished=False, packages_select_test_failures=False, packages_skip_test_passed=False, packages_select=None, packages_skip=None, packages_select_regex=None, packages_skip_regex=None, packages_start=None, packages_end=None, allow_overriding=[], cmake_args=None, cmake_target=None, cmake_target_skip_unavailable=False, cmake_clean_cache=False, cmake_clean_first=False, cmake_force_configure=False, ament_cmake_args=None, catkin_cmake_args=None, catkin_skip_building_tests=False, mixin_files=None, mixin=None, verb_parser=<colcon_mixin.mixin.mixin_argument.MixinArgumentDecorator object at 0x7b90374a6ba0>, verb_extension=<colcon_core.verb.build.BuildVerb object at 0x7b9037e2f4a0>, main=<bound method BuildVerb.main of <colcon_core.verb.build.BuildVerb object at 0x7b9037e2f4a0>>, mixin_verb=('build',))
[0.229s] Level 1:colcon.colcon_core.package_discovery:discover_packages(colcon_meta) check parameters
[0.229s] Level 1:colcon.colcon_core.package_discovery:discover_packages(recursive) check parameters
[0.229s] Level 1:colcon.colcon_core.package_discovery:discover_packages(ignore) check parameters
[0.229s] Level 1:colcon.colcon_core.package_discovery:discover_packages(path) check parameters
[0.229s] Level 1:colcon.colcon_core.package_discovery:discover_packages(colcon_meta) discover
[0.230s] Level 1:colcon.colcon_core.package_discovery:discover_packages(recursive) discover
[0.230s] INFO:colcon.colcon_core.package_discovery:Crawling recursively for packages in '/home/upo/Documents/TFG/TFG/ros2_ws/src'
[0.230s] Level 1:colcon.colcon_core.package_identification:_identify(.) by extensions ['ignore', 'ignore_ament_install']
[0.230s] Level 1:colcon.colcon_core.package_identification:_identify(.) by extension 'ignore'
[0.230s] Level 1:colcon.colcon_core.package_identification:_identify(.) by extension 'ignore_ament_install'
[0.230s] Level 1:colcon.colcon_core.package_identification:_identify(.) by extensions ['colcon_pkg']
[0.230s] Level 1:colcon.colcon_core.package_identification:_identify(.) by extension 'colcon_pkg'
[0.230s] Level 1:colcon.colcon_core.package_identification:_identify(.) by extensions ['colcon_meta']
[0.230s] Level 1:colcon.colcon_core.package_identification:_identify(.) by extension 'colcon_meta'
[0.230s] Level 1:colcon.colcon_core.package_identification:_identify(.) by extensions ['ros']
[0.230s] Level 1:colcon.colcon_core.package_identification:_identify(.) by extension 'ros'
[0.267s] Level 1:colcon.colcon_core.package_identification:_identify(.) by extensions ['cmake', 'python']
[0.267s] Level 1:colcon.colcon_core.package_identification:_identify(.) by extension 'cmake'
[0.267s] Level 1:colcon.colcon_core.package_identification:_identify(.) by extension 'python'
[0.267s] Level 1:colcon.colcon_core.package_identification:_identify(.) by extensions ['python_setup_py']
[0.267s] Level 1:colcon.colcon_core.package_identification:_identify(.) by extension 'python_setup_py'
[0.267s] Level 1:colcon.colcon_core.package_identification:_identify(VLMProcessing) by extensions ['ignore', 'ignore_ament_install']
[0.267s] Level 1:colcon.colcon_core.package_identification:_identify(VLMProcessing) by extension 'ignore'
[0.267s] Level 1:colcon.colcon_core.package_identification:_identify(VLMProcessing) by extension 'ignore_ament_install'
[0.267s] Level 1:colcon.colcon_core.package_identification:_identify(VLMProcessing) by extensions ['colcon_pkg']
[0.267s] Level 1:colcon.colcon_core.package_identification:_identify(VLMProcessing) by extension 'colcon_pkg'
[0.267s] Level 1:colcon.colcon_core.package_identification:_identify(VLMProcessing) by extensions ['colcon_meta']
[0.267s] Level 1:colcon.colcon_core.package_identification:_identify(VLMProcessing) by extension 'colcon_meta'
[0.267s] Level 1:colcon.colcon_core.package_identification:_identify(VLMProcessing) by extensions ['ros']
[0.267s] Level 1:colcon.colcon_core.package_identification:_identify(VLMProcessing) by extension 'ros'
[0.272s] DEBUG:colcon.colcon_core.package_identification:Package 'VLMProcessing' with type 'ros.ament_python' and name 'VLMProcessing'
[0.273s] Level 1:colcon.colcon_core.package_identification:_identify(build) by extensions ['ignore', 'ignore_ament_install']
[0.273s] Level 1:colcon.colcon_core.package_identification:_identify(build) by extension 'ignore'
[0.273s] Level 1:colcon.colcon_core.package_identification:_identify(build) ignored
[0.273s] Level 1:colcon.colcon_core.package_identification:_identify(install) by extensions ['ignore', 'ignore_ament_install']
[0.273s] Level 1:colcon.colcon_core.package_identification:_identify(install) by extension 'ignore'
[0.273s] Level 1:colcon.colcon_core.package_identification:_identify(install) ignored
[0.273s] Level 1:colcon.colcon_core.package_identification:_identify(interfaces) by extensions ['ignore', 'ignore_ament_install']
[0.274s] Level 1:colcon.colcon_core.package_identification:_identify(interfaces) by extension 'ignore'
[0.274s] Level 1:colcon.colcon_core.package_identification:_identify(interfaces) by extension 'ignore_ament_install'
[0.274s] Level 1:colcon.colcon_core.package_identification:_identify(interfaces) by extensions ['colcon_pkg']
[0.274s] Level 1:colcon.colcon_core.package_identification:_identify(interfaces) by extension 'colcon_pkg'
[0.274s] Level 1:colcon.colcon_core.package_identification:_identify(interfaces) by extensions ['colcon_meta']
[0.274s] Level 1:colcon.colcon_core.package_identification:_identify(interfaces) by extension 'colcon_meta'
[0.274s] Level 1:colcon.colcon_core.package_identification:_identify(interfaces) by extensions ['ros']
[0.274s] Level 1:colcon.colcon_core.package_identification:_identify(interfaces) by extension 'ros'
[0.275s] DEBUG:colcon.colcon_core.package_identification:Package 'interfaces' with type 'ros.ament_cmake' and name 'interfaces'
[0.276s] Level 1:colcon.colcon_core.package_identification:_identify(log) by extensions ['ignore', 'ignore_ament_install']
[0.276s] Level 1:colcon.colcon_core.package_identification:_identify(log) by extension 'ignore'
[0.276s] Level 1:colcon.colcon_core.package_identification:_identify(log) ignored
[0.276s] Level 1:colcon.colcon_core.package_identification:_identify(robotCommunication) by extensions ['ignore', 'ignore_ament_install']
[0.276s] Level 1:colcon.colcon_core.package_identification:_identify(robotCommunication) by extension 'ignore'
[0.276s] Level 1:colcon.colcon_core.package_identification:_identify(robotCommunication) by extension 'ignore_ament_install'
[0.276s] Level 1:colcon.colcon_core.package_identification:_identify(robotCommunication) by extensions ['colcon_pkg']
[0.276s] Level 1:colcon.colcon_core.package_identification:_identify(robotCommunication) by extension 'colcon_pkg'
[0.276s] Level 1:colcon.colcon_core.package_identification:_identify(robotCommunication) by extensions ['colcon_meta']
[0.276s] Level 1:colcon.colcon_core.package_identification:_identify(robotCommunication) by extension 'colcon_meta'
[0.277s] Level 1:colcon.colcon_core.package_identification:_identify(robotCommunication) by extensions ['ros']
[0.277s] Level 1:colcon.colcon_core.package_identification:_identify(robotCommunication) by extension 'ros'
[0.278s] DEBUG:colcon.colcon_core.package_identification:Package 'robotCommunication' with type 'ros.ament_python' and name 'robotCommunication'
[0.278s] Level 1:colcon.colcon_core.package_identification:_identify(robotMovement) by extensions ['ignore', 'ignore_ament_install']
[0.278s] Level 1:colcon.colcon_core.package_identification:_identify(robotMovement) by extension 'ignore'
[0.278s] Level 1:colcon.colcon_core.package_identification:_identify(robotMovement) by extension 'ignore_ament_install'
[0.278s] Level 1:colcon.colcon_core.package_identification:_identify(robotMovement) by extensions ['colcon_pkg']
[0.278s] Level 1:colcon.colcon_core.package_identification:_identify(robotMovement) by extension 'colcon_pkg'
[0.278s] Level 1:colcon.colcon_core.package_identification:_identify(robotMovement) by extensions ['colcon_meta']
[0.279s] Level 1:colcon.colcon_core.package_identification:_identify(robotMovement) by extension 'colcon_meta'
[0.279s] Level 1:colcon.colcon_core.package_identification:_identify(robotMovement) by extensions ['ros']
[0.279s] Level 1:colcon.colcon_core.package_identification:_identify(robotMovement) by extension 'ros'
[0.280s] DEBUG:colcon.colcon_core.package_identification:Package 'robotMovement' with type 'ros.ament_python' and name 'robotMovement'
[0.280s] Level 1:colcon.colcon_core.package_identification:_identify(robotWebSocket) by extensions ['ignore', 'ignore_ament_install']
[0.280s] Level 1:colcon.colcon_core.package_identification:_identify(robotWebSocket) by extension 'ignore'
[0.280s] Level 1:colcon.colcon_core.package_identification:_identify(robotWebSocket) by extension 'ignore_ament_install'
[0.280s] Level 1:colcon.colcon_core.package_identification:_identify(robotWebSocket) by extensions ['colcon_pkg']
[0.280s] Level 1:colcon.colcon_core.package_identification:_identify(robotWebSocket) by extension 'colcon_pkg'
[0.280s] Level 1:colcon.colcon_core.package_identification:_identify(robotWebSocket) by extensions ['colcon_meta']
[0.280s] Level 1:colcon.colcon_core.package_identification:_identify(robotWebSocket) by extension 'colcon_meta'
[0.280s] Level 1:colcon.colcon_core.package_identification:_identify(robotWebSocket) by extensions ['ros']
[0.280s] Level 1:colcon.colcon_core.package_identification:_identify(robotWebSocket) by extension 'ros'
[0.281s] DEBUG:colcon.colcon_core.package_identification:Package 'robotWebSocket' with type 'ros.ament_python' and name 'robotWebSocket'
[0.281s] Level 1:colcon.colcon_core.package_identification:_identify(userCommunication) by extensions ['ignore', 'ignore_ament_install']
[0.281s] Level 1:colcon.colcon_core.package_identification:_identify(userCommunication) by extension 'ignore'
[0.281s] Level 1:colcon.colcon_core.package_identification:_identify(userCommunication) by extension 'ignore_ament_install'
[0.281s] Level 1:colcon.colcon_core.package_identification:_identify(userCommunication) by extensions ['colcon_pkg']
[0.281s] Level 1:colcon.colcon_core.package_identification:_identify(userCommunication) by extension 'colcon_pkg'
[0.281s] Level 1:colcon.colcon_core.package_identification:_identify(userCommunication) by extensions ['colcon_meta']
[0.282s] Level 1:colcon.colcon_core.package_identification:_identify(userCommunication) by extension 'colcon_meta'
[0.282s] Level 1:colcon.colcon_core.package_identification:_identify(userCommunication) by extensions ['ros']
[0.282s] Level 1:colcon.colcon_core.package_identification:_identify(userCommunication) by extension 'ros'
[0.282s] DEBUG:colcon.colcon_core.package_identification:Package 'userCommunication' with type 'ros.ament_python' and name 'userCommunication'
[0.283s] Level 1:colcon.colcon_core.package_discovery:discover_packages(recursive) using defaults
[0.283s] Level 1:colcon.colcon_core.package_discovery:discover_packages(ignore) discover
[0.283s] Level 1:colcon.colcon_core.package_discovery:discover_packages(ignore) using defaults
[0.283s] Level 1:colcon.colcon_core.package_discovery:discover_packages(path) discover
[0.283s] Level 1:colcon.colcon_core.package_discovery:discover_packages(path) using defaults
[0.310s] Level 1:colcon.colcon_core.package_discovery:discover_packages(prefix_path) check parameters
[0.310s] Level 1:colcon.colcon_core.package_discovery:discover_packages(prefix_path) discover
[0.313s] DEBUG:colcon.colcon_installed_package_information.package_discovery:Found 17 installed packages in /home/upo/turtlebot3_ws/install
[0.318s] DEBUG:colcon.colcon_installed_package_information.package_discovery:Found 406 installed packages in /opt/ros/jazzy
[0.319s] Level 1:colcon.colcon_core.package_discovery:discover_packages(prefix_path) using defaults
[0.388s] Level 5:colcon.colcon_core.verb:set package 'interfaces' build argument 'cmake_args' from command line to 'None'
[0.388s] Level 5:colcon.colcon_core.verb:set package 'interfaces' build argument 'cmake_target' from command line to 'None'
[0.388s] Level 5:colcon.colcon_core.verb:set package 'interfaces' build argument 'cmake_target_skip_unavailable' from command line to 'False'
[0.388s] Level 5:colcon.colcon_core.verb:set package 'interfaces' build argument 'cmake_clean_cache' from command line to 'False'
[0.388s] Level 5:colcon.colcon_core.verb:set package 'interfaces' build argument 'cmake_clean_first' from command line to 'False'
[0.388s] Level 5:colcon.colcon_core.verb:set package 'interfaces' build argument 'cmake_force_configure' from command line to 'False'
[0.388s] Level 5:colcon.colcon_core.verb:set package 'interfaces' build argument 'ament_cmake_args' from command line to 'None'
[0.388s] Level 5:colcon.colcon_core.verb:set package 'interfaces' build argument 'catkin_cmake_args' from command line to 'None'
[0.388s] Level 5:colcon.colcon_core.verb:set package 'interfaces' build argument 'catkin_skip_building_tests' from command line to 'False'
[0.388s] DEBUG:colcon.colcon_core.verb:Building package 'interfaces' with the following arguments: {'ament_cmake_args': None, 'build_base': '/home/upo/Documents/TFG/TFG/ros2_ws/src/build/interfaces', 'catkin_cmake_args': None, 'catkin_skip_building_tests': False, 'cmake_args': None, 'cmake_clean_cache': False, 'cmake_clean_first': False, 'cmake_force_configure': False, 'cmake_target': None, 'cmake_target_skip_unavailable': False, 'install_base': '/home/upo/Documents/TFG/TFG/ros2_ws/src/install/interfaces', 'merge_install': False, 'path': '/home/upo/Documents/TFG/TFG/ros2_ws/src/interfaces', 'symlink_install': True, 'test_result_base': None}
[0.389s] Level 5:colcon.colcon_core.verb:set package 'robotWebSocket' build argument 'cmake_args' from command line to 'None'
[0.389s] Level 5:colcon.colcon_core.verb:set package 'robotWebSocket' build argument 'cmake_target' from command line to 'None'
[0.389s] Level 5:colcon.colcon_core.verb:set package 'robotWebSocket' build argument 'cmake_target_skip_unavailable' from command line to 'False'
[0.389s] Level 5:colcon.colcon_core.verb:set package 'robotWebSocket' build argument 'cmake_clean_cache' from command line to 'False'
[0.389s] Level 5:colcon.colcon_core.verb:set package 'robotWebSocket' build argument 'cmake_clean_first' from command line to 'False'
[0.389s] Level 5:colcon.colcon_core.verb:set package 'robotWebSocket' build argument 'cmake_force_configure' from command line to 'False'
[0.389s] Level 5:colcon.colcon_core.verb:set package 'robotWebSocket' build argument 'ament_cmake_args' from command line to 'None'
[0.389s] Level 5:colcon.colcon_core.verb:set package 'robotWebSocket' build argument 'catkin_cmake_args' from command line to 'None'
[0.389s] Level 5:colcon.colcon_core.verb:set package 'robotWebSocket' build argument 'catkin_skip_building_tests' from command line to 'False'
[0.389s] DEBUG:colcon.colcon_core.verb:Building package 'robotWebSocket' with the following arguments: {'ament_cmake_args': None, 'build_base': '/home/upo/Documents/TFG/TFG/ros2_ws/src/build/robotWebSocket', 'catkin_cmake_args': None, 'catkin_skip_building_tests': False, 'cmake_args': None, 'cmake_clean_cache': False, 'cmake_clean_first': False, 'cmake_force_configure': False, 'cmake_target': None, 'cmake_target_skip_unavailable': False, 'install_base': '/home/upo/Documents/TFG/TFG/ros2_ws/src/install/robotWebSocket', 'merge_install': False, 'path': '/home/upo/Documents/TFG/TFG/ros2_ws/src/robotWebSocket', 'symlink_install': True, 'test_result_base': None}
[0.389s] Level 5:colcon.colcon_core.verb:set package 'userCommunication' build argument 'cmake_args' from command line to 'None'
[0.389s] Level 5:colcon.colcon_core.verb:set package 'userCommunication' build argument 'cmake_target' from command line to 'None'
[0.389s] Level 5:colcon.colcon_core.verb:set package 'userCommunication' build argument 'cmake_target_skip_unavailable' from command line to 'False'
[0.389s] Level 5:colcon.colcon_core.verb:set package 'userCommunication' build argument 'cmake_clean_cache' from command line to 'False'
[0.389s] Level 5:colcon.colcon_core.verb:set package 'userCommunication' build argument 'cmake_clean_first' from command line to 'False'
[0.389s] Level 5:colcon.colcon_core.verb:set package 'userCommunication' build argument 'cmake_force_configure' from command line to 'False'
[0.389s] Level 5:colcon.colcon_core.verb:set package 'userCommunication' build argument 'ament_cmake_args' from command line to 'None'
[0.389s] Level 5:colcon.colcon_core.verb:set package 'userCommunication' build argument 'catkin_cmake_args' from command line to 'None'
[0.389s] Level 5:colcon.colcon_core.verb:set package 'userCommunication' build argument 'catkin_skip_building_tests' from command line to 'False'
[0.389s] DEBUG:colcon.colcon_core.verb:Building package 'userCommunication' with the following arguments: {'ament_cmake_args': None, 'build_base': '/home/upo/Documents/TFG/TFG/ros2_ws/src/build/userCommunication', 'catkin_cmake_args': None, 'catkin_skip_building_tests': False, 'cmake_args': None, 'cmake_clean_cache': False, 'cmake_clean_first': False, 'cmake_force_configure': False, 'cmake_target': None, 'cmake_target_skip_unavailable': False, 'install_base': '/home/upo/Documents/TFG/TFG/ros2_ws/src/install/userCommunication', 'merge_install': False, 'path': '/home/upo/Documents/TFG/TFG/ros2_ws/src/userCommunication', 'symlink_install': True, 'test_result_base': None}
[0.390s] Level 5:colcon.colcon_core.verb:set package 'VLMProcessing' build argument 'cmake_args' from command line to 'None'
[0.390s] Level 5:colcon.colcon_core.verb:set package 'VLMProcessing' build argument 'cmake_target' from command line to 'None'
[0.390s] Level 5:colcon.colcon_core.verb:set package 'VLMProcessing' build argument 'cmake_target_skip_unavailable' from command line to 'False'
[0.390s] Level 5:colcon.colcon_core.verb:set package 'VLMProcessing' build argument 'cmake_clean_cache' from command line to 'False'
[0.390s] Level 5:colcon.colcon_core.verb:set package 'VLMProcessing' build argument 'cmake_clean_first' from command line to 'False'
[0.390s] Level 5:colcon.colcon_core.verb:set package 'VLMProcessing' build argument 'cmake_force_configure' from command line to 'False'
[0.390s] Level 5:colcon.colcon_core.verb:set package 'VLMProcessing' build argument 'ament_cmake_args' from command line to 'None'
[0.390s] Level 5:colcon.colcon_core.verb:set package 'VLMProcessing' build argument 'catkin_cmake_args' from command line to 'None'
[0.390s] Level 5:colcon.colcon_core.verb:set package 'VLMProcessing' build argument 'catkin_skip_building_tests' from command line to 'False'
[0.390s] DEBUG:colcon.colcon_core.verb:Building package 'VLMProcessing' with the following arguments: {'ament_cmake_args': None, 'build_base': '/home/upo/Documents/TFG/TFG/ros2_ws/src/build/VLMProcessing', 'catkin_cmake_args': None, 'catkin_skip_building_tests': False, 'cmake_args': None, 'cmake_clean_cache': False, 'cmake_clean_first': False, 'cmake_force_configure': False, 'cmake_target': None, 'cmake_target_skip_unavailable': False, 'install_base': '/home/upo/Documents/TFG/TFG/ros2_ws/src/install/VLMProcessing', 'merge_install': False, 'path': '/home/upo/Documents/TFG/TFG/ros2_ws/src/VLMProcessing', 'symlink_install': True, 'test_result_base': None}
[0.390s] Level 5:colcon.colcon_core.verb:set package 'robotCommunication' build argument 'cmake_args' from command line to 'None'
[0.390s] Level 5:colcon.colcon_core.verb:set package 'robotCommunication' build argument 'cmake_target' from command line to 'None'
[0.390s] Level 5:colcon.colcon_core.verb:set package 'robotCommunication' build argument 'cmake_target_skip_unavailable' from command line to 'False'
[0.390s] Level 5:colcon.colcon_core.verb:set package 'robotCommunication' build argument 'cmake_clean_cache' from command line to 'False'
[0.390s] Level 5:colcon.colcon_core.verb:set package 'robotCommunication' build argument 'cmake_clean_first' from command line to 'False'
[0.390s] Level 5:colcon.colcon_core.verb:set package 'robotCommunication' build argument 'cmake_force_configure' from command line to 'False'
[0.390s] Level 5:colcon.colcon_core.verb:set package 'robotCommunication' build argument 'ament_cmake_args' from command line to 'None'
[0.390s] Level 5:colcon.colcon_core.verb:set package 'robotCommunication' build argument 'catkin_cmake_args' from command line to 'None'
[0.390s] Level 5:colcon.colcon_core.verb:set package 'robotCommunication' build argument 'catkin_skip_building_tests' from command line to 'False'
[0.391s] DEBUG:colcon.colcon_core.verb:Building package 'robotCommunication' with the following arguments: {'ament_cmake_args': None, 'build_base': '/home/upo/Documents/TFG/TFG/ros2_ws/src/build/robotCommunication', 'catkin_cmake_args': None, 'catkin_skip_building_tests': False, 'cmake_args': None, 'cmake_clean_cache': False, 'cmake_clean_first': False, 'cmake_force_configure': False, 'cmake_target': None, 'cmake_target_skip_unavailable': False, 'install_base': '/home/upo/Documents/TFG/TFG/ros2_ws/src/install/robotCommunication', 'merge_install': False, 'path': '/home/upo/Documents/TFG/TFG/ros2_ws/src/robotCommunication', 'symlink_install': True, 'test_result_base': None}
[0.391s] Level 5:colcon.colcon_core.verb:set package 'robotMovement' build argument 'cmake_args' from command line to 'None'
[0.391s] Level 5:colcon.colcon_core.verb:set package 'robotMovement' build argument 'cmake_target' from command line to 'None'
[0.391s] Level 5:colcon.colcon_core.verb:set package 'robotMovement' build argument 'cmake_target_skip_unavailable' from command line to 'False'
[0.391s] Level 5:colcon.colcon_core.verb:set package 'robotMovement' build argument 'cmake_clean_cache' from command line to 'False'
[0.391s] Level 5:colcon.colcon_core.verb:set package 'robotMovement' build argument 'cmake_clean_first' from command line to 'False'
[0.391s] Level 5:colcon.colcon_core.verb:set package 'robotMovement' build argument 'cmake_force_configure' from command line to 'False'
[0.391s] Level 5:colcon.colcon_core.verb:set package 'robotMovement' build argument 'ament_cmake_args' from command line to 'None'
[0.391s] Level 5:colcon.colcon_core.verb:set package 'robotMovement' build argument 'catkin_cmake_args' from command line to 'None'
[0.391s] Level 5:colcon.colcon_core.verb:set package 'robotMovement' build argument 'catkin_skip_building_tests' from command line to 'False'
[0.391s] DEBUG:colcon.colcon_core.verb:Building package 'robotMovement' with the following arguments: {'ament_cmake_args': None, 'build_base': '/home/upo/Documents/TFG/TFG/ros2_ws/src/build/robotMovement', 'catkin_cmake_args': None, 'catkin_skip_building_tests': False, 'cmake_args': None, 'cmake_clean_cache': False, 'cmake_clean_first': False, 'cmake_force_configure': False, 'cmake_target': None, 'cmake_target_skip_unavailable': False, 'install_base': '/home/upo/Documents/TFG/TFG/ros2_ws/src/install/robotMovement', 'merge_install': False, 'path': '/home/upo/Documents/TFG/TFG/ros2_ws/src/robotMovement', 'symlink_install': True, 'test_result_base': None}
[0.391s] INFO:colcon.colcon_core.executor:Executing jobs using 'parallel' executor
[0.393s] DEBUG:colcon.colcon_parallel_executor.executor.parallel:run_until_complete
[0.393s] INFO:colcon.colcon_ros.task.ament_cmake.build:Building ROS package in '/home/upo/Documents/TFG/TFG/ros2_ws/src/interfaces' with build type 'ament_cmake'
[0.393s] INFO:colcon.colcon_cmake.task.cmake.build:Building CMake package in '/home/upo/Documents/TFG/TFG/ros2_ws/src/interfaces'
[0.395s] INFO:colcon.colcon_core.plugin_system:Skipping extension 'colcon_core.shell.bat': Not used on non-Windows systems
[0.396s] INFO:colcon.colcon_core.shell:Skip shell extension 'powershell' for command environment: Not usable outside of PowerShell
[0.396s] DEBUG:colcon.colcon_core.shell:Skip shell extension 'dsv' for command environment
[0.408s] INFO:colcon.colcon_ros.task.ament_python.build:Building ROS package in '/home/upo/Documents/TFG/TFG/ros2_ws/src/robotWebSocket' with build type 'ament_python'
[0.408s] Level 1:colcon.colcon_core.shell:create_environment_hook('robotWebSocket', 'ament_prefix_path')
[0.409s] INFO:colcon.colcon_core.shell:Creating environment hook '/home/upo/Documents/TFG/TFG/ros2_ws/src/install/robotWebSocket/share/robotWebSocket/hook/ament_prefix_path.ps1'
[0.410s] INFO:colcon.colcon_core.shell:Creating environment descriptor '/home/upo/Documents/TFG/TFG/ros2_ws/src/install/robotWebSocket/share/robotWebSocket/hook/ament_prefix_path.dsv'
[0.411s] INFO:colcon.colcon_core.shell:Creating environment hook '/home/upo/Documents/TFG/TFG/ros2_ws/src/install/robotWebSocket/share/robotWebSocket/hook/ament_prefix_path.sh'
[0.411s] INFO:colcon.colcon_core.shell:Skip shell extension 'powershell' for command environment: Not usable outside of PowerShell
[0.411s] DEBUG:colcon.colcon_core.shell:Skip shell extension 'dsv' for command environment
[0.417s] INFO:colcon.colcon_ros.task.ament_python.build:Building ROS package in '/home/upo/Documents/TFG/TFG/ros2_ws/src/userCommunication' with build type 'ament_python'
[0.418s] Level 1:colcon.colcon_core.shell:create_environment_hook('userCommunication', 'ament_prefix_path')
[0.418s] INFO:colcon.colcon_core.shell:Creating environment hook '/home/upo/Documents/TFG/TFG/ros2_ws/src/install/userCommunication/share/userCommunication/hook/ament_prefix_path.ps1'
[0.419s] INFO:colcon.colcon_core.shell:Creating environment descriptor '/home/upo/Documents/TFG/TFG/ros2_ws/src/install/userCommunication/share/userCommunication/hook/ament_prefix_path.dsv'
[0.420s] INFO:colcon.colcon_core.shell:Creating environment hook '/home/upo/Documents/TFG/TFG/ros2_ws/src/install/userCommunication/share/userCommunication/hook/ament_prefix_path.sh'
[0.420s] INFO:colcon.colcon_core.shell:Skip shell extension 'powershell' for command environment: Not usable outside of PowerShell
[0.420s] DEBUG:colcon.colcon_core.shell:Skip shell extension 'dsv' for command environment
[0.434s] DEBUG:colcon.colcon_core.event_handler.log_command:Invoking command in '/home/upo/Documents/TFG/TFG/ros2_ws/src/build/interfaces': CMAKE_PREFIX_PATH=${CMAKE_PREFIX_PATH}:/home/upo/turtlebot3_ws/install/userCommunication:/home/upo/turtlebot3_ws/install/turtlebot3_teleop:/home/upo/turtlebot3_ws/install/turtlebot3_example:/home/upo/turtlebot3_ws/install/robotMovement:/home/upo/turtlebot3_ws/install/robotCommunication:/home/upo/turtlebot3_ws/install/VLMProcessing:/opt/ros/jazzy DEBUGINFOD_URLS=https://debuginfod.ubuntu.com /usr/bin/cmake --build /home/upo/Documents/TFG/TFG/ros2_ws/src/build/interfaces -- -j16 -l16
[0.794s] INFO:colcon.colcon_core.task.python.build:Building Python package in '/home/upo/Documents/TFG/TFG/ros2_ws/src/robotWebSocket'
[0.794s] INFO:colcon.colcon_core.shell:Skip shell extension 'powershell' for command environment: Not usable outside of PowerShell
[0.794s] DEBUG:colcon.colcon_core.shell:Skip shell extension 'dsv' for command environment
[1.167s] INFO:colcon.colcon_core.task.python.build:Building Python package in '/home/upo/Documents/TFG/TFG/ros2_ws/src/userCommunication'
[1.167s] INFO:colcon.colcon_core.shell:Skip shell extension 'powershell' for command environment: Not usable outside of PowerShell
[1.167s] DEBUG:colcon.colcon_core.shell:Skip shell extension 'dsv' for command environment
[1.181s] DEBUG:colcon.colcon_core.event_handler.log_command:Invoked command in '/home/upo/Documents/TFG/TFG/ros2_ws/src/build/interfaces' returned '0': CMAKE_PREFIX_PATH=${CMAKE_PREFIX_PATH}:/home/upo/turtlebot3_ws/install/userCommunication:/home/upo/turtlebot3_ws/install/turtlebot3_teleop:/home/upo/turtlebot3_ws/install/turtlebot3_example:/home/upo/turtlebot3_ws/install/robotMovement:/home/upo/turtlebot3_ws/install/robotCommunication:/home/upo/turtlebot3_ws/install/VLMProcessing:/opt/ros/jazzy DEBUGINFOD_URLS=https://debuginfod.ubuntu.com /usr/bin/cmake --build /home/upo/Documents/TFG/TFG/ros2_ws/src/build/interfaces -- -j16 -l16
[1.202s] DEBUG:colcon.colcon_core.event_handler.log_command:Invoking command in '/home/upo/Documents/TFG/TFG/ros2_ws/src/build/interfaces': CMAKE_PREFIX_PATH=${CMAKE_PREFIX_PATH}:/home/upo/turtlebot3_ws/install/userCommunication:/home/upo/turtlebot3_ws/install/turtlebot3_teleop:/home/upo/turtlebot3_ws/install/turtlebot3_example:/home/upo/turtlebot3_ws/install/robotMovement:/home/upo/turtlebot3_ws/install/robotCommunication:/home/upo/turtlebot3_ws/install/VLMProcessing:/opt/ros/jazzy DEBUGINFOD_URLS=https://debuginfod.ubuntu.com /usr/bin/cmake --install /home/upo/Documents/TFG/TFG/ros2_ws/src/build/interfaces
[1.382s] Level 1:colcon.colcon_core.environment:create_environment_scripts_only(interfaces)
[1.383s] DEBUG:colcon.colcon_core.event_handler.log_command:Invoked command in '/home/upo/Documents/TFG/TFG/ros2_ws/src/build/interfaces' returned '0': CMAKE_PREFIX_PATH=${CMAKE_PREFIX_PATH}:/home/upo/turtlebot3_ws/install/userCommunication:/home/upo/turtlebot3_ws/install/turtlebot3_teleop:/home/upo/turtlebot3_ws/install/turtlebot3_example:/home/upo/turtlebot3_ws/install/robotMovement:/home/upo/turtlebot3_ws/install/robotCommunication:/home/upo/turtlebot3_ws/install/VLMProcessing:/opt/ros/jazzy DEBUGINFOD_URLS=https://debuginfod.ubuntu.com /usr/bin/cmake --install /home/upo/Documents/TFG/TFG/ros2_ws/src/build/interfaces
[1.386s] Level 1:colcon.colcon_core.environment:checking '/home/upo/Documents/TFG/TFG/ros2_ws/src/install/interfaces' for CMake module files
[1.387s] Level 1:colcon.colcon_core.environment:checking '/home/upo/Documents/TFG/TFG/ros2_ws/src/install/interfaces' for CMake config files
[1.387s] Level 1:colcon.colcon_core.shell:create_environment_hook('interfaces', 'cmake_prefix_path')
[1.388s] INFO:colcon.colcon_core.shell:Creating environment hook '/home/upo/Documents/TFG/TFG/ros2_ws/src/install/interfaces/share/interfaces/hook/cmake_prefix_path.ps1'
[1.389s] INFO:colcon.colcon_core.shell:Creating environment descriptor '/home/upo/Documents/TFG/TFG/ros2_ws/src/install/interfaces/share/interfaces/hook/cmake_prefix_path.dsv'
[1.389s] INFO:colcon.colcon_core.shell:Creating environment hook '/home/upo/Documents/TFG/TFG/ros2_ws/src/install/interfaces/share/interfaces/hook/cmake_prefix_path.sh'
[1.390s] Level 1:colcon.colcon_core.environment:checking '/home/upo/Documents/TFG/TFG/ros2_ws/src/install/interfaces/lib'
[1.390s] Level 1:colcon.colcon_core.shell:create_environment_hook('interfaces', 'ld_library_path_lib')
[1.390s] INFO:colcon.colcon_core.shell:Creating environment hook '/home/upo/Documents/TFG/TFG/ros2_ws/src/install/interfaces/share/interfaces/hook/ld_library_path_lib.ps1'
[1.391s] INFO:colcon.colcon_core.shell:Creating environment descriptor '/home/upo/Documents/TFG/TFG/ros2_ws/src/install/interfaces/share/interfaces/hook/ld_library_path_lib.dsv'
[1.391s] INFO:colcon.colcon_core.shell:Creating environment hook '/home/upo/Documents/TFG/TFG/ros2_ws/src/install/interfaces/share/interfaces/hook/ld_library_path_lib.sh'
[1.391s] Level 1:colcon.colcon_core.environment:checking '/home/upo/Documents/TFG/TFG/ros2_ws/src/install/interfaces/bin'
[1.391s] Level 1:colcon.colcon_core.environment:checking '/home/upo/Documents/TFG/TFG/ros2_ws/src/install/interfaces/lib/pkgconfig/interfaces.pc'
[1.392s] Level 1:colcon.colcon_core.environment:checking '/home/upo/Documents/TFG/TFG/ros2_ws/src/install/interfaces/lib/python3.12/site-packages'
[1.392s] Level 1:colcon.colcon_core.shell:create_environment_hook('interfaces', 'pythonpath')
[1.392s] INFO:colcon.colcon_core.shell:Creating environment hook '/home/upo/Documents/TFG/TFG/ros2_ws/src/install/interfaces/share/interfaces/hook/pythonpath.ps1'
[1.392s] INFO:colcon.colcon_core.shell:Creating environment descriptor '/home/upo/Documents/TFG/TFG/ros2_ws/src/install/interfaces/share/interfaces/hook/pythonpath.dsv'
[1.393s] INFO:colcon.colcon_core.shell:Creating environment hook '/home/upo/Documents/TFG/TFG/ros2_ws/src/install/interfaces/share/interfaces/hook/pythonpath.sh'
[1.393s] Level 1:colcon.colcon_core.environment:checking '/home/upo/Documents/TFG/TFG/ros2_ws/src/install/interfaces/bin'
[1.394s] INFO:colcon.colcon_core.shell:Creating package script '/home/upo/Documents/TFG/TFG/ros2_ws/src/install/interfaces/share/interfaces/package.ps1'
[1.395s] INFO:colcon.colcon_core.shell:Creating package descriptor '/home/upo/Documents/TFG/TFG/ros2_ws/src/install/interfaces/share/interfaces/package.dsv'
[1.395s] INFO:colcon.colcon_core.shell:Creating package script '/home/upo/Documents/TFG/TFG/ros2_ws/src/install/interfaces/share/interfaces/package.sh'
[1.396s] INFO:colcon.colcon_core.shell:Creating package script '/home/upo/Documents/TFG/TFG/ros2_ws/src/install/interfaces/share/interfaces/package.bash'
[1.397s] INFO:colcon.colcon_core.shell:Creating package script '/home/upo/Documents/TFG/TFG/ros2_ws/src/install/interfaces/share/interfaces/package.zsh'
[1.397s] Level 1:colcon.colcon_core.environment:create_file_with_runtime_dependencies(/home/upo/Documents/TFG/TFG/ros2_ws/src/install/interfaces/share/colcon-core/packages/interfaces)
[1.398s] Level 1:colcon.colcon_core.environment:create_environment_scripts_only(interfaces)
[1.399s] Level 1:colcon.colcon_core.environment:checking '/home/upo/Documents/TFG/TFG/ros2_ws/src/install/interfaces' for CMake module files
[1.400s] Level 1:colcon.colcon_core.environment:checking '/home/upo/Documents/TFG/TFG/ros2_ws/src/install/interfaces' for CMake config files
[1.401s] Level 1:colcon.colcon_core.shell:create_environment_hook('interfaces', 'cmake_prefix_path')
[1.402s] INFO:colcon.colcon_core.shell:Creating environment hook '/home/upo/Documents/TFG/TFG/ros2_ws/src/install/interfaces/share/interfaces/hook/cmake_prefix_path.ps1'
[1.403s] INFO:colcon.colcon_core.shell:Creating environment descriptor '/home/upo/Documents/TFG/TFG/ros2_ws/src/install/interfaces/share/interfaces/hook/cmake_prefix_path.dsv'
[1.403s] INFO:colcon.colcon_core.shell:Creating environment hook '/home/upo/Documents/TFG/TFG/ros2_ws/src/install/interfaces/share/interfaces/hook/cmake_prefix_path.sh'
[1.404s] Level 1:colcon.colcon_core.environment:checking '/home/upo/Documents/TFG/TFG/ros2_ws/src/install/interfaces/lib'
[1.404s] Level 1:colcon.colcon_core.shell:create_environment_hook('interfaces', 'ld_library_path_lib')
[1.405s] INFO:colcon.colcon_core.shell:Creating environment hook '/home/upo/Documents/TFG/TFG/ros2_ws/src/install/interfaces/share/interfaces/hook/ld_library_path_lib.ps1'
[1.405s] INFO:colcon.colcon_core.shell:Creating environment descriptor '/home/upo/Documents/TFG/TFG/ros2_ws/src/install/interfaces/share/interfaces/hook/ld_library_path_lib.dsv'
[1.406s] INFO:colcon.colcon_core.shell:Creating environment hook '/home/upo/Documents/TFG/TFG/ros2_ws/src/install/interfaces/share/interfaces/hook/ld_library_path_lib.sh'
[1.406s] Level 1:colcon.colcon_core.environment:checking '/home/upo/Documents/TFG/TFG/ros2_ws/src/install/interfaces/bin'
[1.407s] Level 1:colcon.colcon_core.environment:checking '/home/upo/Documents/TFG/TFG/ros2_ws/src/install/interfaces/lib/pkgconfig/interfaces.pc'
[1.407s] Level 1:colcon.colcon_core.environment:checking '/home/upo/Documents/TFG/TFG/ros2_ws/src/install/interfaces/lib/python3.12/site-packages'
[1.407s] Level 1:colcon.colcon_core.shell:create_environment_hook('interfaces', 'pythonpath')
[1.408s] INFO:colcon.colcon_core.shell:Creating environment hook '/home/upo/Documents/TFG/TFG/ros2_ws/src/install/interfaces/share/interfaces/hook/pythonpath.ps1'
[1.409s] INFO:colcon.colcon_core.shell:Creating environment descriptor '/home/upo/Documents/TFG/TFG/ros2_ws/src/install/interfaces/share/interfaces/hook/pythonpath.dsv'
[1.409s] INFO:colcon.colcon_core.shell:Creating environment hook '/home/upo/Documents/TFG/TFG/ros2_ws/src/install/interfaces/share/interfaces/hook/pythonpath.sh'
[1.410s] Level 1:colcon.colcon_core.environment:checking '/home/upo/Documents/TFG/TFG/ros2_ws/src/install/interfaces/bin'
[1.411s] INFO:colcon.colcon_core.shell:Creating package script '/home/upo/Documents/TFG/TFG/ros2_ws/src/install/interfaces/share/interfaces/package.ps1'
[1.412s] INFO:colcon.colcon_core.shell:Creating package descriptor '/home/upo/Documents/TFG/TFG/ros2_ws/src/install/interfaces/share/interfaces/package.dsv'
[1.413s] INFO:colcon.colcon_core.shell:Creating package script '/home/upo/Documents/TFG/TFG/ros2_ws/src/install/interfaces/share/interfaces/package.sh'
[1.413s] INFO:colcon.colcon_core.shell:Creating package script '/home/upo/Documents/TFG/TFG/ros2_ws/src/install/interfaces/share/interfaces/package.bash'
[1.414s] INFO:colcon.colcon_core.shell:Creating package script '/home/upo/Documents/TFG/TFG/ros2_ws/src/install/interfaces/share/interfaces/package.zsh'
[1.414s] Level 1:colcon.colcon_core.environment:create_file_with_runtime_dependencies(/home/upo/Documents/TFG/TFG/ros2_ws/src/install/interfaces/share/colcon-core/packages/interfaces)
[1.415s] INFO:colcon.colcon_ros.task.ament_python.build:Building ROS package in '/home/upo/Documents/TFG/TFG/ros2_ws/src/VLMProcessing' with build type 'ament_python'
[1.415s] Level 1:colcon.colcon_core.shell:create_environment_hook('VLMProcessing', 'ament_prefix_path')
[1.415s] INFO:colcon.colcon_core.shell:Creating environment hook '/home/upo/Documents/TFG/TFG/ros2_ws/src/install/VLMProcessing/share/VLMProcessing/hook/ament_prefix_path.ps1'
[1.416s] INFO:colcon.colcon_core.shell:Creating environment descriptor '/home/upo/Documents/TFG/TFG/ros2_ws/src/install/VLMProcessing/share/VLMProcessing/hook/ament_prefix_path.dsv'
[1.417s] INFO:colcon.colcon_core.shell:Creating environment hook '/home/upo/Documents/TFG/TFG/ros2_ws/src/install/VLMProcessing/share/VLMProcessing/hook/ament_prefix_path.sh'
[1.418s] INFO:colcon.colcon_core.shell:Skip shell extension 'powershell' for command environment: Not usable outside of PowerShell
[1.418s] DEBUG:colcon.colcon_core.shell:Skip shell extension 'dsv' for command environment
[1.426s] INFO:colcon.colcon_ros.task.ament_python.build:Building ROS package in '/home/upo/Documents/TFG/TFG/ros2_ws/src/robotCommunication' with build type 'ament_python'
[1.426s] Level 1:colcon.colcon_core.shell:create_environment_hook('robotCommunication', 'ament_prefix_path')
[1.427s] INFO:colcon.colcon_core.shell:Creating environment hook '/home/upo/Documents/TFG/TFG/ros2_ws/src/install/robotCommunication/share/robotCommunication/hook/ament_prefix_path.ps1'
[1.429s] INFO:colcon.colcon_core.shell:Creating environment descriptor '/home/upo/Documents/TFG/TFG/ros2_ws/src/install/robotCommunication/share/robotCommunication/hook/ament_prefix_path.dsv'
[1.429s] INFO:colcon.colcon_core.shell:Creating environment hook '/home/upo/Documents/TFG/TFG/ros2_ws/src/install/robotCommunication/share/robotCommunication/hook/ament_prefix_path.sh'
[1.430s] INFO:colcon.colcon_core.shell:Skip shell extension 'powershell' for command environment: Not usable outside of PowerShell
[1.430s] DEBUG:colcon.colcon_core.shell:Skip shell extension 'dsv' for command environment
[1.438s] INFO:colcon.colcon_ros.task.ament_python.build:Building ROS package in '/home/upo/Documents/TFG/TFG/ros2_ws/src/robotMovement' with build type 'ament_python'
[1.439s] Level 1:colcon.colcon_core.shell:create_environment_hook('robotMovement', 'ament_prefix_path')
[1.439s] INFO:colcon.colcon_core.shell:Creating environment hook '/home/upo/Documents/TFG/TFG/ros2_ws/src/install/robotMovement/share/robotMovement/hook/ament_prefix_path.ps1'
[1.441s] INFO:colcon.colcon_core.shell:Creating environment descriptor '/home/upo/Documents/TFG/TFG/ros2_ws/src/install/robotMovement/share/robotMovement/hook/ament_prefix_path.dsv'
[1.441s] INFO:colcon.colcon_core.shell:Creating environment hook '/home/upo/Documents/TFG/TFG/ros2_ws/src/install/robotMovement/share/robotMovement/hook/ament_prefix_path.sh'
[1.442s] INFO:colcon.colcon_core.shell:Skip shell extension 'powershell' for command environment: Not usable outside of PowerShell
[1.442s] DEBUG:colcon.colcon_core.shell:Skip shell extension 'dsv' for command environment
[1.816s] INFO:colcon.colcon_core.task.python.build:Building Python package in '/home/upo/Documents/TFG/TFG/ros2_ws/src/VLMProcessing'
[1.816s] INFO:colcon.colcon_core.shell:Skip shell extension 'powershell' for command environment: Not usable outside of PowerShell
[1.817s] DEBUG:colcon.colcon_core.shell:Skip shell extension 'dsv' for command environment
[2.179s] INFO:colcon.colcon_core.task.python.build:Building Python package in '/home/upo/Documents/TFG/TFG/ros2_ws/src/robotCommunication'
[2.179s] INFO:colcon.colcon_core.shell:Skip shell extension 'powershell' for command environment: Not usable outside of PowerShell
[2.179s] DEBUG:colcon.colcon_core.shell:Skip shell extension 'dsv' for command environment
[2.494s] INFO:colcon.colcon_core.task.python.build:Building Python package in '/home/upo/Documents/TFG/TFG/ros2_ws/src/robotMovement'
[2.494s] INFO:colcon.colcon_core.shell:Skip shell extension 'powershell' for command environment: Not usable outside of PowerShell
[2.494s] DEBUG:colcon.colcon_core.shell:Skip shell extension 'dsv' for command environment
[2.502s] DEBUG:colcon.colcon_core.task.python.build:Available setuptools commands: build_py, check, bdist_rpm, build_scripts, build, extract_messages, dist_info, build_clib, saveopts, setopt, install_egg_info, sdist, egg_info, symlink_data, upload_docs, install_data, register, bdist_egg, easy_install, install_scripts, install, editable_wheel, upload, clean, build_ext, test, develop, bdist_dumb, compile_catalog, bdist_wheel, install_lib, rotate, bdist, update_catalog, install_headers, alias, init_catalog
[2.503s] DEBUG:colcon.colcon_core.task.python.build:Available setuptools commands: build_py, check, bdist_rpm, build_scripts, build, extract_messages, dist_info, build_clib, saveopts, setopt, install_egg_info, sdist, egg_info, symlink_data, upload_docs, install_data, register, bdist_egg, easy_install, install_scripts, install, editable_wheel, upload, clean, build_ext, test, develop, bdist_dumb, compile_catalog, bdist_wheel, install_lib, rotate, bdist, update_catalog, install_headers, alias, init_catalog
[3.119s] DEBUG:colcon.colcon_core.task.python.build:Available setuptools 'develop' options: --exclude-scripts, --help, --quiet, --upgrade, --zip-ok, --verbose, --record, --site-dirs, --uninstall, --no-user-cfg, --prefix, --force-installation-into-system-dir, --user, --allow-hosts, --version, --always-copy, --egg-path, --local-snapshots-ok, --optimize, --install-dir, --build-directory, --find-links, --editable, --always-unzip, --dry-run, --no-deps, --install-layout, --index-url, --script-dir, --multi-version, --no-find-links
[3.126s] DEBUG:colcon.colcon_core.task.python.build:While undoing a previous installation files outside the Python library path are being ignored: /home/upo/Documents/TFG/TFG/ros2_ws/src/install/robotWebSocket/share/ament_index/resource_index/packages/robotWebSocket
[3.126s] DEBUG:colcon.colcon_core.task.python.build:While undoing a previous installation files outside the Python library path are being ignored: /home/upo/Documents/TFG/TFG/ros2_ws/src/install/robotWebSocket/share/robotWebSocket/package.xml
[3.127s] DEBUG:colcon.colcon_core.task.python.build:While undoing a previous installation files outside the Python library path are being ignored: /home/upo/Documents/TFG/TFG/ros2_ws/src/install/robotWebSocket/lib/robotWebSocket/robotWebSocket
[3.130s] DEBUG:colcon.colcon_core.event_handler.log_command:Invoking command in '/home/upo/Documents/TFG/TFG/ros2_ws/src/build/robotWebSocket': DEBUGINFOD_URLS=https://debuginfod.ubuntu.com PYTHONPATH=/home/upo/Documents/TFG/TFG/ros2_ws/src/build/robotWebSocket/prefix_override:/usr/lib/python3/dist-packages/colcon_core/task/python/colcon_distutils_commands:/home/upo/Documents/TFG/TFG/ros2_ws/src/install/robotWebSocket/lib/python3.12/site-packages:${PYTHONPATH} /usr/bin/python3 -W ignore:setup.py install is deprecated -W ignore:easy_install command is deprecated setup.py develop --editable --build-directory /home/upo/Documents/TFG/TFG/ros2_ws/src/build/robotWebSocket/build --no-deps symlink_data --force
[3.131s] DEBUG:colcon.colcon_core.task.python.build:Available setuptools 'develop' options: --exclude-scripts, --help, --quiet, --upgrade, --zip-ok, --verbose, --record, --site-dirs, --uninstall, --no-user-cfg, --prefix, --force-installation-into-system-dir, --user, --allow-hosts, --version, --always-copy, --egg-path, --local-snapshots-ok, --optimize, --install-dir, --build-directory, --find-links, --editable, --always-unzip, --dry-run, --no-deps, --install-layout, --index-url, --script-dir, --multi-version, --no-find-links
[3.134s] DEBUG:colcon.colcon_core.event_handler.log_command:Invoking command in '/home/upo/Documents/TFG/TFG/ros2_ws/src/build/userCommunication': DEBUGINFOD_URLS=https://debuginfod.ubuntu.com PYTHONPATH=/home/upo/Documents/TFG/TFG/ros2_ws/src/build/userCommunication/prefix_override:/usr/lib/python3/dist-packages/colcon_core/task/python/colcon_distutils_commands:/home/upo/Documents/TFG/TFG/ros2_ws/src/install/userCommunication/lib/python3.12/site-packages:${PYTHONPATH} /usr/bin/python3 -W ignore:setup.py install is deprecated -W ignore:easy_install command is deprecated setup.py develop --editable --build-directory /home/upo/Documents/TFG/TFG/ros2_ws/src/build/userCommunication/build --no-deps symlink_data
[3.583s] DEBUG:colcon.colcon_core.task.python.build:Available setuptools commands: build_py, check, bdist_rpm, build_scripts, build, extract_messages, dist_info, build_clib, saveopts, setopt, install_egg_info, sdist, egg_info, symlink_data, upload_docs, install_data, register, bdist_egg, easy_install, install_scripts, install, editable_wheel, upload, clean, build_ext, test, develop, bdist_dumb, compile_catalog, bdist_wheel, install_lib, rotate, bdist, update_catalog, install_headers, alias, init_catalog
[3.592s] DEBUG:colcon.colcon_core.task.python.build:Available setuptools commands: build_py, check, bdist_rpm, build_scripts, build, extract_messages, dist_info, build_clib, saveopts, setopt, install_egg_info, sdist, egg_info, symlink_data, upload_docs, install_data, register, bdist_egg, easy_install, install_scripts, install, editable_wheel, upload, clean, build_ext, test, develop, bdist_dumb, compile_catalog, bdist_wheel, install_lib, rotate, bdist, update_catalog, install_headers, alias, init_catalog
[3.597s] DEBUG:colcon.colcon_core.task.python.build:Available setuptools commands: build_py, check, bdist_rpm, build_scripts, build, extract_messages, dist_info, build_clib, saveopts, setopt, install_egg_info, sdist, egg_info, symlink_data, upload_docs, install_data, register, bdist_egg, easy_install, install_scripts, install, editable_wheel, upload, clean, build_ext, test, develop, bdist_dumb, compile_catalog, bdist_wheel, install_lib, rotate, bdist, update_catalog, install_headers, alias, init_catalog
[4.208s] DEBUG:colcon.colcon_core.task.python.build:Available setuptools 'develop' options: --exclude-scripts, --help, --quiet, --upgrade, --zip-ok, --verbose, --record, --site-dirs, --uninstall, --no-user-cfg, --prefix, --force-installation-into-system-dir, --user, --allow-hosts, --version, --always-copy, --egg-path, --local-snapshots-ok, --optimize, --install-dir, --build-directory, --find-links, --editable, --always-unzip, --dry-run, --no-deps, --install-layout, --index-url, --script-dir, --multi-version, --no-find-links
[4.211s] DEBUG:colcon.colcon_core.event_handler.log_command:Invoking command in '/home/upo/Documents/TFG/TFG/ros2_ws/src/build/robotCommunication': AMENT_PREFIX_PATH=/home/upo/Documents/TFG/TFG/ros2_ws/src/install/interfaces:${AMENT_PREFIX_PATH} CMAKE_PREFIX_PATH=/home/upo/Documents/TFG/TFG/ros2_ws/src/install/interfaces:${CMAKE_PREFIX_PATH} DEBUGINFOD_URLS=https://debuginfod.ubuntu.com LD_LIBRARY_PATH=/home/upo/Documents/TFG/TFG/ros2_ws/src/install/interfaces/lib:${LD_LIBRARY_PATH} PYTHONPATH=/home/upo/Documents/TFG/TFG/ros2_ws/src/build/robotCommunication/prefix_override:/usr/lib/python3/dist-packages/colcon_core/task/python/colcon_distutils_commands:/home/upo/Documents/TFG/TFG/ros2_ws/src/install/robotCommunication/lib/python3.12/site-packages:/home/upo/Documents/TFG/TFG/ros2_ws/src/install/interfaces/lib/python3.12/site-packages:${PYTHONPATH} /usr/bin/python3 -W ignore:setup.py install is deprecated -W ignore:easy_install command is deprecated setup.py develop --editable --build-directory /home/upo/Documents/TFG/TFG/ros2_ws/src/build/robotCommunication/build --no-deps symlink_data
[4.263s] DEBUG:colcon.colcon_core.task.python.build:Available setuptools 'develop' options: --exclude-scripts, --help, --quiet, --upgrade, --zip-ok, --verbose, --record, --site-dirs, --uninstall, --no-user-cfg, --prefix, --force-installation-into-system-dir, --user, --allow-hosts, --version, --always-copy, --egg-path, --local-snapshots-ok, --optimize, --install-dir, --build-directory, --find-links, --editable, --always-unzip, --dry-run, --no-deps, --install-layout, --index-url, --script-dir, --multi-version, --no-find-links
[4.267s] DEBUG:colcon.colcon_core.event_handler.log_command:Invoking command in '/home/upo/Documents/TFG/TFG/ros2_ws/src/build/VLMProcessing': AMENT_PREFIX_PATH=/home/upo/Documents/TFG/TFG/ros2_ws/src/install/interfaces:${AMENT_PREFIX_PATH} CMAKE_PREFIX_PATH=/home/upo/Documents/TFG/TFG/ros2_ws/src/install/interfaces:${CMAKE_PREFIX_PATH} DEBUGINFOD_URLS=https://debuginfod.ubuntu.com LD_LIBRARY_PATH=/home/upo/Documents/TFG/TFG/ros2_ws/src/install/interfaces/lib:${LD_LIBRARY_PATH} PYTHONPATH=/home/upo/Documents/TFG/TFG/ros2_ws/src/build/VLMProcessing/prefix_override:/usr/lib/python3/dist-packages/colcon_core/task/python/colcon_distutils_commands:/home/upo/Documents/TFG/TFG/ros2_ws/src/install/VLMProcessing/lib/python3.12/site-packages:/home/upo/Documents/TFG/TFG/ros2_ws/src/install/interfaces/lib/python3.12/site-packages:${PYTHONPATH} /usr/bin/python3 -W ignore:setup.py install is deprecated -W ignore:easy_install command is deprecated setup.py develop --editable --build-directory /home/upo/Documents/TFG/TFG/ros2_ws/src/build/VLMProcessing/build --no-deps symlink_data
[4.268s] DEBUG:colcon.colcon_core.task.python.build:Available setuptools 'develop' options: --exclude-scripts, --help, --quiet, --upgrade, --zip-ok, --verbose, --record, --site-dirs, --uninstall, --no-user-cfg, --prefix, --force-installation-into-system-dir, --user, --allow-hosts, --version, --always-copy, --egg-path, --local-snapshots-ok, --optimize, --install-dir, --build-directory, --find-links, --editable, --always-unzip, --dry-run, --no-deps, --install-layout, --index-url, --script-dir, --multi-version, --no-find-links
[4.271s] DEBUG:colcon.colcon_core.event_handler.log_command:Invoking command in '/home/upo/Documents/TFG/TFG/ros2_ws/src/build/robotMovement': AMENT_PREFIX_PATH=/home/upo/Documents/TFG/TFG/ros2_ws/src/install/interfaces:${AMENT_PREFIX_PATH} CMAKE_PREFIX_PATH=/home/upo/Documents/TFG/TFG/ros2_ws/src/install/interfaces:${CMAKE_PREFIX_PATH} DEBUGINFOD_URLS=https://debuginfod.ubuntu.com LD_LIBRARY_PATH=/home/upo/Documents/TFG/TFG/ros2_ws/src/install/interfaces/lib:${LD_LIBRARY_PATH} PYTHONPATH=/home/upo/Documents/TFG/TFG/ros2_ws/src/build/robotMovement/prefix_override:/usr/lib/python3/dist-packages/colcon_core/task/python/colcon_distutils_commands:/home/upo/Documents/TFG/TFG/ros2_ws/src/install/robotMovement/lib/python3.12/site-packages:/home/upo/Documents/TFG/TFG/ros2_ws/src/install/interfaces/lib/python3.12/site-packages:${PYTHONPATH} /usr/bin/python3 -W ignore:setup.py install is deprecated -W ignore:easy_install command is deprecated setup.py develop --editable --build-directory /home/upo/Documents/TFG/TFG/ros2_ws/src/build/robotMovement/build --no-deps symlink_data
[4.289s] Level 1:colcon.colcon_core.shell:create_environment_hook('userCommunication', 'pythonpath_develop')
[4.290s] INFO:colcon.colcon_core.shell:Creating environment hook '/home/upo/Documents/TFG/TFG/ros2_ws/src/build/userCommunication/share/userCommunication/hook/pythonpath_develop.ps1'
[4.290s] DEBUG:colcon.colcon_core.event_handler.log_command:Invoked command in '/home/upo/Documents/TFG/TFG/ros2_ws/src/build/userCommunication' returned '0': DEBUGINFOD_URLS=https://debuginfod.ubuntu.com PYTHONPATH=/home/upo/Documents/TFG/TFG/ros2_ws/src/build/userCommunication/prefix_override:/usr/lib/python3/dist-packages/colcon_core/task/python/colcon_distutils_commands:/home/upo/Documents/TFG/TFG/ros2_ws/src/install/userCommunication/lib/python3.12/site-packages:${PYTHONPATH} /usr/bin/python3 -W ignore:setup.py install is deprecated -W ignore:easy_install command is deprecated setup.py develop --editable --build-directory /home/upo/Documents/TFG/TFG/ros2_ws/src/build/userCommunication/build --no-deps symlink_data
[4.293s] INFO:colcon.colcon_core.shell:Creating environment descriptor '/home/upo/Documents/TFG/TFG/ros2_ws/src/build/userCommunication/share/userCommunication/hook/pythonpath_develop.dsv'
[4.294s] INFO:colcon.colcon_core.shell:Creating environment hook '/home/upo/Documents/TFG/TFG/ros2_ws/src/build/userCommunication/share/userCommunication/hook/pythonpath_develop.sh'
[4.294s] Level 1:colcon.colcon_core.environment:checking '/home/upo/Documents/TFG/TFG/ros2_ws/src/install/userCommunication' for CMake module files
[4.295s] Level 1:colcon.colcon_core.environment:checking '/home/upo/Documents/TFG/TFG/ros2_ws/src/install/userCommunication' for CMake config files
[4.296s] Level 1:colcon.colcon_core.environment:checking '/home/upo/Documents/TFG/TFG/ros2_ws/src/install/userCommunication/lib'
[4.296s] Level 1:colcon.colcon_core.environment:checking '/home/upo/Documents/TFG/TFG/ros2_ws/src/install/userCommunication/bin'
[4.296s] Level 1:colcon.colcon_core.environment:checking '/home/upo/Documents/TFG/TFG/ros2_ws/src/install/userCommunication/lib/pkgconfig/userCommunication.pc'
[4.296s] Level 1:colcon.colcon_core.environment:checking '/home/upo/Documents/TFG/TFG/ros2_ws/src/install/userCommunication/lib/python3.12/site-packages'
[4.296s] Level 1:colcon.colcon_core.shell:create_environment_hook('userCommunication', 'pythonpath')
[4.297s] INFO:colcon.colcon_core.shell:Creating environment hook '/home/upo/Documents/TFG/TFG/ros2_ws/src/install/userCommunication/share/userCommunication/hook/pythonpath.ps1'
[4.297s] INFO:colcon.colcon_core.shell:Creating environment descriptor '/home/upo/Documents/TFG/TFG/ros2_ws/src/install/userCommunication/share/userCommunication/hook/pythonpath.dsv'
[4.298s] INFO:colcon.colcon_core.shell:Creating environment hook '/home/upo/Documents/TFG/TFG/ros2_ws/src/install/userCommunication/share/userCommunication/hook/pythonpath.sh'
[4.299s] Level 1:colcon.colcon_core.environment:checking '/home/upo/Documents/TFG/TFG/ros2_ws/src/install/userCommunication/bin'
[4.299s] Level 1:colcon.colcon_core.environment:create_environment_scripts_only(userCommunication)
[4.300s] INFO:colcon.colcon_core.shell:Creating package script '/home/upo/Documents/TFG/TFG/ros2_ws/src/install/userCommunication/share/userCommunication/package.ps1'
[4.301s] INFO:colcon.colcon_core.shell:Creating package descriptor '/home/upo/Documents/TFG/TFG/ros2_ws/src/install/userCommunication/share/userCommunication/package.dsv'
[4.301s] INFO:colcon.colcon_core.shell:Creating package script '/home/upo/Documents/TFG/TFG/ros2_ws/src/install/userCommunication/share/userCommunication/package.sh'
[4.302s] INFO:colcon.colcon_core.shell:Creating package script '/home/upo/Documents/TFG/TFG/ros2_ws/src/install/userCommunication/share/userCommunication/package.bash'
[4.302s] INFO:colcon.colcon_core.shell:Creating package script '/home/upo/Documents/TFG/TFG/ros2_ws/src/install/userCommunication/share/userCommunication/package.zsh'
[4.302s] Level 1:colcon.colcon_core.environment:create_file_with_runtime_dependencies(/home/upo/Documents/TFG/TFG/ros2_ws/src/install/userCommunication/share/colcon-core/packages/userCommunication)
[4.304s] Level 1:colcon.colcon_core.shell:create_environment_hook('robotWebSocket', 'pythonpath_develop')
[4.305s] INFO:colcon.colcon_core.shell:Creating environment hook '/home/upo/Documents/TFG/TFG/ros2_ws/src/build/robotWebSocket/share/robotWebSocket/hook/pythonpath_develop.ps1'
[4.307s] INFO:colcon.colcon_core.shell:Creating environment descriptor '/home/upo/Documents/TFG/TFG/ros2_ws/src/build/robotWebSocket/share/robotWebSocket/hook/pythonpath_develop.dsv'
[4.307s] DEBUG:colcon.colcon_core.event_handler.log_command:Invoked command in '/home/upo/Documents/TFG/TFG/ros2_ws/src/build/robotWebSocket' returned '0': DEBUGINFOD_URLS=https://debuginfod.ubuntu.com PYTHONPATH=/home/upo/Documents/TFG/TFG/ros2_ws/src/build/robotWebSocket/prefix_override:/usr/lib/python3/dist-packages/colcon_core/task/python/colcon_distutils_commands:/home/upo/Documents/TFG/TFG/ros2_ws/src/install/robotWebSocket/lib/python3.12/site-packages:${PYTHONPATH} /usr/bin/python3 -W ignore:setup.py install is deprecated -W ignore:easy_install command is deprecated setup.py develop --editable --build-directory /home/upo/Documents/TFG/TFG/ros2_ws/src/build/robotWebSocket/build --no-deps symlink_data --force
[4.308s] INFO:colcon.colcon_core.shell:Creating environment hook '/home/upo/Documents/TFG/TFG/ros2_ws/src/build/robotWebSocket/share/robotWebSocket/hook/pythonpath_develop.sh'
[4.309s] Level 1:colcon.colcon_core.environment:checking '/home/upo/Documents/TFG/TFG/ros2_ws/src/install/robotWebSocket' for CMake module files
[4.310s] Level 1:colcon.colcon_core.environment:checking '/home/upo/Documents/TFG/TFG/ros2_ws/src/install/robotWebSocket' for CMake config files
[4.312s] Level 1:colcon.colcon_core.environment:checking '/home/upo/Documents/TFG/TFG/ros2_ws/src/install/robotWebSocket/lib'
[4.312s] Level 1:colcon.colcon_core.environment:checking '/home/upo/Documents/TFG/TFG/ros2_ws/src/install/robotWebSocket/bin'
[4.312s] Level 1:colcon.colcon_core.environment:checking '/home/upo/Documents/TFG/TFG/ros2_ws/src/install/robotWebSocket/lib/pkgconfig/robotWebSocket.pc'
[4.312s] Level 1:colcon.colcon_core.environment:checking '/home/upo/Documents/TFG/TFG/ros2_ws/src/install/robotWebSocket/lib/python3.12/site-packages'
[4.312s] Level 1:colcon.colcon_core.shell:create_environment_hook('robotWebSocket', 'pythonpath')
[4.313s] INFO:colcon.colcon_core.shell:Creating environment hook '/home/upo/Documents/TFG/TFG/ros2_ws/src/install/robotWebSocket/share/robotWebSocket/hook/pythonpath.ps1'
[4.313s] INFO:colcon.colcon_core.shell:Creating environment descriptor '/home/upo/Documents/TFG/TFG/ros2_ws/src/install/robotWebSocket/share/robotWebSocket/hook/pythonpath.dsv'
[4.313s] INFO:colcon.colcon_core.shell:Creating environment hook '/home/upo/Documents/TFG/TFG/ros2_ws/src/install/robotWebSocket/share/robotWebSocket/hook/pythonpath.sh'
[4.314s] Level 1:colcon.colcon_core.environment:checking '/home/upo/Documents/TFG/TFG/ros2_ws/src/install/robotWebSocket/bin'
[4.314s] Level 1:colcon.colcon_core.environment:create_environment_scripts_only(robotWebSocket)
[4.315s] INFO:colcon.colcon_core.shell:Creating package script '/home/upo/Documents/TFG/TFG/ros2_ws/src/install/robotWebSocket/share/robotWebSocket/package.ps1'
[4.315s] INFO:colcon.colcon_core.shell:Creating package descriptor '/home/upo/Documents/TFG/TFG/ros2_ws/src/install/robotWebSocket/share/robotWebSocket/package.dsv'
[4.316s] INFO:colcon.colcon_core.shell:Creating package script '/home/upo/Documents/TFG/TFG/ros2_ws/src/install/robotWebSocket/share/robotWebSocket/package.sh'
[4.317s] INFO:colcon.colcon_core.shell:Creating package script '/home/upo/Documents/TFG/TFG/ros2_ws/src/install/robotWebSocket/share/robotWebSocket/package.bash'
[4.317s] INFO:colcon.colcon_core.shell:Creating package script '/home/upo/Documents/TFG/TFG/ros2_ws/src/install/robotWebSocket/share/robotWebSocket/package.zsh'
[4.317s] Level 1:colcon.colcon_core.environment:create_file_with_runtime_dependencies(/home/upo/Documents/TFG/TFG/ros2_ws/src/install/robotWebSocket/share/colcon-core/packages/robotWebSocket)
[5.224s] Level 1:colcon.colcon_core.shell:create_environment_hook('robotCommunication', 'pythonpath_develop')
[5.225s] INFO:colcon.colcon_core.shell:Creating environment hook '/home/upo/Documents/TFG/TFG/ros2_ws/src/build/robotCommunication/share/robotCommunication/hook/pythonpath_develop.ps1'
[5.226s] DEBUG:colcon.colcon_core.event_handler.log_command:Invoked command in '/home/upo/Documents/TFG/TFG/ros2_ws/src/build/robotCommunication' returned '0': AMENT_PREFIX_PATH=/home/upo/Documents/TFG/TFG/ros2_ws/src/install/interfaces:${AMENT_PREFIX_PATH} CMAKE_PREFIX_PATH=/home/upo/Documents/TFG/TFG/ros2_ws/src/install/interfaces:${CMAKE_PREFIX_PATH} DEBUGINFOD_URLS=https://debuginfod.ubuntu.com LD_LIBRARY_PATH=/home/upo/Documents/TFG/TFG/ros2_ws/src/install/interfaces/lib:${LD_LIBRARY_PATH} PYTHONPATH=/home/upo/Documents/TFG/TFG/ros2_ws/src/build/robotCommunication/prefix_override:/usr/lib/python3/dist-packages/colcon_core/task/python/colcon_distutils_commands:/home/upo/Documents/TFG/TFG/ros2_ws/src/install/robotCommunication/lib/python3.12/site-packages:/home/upo/Documents/TFG/TFG/ros2_ws/src/install/interfaces/lib/python3.12/site-packages:${PYTHONPATH} /usr/bin/python3 -W ignore:setup.py install is deprecated -W ignore:easy_install command is deprecated setup.py develop --editable --build-directory /home/upo/Documents/TFG/TFG/ros2_ws/src/build/robotCommunication/build --no-deps symlink_data
[5.227s] INFO:colcon.colcon_core.shell:Creating environment descriptor '/home/upo/Documents/TFG/TFG/ros2_ws/src/build/robotCommunication/share/robotCommunication/hook/pythonpath_develop.dsv'
[5.228s] INFO:colcon.colcon_core.shell:Creating environment hook '/home/upo/Documents/TFG/TFG/ros2_ws/src/build/robotCommunication/share/robotCommunication/hook/pythonpath_develop.sh'
[5.230s] Level 1:colcon.colcon_core.environment:checking '/home/upo/Documents/TFG/TFG/ros2_ws/src/install/robotCommunication' for CMake module files
[5.231s] Level 1:colcon.colcon_core.environment:checking '/home/upo/Documents/TFG/TFG/ros2_ws/src/install/robotCommunication' for CMake config files
[5.232s] Level 1:colcon.colcon_core.environment:checking '/home/upo/Documents/TFG/TFG/ros2_ws/src/install/robotCommunication/lib'
[5.233s] Level 1:colcon.colcon_core.environment:checking '/home/upo/Documents/TFG/TFG/ros2_ws/src/install/robotCommunication/bin'
[5.233s] Level 1:colcon.colcon_core.environment:checking '/home/upo/Documents/TFG/TFG/ros2_ws/src/install/robotCommunication/lib/pkgconfig/robotCommunication.pc'
[5.233s] Level 1:colcon.colcon_core.environment:checking '/home/upo/Documents/TFG/TFG/ros2_ws/src/install/robotCommunication/lib/python3.12/site-packages'
[5.233s] Level 1:colcon.colcon_core.shell:create_environment_hook('robotCommunication', 'pythonpath')
[5.234s] INFO:colcon.colcon_core.shell:Creating environment hook '/home/upo/Documents/TFG/TFG/ros2_ws/src/install/robotCommunication/share/robotCommunication/hook/pythonpath.ps1'
[5.235s] INFO:colcon.colcon_core.shell:Creating environment descriptor '/home/upo/Documents/TFG/TFG/ros2_ws/src/install/robotCommunication/share/robotCommunication/hook/pythonpath.dsv'
[5.235s] INFO:colcon.colcon_core.shell:Creating environment hook '/home/upo/Documents/TFG/TFG/ros2_ws/src/install/robotCommunication/share/robotCommunication/hook/pythonpath.sh'
[5.236s] Level 1:colcon.colcon_core.environment:checking '/home/upo/Documents/TFG/TFG/ros2_ws/src/install/robotCommunication/bin'
[5.237s] Level 1:colcon.colcon_core.environment:create_environment_scripts_only(robotCommunication)
[5.237s] INFO:colcon.colcon_core.shell:Creating package script '/home/upo/Documents/TFG/TFG/ros2_ws/src/install/robotCommunication/share/robotCommunication/package.ps1'
[5.238s] INFO:colcon.colcon_core.shell:Creating package descriptor '/home/upo/Documents/TFG/TFG/ros2_ws/src/install/robotCommunication/share/robotCommunication/package.dsv'
[5.239s] INFO:colcon.colcon_core.shell:Creating package script '/home/upo/Documents/TFG/TFG/ros2_ws/src/install/robotCommunication/share/robotCommunication/package.sh'
[5.240s] INFO:colcon.colcon_core.shell:Creating package script '/home/upo/Documents/TFG/TFG/ros2_ws/src/install/robotCommunication/share/robotCommunication/package.bash'
[5.240s] INFO:colcon.colcon_core.shell:Creating package script '/home/upo/Documents/TFG/TFG/ros2_ws/src/install/robotCommunication/share/robotCommunication/package.zsh'
[5.240s] Level 1:colcon.colcon_core.environment:create_file_with_runtime_dependencies(/home/upo/Documents/TFG/TFG/ros2_ws/src/install/robotCommunication/share/colcon-core/packages/robotCommunication)
[5.277s] Level 1:colcon.colcon_core.shell:create_environment_hook('VLMProcessing', 'pythonpath_develop')
[5.277s] INFO:colcon.colcon_core.shell:Creating environment hook '/home/upo/Documents/TFG/TFG/ros2_ws/src/build/VLMProcessing/share/VLMProcessing/hook/pythonpath_develop.ps1'
[5.278s] DEBUG:colcon.colcon_core.event_handler.log_command:Invoked command in '/home/upo/Documents/TFG/TFG/ros2_ws/src/build/VLMProcessing' returned '0': AMENT_PREFIX_PATH=/home/upo/Documents/TFG/TFG/ros2_ws/src/install/interfaces:${AMENT_PREFIX_PATH} CMAKE_PREFIX_PATH=/home/upo/Documents/TFG/TFG/ros2_ws/src/install/interfaces:${CMAKE_PREFIX_PATH} DEBUGINFOD_URLS=https://debuginfod.ubuntu.com LD_LIBRARY_PATH=/home/upo/Documents/TFG/TFG/ros2_ws/src/install/interfaces/lib:${LD_LIBRARY_PATH} PYTHONPATH=/home/upo/Documents/TFG/TFG/ros2_ws/src/build/VLMProcessing/prefix_override:/usr/lib/python3/dist-packages/colcon_core/task/python/colcon_distutils_commands:/home/upo/Documents/TFG/TFG/ros2_ws/src/install/VLMProcessing/lib/python3.12/site-packages:/home/upo/Documents/TFG/TFG/ros2_ws/src/install/interfaces/lib/python3.12/site-packages:${PYTHONPATH} /usr/bin/python3 -W ignore:setup.py install is deprecated -W ignore:easy_install command is deprecated setup.py develop --editable --build-directory /home/upo/Documents/TFG/TFG/ros2_ws/src/build/VLMProcessing/build --no-deps symlink_data
[5.279s] INFO:colcon.colcon_core.shell:Creating environment descriptor '/home/upo/Documents/TFG/TFG/ros2_ws/src/build/VLMProcessing/share/VLMProcessing/hook/pythonpath_develop.dsv'
[5.279s] INFO:colcon.colcon_core.shell:Creating environment hook '/home/upo/Documents/TFG/TFG/ros2_ws/src/build/VLMProcessing/share/VLMProcessing/hook/pythonpath_develop.sh'
[5.280s] Level 1:colcon.colcon_core.environment:checking '/home/upo/Documents/TFG/TFG/ros2_ws/src/install/VLMProcessing' for CMake module files
[5.281s] Level 1:colcon.colcon_core.environment:checking '/home/upo/Documents/TFG/TFG/ros2_ws/src/install/VLMProcessing' for CMake config files
[5.281s] Level 1:colcon.colcon_core.environment:checking '/home/upo/Documents/TFG/TFG/ros2_ws/src/install/VLMProcessing/lib'
[5.281s] Level 1:colcon.colcon_core.environment:checking '/home/upo/Documents/TFG/TFG/ros2_ws/src/install/VLMProcessing/bin'
[5.282s] Level 1:colcon.colcon_core.environment:checking '/home/upo/Documents/TFG/TFG/ros2_ws/src/install/VLMProcessing/lib/pkgconfig/VLMProcessing.pc'
[5.282s] Level 1:colcon.colcon_core.environment:checking '/home/upo/Documents/TFG/TFG/ros2_ws/src/install/VLMProcessing/lib/python3.12/site-packages'
[5.282s] Level 1:colcon.colcon_core.shell:create_environment_hook('VLMProcessing', 'pythonpath')
[5.282s] INFO:colcon.colcon_core.shell:Creating environment hook '/home/upo/Documents/TFG/TFG/ros2_ws/src/install/VLMProcessing/share/VLMProcessing/hook/pythonpath.ps1'
[5.283s] INFO:colcon.colcon_core.shell:Creating environment descriptor '/home/upo/Documents/TFG/TFG/ros2_ws/src/install/VLMProcessing/share/VLMProcessing/hook/pythonpath.dsv'
[5.283s] INFO:colcon.colcon_core.shell:Creating environment hook '/home/upo/Documents/TFG/TFG/ros2_ws/src/install/VLMProcessing/share/VLMProcessing/hook/pythonpath.sh'
[5.284s] Level 1:colcon.colcon_core.environment:checking '/home/upo/Documents/TFG/TFG/ros2_ws/src/install/VLMProcessing/bin'
[5.284s] Level 1:colcon.colcon_core.environment:create_environment_scripts_only(VLMProcessing)
[5.284s] INFO:colcon.colcon_core.shell:Creating package script '/home/upo/Documents/TFG/TFG/ros2_ws/src/install/VLMProcessing/share/VLMProcessing/package.ps1'
[5.285s] INFO:colcon.colcon_core.shell:Creating package descriptor '/home/upo/Documents/TFG/TFG/ros2_ws/src/install/VLMProcessing/share/VLMProcessing/package.dsv'
[5.285s] INFO:colcon.colcon_core.shell:Creating package script '/home/upo/Documents/TFG/TFG/ros2_ws/src/install/VLMProcessing/share/VLMProcessing/package.sh'
[5.287s] INFO:colcon.colcon_core.shell:Creating package script '/home/upo/Documents/TFG/TFG/ros2_ws/src/install/VLMProcessing/share/VLMProcessing/package.bash'
[5.287s] INFO:colcon.colcon_core.shell:Creating package script '/home/upo/Documents/TFG/TFG/ros2_ws/src/install/VLMProcessing/share/VLMProcessing/package.zsh'
[5.288s] Level 1:colcon.colcon_core.environment:create_file_with_runtime_dependencies(/home/upo/Documents/TFG/TFG/ros2_ws/src/install/VLMProcessing/share/colcon-core/packages/VLMProcessing)
[5.330s] Level 1:colcon.colcon_core.shell:create_environment_hook('robotMovement', 'pythonpath_develop')
[5.331s] INFO:colcon.colcon_core.shell:Creating environment hook '/home/upo/Documents/TFG/TFG/ros2_ws/src/build/robotMovement/share/robotMovement/hook/pythonpath_develop.ps1'
[5.331s] DEBUG:colcon.colcon_core.event_handler.log_command:Invoked command in '/home/upo/Documents/TFG/TFG/ros2_ws/src/build/robotMovement' returned '0': AMENT_PREFIX_PATH=/home/upo/Documents/TFG/TFG/ros2_ws/src/install/interfaces:${AMENT_PREFIX_PATH} CMAKE_PREFIX_PATH=/home/upo/Documents/TFG/TFG/ros2_ws/src/install/interfaces:${CMAKE_PREFIX_PATH} DEBUGINFOD_URLS=https://debuginfod.ubuntu.com LD_LIBRARY_PATH=/home/upo/Documents/TFG/TFG/ros2_ws/src/install/interfaces/lib:${LD_LIBRARY_PATH} PYTHONPATH=/home/upo/Documents/TFG/TFG/ros2_ws/src/build/robotMovement/prefix_override:/usr/lib/python3/dist-packages/colcon_core/task/python/colcon_distutils_commands:/home/upo/Documents/TFG/TFG/ros2_ws/src/install/robotMovement/lib/python3.12/site-packages:/home/upo/Documents/TFG/TFG/ros2_ws/src/install/interfaces/lib/python3.12/site-packages:${PYTHONPATH} /usr/bin/python3 -W ignore:setup.py install is deprecated -W ignore:easy_install command is deprecated setup.py develop --editable --build-directory /home/upo/Documents/TFG/TFG/ros2_ws/src/build/robotMovement/build --no-deps symlink_data
[5.332s] INFO:colcon.colcon_core.shell:Creating environment descriptor '/home/upo/Documents/TFG/TFG/ros2_ws/src/build/robotMovement/share/robotMovement/hook/pythonpath_develop.dsv'
[5.333s] INFO:colcon.colcon_core.shell:Creating environment hook '/home/upo/Documents/TFG/TFG/ros2_ws/src/build/robotMovement/share/robotMovement/hook/pythonpath_develop.sh'
[5.333s] Level 1:colcon.colcon_core.environment:checking '/home/upo/Documents/TFG/TFG/ros2_ws/src/install/robotMovement' for CMake module files
[5.334s] Level 1:colcon.colcon_core.environment:checking '/home/upo/Documents/TFG/TFG/ros2_ws/src/install/robotMovement' for CMake config files
[5.335s] Level 1:colcon.colcon_core.environment:checking '/home/upo/Documents/TFG/TFG/ros2_ws/src/install/robotMovement/lib'
[5.335s] Level 1:colcon.colcon_core.environment:checking '/home/upo/Documents/TFG/TFG/ros2_ws/src/install/robotMovement/bin'
[5.335s] Level 1:colcon.colcon_core.environment:checking '/home/upo/Documents/TFG/TFG/ros2_ws/src/install/robotMovement/lib/pkgconfig/robotMovement.pc'
[5.335s] Level 1:colcon.colcon_core.environment:checking '/home/upo/Documents/TFG/TFG/ros2_ws/src/install/robotMovement/lib/python3.12/site-packages'
[5.335s] Level 1:colcon.colcon_core.shell:create_environment_hook('robotMovement', 'pythonpath')
[5.335s] INFO:colcon.colcon_core.shell:Creating environment hook '/home/upo/Documents/TFG/TFG/ros2_ws/src/install/robotMovement/share/robotMovement/hook/pythonpath.ps1'
[5.336s] INFO:colcon.colcon_core.shell:Creating environment descriptor '/home/upo/Documents/TFG/TFG/ros2_ws/src/install/robotMovement/share/robotMovement/hook/pythonpath.dsv'
[5.337s] INFO:colcon.colcon_core.shell:Creating environment hook '/home/upo/Documents/TFG/TFG/ros2_ws/src/install/robotMovement/share/robotMovement/hook/pythonpath.sh'
[5.338s] Level 1:colcon.colcon_core.environment:checking '/home/upo/Documents/TFG/TFG/ros2_ws/src/install/robotMovement/bin'
[5.338s] Level 1:colcon.colcon_core.environment:create_environment_scripts_only(robotMovement)
[5.338s] INFO:colcon.colcon_core.shell:Creating package script '/home/upo/Documents/TFG/TFG/ros2_ws/src/install/robotMovement/share/robotMovement/package.ps1'
[5.339s] INFO:colcon.colcon_core.shell:Creating package descriptor '/home/upo/Documents/TFG/TFG/ros2_ws/src/install/robotMovement/share/robotMovement/package.dsv'
[5.339s] INFO:colcon.colcon_core.shell:Creating package script '/home/upo/Documents/TFG/TFG/ros2_ws/src/install/robotMovement/share/robotMovement/package.sh'
[5.340s] INFO:colcon.colcon_core.shell:Creating package script '/home/upo/Documents/TFG/TFG/ros2_ws/src/install/robotMovement/share/robotMovement/package.bash'
[5.340s] INFO:colcon.colcon_core.shell:Creating package script '/home/upo/Documents/TFG/TFG/ros2_ws/src/install/robotMovement/share/robotMovement/package.zsh'
[5.341s] Level 1:colcon.colcon_core.environment:create_file_with_runtime_dependencies(/home/upo/Documents/TFG/TFG/ros2_ws/src/install/robotMovement/share/colcon-core/packages/robotMovement)
[5.341s] DEBUG:colcon.colcon_parallel_executor.executor.parallel:closing loop
[5.341s] DEBUG:colcon.colcon_parallel_executor.executor.parallel:loop closed
[5.341s] DEBUG:colcon.colcon_parallel_executor.executor.parallel:run_until_complete finished with '0'
[5.341s] DEBUG:colcon.colcon_core.event_reactor:joining thread
[5.352s] INFO:colcon.colcon_core.plugin_system:Skipping extension 'colcon_notification.desktop_notification.terminal_notifier': Not used on non-Darwin systems
[5.352s] INFO:colcon.colcon_core.plugin_system:Skipping extension 'colcon_notification.desktop_notification.win32': Not used on non-Windows systems
[5.352s] INFO:colcon.colcon_notification.desktop_notification:Sending desktop notification using 'notify2'
[5.372s] DEBUG:colcon.colcon_core.event_reactor:joined thread
[5.372s] INFO:colcon.colcon_core.shell:Creating prefix script '/home/upo/Documents/TFG/TFG/ros2_ws/src/install/local_setup.ps1'
[5.373s] INFO:colcon.colcon_core.shell:Creating prefix util module '/home/upo/Documents/TFG/TFG/ros2_ws/src/install/_local_setup_util_ps1.py'
[5.374s] INFO:colcon.colcon_core.shell:Creating prefix chain script '/home/upo/Documents/TFG/TFG/ros2_ws/src/install/setup.ps1'
[5.376s] INFO:colcon.colcon_core.shell:Creating prefix script '/home/upo/Documents/TFG/TFG/ros2_ws/src/install/local_setup.sh'
[5.377s] INFO:colcon.colcon_core.shell:Creating prefix util module '/home/upo/Documents/TFG/TFG/ros2_ws/src/install/_local_setup_util_sh.py'
[5.377s] INFO:colcon.colcon_core.shell:Creating prefix chain script '/home/upo/Documents/TFG/TFG/ros2_ws/src/install/setup.sh'
[5.380s] INFO:colcon.colcon_core.shell:Creating prefix script '/home/upo/Documents/TFG/TFG/ros2_ws/src/install/local_setup.bash'
[5.380s] INFO:colcon.colcon_core.shell:Creating prefix chain script '/home/upo/Documents/TFG/TFG/ros2_ws/src/install/setup.bash'
[5.383s] INFO:colcon.colcon_core.shell:Creating prefix script '/home/upo/Documents/TFG/TFG/ros2_ws/src/install/local_setup.zsh'
[5.383s] INFO:colcon.colcon_core.shell:Creating prefix chain script '/home/upo/Documents/TFG/TFG/ros2_ws/src/install/setup.zsh'
