[1.791s] Invoking command in '/home/upo/Documents/TFG/TFG/ros2_ws/src/build/robotWebSocket': DEBUGINFOD_URLS=https://debuginfod.ubuntu.com PYTHONPATH=/home/upo/Documents/TFG/TFG/ros2_ws/src/build/robotWebSocket/prefix_override:/usr/lib/python3/dist-packages/colcon_core/task/python/colcon_distutils_commands:/home/upo/Documents/TFG/TFG/ros2_ws/src/install/robotWebSocket/lib/python3.12/site-packages:${PYTHONPATH} /usr/bin/python3 -W ignore:setup.py install is deprecated -W ignore:easy_install command is deprecated setup.py develop --editable --build-directory /home/upo/Documents/TFG/TFG/ros2_ws/src/build/robotWebSocket/build --no-deps symlink_data
[2.233s] running develop
[2.506s] running egg_info
[2.506s] creating robotWebSocket.egg-info
[2.537s] writing robotWebSocket.egg-info/PKG-INFO
[2.537s] writing dependency_links to robotWebSocket.egg-info/dependency_links.txt
[2.537s] writing requirements to robotWebSocket.egg-info/requires.txt
[2.537s] writing top-level names to robotWebSocket.egg-info/top_level.txt
[2.537s] writing manifest file 'robotWebSocket.egg-info/SOURCES.txt'
[2.589s] reading manifest file 'robotWebSocket.egg-info/SOURCES.txt'
[2.589s] writing manifest file 'robotWebSocket.egg-info/SOURCES.txt'
[2.617s] running build_ext
[2.617s] Creating /home/upo/Documents/TFG/TFG/ros2_ws/src/install/robotWebSocket/lib/python3.12/site-packages/robotWebSocket.egg-link (link to .)
[2.618s] 
[2.618s] Installed /home/upo/Documents/TFG/TFG/ros2_ws/src/build/robotWebSocket
[2.618s] running symlink_data
[2.618s] creating /home/upo/Documents/TFG/TFG/ros2_ws/src/install/robotWebSocket/share/ament_index
[2.618s] creating /home/upo/Documents/TFG/TFG/ros2_ws/src/install/robotWebSocket/share/ament_index/resource_index
[2.618s] creating /home/upo/Documents/TFG/TFG/ros2_ws/src/install/robotWebSocket/share/ament_index/resource_index/packages
[2.619s] symbolically linking /home/upo/Documents/TFG/TFG/ros2_ws/src/build/robotWebSocket/resource/robotWebSocket -> /home/upo/Documents/TFG/TFG/ros2_ws/src/install/robotWebSocket/share/ament_index/resource_index/packages
[2.619s] symbolically linking /home/upo/Documents/TFG/TFG/ros2_ws/src/build/robotWebSocket/package.xml -> /home/upo/Documents/TFG/TFG/ros2_ws/src/install/robotWebSocket/share/robotWebSocket
[2.716s] Invoked command in '/home/upo/Documents/TFG/TFG/ros2_ws/src/build/robotWebSocket' returned '0': DEBUGINFOD_URLS=https://debuginfod.ubuntu.com PYTHONPATH=/home/upo/Documents/TFG/TFG/ros2_ws/src/build/robotWebSocket/prefix_override:/usr/lib/python3/dist-packages/colcon_core/task/python/colcon_distutils_commands:/home/upo/Documents/TFG/TFG/ros2_ws/src/install/robotWebSocket/lib/python3.12/site-packages:${PYTHONPATH} /usr/bin/python3 -W ignore:setup.py install is deprecated -W ignore:easy_install command is deprecated setup.py develop --editable --build-directory /home/upo/Documents/TFG/TFG/ros2_ws/src/build/robotWebSocket/build --no-deps symlink_data
