[1.786s] Invoking command in '/home/upo/Documents/TFG/TFG/ros2_ws/src/build/userCommunication': DEBUGINFOD_URLS=https://debuginfod.ubuntu.com PYTHONPATH=/home/upo/Documents/TFG/TFG/ros2_ws/src/build/userCommunication/prefix_override:/usr/lib/python3/dist-packages/colcon_core/task/python/colcon_distutils_commands:/home/upo/Documents/TFG/TFG/ros2_ws/src/install/userCommunication/lib/python3.12/site-packages:${PYTHONPATH} /usr/bin/python3 -W ignore:setup.py install is deprecated -W ignore:easy_install command is deprecated setup.py develop --editable --build-directory /home/upo/Documents/TFG/TFG/ros2_ws/src/build/userCommunication/build --no-deps symlink_data
[2.222s] running develop
[2.486s] running egg_info
[2.486s] creating userCommunication.egg-info
[2.518s] writing userCommunication.egg-info/PKG-INFO
[2.519s] writing dependency_links to userCommunication.egg-info/dependency_links.txt
[2.519s] writing entry points to userCommunication.egg-info/entry_points.txt
[2.519s] writing requirements to userCommunication.egg-info/requires.txt
[2.519s] writing top-level names to userCommunication.egg-info/top_level.txt
[2.519s] writing manifest file 'userCommunication.egg-info/SOURCES.txt'
[2.573s] reading manifest file 'userCommunication.egg-info/SOURCES.txt'
[2.573s] writing manifest file 'userCommunication.egg-info/SOURCES.txt'
[2.602s] running build_ext
[2.602s] Creating /home/upo/Documents/TFG/TFG/ros2_ws/src/install/userCommunication/lib/python3.12/site-packages/userCommunication.egg-link (link to .)
[2.602s] Installing userCommunication script to /home/upo/Documents/TFG/TFG/ros2_ws/src/install/userCommunication/lib/userCommunication
[2.603s] 
[2.603s] Installed /home/upo/Documents/TFG/TFG/ros2_ws/src/build/userCommunication
[2.603s] running symlink_data
[2.603s] creating /home/upo/Documents/TFG/TFG/ros2_ws/src/install/userCommunication/share/ament_index
[2.603s] creating /home/upo/Documents/TFG/TFG/ros2_ws/src/install/userCommunication/share/ament_index/resource_index
[2.603s] creating /home/upo/Documents/TFG/TFG/ros2_ws/src/install/userCommunication/share/ament_index/resource_index/packages
[2.604s] symbolically linking /home/upo/Documents/TFG/TFG/ros2_ws/src/build/userCommunication/resource/userCommunication -> /home/upo/Documents/TFG/TFG/ros2_ws/src/install/userCommunication/share/ament_index/resource_index/packages
[2.604s] symbolically linking /home/upo/Documents/TFG/TFG/ros2_ws/src/build/userCommunication/package.xml -> /home/upo/Documents/TFG/TFG/ros2_ws/src/install/userCommunication/share/userCommunication
[2.692s] Invoked command in '/home/upo/Documents/TFG/TFG/ros2_ws/src/build/userCommunication' returned '0': DEBUGINFOD_URLS=https://debuginfod.ubuntu.com PYTHONPATH=/home/upo/Documents/TFG/TFG/ros2_ws/src/build/userCommunication/prefix_override:/usr/lib/python3/dist-packages/colcon_core/task/python/colcon_distutils_commands:/home/upo/Documents/TFG/TFG/ros2_ws/src/install/userCommunication/lib/python3.12/site-packages:${PYTHONPATH} /usr/bin/python3 -W ignore:setup.py install is deprecated -W ignore:easy_install command is deprecated setup.py develop --editable --build-directory /home/upo/Documents/TFG/TFG/ros2_ws/src/build/userCommunication/build --no-deps symlink_data
