[1.008s] Invoking command in '/home/upo/TFG/ros2_ws/src/userCommunication': DEBUGINFOD_URLS=https://debuginfod.ubuntu.com PYTHONPATH=/home/upo/TFG/ros2_ws/build/userCommunication/prefix_override:/usr/lib/python3/dist-packages/colcon_core/task/python/colcon_distutils_commands:/home/upo/TFG/ros2_ws/install/userCommunication/lib/python3.12/site-packages:${PYTHONPATH} /usr/bin/python3 -W ignore:setup.py install is deprecated -W ignore:easy_install command is deprecated setup.py egg_info --egg-base ../../build/userCommunication build --build-base /home/upo/TFG/ros2_ws/build/userCommunication/build install --record /home/upo/TFG/ros2_ws/build/userCommunication/install.log --install-scripts $base/lib/userCommunication --single-version-externally-managed install_data
[1.236s] running egg_info
[1.236s] creating ../../build/userCommunication/userCommunication.egg-info
[1.254s] writing ../../build/userCommunication/userCommunication.egg-info/PKG-INFO
[1.254s] writing dependency_links to ../../build/userCommunication/userCommunication.egg-info/dependency_links.txt
[1.254s] writing entry points to ../../build/userCommunication/userCommunication.egg-info/entry_points.txt
[1.254s] writing requirements to ../../build/userCommunication/userCommunication.egg-info/requires.txt
[1.255s] writing top-level names to ../../build/userCommunication/userCommunication.egg-info/top_level.txt
[1.255s] writing manifest file '../../build/userCommunication/userCommunication.egg-info/SOURCES.txt'
[1.290s] reading manifest file '../../build/userCommunication/userCommunication.egg-info/SOURCES.txt'
[1.290s] writing manifest file '../../build/userCommunication/userCommunication.egg-info/SOURCES.txt'
[1.291s] running build
[1.291s] running build_py
[1.291s] creating /home/upo/TFG/ros2_ws/build/userCommunication/build
[1.291s] creating /home/upo/TFG/ros2_ws/build/userCommunication/build/lib
[1.291s] creating /home/upo/TFG/ros2_ws/build/userCommunication/build/lib/userCommunication
[1.291s] copying userCommunication/constants.py -> /home/upo/TFG/ros2_ws/build/userCommunication/build/lib/userCommunication
[1.291s] copying userCommunication/userCommunication.py -> /home/upo/TFG/ros2_ws/build/userCommunication/build/lib/userCommunication
[1.291s] copying userCommunication/__init__.py -> /home/upo/TFG/ros2_ws/build/userCommunication/build/lib/userCommunication
[1.291s] running install
[1.296s] running install_lib
[1.314s] creating /home/upo/TFG/ros2_ws/install/userCommunication/lib/python3.12/site-packages/userCommunication
[1.314s] copying /home/upo/TFG/ros2_ws/build/userCommunication/build/lib/userCommunication/constants.py -> /home/upo/TFG/ros2_ws/install/userCommunication/lib/python3.12/site-packages/userCommunication
[1.314s] copying /home/upo/TFG/ros2_ws/build/userCommunication/build/lib/userCommunication/userCommunication.py -> /home/upo/TFG/ros2_ws/install/userCommunication/lib/python3.12/site-packages/userCommunication
[1.314s] copying /home/upo/TFG/ros2_ws/build/userCommunication/build/lib/userCommunication/__init__.py -> /home/upo/TFG/ros2_ws/install/userCommunication/lib/python3.12/site-packages/userCommunication
[1.314s] byte-compiling /home/upo/TFG/ros2_ws/install/userCommunication/lib/python3.12/site-packages/userCommunication/constants.py to constants.cpython-312.pyc
[1.315s] byte-compiling /home/upo/TFG/ros2_ws/install/userCommunication/lib/python3.12/site-packages/userCommunication/userCommunication.py to userCommunication.cpython-312.pyc
[1.315s] byte-compiling /home/upo/TFG/ros2_ws/install/userCommunication/lib/python3.12/site-packages/userCommunication/__init__.py to __init__.cpython-312.pyc
[1.315s] running install_data
[1.315s] creating /home/upo/TFG/ros2_ws/install/userCommunication/share/ament_index
[1.316s] creating /home/upo/TFG/ros2_ws/install/userCommunication/share/ament_index/resource_index
[1.316s] creating /home/upo/TFG/ros2_ws/install/userCommunication/share/ament_index/resource_index/packages
[1.316s] copying resource/userCommunication -> /home/upo/TFG/ros2_ws/install/userCommunication/share/ament_index/resource_index/packages
[1.316s] copying package.xml -> /home/upo/TFG/ros2_ws/install/userCommunication/share/userCommunication
[1.316s] running install_egg_info
[1.334s] Copying ../../build/userCommunication/userCommunication.egg-info to /home/upo/TFG/ros2_ws/install/userCommunication/lib/python3.12/site-packages/userCommunication-0.0.0-py3.12.egg-info
[1.335s] running install_scripts
[1.455s] Installing userCommunication script to /home/upo/TFG/ros2_ws/install/userCommunication/lib/userCommunication
[1.455s] writing list of installed files to '/home/upo/TFG/ros2_ws/build/userCommunication/install.log'
[1.477s] Invoked command in '/home/upo/TFG/ros2_ws/src/userCommunication' returned '0': DEBUGINFOD_URLS=https://debuginfod.ubuntu.com PYTHONPATH=/home/upo/TFG/ros2_ws/build/userCommunication/prefix_override:/usr/lib/python3/dist-packages/colcon_core/task/python/colcon_distutils_commands:/home/upo/TFG/ros2_ws/install/userCommunication/lib/python3.12/site-packages:${PYTHONPATH} /usr/bin/python3 -W ignore:setup.py install is deprecated -W ignore:easy_install command is deprecated setup.py egg_info --egg-base ../../build/userCommunication build --build-base /home/upo/TFG/ros2_ws/build/userCommunication/build install --record /home/upo/TFG/ros2_ws/build/userCommunication/install.log --install-scripts $base/lib/userCommunication --single-version-externally-managed install_data
