[1.455s] Invoking command in '/home/upo/Documents/TFG/TFG/ros2_ws/src/build/robotWebSocket': DEBUGINFOD_URLS=https://debuginfod.ubuntu.com PYTHONPATH=/home/upo/Documents/TFG/TFG/ros2_ws/src/build/robotWebSocket/prefix_override:/usr/lib/python3/dist-packages/colcon_core/task/python/colcon_distutils_commands:/home/upo/Documents/TFG/TFG/ros2_ws/src/install/robotWebSocket/lib/python3.12/site-packages:${PYTHONPATH} /usr/bin/python3 -W ignore:setup.py install is deprecated -W ignore:easy_install command is deprecated setup.py develop --uninstall --editable --build-directory /home/upo/Documents/TFG/TFG/ros2_ws/src/build/robotWebSocket/build
[1.891s] running develop
[2.174s] Removing /home/upo/Documents/TFG/TFG/ros2_ws/src/install/robotWebSocket/lib/python3.12/site-packages/robotWebSocket.egg-link (link to .)
[2.276s] Invoked command in '/home/upo/Documents/TFG/TFG/ros2_ws/src/build/robotWebSocket' returned '0': DEBUGINFOD_URLS=https://debuginfod.ubuntu.com PYTHONPATH=/home/upo/Documents/TFG/TFG/ros2_ws/src/build/robotWebSocket/prefix_override:/usr/lib/python3/dist-packages/colcon_core/task/python/colcon_distutils_commands:/home/upo/Documents/TFG/TFG/ros2_ws/src/install/robotWebSocket/lib/python3.12/site-packages:${PYTHONPATH} /usr/bin/python3 -W ignore:setup.py install is deprecated -W ignore:easy_install command is deprecated setup.py develop --uninstall --editable --build-directory /home/upo/Documents/TFG/TFG/ros2_ws/src/build/robotWebSocket/build
[2.277s] Invoking command in '/home/upo/Documents/TFG/TFG/ros2_ws/src/robotWebSocket': DEBUGINFOD_URLS=https://debuginfod.ubuntu.com PYTHONPATH=/home/upo/Documents/TFG/TFG/ros2_ws/src/build/robotWebSocket/prefix_override:/usr/lib/python3/dist-packages/colcon_core/task/python/colcon_distutils_commands:/home/upo/Documents/TFG/TFG/ros2_ws/src/install/robotWebSocket/lib/python3.12/site-packages:${PYTHONPATH} /usr/bin/python3 -W ignore:setup.py install is deprecated -W ignore:easy_install command is deprecated setup.py egg_info --egg-base ../build/robotWebSocket build --build-base /home/upo/Documents/TFG/TFG/ros2_ws/src/build/robotWebSocket/build install --record /home/upo/Documents/TFG/TFG/ros2_ws/src/build/robotWebSocket/install.log --install-scripts $base/lib/robotWebSocket --single-version-externally-managed install_data --force
[2.686s] running egg_info
[2.714s] writing ../build/robotWebSocket/robotWebSocket.egg-info/PKG-INFO
[2.714s] writing dependency_links to ../build/robotWebSocket/robotWebSocket.egg-info/dependency_links.txt
[2.714s] writing entry points to ../build/robotWebSocket/robotWebSocket.egg-info/entry_points.txt
[2.714s] writing requirements to ../build/robotWebSocket/robotWebSocket.egg-info/requires.txt
[2.714s] writing top-level names to ../build/robotWebSocket/robotWebSocket.egg-info/top_level.txt
[2.775s] reading manifest file '../build/robotWebSocket/robotWebSocket.egg-info/SOURCES.txt'
[2.776s] writing manifest file '../build/robotWebSocket/robotWebSocket.egg-info/SOURCES.txt'
[2.777s] running build
[2.777s] running build_py
[2.777s] creating /home/upo/Documents/TFG/TFG/ros2_ws/src/build/robotWebSocket/build
[2.777s] creating /home/upo/Documents/TFG/TFG/ros2_ws/src/build/robotWebSocket/build/lib
[2.777s] creating /home/upo/Documents/TFG/TFG/ros2_ws/src/build/robotWebSocket/build/lib/robotWebSocket
[2.777s] copying robotWebSocket/urls.py -> /home/upo/Documents/TFG/TFG/ros2_ws/src/build/robotWebSocket/build/lib/robotWebSocket
[2.778s] copying robotWebSocket/robotWebSocket.py -> /home/upo/Documents/TFG/TFG/ros2_ws/src/build/robotWebSocket/build/lib/robotWebSocket
[2.778s] copying robotWebSocket/__init__.py -> /home/upo/Documents/TFG/TFG/ros2_ws/src/build/robotWebSocket/build/lib/robotWebSocket
[2.778s] running install
[2.785s] running install_lib
[2.813s] creating /home/upo/Documents/TFG/TFG/ros2_ws/src/install/robotWebSocket/lib/python3.12/site-packages/robotWebSocket
[2.813s] copying /home/upo/Documents/TFG/TFG/ros2_ws/src/build/robotWebSocket/build/lib/robotWebSocket/urls.py -> /home/upo/Documents/TFG/TFG/ros2_ws/src/install/robotWebSocket/lib/python3.12/site-packages/robotWebSocket
[2.813s] copying /home/upo/Documents/TFG/TFG/ros2_ws/src/build/robotWebSocket/build/lib/robotWebSocket/robotWebSocket.py -> /home/upo/Documents/TFG/TFG/ros2_ws/src/install/robotWebSocket/lib/python3.12/site-packages/robotWebSocket
[2.813s] copying /home/upo/Documents/TFG/TFG/ros2_ws/src/build/robotWebSocket/build/lib/robotWebSocket/__init__.py -> /home/upo/Documents/TFG/TFG/ros2_ws/src/install/robotWebSocket/lib/python3.12/site-packages/robotWebSocket
[2.814s] byte-compiling /home/upo/Documents/TFG/TFG/ros2_ws/src/install/robotWebSocket/lib/python3.12/site-packages/robotWebSocket/urls.py to urls.cpython-312.pyc
[2.814s] byte-compiling /home/upo/Documents/TFG/TFG/ros2_ws/src/install/robotWebSocket/lib/python3.12/site-packages/robotWebSocket/robotWebSocket.py to robotWebSocket.cpython-312.pyc
[2.820s] byte-compiling /home/upo/Documents/TFG/TFG/ros2_ws/src/install/robotWebSocket/lib/python3.12/site-packages/robotWebSocket/__init__.py to __init__.cpython-312.pyc
[2.820s] running install_data
[2.820s] copying resource/robotWebSocket -> /home/upo/Documents/TFG/TFG/ros2_ws/src/install/robotWebSocket/share/ament_index/resource_index/packages
[2.820s] copying package.xml -> /home/upo/Documents/TFG/TFG/ros2_ws/src/install/robotWebSocket/share/robotWebSocket
[2.820s] running install_egg_info
[2.847s] Copying ../build/robotWebSocket/robotWebSocket.egg-info to /home/upo/Documents/TFG/TFG/ros2_ws/src/install/robotWebSocket/lib/python3.12/site-packages/robotWebSocket-0.0.0-py3.12.egg-info
[2.848s] running install_scripts
[3.044s] Installing robotWebSocket script to /home/upo/Documents/TFG/TFG/ros2_ws/src/install/robotWebSocket/lib/robotWebSocket
[3.044s] writing list of installed files to '/home/upo/Documents/TFG/TFG/ros2_ws/src/build/robotWebSocket/install.log'
[3.128s] Invoked command in '/home/upo/Documents/TFG/TFG/ros2_ws/src/robotWebSocket' returned '0': DEBUGINFOD_URLS=https://debuginfod.ubuntu.com PYTHONPATH=/home/upo/Documents/TFG/TFG/ros2_ws/src/build/robotWebSocket/prefix_override:/usr/lib/python3/dist-packages/colcon_core/task/python/colcon_distutils_commands:/home/upo/Documents/TFG/TFG/ros2_ws/src/install/robotWebSocket/lib/python3.12/site-packages:${PYTHONPATH} /usr/bin/python3 -W ignore:setup.py install is deprecated -W ignore:easy_install command is deprecated setup.py egg_info --egg-base ../build/robotWebSocket build --build-base /home/upo/Documents/TFG/TFG/ros2_ws/src/build/robotWebSocket/build install --record /home/upo/Documents/TFG/TFG/ros2_ws/src/build/robotWebSocket/install.log --install-scripts $base/lib/robotWebSocket --single-version-externally-managed install_data --force
