[0.115s] DEBUG:colcon:Command line arguments: ['/usr/bin/colcon', 'build', '--symlink-install']
[0.115s] DEBUG:colcon:Parsed command line arguments: Namespace(log_base=None, log_level=None, verb_name='build', build_base='build', install_base='install', merge_install=False, symlink_install=True, test_result_base=None, continue_on_error=False, executor='parallel', parallel_workers=16, event_handlers=None, ignore_user_meta=False, metas=['./colcon.meta'], base_paths=['.'], packages_ignore=None, packages_ignore_regex=None, paths=None, packages_up_to=None, packages_up_to_regex=None, packages_above=None, packages_above_and_dependencies=None, packages_above_depth=None, packages_select_by_dep=None, packages_skip_by_dep=None, packages_skip_up_to=None, packages_select_build_failed=False, packages_skip_build_finished=False, packages_select_test_failures=False, packages_skip_test_passed=False, packages_select=None, packages_skip=None, packages_select_regex=None, packages_skip_regex=None, packages_start=None, packages_end=None, allow_overriding=[], cmake_args=None, cmake_target=None, cmake_target_skip_unavailable=False, cmake_clean_cache=False, cmake_clean_first=False, cmake_force_configure=False, ament_cmake_args=None, catkin_cmake_args=None, catkin_skip_building_tests=False, mixin_files=None, mixin=None, verb_parser=<colcon_mixin.mixin.mixin_argument.MixinArgumentDecorator object at 0x70267a8a6c60>, verb_extension=<colcon_core.verb.build.BuildVerb object at 0x70267a8a6930>, main=<bound method BuildVerb.main of <colcon_core.verb.build.BuildVerb object at 0x70267a8a6930>>, mixin_verb=('build',))
[0.157s] Level 1:colcon.colcon_core.package_discovery:discover_packages(colcon_meta) check parameters
[0.157s] Level 1:colcon.colcon_core.package_discovery:discover_packages(recursive) check parameters
[0.157s] Level 1:colcon.colcon_core.package_discovery:discover_packages(ignore) check parameters
[0.157s] Level 1:colcon.colcon_core.package_discovery:discover_packages(path) check parameters
[0.157s] Level 1:colcon.colcon_core.package_discovery:discover_packages(colcon_meta) discover
[0.157s] Level 1:colcon.colcon_core.package_discovery:discover_packages(recursive) discover
[0.157s] INFO:colcon.colcon_core.package_discovery:Crawling recursively for packages in '/home/upo/Documents/TFG/TFG/ros2_ws/src'
[0.157s] Level 1:colcon.colcon_core.package_identification:_identify(.) by extensions ['ignore', 'ignore_ament_install']
[0.158s] Level 1:colcon.colcon_core.package_identification:_identify(.) by extension 'ignore'
[0.158s] Level 1:colcon.colcon_core.package_identification:_identify(.) by extension 'ignore_ament_install'
[0.158s] Level 1:colcon.colcon_core.package_identification:_identify(.) by extensions ['colcon_pkg']
[0.158s] Level 1:colcon.colcon_core.package_identification:_identify(.) by extension 'colcon_pkg'
[0.158s] Level 1:colcon.colcon_core.package_identification:_identify(.) by extensions ['colcon_meta']
[0.158s] Level 1:colcon.colcon_core.package_identification:_identify(.) by extension 'colcon_meta'
[0.158s] Level 1:colcon.colcon_core.package_identification:_identify(.) by extensions ['ros']
[0.158s] Level 1:colcon.colcon_core.package_identification:_identify(.) by extension 'ros'
[0.182s] Level 1:colcon.colcon_core.package_identification:_identify(.) by extensions ['cmake', 'python']
[0.183s] Level 1:colcon.colcon_core.package_identification:_identify(.) by extension 'cmake'
[0.183s] Level 1:colcon.colcon_core.package_identification:_identify(.) by extension 'python'
[0.183s] Level 1:colcon.colcon_core.package_identification:_identify(.) by extensions ['python_setup_py']
[0.183s] Level 1:colcon.colcon_core.package_identification:_identify(.) by extension 'python_setup_py'
[0.183s] Level 1:colcon.colcon_core.package_identification:_identify(VLMProcessing) by extensions ['ignore', 'ignore_ament_install']
[0.183s] Level 1:colcon.colcon_core.package_identification:_identify(VLMProcessing) by extension 'ignore'
[0.183s] Level 1:colcon.colcon_core.package_identification:_identify(VLMProcessing) by extension 'ignore_ament_install'
[0.183s] Level 1:colcon.colcon_core.package_identification:_identify(VLMProcessing) by extensions ['colcon_pkg']
[0.183s] Level 1:colcon.colcon_core.package_identification:_identify(VLMProcessing) by extension 'colcon_pkg'
[0.183s] Level 1:colcon.colcon_core.package_identification:_identify(VLMProcessing) by extensions ['colcon_meta']
[0.183s] Level 1:colcon.colcon_core.package_identification:_identify(VLMProcessing) by extension 'colcon_meta'
[0.183s] Level 1:colcon.colcon_core.package_identification:_identify(VLMProcessing) by extensions ['ros']
[0.183s] Level 1:colcon.colcon_core.package_identification:_identify(VLMProcessing) by extension 'ros'
[0.187s] DEBUG:colcon.colcon_core.package_identification:Package 'VLMProcessing' with type 'ros.ament_python' and name 'VLMProcessing'
[0.187s] Level 1:colcon.colcon_core.package_identification:_identify(build) by extensions ['ignore', 'ignore_ament_install']
[0.187s] Level 1:colcon.colcon_core.package_identification:_identify(build) by extension 'ignore'
[0.187s] Level 1:colcon.colcon_core.package_identification:_identify(build) ignored
[0.187s] Level 1:colcon.colcon_core.package_identification:_identify(install) by extensions ['ignore', 'ignore_ament_install']
[0.187s] Level 1:colcon.colcon_core.package_identification:_identify(install) by extension 'ignore'
[0.187s] Level 1:colcon.colcon_core.package_identification:_identify(install) ignored
[0.187s] Level 1:colcon.colcon_core.package_identification:_identify(interfaces) by extensions ['ignore', 'ignore_ament_install']
[0.187s] Level 1:colcon.colcon_core.package_identification:_identify(interfaces) by extension 'ignore'
[0.187s] Level 1:colcon.colcon_core.package_identification:_identify(interfaces) by extension 'ignore_ament_install'
[0.187s] Level 1:colcon.colcon_core.package_identification:_identify(interfaces) by extensions ['colcon_pkg']
[0.187s] Level 1:colcon.colcon_core.package_identification:_identify(interfaces) by extension 'colcon_pkg'
[0.187s] Level 1:colcon.colcon_core.package_identification:_identify(interfaces) by extensions ['colcon_meta']
[0.187s] Level 1:colcon.colcon_core.package_identification:_identify(interfaces) by extension 'colcon_meta'
[0.187s] Level 1:colcon.colcon_core.package_identification:_identify(interfaces) by extensions ['ros']
[0.188s] Level 1:colcon.colcon_core.package_identification:_identify(interfaces) by extension 'ros'
[0.188s] DEBUG:colcon.colcon_core.package_identification:Package 'interfaces' with type 'ros.ament_cmake' and name 'interfaces'
[0.189s] Level 1:colcon.colcon_core.package_identification:_identify(log) by extensions ['ignore', 'ignore_ament_install']
[0.189s] Level 1:colcon.colcon_core.package_identification:_identify(log) by extension 'ignore'
[0.189s] Level 1:colcon.colcon_core.package_identification:_identify(log) ignored
[0.189s] Level 1:colcon.colcon_core.package_identification:_identify(robotCommunication) by extensions ['ignore', 'ignore_ament_install']
[0.189s] Level 1:colcon.colcon_core.package_identification:_identify(robotCommunication) by extension 'ignore'
[0.189s] Level 1:colcon.colcon_core.package_identification:_identify(robotCommunication) by extension 'ignore_ament_install'
[0.189s] Level 1:colcon.colcon_core.package_identification:_identify(robotCommunication) by extensions ['colcon_pkg']
[0.189s] Level 1:colcon.colcon_core.package_identification:_identify(robotCommunication) by extension 'colcon_pkg'
[0.189s] Level 1:colcon.colcon_core.package_identification:_identify(robotCommunication) by extensions ['colcon_meta']
[0.189s] Level 1:colcon.colcon_core.package_identification:_identify(robotCommunication) by extension 'colcon_meta'
[0.189s] Level 1:colcon.colcon_core.package_identification:_identify(robotCommunication) by extensions ['ros']
[0.189s] Level 1:colcon.colcon_core.package_identification:_identify(robotCommunication) by extension 'ros'
[0.190s] DEBUG:colcon.colcon_core.package_identification:Package 'robotCommunication' with type 'ros.ament_python' and name 'robotCommunication'
[0.191s] Level 1:colcon.colcon_core.package_identification:_identify(robotMovement) by extensions ['ignore', 'ignore_ament_install']
[0.191s] Level 1:colcon.colcon_core.package_identification:_identify(robotMovement) by extension 'ignore'
[0.191s] Level 1:colcon.colcon_core.package_identification:_identify(robotMovement) by extension 'ignore_ament_install'
[0.191s] Level 1:colcon.colcon_core.package_identification:_identify(robotMovement) by extensions ['colcon_pkg']
[0.191s] Level 1:colcon.colcon_core.package_identification:_identify(robotMovement) by extension 'colcon_pkg'
[0.191s] Level 1:colcon.colcon_core.package_identification:_identify(robotMovement) by extensions ['colcon_meta']
[0.191s] Level 1:colcon.colcon_core.package_identification:_identify(robotMovement) by extension 'colcon_meta'
[0.191s] Level 1:colcon.colcon_core.package_identification:_identify(robotMovement) by extensions ['ros']
[0.191s] Level 1:colcon.colcon_core.package_identification:_identify(robotMovement) by extension 'ros'
[0.192s] DEBUG:colcon.colcon_core.package_identification:Package 'robotMovement' with type 'ros.ament_python' and name 'robotMovement'
[0.192s] Level 1:colcon.colcon_core.package_identification:_identify(robotWebSocket) by extensions ['ignore', 'ignore_ament_install']
[0.193s] Level 1:colcon.colcon_core.package_identification:_identify(robotWebSocket) by extension 'ignore'
[0.193s] Level 1:colcon.colcon_core.package_identification:_identify(robotWebSocket) by extension 'ignore_ament_install'
[0.193s] Level 1:colcon.colcon_core.package_identification:_identify(robotWebSocket) by extensions ['colcon_pkg']
[0.193s] Level 1:colcon.colcon_core.package_identification:_identify(robotWebSocket) by extension 'colcon_pkg'
[0.193s] Level 1:colcon.colcon_core.package_identification:_identify(robotWebSocket) by extensions ['colcon_meta']
[0.193s] Level 1:colcon.colcon_core.package_identification:_identify(robotWebSocket) by extension 'colcon_meta'
[0.193s] Level 1:colcon.colcon_core.package_identification:_identify(robotWebSocket) by extensions ['ros']
[0.193s] Level 1:colcon.colcon_core.package_identification:_identify(robotWebSocket) by extension 'ros'
[0.194s] DEBUG:colcon.colcon_core.package_identification:Package 'robotWebSocket' with type 'ros.ament_python' and name 'robotWebSocket'
[0.194s] Level 1:colcon.colcon_core.package_identification:_identify(userCommunication) by extensions ['ignore', 'ignore_ament_install']
[0.194s] Level 1:colcon.colcon_core.package_identification:_identify(userCommunication) by extension 'ignore'
[0.194s] Level 1:colcon.colcon_core.package_identification:_identify(userCommunication) by extension 'ignore_ament_install'
[0.194s] Level 1:colcon.colcon_core.package_identification:_identify(userCommunication) by extensions ['colcon_pkg']
[0.194s] Level 1:colcon.colcon_core.package_identification:_identify(userCommunication) by extension 'colcon_pkg'
[0.194s] Level 1:colcon.colcon_core.package_identification:_identify(userCommunication) by extensions ['colcon_meta']
[0.194s] Level 1:colcon.colcon_core.package_identification:_identify(userCommunication) by extension 'colcon_meta'
[0.195s] Level 1:colcon.colcon_core.package_identification:_identify(userCommunication) by extensions ['ros']
[0.195s] Level 1:colcon.colcon_core.package_identification:_identify(userCommunication) by extension 'ros'
[0.195s] DEBUG:colcon.colcon_core.package_identification:Package 'userCommunication' with type 'ros.ament_python' and name 'userCommunication'
[0.195s] Level 1:colcon.colcon_core.package_discovery:discover_packages(recursive) using defaults
[0.195s] Level 1:colcon.colcon_core.package_discovery:discover_packages(ignore) discover
[0.195s] Level 1:colcon.colcon_core.package_discovery:discover_packages(ignore) using defaults
[0.195s] Level 1:colcon.colcon_core.package_discovery:discover_packages(path) discover
[0.195s] Level 1:colcon.colcon_core.package_discovery:discover_packages(path) using defaults
[0.217s] Level 1:colcon.colcon_core.package_discovery:discover_packages(prefix_path) check parameters
[0.217s] Level 1:colcon.colcon_core.package_discovery:discover_packages(prefix_path) discover
[0.220s] DEBUG:colcon.colcon_installed_package_information.package_discovery:Found 17 installed packages in /home/upo/turtlebot3_ws/install
[0.223s] DEBUG:colcon.colcon_installed_package_information.package_discovery:Found 406 installed packages in /opt/ros/jazzy
[0.224s] Level 1:colcon.colcon_core.package_discovery:discover_packages(prefix_path) using defaults
[0.280s] Level 5:colcon.colcon_core.verb:set package 'interfaces' build argument 'cmake_args' from command line to 'None'
[0.280s] Level 5:colcon.colcon_core.verb:set package 'interfaces' build argument 'cmake_target' from command line to 'None'
[0.280s] Level 5:colcon.colcon_core.verb:set package 'interfaces' build argument 'cmake_target_skip_unavailable' from command line to 'False'
[0.280s] Level 5:colcon.colcon_core.verb:set package 'interfaces' build argument 'cmake_clean_cache' from command line to 'False'
[0.280s] Level 5:colcon.colcon_core.verb:set package 'interfaces' build argument 'cmake_clean_first' from command line to 'False'
[0.280s] Level 5:colcon.colcon_core.verb:set package 'interfaces' build argument 'cmake_force_configure' from command line to 'False'
[0.280s] Level 5:colcon.colcon_core.verb:set package 'interfaces' build argument 'ament_cmake_args' from command line to 'None'
[0.280s] Level 5:colcon.colcon_core.verb:set package 'interfaces' build argument 'catkin_cmake_args' from command line to 'None'
[0.280s] Level 5:colcon.colcon_core.verb:set package 'interfaces' build argument 'catkin_skip_building_tests' from command line to 'False'
[0.280s] DEBUG:colcon.colcon_core.verb:Building package 'interfaces' with the following arguments: {'ament_cmake_args': None, 'build_base': '/home/upo/Documents/TFG/TFG/ros2_ws/src/build/interfaces', 'catkin_cmake_args': None, 'catkin_skip_building_tests': False, 'cmake_args': None, 'cmake_clean_cache': False, 'cmake_clean_first': False, 'cmake_force_configure': False, 'cmake_target': None, 'cmake_target_skip_unavailable': False, 'install_base': '/home/upo/Documents/TFG/TFG/ros2_ws/src/install/interfaces', 'merge_install': False, 'path': '/home/upo/Documents/TFG/TFG/ros2_ws/src/interfaces', 'symlink_install': True, 'test_result_base': None}
[0.281s] Level 5:colcon.colcon_core.verb:set package 'robotWebSocket' build argument 'cmake_args' from command line to 'None'
[0.281s] Level 5:colcon.colcon_core.verb:set package 'robotWebSocket' build argument 'cmake_target' from command line to 'None'
[0.281s] Level 5:colcon.colcon_core.verb:set package 'robotWebSocket' build argument 'cmake_target_skip_unavailable' from command line to 'False'
[0.281s] Level 5:colcon.colcon_core.verb:set package 'robotWebSocket' build argument 'cmake_clean_cache' from command line to 'False'
[0.281s] Level 5:colcon.colcon_core.verb:set package 'robotWebSocket' build argument 'cmake_clean_first' from command line to 'False'
[0.281s] Level 5:colcon.colcon_core.verb:set package 'robotWebSocket' build argument 'cmake_force_configure' from command line to 'False'
[0.281s] Level 5:colcon.colcon_core.verb:set package 'robotWebSocket' build argument 'ament_cmake_args' from command line to 'None'
[0.281s] Level 5:colcon.colcon_core.verb:set package 'robotWebSocket' build argument 'catkin_cmake_args' from command line to 'None'
[0.281s] Level 5:colcon.colcon_core.verb:set package 'robotWebSocket' build argument 'catkin_skip_building_tests' from command line to 'False'
[0.281s] DEBUG:colcon.colcon_core.verb:Building package 'robotWebSocket' with the following arguments: {'ament_cmake_args': None, 'build_base': '/home/upo/Documents/TFG/TFG/ros2_ws/src/build/robotWebSocket', 'catkin_cmake_args': None, 'catkin_skip_building_tests': False, 'cmake_args': None, 'cmake_clean_cache': False, 'cmake_clean_first': False, 'cmake_force_configure': False, 'cmake_target': None, 'cmake_target_skip_unavailable': False, 'install_base': '/home/upo/Documents/TFG/TFG/ros2_ws/src/install/robotWebSocket', 'merge_install': False, 'path': '/home/upo/Documents/TFG/TFG/ros2_ws/src/robotWebSocket', 'symlink_install': True, 'test_result_base': None}
[0.281s] Level 5:colcon.colcon_core.verb:set package 'userCommunication' build argument 'cmake_args' from command line to 'None'
[0.281s] Level 5:colcon.colcon_core.verb:set package 'userCommunication' build argument 'cmake_target' from command line to 'None'
[0.281s] Level 5:colcon.colcon_core.verb:set package 'userCommunication' build argument 'cmake_target_skip_unavailable' from command line to 'False'
[0.281s] Level 5:colcon.colcon_core.verb:set package 'userCommunication' build argument 'cmake_clean_cache' from command line to 'False'
[0.281s] Level 5:colcon.colcon_core.verb:set package 'userCommunication' build argument 'cmake_clean_first' from command line to 'False'
[0.281s] Level 5:colcon.colcon_core.verb:set package 'userCommunication' build argument 'cmake_force_configure' from command line to 'False'
[0.281s] Level 5:colcon.colcon_core.verb:set package 'userCommunication' build argument 'ament_cmake_args' from command line to 'None'
[0.281s] Level 5:colcon.colcon_core.verb:set package 'userCommunication' build argument 'catkin_cmake_args' from command line to 'None'
[0.281s] Level 5:colcon.colcon_core.verb:set package 'userCommunication' build argument 'catkin_skip_building_tests' from command line to 'False'
[0.281s] DEBUG:colcon.colcon_core.verb:Building package 'userCommunication' with the following arguments: {'ament_cmake_args': None, 'build_base': '/home/upo/Documents/TFG/TFG/ros2_ws/src/build/userCommunication', 'catkin_cmake_args': None, 'catkin_skip_building_tests': False, 'cmake_args': None, 'cmake_clean_cache': False, 'cmake_clean_first': False, 'cmake_force_configure': False, 'cmake_target': None, 'cmake_target_skip_unavailable': False, 'install_base': '/home/upo/Documents/TFG/TFG/ros2_ws/src/install/userCommunication', 'merge_install': False, 'path': '/home/upo/Documents/TFG/TFG/ros2_ws/src/userCommunication', 'symlink_install': True, 'test_result_base': None}
[0.281s] Level 5:colcon.colcon_core.verb:set package 'VLMProcessing' build argument 'cmake_args' from command line to 'None'
[0.281s] Level 5:colcon.colcon_core.verb:set package 'VLMProcessing' build argument 'cmake_target' from command line to 'None'
[0.282s] Level 5:colcon.colcon_core.verb:set package 'VLMProcessing' build argument 'cmake_target_skip_unavailable' from command line to 'False'
[0.282s] Level 5:colcon.colcon_core.verb:set package 'VLMProcessing' build argument 'cmake_clean_cache' from command line to 'False'
[0.282s] Level 5:colcon.colcon_core.verb:set package 'VLMProcessing' build argument 'cmake_clean_first' from command line to 'False'
[0.282s] Level 5:colcon.colcon_core.verb:set package 'VLMProcessing' build argument 'cmake_force_configure' from command line to 'False'
[0.282s] Level 5:colcon.colcon_core.verb:set package 'VLMProcessing' build argument 'ament_cmake_args' from command line to 'None'
[0.282s] Level 5:colcon.colcon_core.verb:set package 'VLMProcessing' build argument 'catkin_cmake_args' from command line to 'None'
[0.282s] Level 5:colcon.colcon_core.verb:set package 'VLMProcessing' build argument 'catkin_skip_building_tests' from command line to 'False'
[0.282s] DEBUG:colcon.colcon_core.verb:Building package 'VLMProcessing' with the following arguments: {'ament_cmake_args': None, 'build_base': '/home/upo/Documents/TFG/TFG/ros2_ws/src/build/VLMProcessing', 'catkin_cmake_args': None, 'catkin_skip_building_tests': False, 'cmake_args': None, 'cmake_clean_cache': False, 'cmake_clean_first': False, 'cmake_force_configure': False, 'cmake_target': None, 'cmake_target_skip_unavailable': False, 'install_base': '/home/upo/Documents/TFG/TFG/ros2_ws/src/install/VLMProcessing', 'merge_install': False, 'path': '/home/upo/Documents/TFG/TFG/ros2_ws/src/VLMProcessing', 'symlink_install': True, 'test_result_base': None}
[0.282s] Level 5:colcon.colcon_core.verb:set package 'robotCommunication' build argument 'cmake_args' from command line to 'None'
[0.282s] Level 5:colcon.colcon_core.verb:set package 'robotCommunication' build argument 'cmake_target' from command line to 'None'
[0.282s] Level 5:colcon.colcon_core.verb:set package 'robotCommunication' build argument 'cmake_target_skip_unavailable' from command line to 'False'
[0.282s] Level 5:colcon.colcon_core.verb:set package 'robotCommunication' build argument 'cmake_clean_cache' from command line to 'False'
[0.282s] Level 5:colcon.colcon_core.verb:set package 'robotCommunication' build argument 'cmake_clean_first' from command line to 'False'
[0.282s] Level 5:colcon.colcon_core.verb:set package 'robotCommunication' build argument 'cmake_force_configure' from command line to 'False'
[0.282s] Level 5:colcon.colcon_core.verb:set package 'robotCommunication' build argument 'ament_cmake_args' from command line to 'None'
[0.282s] Level 5:colcon.colcon_core.verb:set package 'robotCommunication' build argument 'catkin_cmake_args' from command line to 'None'
[0.282s] Level 5:colcon.colcon_core.verb:set package 'robotCommunication' build argument 'catkin_skip_building_tests' from command line to 'False'
[0.282s] DEBUG:colcon.colcon_core.verb:Building package 'robotCommunication' with the following arguments: {'ament_cmake_args': None, 'build_base': '/home/upo/Documents/TFG/TFG/ros2_ws/src/build/robotCommunication', 'catkin_cmake_args': None, 'catkin_skip_building_tests': False, 'cmake_args': None, 'cmake_clean_cache': False, 'cmake_clean_first': False, 'cmake_force_configure': False, 'cmake_target': None, 'cmake_target_skip_unavailable': False, 'install_base': '/home/upo/Documents/TFG/TFG/ros2_ws/src/install/robotCommunication', 'merge_install': False, 'path': '/home/upo/Documents/TFG/TFG/ros2_ws/src/robotCommunication', 'symlink_install': True, 'test_result_base': None}
[0.282s] Level 5:colcon.colcon_core.verb:set package 'robotMovement' build argument 'cmake_args' from command line to 'None'
[0.282s] Level 5:colcon.colcon_core.verb:set package 'robotMovement' build argument 'cmake_target' from command line to 'None'
[0.282s] Level 5:colcon.colcon_core.verb:set package 'robotMovement' build argument 'cmake_target_skip_unavailable' from command line to 'False'
[0.282s] Level 5:colcon.colcon_core.verb:set package 'robotMovement' build argument 'cmake_clean_cache' from command line to 'False'
[0.282s] Level 5:colcon.colcon_core.verb:set package 'robotMovement' build argument 'cmake_clean_first' from command line to 'False'
[0.282s] Level 5:colcon.colcon_core.verb:set package 'robotMovement' build argument 'cmake_force_configure' from command line to 'False'
[0.282s] Level 5:colcon.colcon_core.verb:set package 'robotMovement' build argument 'ament_cmake_args' from command line to 'None'
[0.282s] Level 5:colcon.colcon_core.verb:set package 'robotMovement' build argument 'catkin_cmake_args' from command line to 'None'
[0.282s] Level 5:colcon.colcon_core.verb:set package 'robotMovement' build argument 'catkin_skip_building_tests' from command line to 'False'
[0.282s] DEBUG:colcon.colcon_core.verb:Building package 'robotMovement' with the following arguments: {'ament_cmake_args': None, 'build_base': '/home/upo/Documents/TFG/TFG/ros2_ws/src/build/robotMovement', 'catkin_cmake_args': None, 'catkin_skip_building_tests': False, 'cmake_args': None, 'cmake_clean_cache': False, 'cmake_clean_first': False, 'cmake_force_configure': False, 'cmake_target': None, 'cmake_target_skip_unavailable': False, 'install_base': '/home/upo/Documents/TFG/TFG/ros2_ws/src/install/robotMovement', 'merge_install': False, 'path': '/home/upo/Documents/TFG/TFG/ros2_ws/src/robotMovement', 'symlink_install': True, 'test_result_base': None}
[0.282s] INFO:colcon.colcon_core.executor:Executing jobs using 'parallel' executor
[0.283s] DEBUG:colcon.colcon_parallel_executor.executor.parallel:run_until_complete
[0.284s] INFO:colcon.colcon_ros.task.ament_cmake.build:Building ROS package in '/home/upo/Documents/TFG/TFG/ros2_ws/src/interfaces' with build type 'ament_cmake'
[0.284s] INFO:colcon.colcon_cmake.task.cmake.build:Building CMake package in '/home/upo/Documents/TFG/TFG/ros2_ws/src/interfaces'
[0.286s] INFO:colcon.colcon_core.plugin_system:Skipping extension 'colcon_core.shell.bat': Not used on non-Windows systems
[0.286s] INFO:colcon.colcon_core.shell:Skip shell extension 'powershell' for command environment: Not usable outside of PowerShell
[0.286s] DEBUG:colcon.colcon_core.shell:Skip shell extension 'dsv' for command environment
[0.292s] INFO:colcon.colcon_ros.task.ament_python.build:Building ROS package in '/home/upo/Documents/TFG/TFG/ros2_ws/src/robotWebSocket' with build type 'ament_python'
[0.292s] Level 1:colcon.colcon_core.shell:create_environment_hook('robotWebSocket', 'ament_prefix_path')
[0.292s] INFO:colcon.colcon_core.shell:Creating environment hook '/home/upo/Documents/TFG/TFG/ros2_ws/src/install/robotWebSocket/share/robotWebSocket/hook/ament_prefix_path.ps1'
[0.293s] INFO:colcon.colcon_core.shell:Creating environment descriptor '/home/upo/Documents/TFG/TFG/ros2_ws/src/install/robotWebSocket/share/robotWebSocket/hook/ament_prefix_path.dsv'
[0.294s] INFO:colcon.colcon_core.shell:Creating environment hook '/home/upo/Documents/TFG/TFG/ros2_ws/src/install/robotWebSocket/share/robotWebSocket/hook/ament_prefix_path.sh'
[0.294s] INFO:colcon.colcon_core.shell:Skip shell extension 'powershell' for command environment: Not usable outside of PowerShell
[0.294s] DEBUG:colcon.colcon_core.shell:Skip shell extension 'dsv' for command environment
[0.299s] INFO:colcon.colcon_ros.task.ament_python.build:Building ROS package in '/home/upo/Documents/TFG/TFG/ros2_ws/src/userCommunication' with build type 'ament_python'
[0.299s] Level 1:colcon.colcon_core.shell:create_environment_hook('userCommunication', 'ament_prefix_path')
[0.300s] INFO:colcon.colcon_core.shell:Creating environment hook '/home/upo/Documents/TFG/TFG/ros2_ws/src/install/userCommunication/share/userCommunication/hook/ament_prefix_path.ps1'
[0.300s] INFO:colcon.colcon_core.shell:Creating environment descriptor '/home/upo/Documents/TFG/TFG/ros2_ws/src/install/userCommunication/share/userCommunication/hook/ament_prefix_path.dsv'
[0.300s] INFO:colcon.colcon_core.shell:Creating environment hook '/home/upo/Documents/TFG/TFG/ros2_ws/src/install/userCommunication/share/userCommunication/hook/ament_prefix_path.sh'
[0.301s] INFO:colcon.colcon_core.shell:Skip shell extension 'powershell' for command environment: Not usable outside of PowerShell
[0.301s] DEBUG:colcon.colcon_core.shell:Skip shell extension 'dsv' for command environment
[0.310s] DEBUG:colcon.colcon_core.event_handler.log_command:Invoking command in '/home/upo/Documents/TFG/TFG/ros2_ws/src/build/interfaces': CMAKE_PREFIX_PATH=${CMAKE_PREFIX_PATH}:/home/upo/turtlebot3_ws/install/userCommunication:/home/upo/turtlebot3_ws/install/turtlebot3_teleop:/home/upo/turtlebot3_ws/install/turtlebot3_example:/home/upo/turtlebot3_ws/install/robotMovement:/home/upo/turtlebot3_ws/install/robotCommunication:/home/upo/turtlebot3_ws/install/VLMProcessing:/opt/ros/jazzy DEBUGINFOD_URLS=https://debuginfod.ubuntu.com /usr/bin/cmake /home/upo/Documents/TFG/TFG/ros2_ws/src/interfaces -DAMENT_CMAKE_SYMLINK_INSTALL=1 -DCMAKE_INSTALL_PREFIX=/home/upo/Documents/TFG/TFG/ros2_ws/src/install/interfaces
[0.568s] INFO:colcon.colcon_core.task.python.build:Building Python package in '/home/upo/Documents/TFG/TFG/ros2_ws/src/robotWebSocket'
[0.568s] INFO:colcon.colcon_core.shell:Skip shell extension 'powershell' for command environment: Not usable outside of PowerShell
[0.568s] DEBUG:colcon.colcon_core.shell:Skip shell extension 'dsv' for command environment
[0.854s] INFO:colcon.colcon_core.task.python.build:Building Python package in '/home/upo/Documents/TFG/TFG/ros2_ws/src/userCommunication'
[0.855s] INFO:colcon.colcon_core.shell:Skip shell extension 'powershell' for command environment: Not usable outside of PowerShell
[0.855s] DEBUG:colcon.colcon_core.shell:Skip shell extension 'dsv' for command environment
[1.614s] DEBUG:colcon.colcon_core.task.python.build:Available setuptools commands: bdist_egg, init_catalog, register, install_scripts, check, easy_install, build_clib, build_ext, install_lib, dist_info, upload_docs, rotate, test, upload, build_scripts, install_data, sdist, clean, setopt, editable_wheel, build_py, bdist, saveopts, bdist_rpm, bdist_wheel, symlink_data, egg_info, compile_catalog, bdist_dumb, build, alias, update_catalog, install, install_headers, develop, install_egg_info, extract_messages
[1.615s] DEBUG:colcon.colcon_core.task.python.build:Available setuptools commands: bdist_egg, init_catalog, register, install_scripts, check, easy_install, build_clib, build_ext, install_lib, dist_info, upload_docs, rotate, test, upload, build_scripts, install_data, sdist, clean, setopt, editable_wheel, build_py, bdist, saveopts, bdist_rpm, bdist_wheel, symlink_data, egg_info, compile_catalog, bdist_dumb, build, alias, update_catalog, install, install_headers, develop, install_egg_info, extract_messages
[2.081s] DEBUG:colcon.colcon_core.task.python.build:Available setuptools 'develop' options: --prefix, --multi-version, --uninstall, --exclude-scripts, --no-find-links, --install-layout, --record, --no-deps, --egg-path, --upgrade, --site-dirs, --build-directory, --find-links, --index-url, --no-user-cfg, --allow-hosts, --verbose, --editable, --quiet, --force-installation-into-system-dir, --help, --user, --install-dir, --optimize, --always-copy, --version, --script-dir, --always-unzip, --dry-run, --local-snapshots-ok, --zip-ok
[2.083s] DEBUG:colcon.colcon_core.event_handler.log_command:Invoking command in '/home/upo/Documents/TFG/TFG/ros2_ws/src/build/robotWebSocket': DEBUGINFOD_URLS=https://debuginfod.ubuntu.com PYTHONPATH=/home/upo/Documents/TFG/TFG/ros2_ws/src/build/robotWebSocket/prefix_override:/usr/lib/python3/dist-packages/colcon_core/task/python/colcon_distutils_commands:/home/upo/Documents/TFG/TFG/ros2_ws/src/install/robotWebSocket/lib/python3.12/site-packages:${PYTHONPATH} /usr/bin/python3 -W ignore:setup.py install is deprecated -W ignore:easy_install command is deprecated setup.py develop --editable --build-directory /home/upo/Documents/TFG/TFG/ros2_ws/src/build/robotWebSocket/build --no-deps symlink_data
[2.084s] DEBUG:colcon.colcon_core.task.python.build:Available setuptools 'develop' options: --prefix, --multi-version, --uninstall, --exclude-scripts, --no-find-links, --install-layout, --record, --no-deps, --egg-path, --upgrade, --site-dirs, --build-directory, --find-links, --index-url, --no-user-cfg, --allow-hosts, --verbose, --editable, --quiet, --force-installation-into-system-dir, --help, --user, --install-dir, --optimize, --always-copy, --version, --script-dir, --always-unzip, --dry-run, --local-snapshots-ok, --zip-ok
[2.086s] DEBUG:colcon.colcon_core.event_handler.log_command:Invoking command in '/home/upo/Documents/TFG/TFG/ros2_ws/src/build/userCommunication': DEBUGINFOD_URLS=https://debuginfod.ubuntu.com PYTHONPATH=/home/upo/Documents/TFG/TFG/ros2_ws/src/build/userCommunication/prefix_override:/usr/lib/python3/dist-packages/colcon_core/task/python/colcon_distutils_commands:/home/upo/Documents/TFG/TFG/ros2_ws/src/install/userCommunication/lib/python3.12/site-packages:${PYTHONPATH} /usr/bin/python3 -W ignore:setup.py install is deprecated -W ignore:easy_install command is deprecated setup.py develop --editable --build-directory /home/upo/Documents/TFG/TFG/ros2_ws/src/build/userCommunication/build --no-deps symlink_data
[2.991s] Level 1:colcon.colcon_core.shell:create_environment_hook('userCommunication', 'pythonpath_develop')
[2.991s] INFO:colcon.colcon_core.shell:Creating environment hook '/home/upo/Documents/TFG/TFG/ros2_ws/src/build/userCommunication/share/userCommunication/hook/pythonpath_develop.ps1'
[2.992s] DEBUG:colcon.colcon_core.event_handler.log_command:Invoked command in '/home/upo/Documents/TFG/TFG/ros2_ws/src/build/userCommunication' returned '0': DEBUGINFOD_URLS=https://debuginfod.ubuntu.com PYTHONPATH=/home/upo/Documents/TFG/TFG/ros2_ws/src/build/userCommunication/prefix_override:/usr/lib/python3/dist-packages/colcon_core/task/python/colcon_distutils_commands:/home/upo/Documents/TFG/TFG/ros2_ws/src/install/userCommunication/lib/python3.12/site-packages:${PYTHONPATH} /usr/bin/python3 -W ignore:setup.py install is deprecated -W ignore:easy_install command is deprecated setup.py develop --editable --build-directory /home/upo/Documents/TFG/TFG/ros2_ws/src/build/userCommunication/build --no-deps symlink_data
[2.992s] INFO:colcon.colcon_core.shell:Creating environment descriptor '/home/upo/Documents/TFG/TFG/ros2_ws/src/build/userCommunication/share/userCommunication/hook/pythonpath_develop.dsv'
[2.993s] INFO:colcon.colcon_core.shell:Creating environment hook '/home/upo/Documents/TFG/TFG/ros2_ws/src/build/userCommunication/share/userCommunication/hook/pythonpath_develop.sh'
[2.996s] Level 1:colcon.colcon_core.environment:checking '/home/upo/Documents/TFG/TFG/ros2_ws/src/install/userCommunication' for CMake module files
[2.997s] Level 1:colcon.colcon_core.environment:checking '/home/upo/Documents/TFG/TFG/ros2_ws/src/install/userCommunication' for CMake config files
[2.997s] Level 1:colcon.colcon_core.environment:checking '/home/upo/Documents/TFG/TFG/ros2_ws/src/install/userCommunication/lib'
[2.997s] Level 1:colcon.colcon_core.environment:checking '/home/upo/Documents/TFG/TFG/ros2_ws/src/install/userCommunication/bin'
[2.997s] Level 1:colcon.colcon_core.environment:checking '/home/upo/Documents/TFG/TFG/ros2_ws/src/install/userCommunication/lib/pkgconfig/userCommunication.pc'
[2.998s] Level 1:colcon.colcon_core.environment:checking '/home/upo/Documents/TFG/TFG/ros2_ws/src/install/userCommunication/lib/python3.12/site-packages'
[2.998s] Level 1:colcon.colcon_core.shell:create_environment_hook('userCommunication', 'pythonpath')
[2.998s] INFO:colcon.colcon_core.shell:Creating environment hook '/home/upo/Documents/TFG/TFG/ros2_ws/src/install/userCommunication/share/userCommunication/hook/pythonpath.ps1'
[2.999s] INFO:colcon.colcon_core.shell:Creating environment descriptor '/home/upo/Documents/TFG/TFG/ros2_ws/src/install/userCommunication/share/userCommunication/hook/pythonpath.dsv'
[3.000s] INFO:colcon.colcon_core.shell:Creating environment hook '/home/upo/Documents/TFG/TFG/ros2_ws/src/install/userCommunication/share/userCommunication/hook/pythonpath.sh'
[3.001s] Level 1:colcon.colcon_core.environment:checking '/home/upo/Documents/TFG/TFG/ros2_ws/src/install/userCommunication/bin'
[3.001s] Level 1:colcon.colcon_core.environment:create_environment_scripts_only(userCommunication)
[3.001s] INFO:colcon.colcon_core.shell:Creating package script '/home/upo/Documents/TFG/TFG/ros2_ws/src/install/userCommunication/share/userCommunication/package.ps1'
[3.002s] INFO:colcon.colcon_core.shell:Creating package descriptor '/home/upo/Documents/TFG/TFG/ros2_ws/src/install/userCommunication/share/userCommunication/package.dsv'
[3.003s] INFO:colcon.colcon_core.shell:Creating package script '/home/upo/Documents/TFG/TFG/ros2_ws/src/install/userCommunication/share/userCommunication/package.sh'
[3.004s] INFO:colcon.colcon_core.shell:Creating package script '/home/upo/Documents/TFG/TFG/ros2_ws/src/install/userCommunication/share/userCommunication/package.bash'
[3.004s] INFO:colcon.colcon_core.shell:Creating package script '/home/upo/Documents/TFG/TFG/ros2_ws/src/install/userCommunication/share/userCommunication/package.zsh'
[3.005s] Level 1:colcon.colcon_core.environment:create_file_with_runtime_dependencies(/home/upo/Documents/TFG/TFG/ros2_ws/src/install/userCommunication/share/colcon-core/packages/userCommunication)
[3.007s] Level 1:colcon.colcon_core.shell:create_environment_hook('robotWebSocket', 'pythonpath_develop')
[3.008s] INFO:colcon.colcon_core.shell:Creating environment hook '/home/upo/Documents/TFG/TFG/ros2_ws/src/build/robotWebSocket/share/robotWebSocket/hook/pythonpath_develop.ps1'
[3.008s] DEBUG:colcon.colcon_core.event_handler.log_command:Invoked command in '/home/upo/Documents/TFG/TFG/ros2_ws/src/build/robotWebSocket' returned '0': DEBUGINFOD_URLS=https://debuginfod.ubuntu.com PYTHONPATH=/home/upo/Documents/TFG/TFG/ros2_ws/src/build/robotWebSocket/prefix_override:/usr/lib/python3/dist-packages/colcon_core/task/python/colcon_distutils_commands:/home/upo/Documents/TFG/TFG/ros2_ws/src/install/robotWebSocket/lib/python3.12/site-packages:${PYTHONPATH} /usr/bin/python3 -W ignore:setup.py install is deprecated -W ignore:easy_install command is deprecated setup.py develop --editable --build-directory /home/upo/Documents/TFG/TFG/ros2_ws/src/build/robotWebSocket/build --no-deps symlink_data
[3.009s] INFO:colcon.colcon_core.shell:Creating environment descriptor '/home/upo/Documents/TFG/TFG/ros2_ws/src/build/robotWebSocket/share/robotWebSocket/hook/pythonpath_develop.dsv'
[3.009s] INFO:colcon.colcon_core.shell:Creating environment hook '/home/upo/Documents/TFG/TFG/ros2_ws/src/build/robotWebSocket/share/robotWebSocket/hook/pythonpath_develop.sh'
[3.010s] Level 1:colcon.colcon_core.environment:checking '/home/upo/Documents/TFG/TFG/ros2_ws/src/install/robotWebSocket' for CMake module files
[3.010s] Level 1:colcon.colcon_core.environment:checking '/home/upo/Documents/TFG/TFG/ros2_ws/src/install/robotWebSocket' for CMake config files
[3.010s] Level 1:colcon.colcon_core.environment:checking '/home/upo/Documents/TFG/TFG/ros2_ws/src/install/robotWebSocket/lib'
[3.011s] Level 1:colcon.colcon_core.environment:checking '/home/upo/Documents/TFG/TFG/ros2_ws/src/install/robotWebSocket/bin'
[3.011s] Level 1:colcon.colcon_core.environment:checking '/home/upo/Documents/TFG/TFG/ros2_ws/src/install/robotWebSocket/lib/pkgconfig/robotWebSocket.pc'
[3.011s] Level 1:colcon.colcon_core.environment:checking '/home/upo/Documents/TFG/TFG/ros2_ws/src/install/robotWebSocket/lib/python3.12/site-packages'
[3.011s] Level 1:colcon.colcon_core.shell:create_environment_hook('robotWebSocket', 'pythonpath')
[3.011s] INFO:colcon.colcon_core.shell:Creating environment hook '/home/upo/Documents/TFG/TFG/ros2_ws/src/install/robotWebSocket/share/robotWebSocket/hook/pythonpath.ps1'
[3.012s] INFO:colcon.colcon_core.shell:Creating environment descriptor '/home/upo/Documents/TFG/TFG/ros2_ws/src/install/robotWebSocket/share/robotWebSocket/hook/pythonpath.dsv'
[3.012s] INFO:colcon.colcon_core.shell:Creating environment hook '/home/upo/Documents/TFG/TFG/ros2_ws/src/install/robotWebSocket/share/robotWebSocket/hook/pythonpath.sh'
[3.013s] Level 1:colcon.colcon_core.environment:checking '/home/upo/Documents/TFG/TFG/ros2_ws/src/install/robotWebSocket/bin'
[3.013s] Level 1:colcon.colcon_core.environment:create_environment_scripts_only(robotWebSocket)
[3.013s] INFO:colcon.colcon_core.shell:Creating package script '/home/upo/Documents/TFG/TFG/ros2_ws/src/install/robotWebSocket/share/robotWebSocket/package.ps1'
[3.014s] INFO:colcon.colcon_core.shell:Creating package descriptor '/home/upo/Documents/TFG/TFG/ros2_ws/src/install/robotWebSocket/share/robotWebSocket/package.dsv'
[3.015s] INFO:colcon.colcon_core.shell:Creating package script '/home/upo/Documents/TFG/TFG/ros2_ws/src/install/robotWebSocket/share/robotWebSocket/package.sh'
[3.015s] INFO:colcon.colcon_core.shell:Creating package script '/home/upo/Documents/TFG/TFG/ros2_ws/src/install/robotWebSocket/share/robotWebSocket/package.bash'
[3.016s] INFO:colcon.colcon_core.shell:Creating package script '/home/upo/Documents/TFG/TFG/ros2_ws/src/install/robotWebSocket/share/robotWebSocket/package.zsh'
[3.016s] Level 1:colcon.colcon_core.environment:create_file_with_runtime_dependencies(/home/upo/Documents/TFG/TFG/ros2_ws/src/install/robotWebSocket/share/colcon-core/packages/robotWebSocket)
[5.368s] DEBUG:colcon.colcon_core.event_handler.log_command:Invoked command in '/home/upo/Documents/TFG/TFG/ros2_ws/src/build/interfaces' returned '0': CMAKE_PREFIX_PATH=${CMAKE_PREFIX_PATH}:/home/upo/turtlebot3_ws/install/userCommunication:/home/upo/turtlebot3_ws/install/turtlebot3_teleop:/home/upo/turtlebot3_ws/install/turtlebot3_example:/home/upo/turtlebot3_ws/install/robotMovement:/home/upo/turtlebot3_ws/install/robotCommunication:/home/upo/turtlebot3_ws/install/VLMProcessing:/opt/ros/jazzy DEBUGINFOD_URLS=https://debuginfod.ubuntu.com /usr/bin/cmake /home/upo/Documents/TFG/TFG/ros2_ws/src/interfaces -DAMENT_CMAKE_SYMLINK_INSTALL=1 -DCMAKE_INSTALL_PREFIX=/home/upo/Documents/TFG/TFG/ros2_ws/src/install/interfaces
[5.370s] DEBUG:colcon.colcon_core.event_handler.log_command:Invoking command in '/home/upo/Documents/TFG/TFG/ros2_ws/src/build/interfaces': CMAKE_PREFIX_PATH=${CMAKE_PREFIX_PATH}:/home/upo/turtlebot3_ws/install/userCommunication:/home/upo/turtlebot3_ws/install/turtlebot3_teleop:/home/upo/turtlebot3_ws/install/turtlebot3_example:/home/upo/turtlebot3_ws/install/robotMovement:/home/upo/turtlebot3_ws/install/robotCommunication:/home/upo/turtlebot3_ws/install/VLMProcessing:/opt/ros/jazzy DEBUGINFOD_URLS=https://debuginfod.ubuntu.com /usr/bin/cmake --build /home/upo/Documents/TFG/TFG/ros2_ws/src/build/interfaces -- -j16 -l16
[11.242s] DEBUG:colcon.colcon_core.event_handler.log_command:Invoked command in '/home/upo/Documents/TFG/TFG/ros2_ws/src/build/interfaces' returned '0': CMAKE_PREFIX_PATH=${CMAKE_PREFIX_PATH}:/home/upo/turtlebot3_ws/install/userCommunication:/home/upo/turtlebot3_ws/install/turtlebot3_teleop:/home/upo/turtlebot3_ws/install/turtlebot3_example:/home/upo/turtlebot3_ws/install/robotMovement:/home/upo/turtlebot3_ws/install/robotCommunication:/home/upo/turtlebot3_ws/install/VLMProcessing:/opt/ros/jazzy DEBUGINFOD_URLS=https://debuginfod.ubuntu.com /usr/bin/cmake --build /home/upo/Documents/TFG/TFG/ros2_ws/src/build/interfaces -- -j16 -l16
[11.258s] DEBUG:colcon.colcon_core.event_handler.log_command:Invoking command in '/home/upo/Documents/TFG/TFG/ros2_ws/src/build/interfaces': CMAKE_PREFIX_PATH=${CMAKE_PREFIX_PATH}:/home/upo/turtlebot3_ws/install/userCommunication:/home/upo/turtlebot3_ws/install/turtlebot3_teleop:/home/upo/turtlebot3_ws/install/turtlebot3_example:/home/upo/turtlebot3_ws/install/robotMovement:/home/upo/turtlebot3_ws/install/robotCommunication:/home/upo/turtlebot3_ws/install/VLMProcessing:/opt/ros/jazzy DEBUGINFOD_URLS=https://debuginfod.ubuntu.com /usr/bin/cmake --install /home/upo/Documents/TFG/TFG/ros2_ws/src/build/interfaces
[13.179s] Level 1:colcon.colcon_core.environment:create_environment_scripts_only(interfaces)
[13.180s] Level 1:colcon.colcon_core.environment:checking '/home/upo/Documents/TFG/TFG/ros2_ws/src/install/interfaces' for CMake module files
[13.180s] DEBUG:colcon.colcon_core.event_handler.log_command:Invoked command in '/home/upo/Documents/TFG/TFG/ros2_ws/src/build/interfaces' returned '0': CMAKE_PREFIX_PATH=${CMAKE_PREFIX_PATH}:/home/upo/turtlebot3_ws/install/userCommunication:/home/upo/turtlebot3_ws/install/turtlebot3_teleop:/home/upo/turtlebot3_ws/install/turtlebot3_example:/home/upo/turtlebot3_ws/install/robotMovement:/home/upo/turtlebot3_ws/install/robotCommunication:/home/upo/turtlebot3_ws/install/VLMProcessing:/opt/ros/jazzy DEBUGINFOD_URLS=https://debuginfod.ubuntu.com /usr/bin/cmake --install /home/upo/Documents/TFG/TFG/ros2_ws/src/build/interfaces
[13.181s] Level 1:colcon.colcon_core.environment:checking '/home/upo/Documents/TFG/TFG/ros2_ws/src/install/interfaces' for CMake config files
[13.182s] Level 1:colcon.colcon_core.shell:create_environment_hook('interfaces', 'cmake_prefix_path')
[13.182s] INFO:colcon.colcon_core.shell:Creating environment hook '/home/upo/Documents/TFG/TFG/ros2_ws/src/install/interfaces/share/interfaces/hook/cmake_prefix_path.ps1'
[13.183s] INFO:colcon.colcon_core.shell:Creating environment descriptor '/home/upo/Documents/TFG/TFG/ros2_ws/src/install/interfaces/share/interfaces/hook/cmake_prefix_path.dsv'
[13.183s] INFO:colcon.colcon_core.shell:Creating environment hook '/home/upo/Documents/TFG/TFG/ros2_ws/src/install/interfaces/share/interfaces/hook/cmake_prefix_path.sh'
[13.183s] Level 1:colcon.colcon_core.environment:checking '/home/upo/Documents/TFG/TFG/ros2_ws/src/install/interfaces/lib'
[13.184s] Level 1:colcon.colcon_core.shell:create_environment_hook('interfaces', 'ld_library_path_lib')
[13.184s] INFO:colcon.colcon_core.shell:Creating environment hook '/home/upo/Documents/TFG/TFG/ros2_ws/src/install/interfaces/share/interfaces/hook/ld_library_path_lib.ps1'
[13.184s] INFO:colcon.colcon_core.shell:Creating environment descriptor '/home/upo/Documents/TFG/TFG/ros2_ws/src/install/interfaces/share/interfaces/hook/ld_library_path_lib.dsv'
[13.185s] INFO:colcon.colcon_core.shell:Creating environment hook '/home/upo/Documents/TFG/TFG/ros2_ws/src/install/interfaces/share/interfaces/hook/ld_library_path_lib.sh'
[13.185s] Level 1:colcon.colcon_core.environment:checking '/home/upo/Documents/TFG/TFG/ros2_ws/src/install/interfaces/bin'
[13.185s] Level 1:colcon.colcon_core.environment:checking '/home/upo/Documents/TFG/TFG/ros2_ws/src/install/interfaces/lib/pkgconfig/interfaces.pc'
[13.185s] Level 1:colcon.colcon_core.environment:checking '/home/upo/Documents/TFG/TFG/ros2_ws/src/install/interfaces/lib/python3.12/site-packages'
[13.185s] Level 1:colcon.colcon_core.shell:create_environment_hook('interfaces', 'pythonpath')
[13.186s] INFO:colcon.colcon_core.shell:Creating environment hook '/home/upo/Documents/TFG/TFG/ros2_ws/src/install/interfaces/share/interfaces/hook/pythonpath.ps1'
[13.186s] INFO:colcon.colcon_core.shell:Creating environment descriptor '/home/upo/Documents/TFG/TFG/ros2_ws/src/install/interfaces/share/interfaces/hook/pythonpath.dsv'
[13.186s] INFO:colcon.colcon_core.shell:Creating environment hook '/home/upo/Documents/TFG/TFG/ros2_ws/src/install/interfaces/share/interfaces/hook/pythonpath.sh'
[13.187s] Level 1:colcon.colcon_core.environment:checking '/home/upo/Documents/TFG/TFG/ros2_ws/src/install/interfaces/bin'
[13.187s] INFO:colcon.colcon_core.shell:Creating package script '/home/upo/Documents/TFG/TFG/ros2_ws/src/install/interfaces/share/interfaces/package.ps1'
[13.187s] INFO:colcon.colcon_core.shell:Creating package descriptor '/home/upo/Documents/TFG/TFG/ros2_ws/src/install/interfaces/share/interfaces/package.dsv'
[13.188s] INFO:colcon.colcon_core.shell:Creating package script '/home/upo/Documents/TFG/TFG/ros2_ws/src/install/interfaces/share/interfaces/package.sh'
[13.188s] INFO:colcon.colcon_core.shell:Creating package script '/home/upo/Documents/TFG/TFG/ros2_ws/src/install/interfaces/share/interfaces/package.bash'
[13.188s] INFO:colcon.colcon_core.shell:Creating package script '/home/upo/Documents/TFG/TFG/ros2_ws/src/install/interfaces/share/interfaces/package.zsh'
[13.189s] Level 1:colcon.colcon_core.environment:create_file_with_runtime_dependencies(/home/upo/Documents/TFG/TFG/ros2_ws/src/install/interfaces/share/colcon-core/packages/interfaces)
[13.189s] Level 1:colcon.colcon_core.environment:create_environment_scripts_only(interfaces)
[13.189s] Level 1:colcon.colcon_core.environment:checking '/home/upo/Documents/TFG/TFG/ros2_ws/src/install/interfaces' for CMake module files
[13.190s] Level 1:colcon.colcon_core.environment:checking '/home/upo/Documents/TFG/TFG/ros2_ws/src/install/interfaces' for CMake config files
[13.190s] Level 1:colcon.colcon_core.shell:create_environment_hook('interfaces', 'cmake_prefix_path')
[13.190s] INFO:colcon.colcon_core.shell:Creating environment hook '/home/upo/Documents/TFG/TFG/ros2_ws/src/install/interfaces/share/interfaces/hook/cmake_prefix_path.ps1'
[13.191s] INFO:colcon.colcon_core.shell:Creating environment descriptor '/home/upo/Documents/TFG/TFG/ros2_ws/src/install/interfaces/share/interfaces/hook/cmake_prefix_path.dsv'
[13.191s] INFO:colcon.colcon_core.shell:Creating environment hook '/home/upo/Documents/TFG/TFG/ros2_ws/src/install/interfaces/share/interfaces/hook/cmake_prefix_path.sh'
[13.191s] Level 1:colcon.colcon_core.environment:checking '/home/upo/Documents/TFG/TFG/ros2_ws/src/install/interfaces/lib'
[13.191s] Level 1:colcon.colcon_core.shell:create_environment_hook('interfaces', 'ld_library_path_lib')
[13.192s] INFO:colcon.colcon_core.shell:Creating environment hook '/home/upo/Documents/TFG/TFG/ros2_ws/src/install/interfaces/share/interfaces/hook/ld_library_path_lib.ps1'
[13.192s] INFO:colcon.colcon_core.shell:Creating environment descriptor '/home/upo/Documents/TFG/TFG/ros2_ws/src/install/interfaces/share/interfaces/hook/ld_library_path_lib.dsv'
[13.192s] INFO:colcon.colcon_core.shell:Creating environment hook '/home/upo/Documents/TFG/TFG/ros2_ws/src/install/interfaces/share/interfaces/hook/ld_library_path_lib.sh'
[13.192s] Level 1:colcon.colcon_core.environment:checking '/home/upo/Documents/TFG/TFG/ros2_ws/src/install/interfaces/bin'
[13.192s] Level 1:colcon.colcon_core.environment:checking '/home/upo/Documents/TFG/TFG/ros2_ws/src/install/interfaces/lib/pkgconfig/interfaces.pc'
[13.193s] Level 1:colcon.colcon_core.environment:checking '/home/upo/Documents/TFG/TFG/ros2_ws/src/install/interfaces/lib/python3.12/site-packages'
[13.193s] Level 1:colcon.colcon_core.shell:create_environment_hook('interfaces', 'pythonpath')
[13.193s] INFO:colcon.colcon_core.shell:Creating environment hook '/home/upo/Documents/TFG/TFG/ros2_ws/src/install/interfaces/share/interfaces/hook/pythonpath.ps1'
[13.193s] INFO:colcon.colcon_core.shell:Creating environment descriptor '/home/upo/Documents/TFG/TFG/ros2_ws/src/install/interfaces/share/interfaces/hook/pythonpath.dsv'
[13.193s] INFO:colcon.colcon_core.shell:Creating environment hook '/home/upo/Documents/TFG/TFG/ros2_ws/src/install/interfaces/share/interfaces/hook/pythonpath.sh'
[13.196s] Level 1:colcon.colcon_core.environment:checking '/home/upo/Documents/TFG/TFG/ros2_ws/src/install/interfaces/bin'
[13.197s] INFO:colcon.colcon_core.shell:Creating package script '/home/upo/Documents/TFG/TFG/ros2_ws/src/install/interfaces/share/interfaces/package.ps1'
[13.197s] INFO:colcon.colcon_core.shell:Creating package descriptor '/home/upo/Documents/TFG/TFG/ros2_ws/src/install/interfaces/share/interfaces/package.dsv'
[13.198s] INFO:colcon.colcon_core.shell:Creating package script '/home/upo/Documents/TFG/TFG/ros2_ws/src/install/interfaces/share/interfaces/package.sh'
[13.198s] INFO:colcon.colcon_core.shell:Creating package script '/home/upo/Documents/TFG/TFG/ros2_ws/src/install/interfaces/share/interfaces/package.bash'
[13.199s] INFO:colcon.colcon_core.shell:Creating package script '/home/upo/Documents/TFG/TFG/ros2_ws/src/install/interfaces/share/interfaces/package.zsh'
[13.199s] Level 1:colcon.colcon_core.environment:create_file_with_runtime_dependencies(/home/upo/Documents/TFG/TFG/ros2_ws/src/install/interfaces/share/colcon-core/packages/interfaces)
[13.199s] INFO:colcon.colcon_ros.task.ament_python.build:Building ROS package in '/home/upo/Documents/TFG/TFG/ros2_ws/src/VLMProcessing' with build type 'ament_python'
[13.200s] Level 1:colcon.colcon_core.shell:create_environment_hook('VLMProcessing', 'ament_prefix_path')
[13.200s] INFO:colcon.colcon_core.shell:Creating environment hook '/home/upo/Documents/TFG/TFG/ros2_ws/src/install/VLMProcessing/share/VLMProcessing/hook/ament_prefix_path.ps1'
[13.200s] INFO:colcon.colcon_core.shell:Creating environment descriptor '/home/upo/Documents/TFG/TFG/ros2_ws/src/install/VLMProcessing/share/VLMProcessing/hook/ament_prefix_path.dsv'
[13.201s] INFO:colcon.colcon_core.shell:Creating environment hook '/home/upo/Documents/TFG/TFG/ros2_ws/src/install/VLMProcessing/share/VLMProcessing/hook/ament_prefix_path.sh'
[13.201s] INFO:colcon.colcon_core.shell:Skip shell extension 'powershell' for command environment: Not usable outside of PowerShell
[13.201s] DEBUG:colcon.colcon_core.shell:Skip shell extension 'dsv' for command environment
[13.206s] INFO:colcon.colcon_ros.task.ament_python.build:Building ROS package in '/home/upo/Documents/TFG/TFG/ros2_ws/src/robotCommunication' with build type 'ament_python'
[13.206s] Level 1:colcon.colcon_core.shell:create_environment_hook('robotCommunication', 'ament_prefix_path')
[13.206s] INFO:colcon.colcon_core.shell:Creating environment hook '/home/upo/Documents/TFG/TFG/ros2_ws/src/install/robotCommunication/share/robotCommunication/hook/ament_prefix_path.ps1'
[13.207s] INFO:colcon.colcon_core.shell:Creating environment descriptor '/home/upo/Documents/TFG/TFG/ros2_ws/src/install/robotCommunication/share/robotCommunication/hook/ament_prefix_path.dsv'
[13.207s] INFO:colcon.colcon_core.shell:Creating environment hook '/home/upo/Documents/TFG/TFG/ros2_ws/src/install/robotCommunication/share/robotCommunication/hook/ament_prefix_path.sh'
[13.207s] INFO:colcon.colcon_core.shell:Skip shell extension 'powershell' for command environment: Not usable outside of PowerShell
[13.207s] DEBUG:colcon.colcon_core.shell:Skip shell extension 'dsv' for command environment
[13.212s] INFO:colcon.colcon_ros.task.ament_python.build:Building ROS package in '/home/upo/Documents/TFG/TFG/ros2_ws/src/robotMovement' with build type 'ament_python'
[13.212s] Level 1:colcon.colcon_core.shell:create_environment_hook('robotMovement', 'ament_prefix_path')
[13.212s] INFO:colcon.colcon_core.shell:Creating environment hook '/home/upo/Documents/TFG/TFG/ros2_ws/src/install/robotMovement/share/robotMovement/hook/ament_prefix_path.ps1'
[13.212s] INFO:colcon.colcon_core.shell:Creating environment descriptor '/home/upo/Documents/TFG/TFG/ros2_ws/src/install/robotMovement/share/robotMovement/hook/ament_prefix_path.dsv'
[13.213s] INFO:colcon.colcon_core.shell:Creating environment hook '/home/upo/Documents/TFG/TFG/ros2_ws/src/install/robotMovement/share/robotMovement/hook/ament_prefix_path.sh'
[13.214s] INFO:colcon.colcon_core.shell:Skip shell extension 'powershell' for command environment: Not usable outside of PowerShell
[13.214s] DEBUG:colcon.colcon_core.shell:Skip shell extension 'dsv' for command environment
[13.478s] INFO:colcon.colcon_core.task.python.build:Building Python package in '/home/upo/Documents/TFG/TFG/ros2_ws/src/VLMProcessing'
[13.478s] INFO:colcon.colcon_core.shell:Skip shell extension 'powershell' for command environment: Not usable outside of PowerShell
[13.478s] DEBUG:colcon.colcon_core.shell:Skip shell extension 'dsv' for command environment
[13.740s] INFO:colcon.colcon_core.task.python.build:Building Python package in '/home/upo/Documents/TFG/TFG/ros2_ws/src/robotCommunication'
[13.740s] INFO:colcon.colcon_core.shell:Skip shell extension 'powershell' for command environment: Not usable outside of PowerShell
[13.740s] DEBUG:colcon.colcon_core.shell:Skip shell extension 'dsv' for command environment
[13.989s] INFO:colcon.colcon_core.task.python.build:Building Python package in '/home/upo/Documents/TFG/TFG/ros2_ws/src/robotMovement'
[13.989s] INFO:colcon.colcon_core.shell:Skip shell extension 'powershell' for command environment: Not usable outside of PowerShell
[13.989s] DEBUG:colcon.colcon_core.shell:Skip shell extension 'dsv' for command environment
[14.773s] DEBUG:colcon.colcon_core.task.python.build:Available setuptools commands: bdist_egg, init_catalog, register, install_scripts, check, easy_install, build_clib, build_ext, install_lib, dist_info, upload_docs, rotate, test, upload, build_scripts, install_data, sdist, clean, setopt, editable_wheel, build_py, bdist, saveopts, bdist_rpm, bdist_wheel, symlink_data, egg_info, compile_catalog, bdist_dumb, build, alias, update_catalog, install, install_headers, develop, install_egg_info, extract_messages
[14.779s] DEBUG:colcon.colcon_core.task.python.build:Available setuptools commands: bdist_egg, init_catalog, register, install_scripts, check, easy_install, build_clib, build_ext, install_lib, dist_info, upload_docs, rotate, test, upload, build_scripts, install_data, sdist, clean, setopt, editable_wheel, build_py, bdist, saveopts, bdist_rpm, bdist_wheel, symlink_data, egg_info, compile_catalog, bdist_dumb, build, alias, update_catalog, install, install_headers, develop, install_egg_info, extract_messages
[14.799s] DEBUG:colcon.colcon_core.task.python.build:Available setuptools commands: bdist_egg, init_catalog, register, install_scripts, check, easy_install, build_clib, build_ext, install_lib, dist_info, upload_docs, rotate, test, upload, build_scripts, install_data, sdist, clean, setopt, editable_wheel, build_py, bdist, saveopts, bdist_rpm, bdist_wheel, symlink_data, egg_info, compile_catalog, bdist_dumb, build, alias, update_catalog, install, install_headers, develop, install_egg_info, extract_messages
[15.244s] DEBUG:colcon.colcon_core.task.python.build:Available setuptools 'develop' options: --prefix, --multi-version, --uninstall, --exclude-scripts, --no-find-links, --install-layout, --record, --no-deps, --egg-path, --upgrade, --site-dirs, --build-directory, --find-links, --index-url, --no-user-cfg, --allow-hosts, --verbose, --editable, --quiet, --force-installation-into-system-dir, --help, --user, --install-dir, --optimize, --always-copy, --version, --script-dir, --always-unzip, --dry-run, --local-snapshots-ok, --zip-ok
[15.246s] DEBUG:colcon.colcon_core.event_handler.log_command:Invoking command in '/home/upo/Documents/TFG/TFG/ros2_ws/src/build/VLMProcessing': AMENT_PREFIX_PATH=/home/upo/Documents/TFG/TFG/ros2_ws/src/install/interfaces:${AMENT_PREFIX_PATH} CMAKE_PREFIX_PATH=/home/upo/Documents/TFG/TFG/ros2_ws/src/install/interfaces:${CMAKE_PREFIX_PATH} DEBUGINFOD_URLS=https://debuginfod.ubuntu.com LD_LIBRARY_PATH=/home/upo/Documents/TFG/TFG/ros2_ws/src/install/interfaces/lib:${LD_LIBRARY_PATH} PYTHONPATH=/home/upo/Documents/TFG/TFG/ros2_ws/src/build/VLMProcessing/prefix_override:/usr/lib/python3/dist-packages/colcon_core/task/python/colcon_distutils_commands:/home/upo/Documents/TFG/TFG/ros2_ws/src/install/VLMProcessing/lib/python3.12/site-packages:/home/upo/Documents/TFG/TFG/ros2_ws/src/install/interfaces/lib/python3.12/site-packages:${PYTHONPATH} /usr/bin/python3 -W ignore:setup.py install is deprecated -W ignore:easy_install command is deprecated setup.py develop --editable --build-directory /home/upo/Documents/TFG/TFG/ros2_ws/src/build/VLMProcessing/build --no-deps symlink_data
[15.247s] DEBUG:colcon.colcon_core.task.python.build:Available setuptools 'develop' options: --prefix, --multi-version, --uninstall, --exclude-scripts, --no-find-links, --install-layout, --record, --no-deps, --egg-path, --upgrade, --site-dirs, --build-directory, --find-links, --index-url, --no-user-cfg, --allow-hosts, --verbose, --editable, --quiet, --force-installation-into-system-dir, --help, --user, --install-dir, --optimize, --always-copy, --version, --script-dir, --always-unzip, --dry-run, --local-snapshots-ok, --zip-ok
[15.250s] DEBUG:colcon.colcon_core.event_handler.log_command:Invoking command in '/home/upo/Documents/TFG/TFG/ros2_ws/src/build/robotCommunication': AMENT_PREFIX_PATH=/home/upo/Documents/TFG/TFG/ros2_ws/src/install/interfaces:${AMENT_PREFIX_PATH} CMAKE_PREFIX_PATH=/home/upo/Documents/TFG/TFG/ros2_ws/src/install/interfaces:${CMAKE_PREFIX_PATH} DEBUGINFOD_URLS=https://debuginfod.ubuntu.com LD_LIBRARY_PATH=/home/upo/Documents/TFG/TFG/ros2_ws/src/install/interfaces/lib:${LD_LIBRARY_PATH} PYTHONPATH=/home/upo/Documents/TFG/TFG/ros2_ws/src/build/robotCommunication/prefix_override:/usr/lib/python3/dist-packages/colcon_core/task/python/colcon_distutils_commands:/home/upo/Documents/TFG/TFG/ros2_ws/src/install/robotCommunication/lib/python3.12/site-packages:/home/upo/Documents/TFG/TFG/ros2_ws/src/install/interfaces/lib/python3.12/site-packages:${PYTHONPATH} /usr/bin/python3 -W ignore:setup.py install is deprecated -W ignore:easy_install command is deprecated setup.py develop --editable --build-directory /home/upo/Documents/TFG/TFG/ros2_ws/src/build/robotCommunication/build --no-deps symlink_data
[15.269s] DEBUG:colcon.colcon_core.task.python.build:Available setuptools 'develop' options: --prefix, --multi-version, --uninstall, --exclude-scripts, --no-find-links, --install-layout, --record, --no-deps, --egg-path, --upgrade, --site-dirs, --build-directory, --find-links, --index-url, --no-user-cfg, --allow-hosts, --verbose, --editable, --quiet, --force-installation-into-system-dir, --help, --user, --install-dir, --optimize, --always-copy, --version, --script-dir, --always-unzip, --dry-run, --local-snapshots-ok, --zip-ok
[15.295s] DEBUG:colcon.colcon_core.event_handler.log_command:Invoking command in '/home/upo/Documents/TFG/TFG/ros2_ws/src/build/robotMovement': AMENT_PREFIX_PATH=/home/upo/Documents/TFG/TFG/ros2_ws/src/install/interfaces:${AMENT_PREFIX_PATH} CMAKE_PREFIX_PATH=/home/upo/Documents/TFG/TFG/ros2_ws/src/install/interfaces:${CMAKE_PREFIX_PATH} DEBUGINFOD_URLS=https://debuginfod.ubuntu.com LD_LIBRARY_PATH=/home/upo/Documents/TFG/TFG/ros2_ws/src/install/interfaces/lib:${LD_LIBRARY_PATH} PYTHONPATH=/home/upo/Documents/TFG/TFG/ros2_ws/src/build/robotMovement/prefix_override:/usr/lib/python3/dist-packages/colcon_core/task/python/colcon_distutils_commands:/home/upo/Documents/TFG/TFG/ros2_ws/src/install/robotMovement/lib/python3.12/site-packages:/home/upo/Documents/TFG/TFG/ros2_ws/src/install/interfaces/lib/python3.12/site-packages:${PYTHONPATH} /usr/bin/python3 -W ignore:setup.py install is deprecated -W ignore:easy_install command is deprecated setup.py develop --editable --build-directory /home/upo/Documents/TFG/TFG/ros2_ws/src/build/robotMovement/build --no-deps symlink_data
[16.171s] Level 1:colcon.colcon_core.shell:create_environment_hook('VLMProcessing', 'pythonpath_develop')
[16.171s] INFO:colcon.colcon_core.shell:Creating environment hook '/home/upo/Documents/TFG/TFG/ros2_ws/src/build/VLMProcessing/share/VLMProcessing/hook/pythonpath_develop.ps1'
[16.172s] DEBUG:colcon.colcon_core.event_handler.log_command:Invoked command in '/home/upo/Documents/TFG/TFG/ros2_ws/src/build/VLMProcessing' returned '0': AMENT_PREFIX_PATH=/home/upo/Documents/TFG/TFG/ros2_ws/src/install/interfaces:${AMENT_PREFIX_PATH} CMAKE_PREFIX_PATH=/home/upo/Documents/TFG/TFG/ros2_ws/src/install/interfaces:${CMAKE_PREFIX_PATH} DEBUGINFOD_URLS=https://debuginfod.ubuntu.com LD_LIBRARY_PATH=/home/upo/Documents/TFG/TFG/ros2_ws/src/install/interfaces/lib:${LD_LIBRARY_PATH} PYTHONPATH=/home/upo/Documents/TFG/TFG/ros2_ws/src/build/VLMProcessing/prefix_override:/usr/lib/python3/dist-packages/colcon_core/task/python/colcon_distutils_commands:/home/upo/Documents/TFG/TFG/ros2_ws/src/install/VLMProcessing/lib/python3.12/site-packages:/home/upo/Documents/TFG/TFG/ros2_ws/src/install/interfaces/lib/python3.12/site-packages:${PYTHONPATH} /usr/bin/python3 -W ignore:setup.py install is deprecated -W ignore:easy_install command is deprecated setup.py develop --editable --build-directory /home/upo/Documents/TFG/TFG/ros2_ws/src/build/VLMProcessing/build --no-deps symlink_data
[16.172s] INFO:colcon.colcon_core.shell:Creating environment descriptor '/home/upo/Documents/TFG/TFG/ros2_ws/src/build/VLMProcessing/share/VLMProcessing/hook/pythonpath_develop.dsv'
[16.172s] INFO:colcon.colcon_core.shell:Creating environment hook '/home/upo/Documents/TFG/TFG/ros2_ws/src/build/VLMProcessing/share/VLMProcessing/hook/pythonpath_develop.sh'
[16.173s] Level 1:colcon.colcon_core.environment:checking '/home/upo/Documents/TFG/TFG/ros2_ws/src/install/VLMProcessing' for CMake module files
[16.173s] Level 1:colcon.colcon_core.environment:checking '/home/upo/Documents/TFG/TFG/ros2_ws/src/install/VLMProcessing' for CMake config files
[16.174s] Level 1:colcon.colcon_core.environment:checking '/home/upo/Documents/TFG/TFG/ros2_ws/src/install/VLMProcessing/lib'
[16.174s] Level 1:colcon.colcon_core.environment:checking '/home/upo/Documents/TFG/TFG/ros2_ws/src/install/VLMProcessing/bin'
[16.174s] Level 1:colcon.colcon_core.environment:checking '/home/upo/Documents/TFG/TFG/ros2_ws/src/install/VLMProcessing/lib/pkgconfig/VLMProcessing.pc'
[16.174s] Level 1:colcon.colcon_core.environment:checking '/home/upo/Documents/TFG/TFG/ros2_ws/src/install/VLMProcessing/lib/python3.12/site-packages'
[16.174s] Level 1:colcon.colcon_core.shell:create_environment_hook('VLMProcessing', 'pythonpath')
[16.175s] INFO:colcon.colcon_core.shell:Creating environment hook '/home/upo/Documents/TFG/TFG/ros2_ws/src/install/VLMProcessing/share/VLMProcessing/hook/pythonpath.ps1'
[16.175s] INFO:colcon.colcon_core.shell:Creating environment descriptor '/home/upo/Documents/TFG/TFG/ros2_ws/src/install/VLMProcessing/share/VLMProcessing/hook/pythonpath.dsv'
[16.175s] INFO:colcon.colcon_core.shell:Creating environment hook '/home/upo/Documents/TFG/TFG/ros2_ws/src/install/VLMProcessing/share/VLMProcessing/hook/pythonpath.sh'
[16.176s] Level 1:colcon.colcon_core.environment:checking '/home/upo/Documents/TFG/TFG/ros2_ws/src/install/VLMProcessing/bin'
[16.176s] Level 1:colcon.colcon_core.environment:create_environment_scripts_only(VLMProcessing)
[16.176s] INFO:colcon.colcon_core.shell:Creating package script '/home/upo/Documents/TFG/TFG/ros2_ws/src/install/VLMProcessing/share/VLMProcessing/package.ps1'
[16.177s] INFO:colcon.colcon_core.shell:Creating package descriptor '/home/upo/Documents/TFG/TFG/ros2_ws/src/install/VLMProcessing/share/VLMProcessing/package.dsv'
[16.177s] INFO:colcon.colcon_core.shell:Creating package script '/home/upo/Documents/TFG/TFG/ros2_ws/src/install/VLMProcessing/share/VLMProcessing/package.sh'
[16.178s] INFO:colcon.colcon_core.shell:Creating package script '/home/upo/Documents/TFG/TFG/ros2_ws/src/install/VLMProcessing/share/VLMProcessing/package.bash'
[16.178s] INFO:colcon.colcon_core.shell:Creating package script '/home/upo/Documents/TFG/TFG/ros2_ws/src/install/VLMProcessing/share/VLMProcessing/package.zsh'
[16.178s] Level 1:colcon.colcon_core.environment:create_file_with_runtime_dependencies(/home/upo/Documents/TFG/TFG/ros2_ws/src/install/VLMProcessing/share/colcon-core/packages/VLMProcessing)
[16.179s] Level 1:colcon.colcon_core.shell:create_environment_hook('robotCommunication', 'pythonpath_develop')
[16.180s] INFO:colcon.colcon_core.shell:Creating environment hook '/home/upo/Documents/TFG/TFG/ros2_ws/src/build/robotCommunication/share/robotCommunication/hook/pythonpath_develop.ps1'
[16.181s] DEBUG:colcon.colcon_core.event_handler.log_command:Invoked command in '/home/upo/Documents/TFG/TFG/ros2_ws/src/build/robotCommunication' returned '0': AMENT_PREFIX_PATH=/home/upo/Documents/TFG/TFG/ros2_ws/src/install/interfaces:${AMENT_PREFIX_PATH} CMAKE_PREFIX_PATH=/home/upo/Documents/TFG/TFG/ros2_ws/src/install/interfaces:${CMAKE_PREFIX_PATH} DEBUGINFOD_URLS=https://debuginfod.ubuntu.com LD_LIBRARY_PATH=/home/upo/Documents/TFG/TFG/ros2_ws/src/install/interfaces/lib:${LD_LIBRARY_PATH} PYTHONPATH=/home/upo/Documents/TFG/TFG/ros2_ws/src/build/robotCommunication/prefix_override:/usr/lib/python3/dist-packages/colcon_core/task/python/colcon_distutils_commands:/home/upo/Documents/TFG/TFG/ros2_ws/src/install/robotCommunication/lib/python3.12/site-packages:/home/upo/Documents/TFG/TFG/ros2_ws/src/install/interfaces/lib/python3.12/site-packages:${PYTHONPATH} /usr/bin/python3 -W ignore:setup.py install is deprecated -W ignore:easy_install command is deprecated setup.py develop --editable --build-directory /home/upo/Documents/TFG/TFG/ros2_ws/src/build/robotCommunication/build --no-deps symlink_data
[16.181s] INFO:colcon.colcon_core.shell:Creating environment descriptor '/home/upo/Documents/TFG/TFG/ros2_ws/src/build/robotCommunication/share/robotCommunication/hook/pythonpath_develop.dsv'
[16.181s] INFO:colcon.colcon_core.shell:Creating environment hook '/home/upo/Documents/TFG/TFG/ros2_ws/src/build/robotCommunication/share/robotCommunication/hook/pythonpath_develop.sh'
[16.182s] Level 1:colcon.colcon_core.environment:checking '/home/upo/Documents/TFG/TFG/ros2_ws/src/install/robotCommunication' for CMake module files
[16.183s] Level 1:colcon.colcon_core.environment:checking '/home/upo/Documents/TFG/TFG/ros2_ws/src/install/robotCommunication' for CMake config files
[16.184s] Level 1:colcon.colcon_core.environment:checking '/home/upo/Documents/TFG/TFG/ros2_ws/src/install/robotCommunication/lib'
[16.184s] Level 1:colcon.colcon_core.environment:checking '/home/upo/Documents/TFG/TFG/ros2_ws/src/install/robotCommunication/bin'
[16.184s] Level 1:colcon.colcon_core.environment:checking '/home/upo/Documents/TFG/TFG/ros2_ws/src/install/robotCommunication/lib/pkgconfig/robotCommunication.pc'
[16.185s] Level 1:colcon.colcon_core.environment:checking '/home/upo/Documents/TFG/TFG/ros2_ws/src/install/robotCommunication/lib/python3.12/site-packages'
[16.185s] Level 1:colcon.colcon_core.shell:create_environment_hook('robotCommunication', 'pythonpath')
[16.185s] INFO:colcon.colcon_core.shell:Creating environment hook '/home/upo/Documents/TFG/TFG/ros2_ws/src/install/robotCommunication/share/robotCommunication/hook/pythonpath.ps1'
[16.186s] INFO:colcon.colcon_core.shell:Creating environment descriptor '/home/upo/Documents/TFG/TFG/ros2_ws/src/install/robotCommunication/share/robotCommunication/hook/pythonpath.dsv'
[16.186s] INFO:colcon.colcon_core.shell:Creating environment hook '/home/upo/Documents/TFG/TFG/ros2_ws/src/install/robotCommunication/share/robotCommunication/hook/pythonpath.sh'
[16.187s] Level 1:colcon.colcon_core.environment:checking '/home/upo/Documents/TFG/TFG/ros2_ws/src/install/robotCommunication/bin'
[16.187s] Level 1:colcon.colcon_core.environment:create_environment_scripts_only(robotCommunication)
[16.188s] INFO:colcon.colcon_core.shell:Creating package script '/home/upo/Documents/TFG/TFG/ros2_ws/src/install/robotCommunication/share/robotCommunication/package.ps1'
[16.189s] INFO:colcon.colcon_core.shell:Creating package descriptor '/home/upo/Documents/TFG/TFG/ros2_ws/src/install/robotCommunication/share/robotCommunication/package.dsv'
[16.190s] INFO:colcon.colcon_core.shell:Creating package script '/home/upo/Documents/TFG/TFG/ros2_ws/src/install/robotCommunication/share/robotCommunication/package.sh'
[16.190s] INFO:colcon.colcon_core.shell:Creating package script '/home/upo/Documents/TFG/TFG/ros2_ws/src/install/robotCommunication/share/robotCommunication/package.bash'
[16.191s] INFO:colcon.colcon_core.shell:Creating package script '/home/upo/Documents/TFG/TFG/ros2_ws/src/install/robotCommunication/share/robotCommunication/package.zsh'
[16.191s] Level 1:colcon.colcon_core.environment:create_file_with_runtime_dependencies(/home/upo/Documents/TFG/TFG/ros2_ws/src/install/robotCommunication/share/colcon-core/packages/robotCommunication)
[16.196s] Level 1:colcon.colcon_core.shell:create_environment_hook('robotMovement', 'pythonpath_develop')
[16.196s] INFO:colcon.colcon_core.shell:Creating environment hook '/home/upo/Documents/TFG/TFG/ros2_ws/src/build/robotMovement/share/robotMovement/hook/pythonpath_develop.ps1'
[16.197s] DEBUG:colcon.colcon_core.event_handler.log_command:Invoked command in '/home/upo/Documents/TFG/TFG/ros2_ws/src/build/robotMovement' returned '0': AMENT_PREFIX_PATH=/home/upo/Documents/TFG/TFG/ros2_ws/src/install/interfaces:${AMENT_PREFIX_PATH} CMAKE_PREFIX_PATH=/home/upo/Documents/TFG/TFG/ros2_ws/src/install/interfaces:${CMAKE_PREFIX_PATH} DEBUGINFOD_URLS=https://debuginfod.ubuntu.com LD_LIBRARY_PATH=/home/upo/Documents/TFG/TFG/ros2_ws/src/install/interfaces/lib:${LD_LIBRARY_PATH} PYTHONPATH=/home/upo/Documents/TFG/TFG/ros2_ws/src/build/robotMovement/prefix_override:/usr/lib/python3/dist-packages/colcon_core/task/python/colcon_distutils_commands:/home/upo/Documents/TFG/TFG/ros2_ws/src/install/robotMovement/lib/python3.12/site-packages:/home/upo/Documents/TFG/TFG/ros2_ws/src/install/interfaces/lib/python3.12/site-packages:${PYTHONPATH} /usr/bin/python3 -W ignore:setup.py install is deprecated -W ignore:easy_install command is deprecated setup.py develop --editable --build-directory /home/upo/Documents/TFG/TFG/ros2_ws/src/build/robotMovement/build --no-deps symlink_data
[16.197s] INFO:colcon.colcon_core.shell:Creating environment descriptor '/home/upo/Documents/TFG/TFG/ros2_ws/src/build/robotMovement/share/robotMovement/hook/pythonpath_develop.dsv'
[16.198s] INFO:colcon.colcon_core.shell:Creating environment hook '/home/upo/Documents/TFG/TFG/ros2_ws/src/build/robotMovement/share/robotMovement/hook/pythonpath_develop.sh'
[16.198s] Level 1:colcon.colcon_core.environment:checking '/home/upo/Documents/TFG/TFG/ros2_ws/src/install/robotMovement' for CMake module files
[16.199s] Level 1:colcon.colcon_core.environment:checking '/home/upo/Documents/TFG/TFG/ros2_ws/src/install/robotMovement' for CMake config files
[16.199s] Level 1:colcon.colcon_core.environment:checking '/home/upo/Documents/TFG/TFG/ros2_ws/src/install/robotMovement/lib'
[16.199s] Level 1:colcon.colcon_core.environment:checking '/home/upo/Documents/TFG/TFG/ros2_ws/src/install/robotMovement/bin'
[16.199s] Level 1:colcon.colcon_core.environment:checking '/home/upo/Documents/TFG/TFG/ros2_ws/src/install/robotMovement/lib/pkgconfig/robotMovement.pc'
[16.199s] Level 1:colcon.colcon_core.environment:checking '/home/upo/Documents/TFG/TFG/ros2_ws/src/install/robotMovement/lib/python3.12/site-packages'
[16.199s] Level 1:colcon.colcon_core.shell:create_environment_hook('robotMovement', 'pythonpath')
[16.200s] INFO:colcon.colcon_core.shell:Creating environment hook '/home/upo/Documents/TFG/TFG/ros2_ws/src/install/robotMovement/share/robotMovement/hook/pythonpath.ps1'
[16.200s] INFO:colcon.colcon_core.shell:Creating environment descriptor '/home/upo/Documents/TFG/TFG/ros2_ws/src/install/robotMovement/share/robotMovement/hook/pythonpath.dsv'
[16.201s] INFO:colcon.colcon_core.shell:Creating environment hook '/home/upo/Documents/TFG/TFG/ros2_ws/src/install/robotMovement/share/robotMovement/hook/pythonpath.sh'
[16.201s] Level 1:colcon.colcon_core.environment:checking '/home/upo/Documents/TFG/TFG/ros2_ws/src/install/robotMovement/bin'
[16.201s] Level 1:colcon.colcon_core.environment:create_environment_scripts_only(robotMovement)
[16.202s] INFO:colcon.colcon_core.shell:Creating package script '/home/upo/Documents/TFG/TFG/ros2_ws/src/install/robotMovement/share/robotMovement/package.ps1'
[16.202s] INFO:colcon.colcon_core.shell:Creating package descriptor '/home/upo/Documents/TFG/TFG/ros2_ws/src/install/robotMovement/share/robotMovement/package.dsv'
[16.203s] INFO:colcon.colcon_core.shell:Creating package script '/home/upo/Documents/TFG/TFG/ros2_ws/src/install/robotMovement/share/robotMovement/package.sh'
[16.203s] INFO:colcon.colcon_core.shell:Creating package script '/home/upo/Documents/TFG/TFG/ros2_ws/src/install/robotMovement/share/robotMovement/package.bash'
[16.203s] INFO:colcon.colcon_core.shell:Creating package script '/home/upo/Documents/TFG/TFG/ros2_ws/src/install/robotMovement/share/robotMovement/package.zsh'
[16.203s] Level 1:colcon.colcon_core.environment:create_file_with_runtime_dependencies(/home/upo/Documents/TFG/TFG/ros2_ws/src/install/robotMovement/share/colcon-core/packages/robotMovement)
[16.204s] DEBUG:colcon.colcon_parallel_executor.executor.parallel:closing loop
[16.204s] DEBUG:colcon.colcon_parallel_executor.executor.parallel:loop closed
[16.204s] DEBUG:colcon.colcon_parallel_executor.executor.parallel:run_until_complete finished with '0'
[16.204s] DEBUG:colcon.colcon_core.event_reactor:joining thread
[16.210s] INFO:colcon.colcon_core.plugin_system:Skipping extension 'colcon_notification.desktop_notification.terminal_notifier': Not used on non-Darwin systems
[16.210s] INFO:colcon.colcon_core.plugin_system:Skipping extension 'colcon_notification.desktop_notification.win32': Not used on non-Windows systems
[16.210s] INFO:colcon.colcon_notification.desktop_notification:Sending desktop notification using 'notify2'
[16.224s] DEBUG:colcon.colcon_core.event_reactor:joined thread
[16.225s] INFO:colcon.colcon_core.shell:Creating prefix script '/home/upo/Documents/TFG/TFG/ros2_ws/src/install/local_setup.ps1'
[16.226s] INFO:colcon.colcon_core.shell:Creating prefix util module '/home/upo/Documents/TFG/TFG/ros2_ws/src/install/_local_setup_util_ps1.py'
[16.227s] INFO:colcon.colcon_core.shell:Creating prefix chain script '/home/upo/Documents/TFG/TFG/ros2_ws/src/install/setup.ps1'
[16.229s] INFO:colcon.colcon_core.shell:Creating prefix script '/home/upo/Documents/TFG/TFG/ros2_ws/src/install/local_setup.sh'
[16.229s] INFO:colcon.colcon_core.shell:Creating prefix util module '/home/upo/Documents/TFG/TFG/ros2_ws/src/install/_local_setup_util_sh.py'
[16.230s] INFO:colcon.colcon_core.shell:Creating prefix chain script '/home/upo/Documents/TFG/TFG/ros2_ws/src/install/setup.sh'
[16.232s] INFO:colcon.colcon_core.shell:Creating prefix script '/home/upo/Documents/TFG/TFG/ros2_ws/src/install/local_setup.bash'
[16.232s] INFO:colcon.colcon_core.shell:Creating prefix chain script '/home/upo/Documents/TFG/TFG/ros2_ws/src/install/setup.bash'
[16.234s] INFO:colcon.colcon_core.shell:Creating prefix script '/home/upo/Documents/TFG/TFG/ros2_ws/src/install/local_setup.zsh'
[16.235s] INFO:colcon.colcon_core.shell:Creating prefix chain script '/home/upo/Documents/TFG/TFG/ros2_ws/src/install/setup.zsh'
