running egg_info
creating ../../build/robotMovement/robotMovement.egg-info
writing ../../build/robotMovement/robotMovement.egg-info/PKG-INFO
writing dependency_links to ../../build/robotMovement/robotMovement.egg-info/dependency_links.txt
writing entry points to ../../build/robotMovement/robotMovement.egg-info/entry_points.txt
writing requirements to ../../build/robotMovement/robotMovement.egg-info/requires.txt
writing top-level names to ../../build/robotMovement/robotMovement.egg-info/top_level.txt
writing manifest file '../../build/robotMovement/robotMovement.egg-info/SOURCES.txt'
reading manifest file '../../build/robotMovement/robotMovement.egg-info/SOURCES.txt'
writing manifest file '../../build/robotMovement/robotMovement.egg-info/SOURCES.txt'
running build
running build_py
creating /home/upo/TFG/ros2_ws/build/robotMovement/build
creating /home/upo/TFG/ros2_ws/build/robotMovement/build/lib
creating /home/upo/TFG/ros2_ws/build/robotMovement/build/lib/robotMovement
copying robotMovement/constants.py -> /home/upo/TFG/ros2_ws/build/robotMovement/build/lib/robotMovement
copying robotMovement/robotMovement.py -> /home/upo/TFG/ros2_ws/build/robotMovement/build/lib/robotMovement
copying robotMovement/__init__.py -> /home/upo/TFG/ros2_ws/build/robotMovement/build/lib/robotMovement
running install
running install_lib
creating /home/upo/TFG/ros2_ws/install/robotMovement/lib/python3.12/site-packages/robotMovement
copying /home/upo/TFG/ros2_ws/build/robotMovement/build/lib/robotMovement/constants.py -> /home/upo/TFG/ros2_ws/install/robotMovement/lib/python3.12/site-packages/robotMovement
copying /home/upo/TFG/ros2_ws/build/robotMovement/build/lib/robotMovement/robotMovement.py -> /home/upo/TFG/ros2_ws/install/robotMovement/lib/python3.12/site-packages/robotMovement
copying /home/upo/TFG/ros2_ws/build/robotMovement/build/lib/robotMovement/__init__.py -> /home/upo/TFG/ros2_ws/install/robotMovement/lib/python3.12/site-packages/robotMovement
byte-compiling /home/upo/TFG/ros2_ws/install/robotMovement/lib/python3.12/site-packages/robotMovement/constants.py to constants.cpython-312.pyc
byte-compiling /home/upo/TFG/ros2_ws/install/robotMovement/lib/python3.12/site-packages/robotMovement/robotMovement.py to robotMovement.cpython-312.pyc
byte-compiling /home/upo/TFG/ros2_ws/install/robotMovement/lib/python3.12/site-packages/robotMovement/__init__.py to __init__.cpython-312.pyc
running install_data
creating /home/upo/TFG/ros2_ws/install/robotMovement/share/ament_index
creating /home/upo/TFG/ros2_ws/install/robotMovement/share/ament_index/resource_index
creating /home/upo/TFG/ros2_ws/install/robotMovement/share/ament_index/resource_index/packages
copying resource/robotMovement -> /home/upo/TFG/ros2_ws/install/robotMovement/share/ament_index/resource_index/packages
copying package.xml -> /home/upo/TFG/ros2_ws/install/robotMovement/share/robotMovement
running install_egg_info
Copying ../../build/robotMovement/robotMovement.egg-info to /home/upo/TFG/ros2_ws/install/robotMovement/lib/python3.12/site-packages/robotMovement-0.0.0-py3.12.egg-info
running install_scripts
Installing robotMovement script to /home/upo/TFG/ros2_ws/install/robotMovement/lib/robotMovement
writing list of installed files to '/home/upo/TFG/ros2_ws/build/robotMovement/install.log'
