[1.092s] Invoking command in '/home/upo/TFG/ros2_ws/src/robotMovement': AMENT_PREFIX_PATH=/home/upo/TFG/ros2_ws/install/interfaces:${AMENT_PREFIX_PATH} CMAKE_PREFIX_PATH=/home/upo/TFG/ros2_ws/install/interfaces:${CMAKE_PREFIX_PATH} DEBUGINFOD_URLS=https://debuginfod.ubuntu.com LD_LIBRARY_PATH=/home/upo/TFG/ros2_ws/install/interfaces/lib:${LD_LIBRARY_PATH} PYTHONPATH=/home/upo/TFG/ros2_ws/build/robotMovement/prefix_override:/usr/lib/python3/dist-packages/colcon_core/task/python/colcon_distutils_commands:/home/upo/TFG/ros2_ws/install/robotMovement/lib/python3.12/site-packages:/home/upo/TFG/ros2_ws/install/interfaces/lib/python3.12/site-packages:${PYTHONPATH} /usr/bin/python3 -W ignore:setup.py install is deprecated -W ignore:easy_install command is deprecated setup.py egg_info --egg-base ../../build/robotMovement build --build-base /home/upo/TFG/ros2_ws/build/robotMovement/build install --record /home/upo/TFG/ros2_ws/build/robotMovement/install.log --install-scripts $base/lib/robotMovement --single-version-externally-managed install_data
[1.333s] running egg_info
[1.333s] creating ../../build/robotMovement/robotMovement.egg-info
[1.351s] writing ../../build/robotMovement/robotMovement.egg-info/PKG-INFO
[1.351s] writing dependency_links to ../../build/robotMovement/robotMovement.egg-info/dependency_links.txt
[1.352s] writing entry points to ../../build/robotMovement/robotMovement.egg-info/entry_points.txt
[1.352s] writing requirements to ../../build/robotMovement/robotMovement.egg-info/requires.txt
[1.352s] writing top-level names to ../../build/robotMovement/robotMovement.egg-info/top_level.txt
[1.352s] writing manifest file '../../build/robotMovement/robotMovement.egg-info/SOURCES.txt'
[1.389s] reading manifest file '../../build/robotMovement/robotMovement.egg-info/SOURCES.txt'
[1.390s] writing manifest file '../../build/robotMovement/robotMovement.egg-info/SOURCES.txt'
[1.390s] running build
[1.390s] running build_py
[1.390s] creating /home/upo/TFG/ros2_ws/build/robotMovement/build
[1.390s] creating /home/upo/TFG/ros2_ws/build/robotMovement/build/lib
[1.390s] creating /home/upo/TFG/ros2_ws/build/robotMovement/build/lib/robotMovement
[1.390s] copying robotMovement/constants.py -> /home/upo/TFG/ros2_ws/build/robotMovement/build/lib/robotMovement
[1.390s] copying robotMovement/robotMovement.py -> /home/upo/TFG/ros2_ws/build/robotMovement/build/lib/robotMovement
[1.390s] copying robotMovement/__init__.py -> /home/upo/TFG/ros2_ws/build/robotMovement/build/lib/robotMovement
[1.391s] running install
[1.395s] running install_lib
[1.415s] creating /home/upo/TFG/ros2_ws/install/robotMovement/lib/python3.12/site-packages/robotMovement
[1.415s] copying /home/upo/TFG/ros2_ws/build/robotMovement/build/lib/robotMovement/constants.py -> /home/upo/TFG/ros2_ws/install/robotMovement/lib/python3.12/site-packages/robotMovement
[1.415s] copying /home/upo/TFG/ros2_ws/build/robotMovement/build/lib/robotMovement/robotMovement.py -> /home/upo/TFG/ros2_ws/install/robotMovement/lib/python3.12/site-packages/robotMovement
[1.415s] copying /home/upo/TFG/ros2_ws/build/robotMovement/build/lib/robotMovement/__init__.py -> /home/upo/TFG/ros2_ws/install/robotMovement/lib/python3.12/site-packages/robotMovement
[1.415s] byte-compiling /home/upo/TFG/ros2_ws/install/robotMovement/lib/python3.12/site-packages/robotMovement/constants.py to constants.cpython-312.pyc
[1.416s] byte-compiling /home/upo/TFG/ros2_ws/install/robotMovement/lib/python3.12/site-packages/robotMovement/robotMovement.py to robotMovement.cpython-312.pyc
[1.417s] byte-compiling /home/upo/TFG/ros2_ws/install/robotMovement/lib/python3.12/site-packages/robotMovement/__init__.py to __init__.cpython-312.pyc
[1.417s] running install_data
[1.417s] creating /home/upo/TFG/ros2_ws/install/robotMovement/share/ament_index
[1.417s] creating /home/upo/TFG/ros2_ws/install/robotMovement/share/ament_index/resource_index
[1.417s] creating /home/upo/TFG/ros2_ws/install/robotMovement/share/ament_index/resource_index/packages
[1.417s] copying resource/robotMovement -> /home/upo/TFG/ros2_ws/install/robotMovement/share/ament_index/resource_index/packages
[1.417s] copying package.xml -> /home/upo/TFG/ros2_ws/install/robotMovement/share/robotMovement
[1.418s] running install_egg_info
[1.437s] Copying ../../build/robotMovement/robotMovement.egg-info to /home/upo/TFG/ros2_ws/install/robotMovement/lib/python3.12/site-packages/robotMovement-0.0.0-py3.12.egg-info
[1.438s] running install_scripts
[1.559s] Installing robotMovement script to /home/upo/TFG/ros2_ws/install/robotMovement/lib/robotMovement
[1.559s] writing list of installed files to '/home/upo/TFG/ros2_ws/build/robotMovement/install.log'
