[0.121s] DEBUG:colcon:Command line arguments: ['/usr/bin/colcon', 'build', '--symlink-install']
[0.121s] DEBUG:colcon:Parsed command line arguments: Namespace(log_base=None, log_level=None, verb_name='build', build_base='build', install_base='install', merge_install=False, symlink_install=True, test_result_base=None, continue_on_error=False, executor='parallel', parallel_workers=16, event_handlers=None, ignore_user_meta=False, metas=['./colcon.meta'], base_paths=['.'], packages_ignore=None, packages_ignore_regex=None, paths=None, packages_up_to=None, packages_up_to_regex=None, packages_above=None, packages_above_and_dependencies=None, packages_above_depth=None, packages_select_by_dep=None, packages_skip_by_dep=None, packages_skip_up_to=None, packages_select_build_failed=False, packages_skip_build_finished=False, packages_select_test_failures=False, packages_skip_test_passed=False, packages_select=None, packages_skip=None, packages_select_regex=None, packages_skip_regex=None, packages_start=None, packages_end=None, allow_overriding=[], cmake_args=None, cmake_target=None, cmake_target_skip_unavailable=False, cmake_clean_cache=False, cmake_clean_first=False, cmake_force_configure=False, ament_cmake_args=None, catkin_cmake_args=None, catkin_skip_building_tests=False, mixin_files=None, mixin=None, verb_parser=<colcon_mixin.mixin.mixin_argument.MixinArgumentDecorator object at 0x7b5efd992b10>, verb_extension=<colcon_core.verb.build.BuildVerb object at 0x7b5efd9927e0>, main=<bound method BuildVerb.main of <colcon_core.verb.build.BuildVerb object at 0x7b5efd9927e0>>, mixin_verb=('build',))
[0.163s] Level 1:colcon.colcon_core.package_discovery:discover_packages(colcon_meta) check parameters
[0.163s] Level 1:colcon.colcon_core.package_discovery:discover_packages(recursive) check parameters
[0.163s] Level 1:colcon.colcon_core.package_discovery:discover_packages(ignore) check parameters
[0.163s] Level 1:colcon.colcon_core.package_discovery:discover_packages(path) check parameters
[0.163s] Level 1:colcon.colcon_core.package_discovery:discover_packages(colcon_meta) discover
[0.163s] Level 1:colcon.colcon_core.package_discovery:discover_packages(recursive) discover
[0.163s] INFO:colcon.colcon_core.package_discovery:Crawling recursively for packages in '/home/upo/TFG/ros2_ws'
[0.163s] Level 1:colcon.colcon_core.package_identification:_identify(.) by extensions ['ignore', 'ignore_ament_install']
[0.164s] Level 1:colcon.colcon_core.package_identification:_identify(.) by extension 'ignore'
[0.164s] Level 1:colcon.colcon_core.package_identification:_identify(.) by extension 'ignore_ament_install'
[0.164s] Level 1:colcon.colcon_core.package_identification:_identify(.) by extensions ['colcon_pkg']
[0.164s] Level 1:colcon.colcon_core.package_identification:_identify(.) by extension 'colcon_pkg'
[0.164s] Level 1:colcon.colcon_core.package_identification:_identify(.) by extensions ['colcon_meta']
[0.164s] Level 1:colcon.colcon_core.package_identification:_identify(.) by extension 'colcon_meta'
[0.164s] Level 1:colcon.colcon_core.package_identification:_identify(.) by extensions ['ros']
[0.164s] Level 1:colcon.colcon_core.package_identification:_identify(.) by extension 'ros'
[0.190s] Level 1:colcon.colcon_core.package_identification:_identify(.) by extensions ['cmake', 'python']
[0.190s] Level 1:colcon.colcon_core.package_identification:_identify(.) by extension 'cmake'
[0.190s] Level 1:colcon.colcon_core.package_identification:_identify(.) by extension 'python'
[0.191s] Level 1:colcon.colcon_core.package_identification:_identify(.) by extensions ['python_setup_py']
[0.191s] Level 1:colcon.colcon_core.package_identification:_identify(.) by extension 'python_setup_py'
[0.191s] Level 1:colcon.colcon_core.package_identification:_identify(build) by extensions ['ignore', 'ignore_ament_install']
[0.191s] Level 1:colcon.colcon_core.package_identification:_identify(build) by extension 'ignore'
[0.191s] Level 1:colcon.colcon_core.package_identification:_identify(build) ignored
[0.191s] Level 1:colcon.colcon_core.package_identification:_identify(install) by extensions ['ignore', 'ignore_ament_install']
[0.191s] Level 1:colcon.colcon_core.package_identification:_identify(install) by extension 'ignore'
[0.191s] Level 1:colcon.colcon_core.package_identification:_identify(install) ignored
[0.191s] Level 1:colcon.colcon_core.package_identification:_identify(log) by extensions ['ignore', 'ignore_ament_install']
[0.191s] Level 1:colcon.colcon_core.package_identification:_identify(log) by extension 'ignore'
[0.191s] Level 1:colcon.colcon_core.package_identification:_identify(log) ignored
[0.192s] Level 1:colcon.colcon_core.package_identification:_identify(src) by extensions ['ignore', 'ignore_ament_install']
[0.192s] Level 1:colcon.colcon_core.package_identification:_identify(src) by extension 'ignore'
[0.192s] Level 1:colcon.colcon_core.package_identification:_identify(src) by extension 'ignore_ament_install'
[0.192s] Level 1:colcon.colcon_core.package_identification:_identify(src) by extensions ['colcon_pkg']
[0.192s] Level 1:colcon.colcon_core.package_identification:_identify(src) by extension 'colcon_pkg'
[0.192s] Level 1:colcon.colcon_core.package_identification:_identify(src) by extensions ['colcon_meta']
[0.192s] Level 1:colcon.colcon_core.package_identification:_identify(src) by extension 'colcon_meta'
[0.192s] Level 1:colcon.colcon_core.package_identification:_identify(src) by extensions ['ros']
[0.192s] Level 1:colcon.colcon_core.package_identification:_identify(src) by extension 'ros'
[0.192s] Level 1:colcon.colcon_core.package_identification:_identify(src) by extensions ['cmake', 'python']
[0.192s] Level 1:colcon.colcon_core.package_identification:_identify(src) by extension 'cmake'
[0.192s] Level 1:colcon.colcon_core.package_identification:_identify(src) by extension 'python'
[0.192s] Level 1:colcon.colcon_core.package_identification:_identify(src) by extensions ['python_setup_py']
[0.192s] Level 1:colcon.colcon_core.package_identification:_identify(src) by extension 'python_setup_py'
[0.192s] Level 1:colcon.colcon_core.package_identification:_identify(src/VLMProcessing) by extensions ['ignore', 'ignore_ament_install']
[0.192s] Level 1:colcon.colcon_core.package_identification:_identify(src/VLMProcessing) by extension 'ignore'
[0.193s] Level 1:colcon.colcon_core.package_identification:_identify(src/VLMProcessing) by extension 'ignore_ament_install'
[0.193s] Level 1:colcon.colcon_core.package_identification:_identify(src/VLMProcessing) by extensions ['colcon_pkg']
[0.193s] Level 1:colcon.colcon_core.package_identification:_identify(src/VLMProcessing) by extension 'colcon_pkg'
[0.193s] Level 1:colcon.colcon_core.package_identification:_identify(src/VLMProcessing) by extensions ['colcon_meta']
[0.193s] Level 1:colcon.colcon_core.package_identification:_identify(src/VLMProcessing) by extension 'colcon_meta'
[0.193s] Level 1:colcon.colcon_core.package_identification:_identify(src/VLMProcessing) by extensions ['ros']
[0.193s] Level 1:colcon.colcon_core.package_identification:_identify(src/VLMProcessing) by extension 'ros'
[0.195s] DEBUG:colcon.colcon_core.package_identification:Package 'src/VLMProcessing' with type 'ros.ament_python' and name 'VLMProcessing'
[0.196s] Level 1:colcon.colcon_core.package_identification:_identify(src/interfaces) by extensions ['ignore', 'ignore_ament_install']
[0.196s] Level 1:colcon.colcon_core.package_identification:_identify(src/interfaces) by extension 'ignore'
[0.196s] Level 1:colcon.colcon_core.package_identification:_identify(src/interfaces) by extension 'ignore_ament_install'
[0.196s] Level 1:colcon.colcon_core.package_identification:_identify(src/interfaces) by extensions ['colcon_pkg']
[0.196s] Level 1:colcon.colcon_core.package_identification:_identify(src/interfaces) by extension 'colcon_pkg'
[0.196s] Level 1:colcon.colcon_core.package_identification:_identify(src/interfaces) by extensions ['colcon_meta']
[0.196s] Level 1:colcon.colcon_core.package_identification:_identify(src/interfaces) by extension 'colcon_meta'
[0.196s] Level 1:colcon.colcon_core.package_identification:_identify(src/interfaces) by extensions ['ros']
[0.196s] Level 1:colcon.colcon_core.package_identification:_identify(src/interfaces) by extension 'ros'
[0.197s] DEBUG:colcon.colcon_core.package_identification:Package 'src/interfaces' with type 'ros.ament_cmake' and name 'interfaces'
[0.197s] Level 1:colcon.colcon_core.package_identification:_identify(src/robotCommunication) by extensions ['ignore', 'ignore_ament_install']
[0.197s] Level 1:colcon.colcon_core.package_identification:_identify(src/robotCommunication) by extension 'ignore'
[0.197s] Level 1:colcon.colcon_core.package_identification:_identify(src/robotCommunication) by extension 'ignore_ament_install'
[0.197s] Level 1:colcon.colcon_core.package_identification:_identify(src/robotCommunication) by extensions ['colcon_pkg']
[0.197s] Level 1:colcon.colcon_core.package_identification:_identify(src/robotCommunication) by extension 'colcon_pkg'
[0.197s] Level 1:colcon.colcon_core.package_identification:_identify(src/robotCommunication) by extensions ['colcon_meta']
[0.197s] Level 1:colcon.colcon_core.package_identification:_identify(src/robotCommunication) by extension 'colcon_meta'
[0.197s] Level 1:colcon.colcon_core.package_identification:_identify(src/robotCommunication) by extensions ['ros']
[0.197s] Level 1:colcon.colcon_core.package_identification:_identify(src/robotCommunication) by extension 'ros'
[0.199s] DEBUG:colcon.colcon_core.package_identification:Package 'src/robotCommunication' with type 'ros.ament_python' and name 'robotCommunication'
[0.199s] Level 1:colcon.colcon_core.package_identification:_identify(src/robotMovement) by extensions ['ignore', 'ignore_ament_install']
[0.199s] Level 1:colcon.colcon_core.package_identification:_identify(src/robotMovement) by extension 'ignore'
[0.199s] Level 1:colcon.colcon_core.package_identification:_identify(src/robotMovement) by extension 'ignore_ament_install'
[0.199s] Level 1:colcon.colcon_core.package_identification:_identify(src/robotMovement) by extensions ['colcon_pkg']
[0.199s] Level 1:colcon.colcon_core.package_identification:_identify(src/robotMovement) by extension 'colcon_pkg'
[0.199s] Level 1:colcon.colcon_core.package_identification:_identify(src/robotMovement) by extensions ['colcon_meta']
[0.199s] Level 1:colcon.colcon_core.package_identification:_identify(src/robotMovement) by extension 'colcon_meta'
[0.199s] Level 1:colcon.colcon_core.package_identification:_identify(src/robotMovement) by extensions ['ros']
[0.199s] Level 1:colcon.colcon_core.package_identification:_identify(src/robotMovement) by extension 'ros'
[0.200s] DEBUG:colcon.colcon_core.package_identification:Package 'src/robotMovement' with type 'ros.ament_python' and name 'robotMovement'
[0.200s] Level 1:colcon.colcon_core.package_identification:_identify(src/userCommunication) by extensions ['ignore', 'ignore_ament_install']
[0.200s] Level 1:colcon.colcon_core.package_identification:_identify(src/userCommunication) by extension 'ignore'
[0.200s] Level 1:colcon.colcon_core.package_identification:_identify(src/userCommunication) by extension 'ignore_ament_install'
[0.200s] Level 1:colcon.colcon_core.package_identification:_identify(src/userCommunication) by extensions ['colcon_pkg']
[0.201s] Level 1:colcon.colcon_core.package_identification:_identify(src/userCommunication) by extension 'colcon_pkg'
[0.201s] Level 1:colcon.colcon_core.package_identification:_identify(src/userCommunication) by extensions ['colcon_meta']
[0.201s] Level 1:colcon.colcon_core.package_identification:_identify(src/userCommunication) by extension 'colcon_meta'
[0.201s] Level 1:colcon.colcon_core.package_identification:_identify(src/userCommunication) by extensions ['ros']
[0.201s] Level 1:colcon.colcon_core.package_identification:_identify(src/userCommunication) by extension 'ros'
[0.201s] DEBUG:colcon.colcon_core.package_identification:Package 'src/userCommunication' with type 'ros.ament_python' and name 'userCommunication'
[0.201s] Level 1:colcon.colcon_core.package_discovery:discover_packages(recursive) using defaults
[0.201s] Level 1:colcon.colcon_core.package_discovery:discover_packages(ignore) discover
[0.201s] Level 1:colcon.colcon_core.package_discovery:discover_packages(ignore) using defaults
[0.201s] Level 1:colcon.colcon_core.package_discovery:discover_packages(path) discover
[0.201s] Level 1:colcon.colcon_core.package_discovery:discover_packages(path) using defaults
[0.222s] Level 1:colcon.colcon_core.package_discovery:discover_packages(prefix_path) check parameters
[0.222s] Level 1:colcon.colcon_core.package_discovery:discover_packages(prefix_path) discover
[0.225s] DEBUG:colcon.colcon_installed_package_information.package_discovery:Found 17 installed packages in /home/upo/turtlebot3_ws/install
[0.228s] DEBUG:colcon.colcon_installed_package_information.package_discovery:Found 406 installed packages in /opt/ros/jazzy
[0.230s] Level 1:colcon.colcon_core.package_discovery:discover_packages(prefix_path) using defaults
[0.290s] Level 5:colcon.colcon_core.verb:set package 'interfaces' build argument 'cmake_args' from command line to 'None'
[0.290s] Level 5:colcon.colcon_core.verb:set package 'interfaces' build argument 'cmake_target' from command line to 'None'
[0.290s] Level 5:colcon.colcon_core.verb:set package 'interfaces' build argument 'cmake_target_skip_unavailable' from command line to 'False'
[0.290s] Level 5:colcon.colcon_core.verb:set package 'interfaces' build argument 'cmake_clean_cache' from command line to 'False'
[0.290s] Level 5:colcon.colcon_core.verb:set package 'interfaces' build argument 'cmake_clean_first' from command line to 'False'
[0.290s] Level 5:colcon.colcon_core.verb:set package 'interfaces' build argument 'cmake_force_configure' from command line to 'False'
[0.290s] Level 5:colcon.colcon_core.verb:set package 'interfaces' build argument 'ament_cmake_args' from command line to 'None'
[0.290s] Level 5:colcon.colcon_core.verb:set package 'interfaces' build argument 'catkin_cmake_args' from command line to 'None'
[0.290s] Level 5:colcon.colcon_core.verb:set package 'interfaces' build argument 'catkin_skip_building_tests' from command line to 'False'
[0.290s] DEBUG:colcon.colcon_core.verb:Building package 'interfaces' with the following arguments: {'ament_cmake_args': None, 'build_base': '/home/upo/TFG/ros2_ws/build/interfaces', 'catkin_cmake_args': None, 'catkin_skip_building_tests': False, 'cmake_args': None, 'cmake_clean_cache': False, 'cmake_clean_first': False, 'cmake_force_configure': False, 'cmake_target': None, 'cmake_target_skip_unavailable': False, 'install_base': '/home/upo/TFG/ros2_ws/install/interfaces', 'merge_install': False, 'path': '/home/upo/TFG/ros2_ws/src/interfaces', 'symlink_install': True, 'test_result_base': None}
[0.290s] Level 5:colcon.colcon_core.verb:set package 'userCommunication' build argument 'cmake_args' from command line to 'None'
[0.290s] Level 5:colcon.colcon_core.verb:set package 'userCommunication' build argument 'cmake_target' from command line to 'None'
[0.290s] Level 5:colcon.colcon_core.verb:set package 'userCommunication' build argument 'cmake_target_skip_unavailable' from command line to 'False'
[0.290s] Level 5:colcon.colcon_core.verb:set package 'userCommunication' build argument 'cmake_clean_cache' from command line to 'False'
[0.290s] Level 5:colcon.colcon_core.verb:set package 'userCommunication' build argument 'cmake_clean_first' from command line to 'False'
[0.290s] Level 5:colcon.colcon_core.verb:set package 'userCommunication' build argument 'cmake_force_configure' from command line to 'False'
[0.290s] Level 5:colcon.colcon_core.verb:set package 'userCommunication' build argument 'ament_cmake_args' from command line to 'None'
[0.290s] Level 5:colcon.colcon_core.verb:set package 'userCommunication' build argument 'catkin_cmake_args' from command line to 'None'
[0.290s] Level 5:colcon.colcon_core.verb:set package 'userCommunication' build argument 'catkin_skip_building_tests' from command line to 'False'
[0.290s] DEBUG:colcon.colcon_core.verb:Building package 'userCommunication' with the following arguments: {'ament_cmake_args': None, 'build_base': '/home/upo/TFG/ros2_ws/build/userCommunication', 'catkin_cmake_args': None, 'catkin_skip_building_tests': False, 'cmake_args': None, 'cmake_clean_cache': False, 'cmake_clean_first': False, 'cmake_force_configure': False, 'cmake_target': None, 'cmake_target_skip_unavailable': False, 'install_base': '/home/upo/TFG/ros2_ws/install/userCommunication', 'merge_install': False, 'path': '/home/upo/TFG/ros2_ws/src/userCommunication', 'symlink_install': True, 'test_result_base': None}
[0.291s] Level 5:colcon.colcon_core.verb:set package 'VLMProcessing' build argument 'cmake_args' from command line to 'None'
[0.291s] Level 5:colcon.colcon_core.verb:set package 'VLMProcessing' build argument 'cmake_target' from command line to 'None'
[0.291s] Level 5:colcon.colcon_core.verb:set package 'VLMProcessing' build argument 'cmake_target_skip_unavailable' from command line to 'False'
[0.291s] Level 5:colcon.colcon_core.verb:set package 'VLMProcessing' build argument 'cmake_clean_cache' from command line to 'False'
[0.291s] Level 5:colcon.colcon_core.verb:set package 'VLMProcessing' build argument 'cmake_clean_first' from command line to 'False'
[0.291s] Level 5:colcon.colcon_core.verb:set package 'VLMProcessing' build argument 'cmake_force_configure' from command line to 'False'
[0.291s] Level 5:colcon.colcon_core.verb:set package 'VLMProcessing' build argument 'ament_cmake_args' from command line to 'None'
[0.291s] Level 5:colcon.colcon_core.verb:set package 'VLMProcessing' build argument 'catkin_cmake_args' from command line to 'None'
[0.291s] Level 5:colcon.colcon_core.verb:set package 'VLMProcessing' build argument 'catkin_skip_building_tests' from command line to 'False'
[0.291s] DEBUG:colcon.colcon_core.verb:Building package 'VLMProcessing' with the following arguments: {'ament_cmake_args': None, 'build_base': '/home/upo/TFG/ros2_ws/build/VLMProcessing', 'catkin_cmake_args': None, 'catkin_skip_building_tests': False, 'cmake_args': None, 'cmake_clean_cache': False, 'cmake_clean_first': False, 'cmake_force_configure': False, 'cmake_target': None, 'cmake_target_skip_unavailable': False, 'install_base': '/home/upo/TFG/ros2_ws/install/VLMProcessing', 'merge_install': False, 'path': '/home/upo/TFG/ros2_ws/src/VLMProcessing', 'symlink_install': True, 'test_result_base': None}
[0.291s] Level 5:colcon.colcon_core.verb:set package 'robotCommunication' build argument 'cmake_args' from command line to 'None'
[0.291s] Level 5:colcon.colcon_core.verb:set package 'robotCommunication' build argument 'cmake_target' from command line to 'None'
[0.291s] Level 5:colcon.colcon_core.verb:set package 'robotCommunication' build argument 'cmake_target_skip_unavailable' from command line to 'False'
[0.291s] Level 5:colcon.colcon_core.verb:set package 'robotCommunication' build argument 'cmake_clean_cache' from command line to 'False'
[0.291s] Level 5:colcon.colcon_core.verb:set package 'robotCommunication' build argument 'cmake_clean_first' from command line to 'False'
[0.291s] Level 5:colcon.colcon_core.verb:set package 'robotCommunication' build argument 'cmake_force_configure' from command line to 'False'
[0.291s] Level 5:colcon.colcon_core.verb:set package 'robotCommunication' build argument 'ament_cmake_args' from command line to 'None'
[0.291s] Level 5:colcon.colcon_core.verb:set package 'robotCommunication' build argument 'catkin_cmake_args' from command line to 'None'
[0.291s] Level 5:colcon.colcon_core.verb:set package 'robotCommunication' build argument 'catkin_skip_building_tests' from command line to 'False'
[0.292s] DEBUG:colcon.colcon_core.verb:Building package 'robotCommunication' with the following arguments: {'ament_cmake_args': None, 'build_base': '/home/upo/TFG/ros2_ws/build/robotCommunication', 'catkin_cmake_args': None, 'catkin_skip_building_tests': False, 'cmake_args': None, 'cmake_clean_cache': False, 'cmake_clean_first': False, 'cmake_force_configure': False, 'cmake_target': None, 'cmake_target_skip_unavailable': False, 'install_base': '/home/upo/TFG/ros2_ws/install/robotCommunication', 'merge_install': False, 'path': '/home/upo/TFG/ros2_ws/src/robotCommunication', 'symlink_install': True, 'test_result_base': None}
[0.292s] Level 5:colcon.colcon_core.verb:set package 'robotMovement' build argument 'cmake_args' from command line to 'None'
[0.292s] Level 5:colcon.colcon_core.verb:set package 'robotMovement' build argument 'cmake_target' from command line to 'None'
[0.292s] Level 5:colcon.colcon_core.verb:set package 'robotMovement' build argument 'cmake_target_skip_unavailable' from command line to 'False'
[0.292s] Level 5:colcon.colcon_core.verb:set package 'robotMovement' build argument 'cmake_clean_cache' from command line to 'False'
[0.292s] Level 5:colcon.colcon_core.verb:set package 'robotMovement' build argument 'cmake_clean_first' from command line to 'False'
[0.292s] Level 5:colcon.colcon_core.verb:set package 'robotMovement' build argument 'cmake_force_configure' from command line to 'False'
[0.292s] Level 5:colcon.colcon_core.verb:set package 'robotMovement' build argument 'ament_cmake_args' from command line to 'None'
[0.292s] Level 5:colcon.colcon_core.verb:set package 'robotMovement' build argument 'catkin_cmake_args' from command line to 'None'
[0.292s] Level 5:colcon.colcon_core.verb:set package 'robotMovement' build argument 'catkin_skip_building_tests' from command line to 'False'
[0.292s] DEBUG:colcon.colcon_core.verb:Building package 'robotMovement' with the following arguments: {'ament_cmake_args': None, 'build_base': '/home/upo/TFG/ros2_ws/build/robotMovement', 'catkin_cmake_args': None, 'catkin_skip_building_tests': False, 'cmake_args': None, 'cmake_clean_cache': False, 'cmake_clean_first': False, 'cmake_force_configure': False, 'cmake_target': None, 'cmake_target_skip_unavailable': False, 'install_base': '/home/upo/TFG/ros2_ws/install/robotMovement', 'merge_install': False, 'path': '/home/upo/TFG/ros2_ws/src/robotMovement', 'symlink_install': True, 'test_result_base': None}
[0.292s] INFO:colcon.colcon_core.executor:Executing jobs using 'parallel' executor
[0.293s] DEBUG:colcon.colcon_parallel_executor.executor.parallel:run_until_complete
[0.294s] INFO:colcon.colcon_ros.task.ament_cmake.build:Building ROS package in '/home/upo/TFG/ros2_ws/src/interfaces' with build type 'ament_cmake'
[0.294s] INFO:colcon.colcon_cmake.task.cmake.build:Building CMake package in '/home/upo/TFG/ros2_ws/src/interfaces'
[0.296s] INFO:colcon.colcon_core.plugin_system:Skipping extension 'colcon_core.shell.bat': Not used on non-Windows systems
[0.296s] INFO:colcon.colcon_core.shell:Skip shell extension 'powershell' for command environment: Not usable outside of PowerShell
[0.296s] DEBUG:colcon.colcon_core.shell:Skip shell extension 'dsv' for command environment
[0.302s] INFO:colcon.colcon_ros.task.ament_python.build:Building ROS package in '/home/upo/TFG/ros2_ws/src/userCommunication' with build type 'ament_python'
[0.302s] Level 1:colcon.colcon_core.shell:create_environment_hook('userCommunication', 'ament_prefix_path')
[0.302s] INFO:colcon.colcon_core.shell:Creating environment hook '/home/upo/TFG/ros2_ws/install/userCommunication/share/userCommunication/hook/ament_prefix_path.ps1'
[0.303s] INFO:colcon.colcon_core.shell:Creating environment descriptor '/home/upo/TFG/ros2_ws/install/userCommunication/share/userCommunication/hook/ament_prefix_path.dsv'
[0.304s] INFO:colcon.colcon_core.shell:Creating environment hook '/home/upo/TFG/ros2_ws/install/userCommunication/share/userCommunication/hook/ament_prefix_path.sh'
[0.304s] INFO:colcon.colcon_core.shell:Skip shell extension 'powershell' for command environment: Not usable outside of PowerShell
[0.304s] DEBUG:colcon.colcon_core.shell:Skip shell extension 'dsv' for command environment
[0.314s] DEBUG:colcon.colcon_core.event_handler.log_command:Invoking command in '/home/upo/TFG/ros2_ws/build/interfaces': CMAKE_PREFIX_PATH=${CMAKE_PREFIX_PATH}:/home/upo/turtlebot3_ws/install/userCommunication:/home/upo/turtlebot3_ws/install/turtlebot3_teleop:/home/upo/turtlebot3_ws/install/turtlebot3_example:/home/upo/turtlebot3_ws/install/robotMovement:/home/upo/turtlebot3_ws/install/robotCommunication:/home/upo/turtlebot3_ws/install/VLMProcessing:/opt/ros/jazzy DEBUGINFOD_URLS=https://debuginfod.ubuntu.com /usr/bin/cmake --build /home/upo/TFG/ros2_ws/build/interfaces -- -j16 -l16
[0.575s] INFO:colcon.colcon_core.task.python.build:Building Python package in '/home/upo/TFG/ros2_ws/src/userCommunication'
[0.575s] INFO:colcon.colcon_core.shell:Skip shell extension 'powershell' for command environment: Not usable outside of PowerShell
[0.575s] DEBUG:colcon.colcon_core.shell:Skip shell extension 'dsv' for command environment
[0.842s] DEBUG:colcon.colcon_core.event_handler.log_command:Invoked command in '/home/upo/TFG/ros2_ws/build/interfaces' returned '0': CMAKE_PREFIX_PATH=${CMAKE_PREFIX_PATH}:/home/upo/turtlebot3_ws/install/userCommunication:/home/upo/turtlebot3_ws/install/turtlebot3_teleop:/home/upo/turtlebot3_ws/install/turtlebot3_example:/home/upo/turtlebot3_ws/install/robotMovement:/home/upo/turtlebot3_ws/install/robotCommunication:/home/upo/turtlebot3_ws/install/VLMProcessing:/opt/ros/jazzy DEBUGINFOD_URLS=https://debuginfod.ubuntu.com /usr/bin/cmake --build /home/upo/TFG/ros2_ws/build/interfaces -- -j16 -l16
[0.857s] DEBUG:colcon.colcon_core.event_handler.log_command:Invoking command in '/home/upo/TFG/ros2_ws/build/interfaces': CMAKE_PREFIX_PATH=${CMAKE_PREFIX_PATH}:/home/upo/turtlebot3_ws/install/userCommunication:/home/upo/turtlebot3_ws/install/turtlebot3_teleop:/home/upo/turtlebot3_ws/install/turtlebot3_example:/home/upo/turtlebot3_ws/install/robotMovement:/home/upo/turtlebot3_ws/install/robotCommunication:/home/upo/turtlebot3_ws/install/VLMProcessing:/opt/ros/jazzy DEBUGINFOD_URLS=https://debuginfod.ubuntu.com /usr/bin/cmake --install /home/upo/TFG/ros2_ws/build/interfaces
[0.950s] Level 1:colcon.colcon_core.environment:create_environment_scripts_only(interfaces)
[0.950s] DEBUG:colcon.colcon_core.event_handler.log_command:Invoked command in '/home/upo/TFG/ros2_ws/build/interfaces' returned '0': CMAKE_PREFIX_PATH=${CMAKE_PREFIX_PATH}:/home/upo/turtlebot3_ws/install/userCommunication:/home/upo/turtlebot3_ws/install/turtlebot3_teleop:/home/upo/turtlebot3_ws/install/turtlebot3_example:/home/upo/turtlebot3_ws/install/robotMovement:/home/upo/turtlebot3_ws/install/robotCommunication:/home/upo/turtlebot3_ws/install/VLMProcessing:/opt/ros/jazzy DEBUGINFOD_URLS=https://debuginfod.ubuntu.com /usr/bin/cmake --install /home/upo/TFG/ros2_ws/build/interfaces
[0.952s] Level 1:colcon.colcon_core.environment:checking '/home/upo/TFG/ros2_ws/install/interfaces' for CMake module files
[0.953s] Level 1:colcon.colcon_core.environment:checking '/home/upo/TFG/ros2_ws/install/interfaces' for CMake config files
[0.953s] Level 1:colcon.colcon_core.shell:create_environment_hook('interfaces', 'cmake_prefix_path')
[0.953s] INFO:colcon.colcon_core.shell:Creating environment hook '/home/upo/TFG/ros2_ws/install/interfaces/share/interfaces/hook/cmake_prefix_path.ps1'
[0.954s] INFO:colcon.colcon_core.shell:Creating environment descriptor '/home/upo/TFG/ros2_ws/install/interfaces/share/interfaces/hook/cmake_prefix_path.dsv'
[0.954s] INFO:colcon.colcon_core.shell:Creating environment hook '/home/upo/TFG/ros2_ws/install/interfaces/share/interfaces/hook/cmake_prefix_path.sh'
[0.954s] Level 1:colcon.colcon_core.environment:checking '/home/upo/TFG/ros2_ws/install/interfaces/lib'
[0.955s] Level 1:colcon.colcon_core.shell:create_environment_hook('interfaces', 'ld_library_path_lib')
[0.955s] INFO:colcon.colcon_core.shell:Creating environment hook '/home/upo/TFG/ros2_ws/install/interfaces/share/interfaces/hook/ld_library_path_lib.ps1'
[0.955s] INFO:colcon.colcon_core.shell:Creating environment descriptor '/home/upo/TFG/ros2_ws/install/interfaces/share/interfaces/hook/ld_library_path_lib.dsv'
[0.955s] INFO:colcon.colcon_core.shell:Creating environment hook '/home/upo/TFG/ros2_ws/install/interfaces/share/interfaces/hook/ld_library_path_lib.sh'
[0.956s] Level 1:colcon.colcon_core.environment:checking '/home/upo/TFG/ros2_ws/install/interfaces/bin'
[0.956s] Level 1:colcon.colcon_core.environment:checking '/home/upo/TFG/ros2_ws/install/interfaces/lib/pkgconfig/interfaces.pc'
[0.956s] Level 1:colcon.colcon_core.environment:checking '/home/upo/TFG/ros2_ws/install/interfaces/lib/python3.12/site-packages'
[0.956s] Level 1:colcon.colcon_core.shell:create_environment_hook('interfaces', 'pythonpath')
[0.956s] INFO:colcon.colcon_core.shell:Creating environment hook '/home/upo/TFG/ros2_ws/install/interfaces/share/interfaces/hook/pythonpath.ps1'
[0.956s] INFO:colcon.colcon_core.shell:Creating environment descriptor '/home/upo/TFG/ros2_ws/install/interfaces/share/interfaces/hook/pythonpath.dsv'
[0.957s] INFO:colcon.colcon_core.shell:Creating environment hook '/home/upo/TFG/ros2_ws/install/interfaces/share/interfaces/hook/pythonpath.sh'
[0.957s] Level 1:colcon.colcon_core.environment:checking '/home/upo/TFG/ros2_ws/install/interfaces/bin'
[0.957s] INFO:colcon.colcon_core.shell:Creating package script '/home/upo/TFG/ros2_ws/install/interfaces/share/interfaces/package.ps1'
[0.958s] INFO:colcon.colcon_core.shell:Creating package descriptor '/home/upo/TFG/ros2_ws/install/interfaces/share/interfaces/package.dsv'
[0.959s] INFO:colcon.colcon_core.shell:Creating package script '/home/upo/TFG/ros2_ws/install/interfaces/share/interfaces/package.sh'
[0.959s] INFO:colcon.colcon_core.shell:Creating package script '/home/upo/TFG/ros2_ws/install/interfaces/share/interfaces/package.bash'
[0.960s] INFO:colcon.colcon_core.shell:Creating package script '/home/upo/TFG/ros2_ws/install/interfaces/share/interfaces/package.zsh'
[0.960s] Level 1:colcon.colcon_core.environment:create_file_with_runtime_dependencies(/home/upo/TFG/ros2_ws/install/interfaces/share/colcon-core/packages/interfaces)
[0.960s] Level 1:colcon.colcon_core.environment:create_environment_scripts_only(interfaces)
[0.961s] Level 1:colcon.colcon_core.environment:checking '/home/upo/TFG/ros2_ws/install/interfaces' for CMake module files
[0.961s] Level 1:colcon.colcon_core.environment:checking '/home/upo/TFG/ros2_ws/install/interfaces' for CMake config files
[0.962s] Level 1:colcon.colcon_core.shell:create_environment_hook('interfaces', 'cmake_prefix_path')
[0.962s] INFO:colcon.colcon_core.shell:Creating environment hook '/home/upo/TFG/ros2_ws/install/interfaces/share/interfaces/hook/cmake_prefix_path.ps1'
[0.962s] INFO:colcon.colcon_core.shell:Creating environment descriptor '/home/upo/TFG/ros2_ws/install/interfaces/share/interfaces/hook/cmake_prefix_path.dsv'
[0.962s] INFO:colcon.colcon_core.shell:Creating environment hook '/home/upo/TFG/ros2_ws/install/interfaces/share/interfaces/hook/cmake_prefix_path.sh'
[0.963s] Level 1:colcon.colcon_core.environment:checking '/home/upo/TFG/ros2_ws/install/interfaces/lib'
[0.963s] Level 1:colcon.colcon_core.shell:create_environment_hook('interfaces', 'ld_library_path_lib')
[0.963s] INFO:colcon.colcon_core.shell:Creating environment hook '/home/upo/TFG/ros2_ws/install/interfaces/share/interfaces/hook/ld_library_path_lib.ps1'
[0.963s] INFO:colcon.colcon_core.shell:Creating environment descriptor '/home/upo/TFG/ros2_ws/install/interfaces/share/interfaces/hook/ld_library_path_lib.dsv'
[0.963s] INFO:colcon.colcon_core.shell:Creating environment hook '/home/upo/TFG/ros2_ws/install/interfaces/share/interfaces/hook/ld_library_path_lib.sh'
[0.964s] Level 1:colcon.colcon_core.environment:checking '/home/upo/TFG/ros2_ws/install/interfaces/bin'
[0.964s] Level 1:colcon.colcon_core.environment:checking '/home/upo/TFG/ros2_ws/install/interfaces/lib/pkgconfig/interfaces.pc'
[0.964s] Level 1:colcon.colcon_core.environment:checking '/home/upo/TFG/ros2_ws/install/interfaces/lib/python3.12/site-packages'
[0.964s] Level 1:colcon.colcon_core.shell:create_environment_hook('interfaces', 'pythonpath')
[0.964s] INFO:colcon.colcon_core.shell:Creating environment hook '/home/upo/TFG/ros2_ws/install/interfaces/share/interfaces/hook/pythonpath.ps1'
[0.964s] INFO:colcon.colcon_core.shell:Creating environment descriptor '/home/upo/TFG/ros2_ws/install/interfaces/share/interfaces/hook/pythonpath.dsv'
[0.965s] INFO:colcon.colcon_core.shell:Creating environment hook '/home/upo/TFG/ros2_ws/install/interfaces/share/interfaces/hook/pythonpath.sh'
[0.965s] Level 1:colcon.colcon_core.environment:checking '/home/upo/TFG/ros2_ws/install/interfaces/bin'
[0.965s] INFO:colcon.colcon_core.shell:Creating package script '/home/upo/TFG/ros2_ws/install/interfaces/share/interfaces/package.ps1'
[0.966s] INFO:colcon.colcon_core.shell:Creating package descriptor '/home/upo/TFG/ros2_ws/install/interfaces/share/interfaces/package.dsv'
[0.966s] INFO:colcon.colcon_core.shell:Creating package script '/home/upo/TFG/ros2_ws/install/interfaces/share/interfaces/package.sh'
[0.966s] INFO:colcon.colcon_core.shell:Creating package script '/home/upo/TFG/ros2_ws/install/interfaces/share/interfaces/package.bash'
[0.967s] INFO:colcon.colcon_core.shell:Creating package script '/home/upo/TFG/ros2_ws/install/interfaces/share/interfaces/package.zsh'
[0.967s] Level 1:colcon.colcon_core.environment:create_file_with_runtime_dependencies(/home/upo/TFG/ros2_ws/install/interfaces/share/colcon-core/packages/interfaces)
[0.967s] INFO:colcon.colcon_ros.task.ament_python.build:Building ROS package in '/home/upo/TFG/ros2_ws/src/VLMProcessing' with build type 'ament_python'
[0.967s] Level 1:colcon.colcon_core.shell:create_environment_hook('VLMProcessing', 'ament_prefix_path')
[0.967s] INFO:colcon.colcon_core.shell:Creating environment hook '/home/upo/TFG/ros2_ws/install/VLMProcessing/share/VLMProcessing/hook/ament_prefix_path.ps1'
[0.968s] INFO:colcon.colcon_core.shell:Creating environment descriptor '/home/upo/TFG/ros2_ws/install/VLMProcessing/share/VLMProcessing/hook/ament_prefix_path.dsv'
[0.968s] INFO:colcon.colcon_core.shell:Creating environment hook '/home/upo/TFG/ros2_ws/install/VLMProcessing/share/VLMProcessing/hook/ament_prefix_path.sh'
[0.969s] INFO:colcon.colcon_core.shell:Skip shell extension 'powershell' for command environment: Not usable outside of PowerShell
[0.969s] DEBUG:colcon.colcon_core.shell:Skip shell extension 'dsv' for command environment
[0.973s] INFO:colcon.colcon_ros.task.ament_python.build:Building ROS package in '/home/upo/TFG/ros2_ws/src/robotCommunication' with build type 'ament_python'
[0.973s] Level 1:colcon.colcon_core.shell:create_environment_hook('robotCommunication', 'ament_prefix_path')
[0.973s] INFO:colcon.colcon_core.shell:Creating environment hook '/home/upo/TFG/ros2_ws/install/robotCommunication/share/robotCommunication/hook/ament_prefix_path.ps1'
[0.974s] INFO:colcon.colcon_core.shell:Creating environment descriptor '/home/upo/TFG/ros2_ws/install/robotCommunication/share/robotCommunication/hook/ament_prefix_path.dsv'
[0.974s] INFO:colcon.colcon_core.shell:Creating environment hook '/home/upo/TFG/ros2_ws/install/robotCommunication/share/robotCommunication/hook/ament_prefix_path.sh'
[0.974s] INFO:colcon.colcon_core.shell:Skip shell extension 'powershell' for command environment: Not usable outside of PowerShell
[0.974s] DEBUG:colcon.colcon_core.shell:Skip shell extension 'dsv' for command environment
[0.978s] INFO:colcon.colcon_ros.task.ament_python.build:Building ROS package in '/home/upo/TFG/ros2_ws/src/robotMovement' with build type 'ament_python'
[0.978s] Level 1:colcon.colcon_core.shell:create_environment_hook('robotMovement', 'ament_prefix_path')
[0.978s] INFO:colcon.colcon_core.shell:Creating environment hook '/home/upo/TFG/ros2_ws/install/robotMovement/share/robotMovement/hook/ament_prefix_path.ps1'
[0.979s] INFO:colcon.colcon_core.shell:Creating environment descriptor '/home/upo/TFG/ros2_ws/install/robotMovement/share/robotMovement/hook/ament_prefix_path.dsv'
[0.979s] INFO:colcon.colcon_core.shell:Creating environment hook '/home/upo/TFG/ros2_ws/install/robotMovement/share/robotMovement/hook/ament_prefix_path.sh'
[0.979s] INFO:colcon.colcon_core.shell:Skip shell extension 'powershell' for command environment: Not usable outside of PowerShell
[0.979s] DEBUG:colcon.colcon_core.shell:Skip shell extension 'dsv' for command environment
[1.169s] INFO:colcon.colcon_core.task.python.build:Building Python package in '/home/upo/TFG/ros2_ws/src/VLMProcessing'
[1.170s] INFO:colcon.colcon_core.shell:Skip shell extension 'powershell' for command environment: Not usable outside of PowerShell
[1.170s] DEBUG:colcon.colcon_core.shell:Skip shell extension 'dsv' for command environment
[1.351s] INFO:colcon.colcon_core.task.python.build:Building Python package in '/home/upo/TFG/ros2_ws/src/robotCommunication'
[1.351s] INFO:colcon.colcon_core.shell:Skip shell extension 'powershell' for command environment: Not usable outside of PowerShell
[1.351s] DEBUG:colcon.colcon_core.shell:Skip shell extension 'dsv' for command environment
[1.531s] INFO:colcon.colcon_core.task.python.build:Building Python package in '/home/upo/TFG/ros2_ws/src/robotMovement'
[1.532s] INFO:colcon.colcon_core.shell:Skip shell extension 'powershell' for command environment: Not usable outside of PowerShell
[1.532s] DEBUG:colcon.colcon_core.shell:Skip shell extension 'dsv' for command environment
[1.536s] DEBUG:colcon.colcon_core.task.python.build:Available setuptools commands: dist_info, setopt, build, bdist_egg, editable_wheel, egg_info, check, register, install_egg_info, rotate, bdist_wheel, build_clib, update_catalog, install_scripts, install_data, test, install, bdist, bdist_rpm, develop, sdist, clean, build_py, upload, bdist_dumb, extract_messages, symlink_data, init_catalog, saveopts, install_headers, install_lib, easy_install, build_scripts, upload_docs, alias, build_ext, compile_catalog
[1.837s] DEBUG:colcon.colcon_core.task.python.build:Available setuptools 'develop' options: --egg-path, --force-installation-into-system-dir, --local-snapshots-ok, --optimize, --verbose, --multi-version, --editable, --quiet, --build-directory, --user, --exclude-scripts, --always-copy, --install-dir, --upgrade, --record, --no-find-links, --site-dirs, --dry-run, --help, --index-url, --zip-ok, --no-user-cfg, --allow-hosts, --version, --uninstall, --prefix, --script-dir, --no-deps, --always-unzip, --install-layout, --find-links
[1.839s] DEBUG:colcon.colcon_core.event_handler.log_command:Invoking command in '/home/upo/TFG/ros2_ws/build/userCommunication': DEBUGINFOD_URLS=https://debuginfod.ubuntu.com PYTHONPATH=/home/upo/TFG/ros2_ws/build/userCommunication/prefix_override:/usr/lib/python3/dist-packages/colcon_core/task/python/colcon_distutils_commands:/home/upo/TFG/ros2_ws/install/userCommunication/lib/python3.12/site-packages:${PYTHONPATH} /usr/bin/python3 -W ignore:setup.py install is deprecated -W ignore:easy_install command is deprecated setup.py develop --editable --build-directory /home/upo/TFG/ros2_ws/build/userCommunication/build --no-deps symlink_data
[2.078s] DEBUG:colcon.colcon_core.task.python.build:Available setuptools commands: dist_info, setopt, build, bdist_egg, editable_wheel, egg_info, check, register, install_egg_info, rotate, bdist_wheel, build_clib, update_catalog, install_scripts, install_data, test, install, bdist, bdist_rpm, develop, sdist, clean, build_py, upload, bdist_dumb, extract_messages, symlink_data, init_catalog, saveopts, install_headers, install_lib, easy_install, build_scripts, upload_docs, alias, build_ext, compile_catalog
[2.080s] DEBUG:colcon.colcon_core.task.python.build:Available setuptools commands: dist_info, setopt, build, bdist_egg, editable_wheel, egg_info, check, register, install_egg_info, rotate, bdist_wheel, build_clib, update_catalog, install_scripts, install_data, test, install, bdist, bdist_rpm, develop, sdist, clean, build_py, upload, bdist_dumb, extract_messages, symlink_data, init_catalog, saveopts, install_headers, install_lib, easy_install, build_scripts, upload_docs, alias, build_ext, compile_catalog
[2.084s] DEBUG:colcon.colcon_core.task.python.build:Available setuptools commands: dist_info, setopt, build, bdist_egg, editable_wheel, egg_info, check, register, install_egg_info, rotate, bdist_wheel, build_clib, update_catalog, install_scripts, install_data, test, install, bdist, bdist_rpm, develop, sdist, clean, build_py, upload, bdist_dumb, extract_messages, symlink_data, init_catalog, saveopts, install_headers, install_lib, easy_install, build_scripts, upload_docs, alias, build_ext, compile_catalog
[2.384s] DEBUG:colcon.colcon_core.task.python.build:Available setuptools 'develop' options: --egg-path, --force-installation-into-system-dir, --local-snapshots-ok, --optimize, --verbose, --multi-version, --editable, --quiet, --build-directory, --user, --exclude-scripts, --always-copy, --install-dir, --upgrade, --record, --no-find-links, --site-dirs, --dry-run, --help, --index-url, --zip-ok, --no-user-cfg, --allow-hosts, --version, --uninstall, --prefix, --script-dir, --no-deps, --always-unzip, --install-layout, --find-links
[2.387s] DEBUG:colcon.colcon_core.event_handler.log_command:Invoking command in '/home/upo/TFG/ros2_ws/build/robotCommunication': AMENT_PREFIX_PATH=/home/upo/TFG/ros2_ws/install/interfaces:${AMENT_PREFIX_PATH} CMAKE_PREFIX_PATH=/home/upo/TFG/ros2_ws/install/interfaces:${CMAKE_PREFIX_PATH} DEBUGINFOD_URLS=https://debuginfod.ubuntu.com LD_LIBRARY_PATH=/home/upo/TFG/ros2_ws/install/interfaces/lib:${LD_LIBRARY_PATH} PYTHONPATH=/home/upo/TFG/ros2_ws/build/robotCommunication/prefix_override:/usr/lib/python3/dist-packages/colcon_core/task/python/colcon_distutils_commands:/home/upo/TFG/ros2_ws/install/robotCommunication/lib/python3.12/site-packages:/home/upo/TFG/ros2_ws/install/interfaces/lib/python3.12/site-packages:${PYTHONPATH} /usr/bin/python3 -W ignore:setup.py install is deprecated -W ignore:easy_install command is deprecated setup.py develop --editable --build-directory /home/upo/TFG/ros2_ws/build/robotCommunication/build --no-deps symlink_data
[2.387s] DEBUG:colcon.colcon_core.task.python.build:Available setuptools 'develop' options: --egg-path, --force-installation-into-system-dir, --local-snapshots-ok, --optimize, --verbose, --multi-version, --editable, --quiet, --build-directory, --user, --exclude-scripts, --always-copy, --install-dir, --upgrade, --record, --no-find-links, --site-dirs, --dry-run, --help, --index-url, --zip-ok, --no-user-cfg, --allow-hosts, --version, --uninstall, --prefix, --script-dir, --no-deps, --always-unzip, --install-layout, --find-links
[2.389s] DEBUG:colcon.colcon_core.event_handler.log_command:Invoking command in '/home/upo/TFG/ros2_ws/build/VLMProcessing': AMENT_PREFIX_PATH=/home/upo/TFG/ros2_ws/install/interfaces:${AMENT_PREFIX_PATH} CMAKE_PREFIX_PATH=/home/upo/TFG/ros2_ws/install/interfaces:${CMAKE_PREFIX_PATH} DEBUGINFOD_URLS=https://debuginfod.ubuntu.com LD_LIBRARY_PATH=/home/upo/TFG/ros2_ws/install/interfaces/lib:${LD_LIBRARY_PATH} PYTHONPATH=/home/upo/TFG/ros2_ws/build/VLMProcessing/prefix_override:/usr/lib/python3/dist-packages/colcon_core/task/python/colcon_distutils_commands:/home/upo/TFG/ros2_ws/install/VLMProcessing/lib/python3.12/site-packages:/home/upo/TFG/ros2_ws/install/interfaces/lib/python3.12/site-packages:${PYTHONPATH} /usr/bin/python3 -W ignore:setup.py install is deprecated -W ignore:easy_install command is deprecated setup.py develop --editable --build-directory /home/upo/TFG/ros2_ws/build/VLMProcessing/build --no-deps symlink_data
[2.392s] DEBUG:colcon.colcon_core.task.python.build:Available setuptools 'develop' options: --egg-path, --force-installation-into-system-dir, --local-snapshots-ok, --optimize, --verbose, --multi-version, --editable, --quiet, --build-directory, --user, --exclude-scripts, --always-copy, --install-dir, --upgrade, --record, --no-find-links, --site-dirs, --dry-run, --help, --index-url, --zip-ok, --no-user-cfg, --allow-hosts, --version, --uninstall, --prefix, --script-dir, --no-deps, --always-unzip, --install-layout, --find-links
[2.394s] DEBUG:colcon.colcon_core.event_handler.log_command:Invoking command in '/home/upo/TFG/ros2_ws/build/robotMovement': AMENT_PREFIX_PATH=/home/upo/TFG/ros2_ws/install/interfaces:${AMENT_PREFIX_PATH} CMAKE_PREFIX_PATH=/home/upo/TFG/ros2_ws/install/interfaces:${CMAKE_PREFIX_PATH} DEBUGINFOD_URLS=https://debuginfod.ubuntu.com LD_LIBRARY_PATH=/home/upo/TFG/ros2_ws/install/interfaces/lib:${LD_LIBRARY_PATH} PYTHONPATH=/home/upo/TFG/ros2_ws/build/robotMovement/prefix_override:/usr/lib/python3/dist-packages/colcon_core/task/python/colcon_distutils_commands:/home/upo/TFG/ros2_ws/install/robotMovement/lib/python3.12/site-packages:/home/upo/TFG/ros2_ws/install/interfaces/lib/python3.12/site-packages:${PYTHONPATH} /usr/bin/python3 -W ignore:setup.py install is deprecated -W ignore:easy_install command is deprecated setup.py develop --editable --build-directory /home/upo/TFG/ros2_ws/build/robotMovement/build --no-deps symlink_data
[2.440s] Level 1:colcon.colcon_core.shell:create_environment_hook('userCommunication', 'pythonpath_develop')
[2.441s] INFO:colcon.colcon_core.shell:Creating environment hook '/home/upo/TFG/ros2_ws/build/userCommunication/share/userCommunication/hook/pythonpath_develop.ps1'
[2.441s] INFO:colcon.colcon_core.shell:Creating environment descriptor '/home/upo/TFG/ros2_ws/build/userCommunication/share/userCommunication/hook/pythonpath_develop.dsv'
[2.442s] DEBUG:colcon.colcon_core.event_handler.log_command:Invoked command in '/home/upo/TFG/ros2_ws/build/userCommunication' returned '0': DEBUGINFOD_URLS=https://debuginfod.ubuntu.com PYTHONPATH=/home/upo/TFG/ros2_ws/build/userCommunication/prefix_override:/usr/lib/python3/dist-packages/colcon_core/task/python/colcon_distutils_commands:/home/upo/TFG/ros2_ws/install/userCommunication/lib/python3.12/site-packages:${PYTHONPATH} /usr/bin/python3 -W ignore:setup.py install is deprecated -W ignore:easy_install command is deprecated setup.py develop --editable --build-directory /home/upo/TFG/ros2_ws/build/userCommunication/build --no-deps symlink_data
[2.442s] INFO:colcon.colcon_core.shell:Creating environment hook '/home/upo/TFG/ros2_ws/build/userCommunication/share/userCommunication/hook/pythonpath_develop.sh'
[2.442s] Level 1:colcon.colcon_core.environment:checking '/home/upo/TFG/ros2_ws/install/userCommunication' for CMake module files
[2.443s] Level 1:colcon.colcon_core.environment:checking '/home/upo/TFG/ros2_ws/install/userCommunication' for CMake config files
[2.443s] Level 1:colcon.colcon_core.environment:checking '/home/upo/TFG/ros2_ws/install/userCommunication/lib'
[2.443s] Level 1:colcon.colcon_core.environment:checking '/home/upo/TFG/ros2_ws/install/userCommunication/bin'
[2.443s] Level 1:colcon.colcon_core.environment:checking '/home/upo/TFG/ros2_ws/install/userCommunication/lib/pkgconfig/userCommunication.pc'
[2.443s] Level 1:colcon.colcon_core.environment:checking '/home/upo/TFG/ros2_ws/install/userCommunication/lib/python3.12/site-packages'
[2.443s] Level 1:colcon.colcon_core.shell:create_environment_hook('userCommunication', 'pythonpath')
[2.444s] INFO:colcon.colcon_core.shell:Creating environment hook '/home/upo/TFG/ros2_ws/install/userCommunication/share/userCommunication/hook/pythonpath.ps1'
[2.444s] INFO:colcon.colcon_core.shell:Creating environment descriptor '/home/upo/TFG/ros2_ws/install/userCommunication/share/userCommunication/hook/pythonpath.dsv'
[2.444s] INFO:colcon.colcon_core.shell:Creating environment hook '/home/upo/TFG/ros2_ws/install/userCommunication/share/userCommunication/hook/pythonpath.sh'
[2.445s] Level 1:colcon.colcon_core.environment:checking '/home/upo/TFG/ros2_ws/install/userCommunication/bin'
[2.445s] Level 1:colcon.colcon_core.environment:create_environment_scripts_only(userCommunication)
[2.445s] INFO:colcon.colcon_core.shell:Creating package script '/home/upo/TFG/ros2_ws/install/userCommunication/share/userCommunication/package.ps1'
[2.445s] INFO:colcon.colcon_core.shell:Creating package descriptor '/home/upo/TFG/ros2_ws/install/userCommunication/share/userCommunication/package.dsv'
[2.446s] INFO:colcon.colcon_core.shell:Creating package script '/home/upo/TFG/ros2_ws/install/userCommunication/share/userCommunication/package.sh'
[2.446s] INFO:colcon.colcon_core.shell:Creating package script '/home/upo/TFG/ros2_ws/install/userCommunication/share/userCommunication/package.bash'
[2.446s] INFO:colcon.colcon_core.shell:Creating package script '/home/upo/TFG/ros2_ws/install/userCommunication/share/userCommunication/package.zsh'
[2.446s] Level 1:colcon.colcon_core.environment:create_file_with_runtime_dependencies(/home/upo/TFG/ros2_ws/install/userCommunication/share/colcon-core/packages/userCommunication)
[2.984s] Level 1:colcon.colcon_core.shell:create_environment_hook('VLMProcessing', 'pythonpath_develop')
[2.984s] INFO:colcon.colcon_core.shell:Creating environment hook '/home/upo/TFG/ros2_ws/build/VLMProcessing/share/VLMProcessing/hook/pythonpath_develop.ps1'
[2.985s] DEBUG:colcon.colcon_core.event_handler.log_command:Invoked command in '/home/upo/TFG/ros2_ws/build/VLMProcessing' returned '0': AMENT_PREFIX_PATH=/home/upo/TFG/ros2_ws/install/interfaces:${AMENT_PREFIX_PATH} CMAKE_PREFIX_PATH=/home/upo/TFG/ros2_ws/install/interfaces:${CMAKE_PREFIX_PATH} DEBUGINFOD_URLS=https://debuginfod.ubuntu.com LD_LIBRARY_PATH=/home/upo/TFG/ros2_ws/install/interfaces/lib:${LD_LIBRARY_PATH} PYTHONPATH=/home/upo/TFG/ros2_ws/build/VLMProcessing/prefix_override:/usr/lib/python3/dist-packages/colcon_core/task/python/colcon_distutils_commands:/home/upo/TFG/ros2_ws/install/VLMProcessing/lib/python3.12/site-packages:/home/upo/TFG/ros2_ws/install/interfaces/lib/python3.12/site-packages:${PYTHONPATH} /usr/bin/python3 -W ignore:setup.py install is deprecated -W ignore:easy_install command is deprecated setup.py develop --editable --build-directory /home/upo/TFG/ros2_ws/build/VLMProcessing/build --no-deps symlink_data
[2.985s] INFO:colcon.colcon_core.shell:Creating environment descriptor '/home/upo/TFG/ros2_ws/build/VLMProcessing/share/VLMProcessing/hook/pythonpath_develop.dsv'
[2.986s] INFO:colcon.colcon_core.shell:Creating environment hook '/home/upo/TFG/ros2_ws/build/VLMProcessing/share/VLMProcessing/hook/pythonpath_develop.sh'
[2.986s] Level 1:colcon.colcon_core.environment:checking '/home/upo/TFG/ros2_ws/install/VLMProcessing' for CMake module files
[2.986s] Level 1:colcon.colcon_core.environment:checking '/home/upo/TFG/ros2_ws/install/VLMProcessing' for CMake config files
[2.987s] Level 1:colcon.colcon_core.environment:checking '/home/upo/TFG/ros2_ws/install/VLMProcessing/lib'
[2.987s] Level 1:colcon.colcon_core.environment:checking '/home/upo/TFG/ros2_ws/install/VLMProcessing/bin'
[2.987s] Level 1:colcon.colcon_core.environment:checking '/home/upo/TFG/ros2_ws/install/VLMProcessing/lib/pkgconfig/VLMProcessing.pc'
[2.987s] Level 1:colcon.colcon_core.environment:checking '/home/upo/TFG/ros2_ws/install/VLMProcessing/lib/python3.12/site-packages'
[2.987s] Level 1:colcon.colcon_core.shell:create_environment_hook('VLMProcessing', 'pythonpath')
[2.987s] INFO:colcon.colcon_core.shell:Creating environment hook '/home/upo/TFG/ros2_ws/install/VLMProcessing/share/VLMProcessing/hook/pythonpath.ps1'
[2.988s] INFO:colcon.colcon_core.shell:Creating environment descriptor '/home/upo/TFG/ros2_ws/install/VLMProcessing/share/VLMProcessing/hook/pythonpath.dsv'
[2.988s] INFO:colcon.colcon_core.shell:Creating environment hook '/home/upo/TFG/ros2_ws/install/VLMProcessing/share/VLMProcessing/hook/pythonpath.sh'
[2.988s] Level 1:colcon.colcon_core.environment:checking '/home/upo/TFG/ros2_ws/install/VLMProcessing/bin'
[2.988s] Level 1:colcon.colcon_core.environment:create_environment_scripts_only(VLMProcessing)
[2.989s] INFO:colcon.colcon_core.shell:Creating package script '/home/upo/TFG/ros2_ws/install/VLMProcessing/share/VLMProcessing/package.ps1'
[2.989s] INFO:colcon.colcon_core.shell:Creating package descriptor '/home/upo/TFG/ros2_ws/install/VLMProcessing/share/VLMProcessing/package.dsv'
[2.989s] INFO:colcon.colcon_core.shell:Creating package script '/home/upo/TFG/ros2_ws/install/VLMProcessing/share/VLMProcessing/package.sh'
[2.990s] INFO:colcon.colcon_core.shell:Creating package script '/home/upo/TFG/ros2_ws/install/VLMProcessing/share/VLMProcessing/package.bash'
[2.990s] INFO:colcon.colcon_core.shell:Creating package script '/home/upo/TFG/ros2_ws/install/VLMProcessing/share/VLMProcessing/package.zsh'
[2.990s] Level 1:colcon.colcon_core.environment:create_file_with_runtime_dependencies(/home/upo/TFG/ros2_ws/install/VLMProcessing/share/colcon-core/packages/VLMProcessing)
[2.991s] Level 1:colcon.colcon_core.shell:create_environment_hook('robotCommunication', 'pythonpath_develop')
[2.992s] INFO:colcon.colcon_core.shell:Creating environment hook '/home/upo/TFG/ros2_ws/build/robotCommunication/share/robotCommunication/hook/pythonpath_develop.ps1'
[2.992s] DEBUG:colcon.colcon_core.event_handler.log_command:Invoked command in '/home/upo/TFG/ros2_ws/build/robotCommunication' returned '0': AMENT_PREFIX_PATH=/home/upo/TFG/ros2_ws/install/interfaces:${AMENT_PREFIX_PATH} CMAKE_PREFIX_PATH=/home/upo/TFG/ros2_ws/install/interfaces:${CMAKE_PREFIX_PATH} DEBUGINFOD_URLS=https://debuginfod.ubuntu.com LD_LIBRARY_PATH=/home/upo/TFG/ros2_ws/install/interfaces/lib:${LD_LIBRARY_PATH} PYTHONPATH=/home/upo/TFG/ros2_ws/build/robotCommunication/prefix_override:/usr/lib/python3/dist-packages/colcon_core/task/python/colcon_distutils_commands:/home/upo/TFG/ros2_ws/install/robotCommunication/lib/python3.12/site-packages:/home/upo/TFG/ros2_ws/install/interfaces/lib/python3.12/site-packages:${PYTHONPATH} /usr/bin/python3 -W ignore:setup.py install is deprecated -W ignore:easy_install command is deprecated setup.py develop --editable --build-directory /home/upo/TFG/ros2_ws/build/robotCommunication/build --no-deps symlink_data
[2.992s] INFO:colcon.colcon_core.shell:Creating environment descriptor '/home/upo/TFG/ros2_ws/build/robotCommunication/share/robotCommunication/hook/pythonpath_develop.dsv'
[2.993s] INFO:colcon.colcon_core.shell:Creating environment hook '/home/upo/TFG/ros2_ws/build/robotCommunication/share/robotCommunication/hook/pythonpath_develop.sh'
[2.993s] Level 1:colcon.colcon_core.environment:checking '/home/upo/TFG/ros2_ws/install/robotCommunication' for CMake module files
[2.993s] Level 1:colcon.colcon_core.environment:checking '/home/upo/TFG/ros2_ws/install/robotCommunication' for CMake config files
[2.994s] Level 1:colcon.colcon_core.environment:checking '/home/upo/TFG/ros2_ws/install/robotCommunication/lib'
[2.994s] Level 1:colcon.colcon_core.environment:checking '/home/upo/TFG/ros2_ws/install/robotCommunication/bin'
[2.994s] Level 1:colcon.colcon_core.environment:checking '/home/upo/TFG/ros2_ws/install/robotCommunication/lib/pkgconfig/robotCommunication.pc'
[2.994s] Level 1:colcon.colcon_core.environment:checking '/home/upo/TFG/ros2_ws/install/robotCommunication/lib/python3.12/site-packages'
[2.994s] Level 1:colcon.colcon_core.shell:create_environment_hook('robotCommunication', 'pythonpath')
[2.994s] INFO:colcon.colcon_core.shell:Creating environment hook '/home/upo/TFG/ros2_ws/install/robotCommunication/share/robotCommunication/hook/pythonpath.ps1'
[2.994s] INFO:colcon.colcon_core.shell:Creating environment descriptor '/home/upo/TFG/ros2_ws/install/robotCommunication/share/robotCommunication/hook/pythonpath.dsv'
[2.995s] INFO:colcon.colcon_core.shell:Creating environment hook '/home/upo/TFG/ros2_ws/install/robotCommunication/share/robotCommunication/hook/pythonpath.sh'
[2.995s] Level 1:colcon.colcon_core.environment:checking '/home/upo/TFG/ros2_ws/install/robotCommunication/bin'
[2.995s] Level 1:colcon.colcon_core.environment:create_environment_scripts_only(robotCommunication)
[2.995s] INFO:colcon.colcon_core.shell:Creating package script '/home/upo/TFG/ros2_ws/install/robotCommunication/share/robotCommunication/package.ps1'
[2.996s] INFO:colcon.colcon_core.shell:Creating package descriptor '/home/upo/TFG/ros2_ws/install/robotCommunication/share/robotCommunication/package.dsv'
[2.996s] INFO:colcon.colcon_core.shell:Creating package script '/home/upo/TFG/ros2_ws/install/robotCommunication/share/robotCommunication/package.sh'
[2.997s] INFO:colcon.colcon_core.shell:Creating package script '/home/upo/TFG/ros2_ws/install/robotCommunication/share/robotCommunication/package.bash'
[2.997s] INFO:colcon.colcon_core.shell:Creating package script '/home/upo/TFG/ros2_ws/install/robotCommunication/share/robotCommunication/package.zsh'
[2.997s] Level 1:colcon.colcon_core.environment:create_file_with_runtime_dependencies(/home/upo/TFG/ros2_ws/install/robotCommunication/share/colcon-core/packages/robotCommunication)
[2.998s] Level 1:colcon.colcon_core.shell:create_environment_hook('robotMovement', 'pythonpath_develop')
[2.998s] INFO:colcon.colcon_core.shell:Creating environment hook '/home/upo/TFG/ros2_ws/build/robotMovement/share/robotMovement/hook/pythonpath_develop.ps1'
[2.998s] INFO:colcon.colcon_core.shell:Creating environment descriptor '/home/upo/TFG/ros2_ws/build/robotMovement/share/robotMovement/hook/pythonpath_develop.dsv'
[2.999s] DEBUG:colcon.colcon_core.event_handler.log_command:Invoked command in '/home/upo/TFG/ros2_ws/build/robotMovement' returned '0': AMENT_PREFIX_PATH=/home/upo/TFG/ros2_ws/install/interfaces:${AMENT_PREFIX_PATH} CMAKE_PREFIX_PATH=/home/upo/TFG/ros2_ws/install/interfaces:${CMAKE_PREFIX_PATH} DEBUGINFOD_URLS=https://debuginfod.ubuntu.com LD_LIBRARY_PATH=/home/upo/TFG/ros2_ws/install/interfaces/lib:${LD_LIBRARY_PATH} PYTHONPATH=/home/upo/TFG/ros2_ws/build/robotMovement/prefix_override:/usr/lib/python3/dist-packages/colcon_core/task/python/colcon_distutils_commands:/home/upo/TFG/ros2_ws/install/robotMovement/lib/python3.12/site-packages:/home/upo/TFG/ros2_ws/install/interfaces/lib/python3.12/site-packages:${PYTHONPATH} /usr/bin/python3 -W ignore:setup.py install is deprecated -W ignore:easy_install command is deprecated setup.py develop --editable --build-directory /home/upo/TFG/ros2_ws/build/robotMovement/build --no-deps symlink_data
[2.999s] INFO:colcon.colcon_core.shell:Creating environment hook '/home/upo/TFG/ros2_ws/build/robotMovement/share/robotMovement/hook/pythonpath_develop.sh'
[2.999s] Level 1:colcon.colcon_core.environment:checking '/home/upo/TFG/ros2_ws/install/robotMovement' for CMake module files
[3.000s] Level 1:colcon.colcon_core.environment:checking '/home/upo/TFG/ros2_ws/install/robotMovement' for CMake config files
[3.000s] Level 1:colcon.colcon_core.environment:checking '/home/upo/TFG/ros2_ws/install/robotMovement/lib'
[3.000s] Level 1:colcon.colcon_core.environment:checking '/home/upo/TFG/ros2_ws/install/robotMovement/bin'
[3.000s] Level 1:colcon.colcon_core.environment:checking '/home/upo/TFG/ros2_ws/install/robotMovement/lib/pkgconfig/robotMovement.pc'
[3.000s] Level 1:colcon.colcon_core.environment:checking '/home/upo/TFG/ros2_ws/install/robotMovement/lib/python3.12/site-packages'
[3.000s] Level 1:colcon.colcon_core.shell:create_environment_hook('robotMovement', 'pythonpath')
[3.000s] INFO:colcon.colcon_core.shell:Creating environment hook '/home/upo/TFG/ros2_ws/install/robotMovement/share/robotMovement/hook/pythonpath.ps1'
[3.001s] INFO:colcon.colcon_core.shell:Creating environment descriptor '/home/upo/TFG/ros2_ws/install/robotMovement/share/robotMovement/hook/pythonpath.dsv'
[3.001s] INFO:colcon.colcon_core.shell:Creating environment hook '/home/upo/TFG/ros2_ws/install/robotMovement/share/robotMovement/hook/pythonpath.sh'
[3.001s] Level 1:colcon.colcon_core.environment:checking '/home/upo/TFG/ros2_ws/install/robotMovement/bin'
[3.001s] Level 1:colcon.colcon_core.environment:create_environment_scripts_only(robotMovement)
[3.002s] INFO:colcon.colcon_core.shell:Creating package script '/home/upo/TFG/ros2_ws/install/robotMovement/share/robotMovement/package.ps1'
[3.002s] INFO:colcon.colcon_core.shell:Creating package descriptor '/home/upo/TFG/ros2_ws/install/robotMovement/share/robotMovement/package.dsv'
[3.002s] INFO:colcon.colcon_core.shell:Creating package script '/home/upo/TFG/ros2_ws/install/robotMovement/share/robotMovement/package.sh'
[3.003s] INFO:colcon.colcon_core.shell:Creating package script '/home/upo/TFG/ros2_ws/install/robotMovement/share/robotMovement/package.bash'
[3.003s] INFO:colcon.colcon_core.shell:Creating package script '/home/upo/TFG/ros2_ws/install/robotMovement/share/robotMovement/package.zsh'
[3.003s] Level 1:colcon.colcon_core.environment:create_file_with_runtime_dependencies(/home/upo/TFG/ros2_ws/install/robotMovement/share/colcon-core/packages/robotMovement)
[3.004s] DEBUG:colcon.colcon_parallel_executor.executor.parallel:closing loop
[3.004s] DEBUG:colcon.colcon_parallel_executor.executor.parallel:loop closed
[3.004s] DEBUG:colcon.colcon_parallel_executor.executor.parallel:run_until_complete finished with '0'
[3.004s] DEBUG:colcon.colcon_core.event_reactor:joining thread
[3.020s] INFO:colcon.colcon_core.plugin_system:Skipping extension 'colcon_notification.desktop_notification.terminal_notifier': Not used on non-Darwin systems
[3.020s] INFO:colcon.colcon_core.plugin_system:Skipping extension 'colcon_notification.desktop_notification.win32': Not used on non-Windows systems
[3.020s] INFO:colcon.colcon_notification.desktop_notification:Sending desktop notification using 'notify2'
[3.031s] DEBUG:colcon.colcon_core.event_reactor:joined thread
[3.031s] INFO:colcon.colcon_core.shell:Creating prefix script '/home/upo/TFG/ros2_ws/install/local_setup.ps1'
[3.032s] INFO:colcon.colcon_core.shell:Creating prefix util module '/home/upo/TFG/ros2_ws/install/_local_setup_util_ps1.py'
[3.033s] INFO:colcon.colcon_core.shell:Creating prefix chain script '/home/upo/TFG/ros2_ws/install/setup.ps1'
[3.035s] INFO:colcon.colcon_core.shell:Creating prefix script '/home/upo/TFG/ros2_ws/install/local_setup.sh'
[3.035s] INFO:colcon.colcon_core.shell:Creating prefix util module '/home/upo/TFG/ros2_ws/install/_local_setup_util_sh.py'
[3.035s] INFO:colcon.colcon_core.shell:Creating prefix chain script '/home/upo/TFG/ros2_ws/install/setup.sh'
[3.037s] INFO:colcon.colcon_core.shell:Creating prefix script '/home/upo/TFG/ros2_ws/install/local_setup.bash'
[3.037s] INFO:colcon.colcon_core.shell:Creating prefix chain script '/home/upo/TFG/ros2_ws/install/setup.bash'
[3.038s] INFO:colcon.colcon_core.shell:Creating prefix script '/home/upo/TFG/ros2_ws/install/local_setup.zsh'
[3.039s] INFO:colcon.colcon_core.shell:Creating prefix chain script '/home/upo/TFG/ros2_ws/install/setup.zsh'
