[0.158s] DEBUG:colcon:Command line arguments: ['/usr/bin/colcon', 'build', '--symlink-install']
[0.158s] DEBUG:colcon:Parsed command line arguments: Namespace(log_base=None, log_level=None, verb_name='build', build_base='build', install_base='install', merge_install=False, symlink_install=True, test_result_base=None, continue_on_error=False, executor='parallel', parallel_workers=16, event_handlers=None, ignore_user_meta=False, metas=['./colcon.meta'], base_paths=['.'], packages_ignore=None, packages_ignore_regex=None, paths=None, packages_up_to=None, packages_up_to_regex=None, packages_above=None, packages_above_and_dependencies=None, packages_above_depth=None, packages_select_by_dep=None, packages_skip_by_dep=None, packages_skip_up_to=None, packages_select_build_failed=False, packages_skip_build_finished=False, packages_select_test_failures=False, packages_skip_test_passed=False, packages_select=None, packages_skip=None, packages_select_regex=None, packages_skip_regex=None, packages_start=None, packages_end=None, allow_overriding=[], cmake_args=None, cmake_target=None, cmake_target_skip_unavailable=False, cmake_clean_cache=False, cmake_clean_first=False, cmake_force_configure=False, ament_cmake_args=None, catkin_cmake_args=None, catkin_skip_building_tests=False, mixin_files=None, mixin=None, verb_parser=<colcon_mixin.mixin.mixin_argument.MixinArgumentDecorator object at 0x7cfda78d9640>, verb_extension=<colcon_core.verb.build.BuildVerb object at 0x7cfda78d92b0>, main=<bound method BuildVerb.main of <colcon_core.verb.build.BuildVerb object at 0x7cfda78d92b0>>, mixin_verb=('build',))
[0.211s] Level 1:colcon.colcon_core.package_discovery:discover_packages(colcon_meta) check parameters
[0.212s] Level 1:colcon.colcon_core.package_discovery:discover_packages(recursive) check parameters
[0.212s] Level 1:colcon.colcon_core.package_discovery:discover_packages(ignore) check parameters
[0.212s] Level 1:colcon.colcon_core.package_discovery:discover_packages(path) check parameters
[0.212s] Level 1:colcon.colcon_core.package_discovery:discover_packages(colcon_meta) discover
[0.212s] Level 1:colcon.colcon_core.package_discovery:discover_packages(recursive) discover
[0.212s] INFO:colcon.colcon_core.package_discovery:Crawling recursively for packages in '/home/upo/Documents/TFG/TFG/ros2_ws/src'
[0.212s] Level 1:colcon.colcon_core.package_identification:_identify(.) by extensions ['ignore', 'ignore_ament_install']
[0.212s] Level 1:colcon.colcon_core.package_identification:_identify(.) by extension 'ignore'
[0.212s] Level 1:colcon.colcon_core.package_identification:_identify(.) by extension 'ignore_ament_install'
[0.212s] Level 1:colcon.colcon_core.package_identification:_identify(.) by extensions ['colcon_pkg']
[0.212s] Level 1:colcon.colcon_core.package_identification:_identify(.) by extension 'colcon_pkg'
[0.212s] Level 1:colcon.colcon_core.package_identification:_identify(.) by extensions ['colcon_meta']
[0.212s] Level 1:colcon.colcon_core.package_identification:_identify(.) by extension 'colcon_meta'
[0.212s] Level 1:colcon.colcon_core.package_identification:_identify(.) by extensions ['ros']
[0.212s] Level 1:colcon.colcon_core.package_identification:_identify(.) by extension 'ros'
[0.248s] Level 1:colcon.colcon_core.package_identification:_identify(.) by extensions ['cmake', 'python']
[0.249s] Level 1:colcon.colcon_core.package_identification:_identify(.) by extension 'cmake'
[0.249s] Level 1:colcon.colcon_core.package_identification:_identify(.) by extension 'python'
[0.249s] Level 1:colcon.colcon_core.package_identification:_identify(.) by extensions ['python_setup_py']
[0.249s] Level 1:colcon.colcon_core.package_identification:_identify(.) by extension 'python_setup_py'
[0.249s] Level 1:colcon.colcon_core.package_identification:_identify(VLMProcessing) by extensions ['ignore', 'ignore_ament_install']
[0.249s] Level 1:colcon.colcon_core.package_identification:_identify(VLMProcessing) by extension 'ignore'
[0.249s] Level 1:colcon.colcon_core.package_identification:_identify(VLMProcessing) by extension 'ignore_ament_install'
[0.249s] Level 1:colcon.colcon_core.package_identification:_identify(VLMProcessing) by extensions ['colcon_pkg']
[0.249s] Level 1:colcon.colcon_core.package_identification:_identify(VLMProcessing) by extension 'colcon_pkg'
[0.249s] Level 1:colcon.colcon_core.package_identification:_identify(VLMProcessing) by extensions ['colcon_meta']
[0.249s] Level 1:colcon.colcon_core.package_identification:_identify(VLMProcessing) by extension 'colcon_meta'
[0.250s] Level 1:colcon.colcon_core.package_identification:_identify(VLMProcessing) by extensions ['ros']
[0.250s] Level 1:colcon.colcon_core.package_identification:_identify(VLMProcessing) by extension 'ros'
[0.253s] DEBUG:colcon.colcon_core.package_identification:Package 'VLMProcessing' with type 'ros.ament_python' and name 'VLMProcessing'
[0.254s] Level 1:colcon.colcon_core.package_identification:_identify(build) by extensions ['ignore', 'ignore_ament_install']
[0.254s] Level 1:colcon.colcon_core.package_identification:_identify(build) by extension 'ignore'
[0.254s] Level 1:colcon.colcon_core.package_identification:_identify(build) ignored
[0.254s] Level 1:colcon.colcon_core.package_identification:_identify(install) by extensions ['ignore', 'ignore_ament_install']
[0.254s] Level 1:colcon.colcon_core.package_identification:_identify(install) by extension 'ignore'
[0.254s] Level 1:colcon.colcon_core.package_identification:_identify(install) ignored
[0.254s] Level 1:colcon.colcon_core.package_identification:_identify(interfaces) by extensions ['ignore', 'ignore_ament_install']
[0.254s] Level 1:colcon.colcon_core.package_identification:_identify(interfaces) by extension 'ignore'
[0.255s] Level 1:colcon.colcon_core.package_identification:_identify(interfaces) by extension 'ignore_ament_install'
[0.255s] Level 1:colcon.colcon_core.package_identification:_identify(interfaces) by extensions ['colcon_pkg']
[0.255s] Level 1:colcon.colcon_core.package_identification:_identify(interfaces) by extension 'colcon_pkg'
[0.255s] Level 1:colcon.colcon_core.package_identification:_identify(interfaces) by extensions ['colcon_meta']
[0.255s] Level 1:colcon.colcon_core.package_identification:_identify(interfaces) by extension 'colcon_meta'
[0.255s] Level 1:colcon.colcon_core.package_identification:_identify(interfaces) by extensions ['ros']
[0.255s] Level 1:colcon.colcon_core.package_identification:_identify(interfaces) by extension 'ros'
[0.256s] DEBUG:colcon.colcon_core.package_identification:Package 'interfaces' with type 'ros.ament_cmake' and name 'interfaces'
[0.256s] Level 1:colcon.colcon_core.package_identification:_identify(log) by extensions ['ignore', 'ignore_ament_install']
[0.256s] Level 1:colcon.colcon_core.package_identification:_identify(log) by extension 'ignore'
[0.256s] Level 1:colcon.colcon_core.package_identification:_identify(log) ignored
[0.256s] Level 1:colcon.colcon_core.package_identification:_identify(robotCommunication) by extensions ['ignore', 'ignore_ament_install']
[0.256s] Level 1:colcon.colcon_core.package_identification:_identify(robotCommunication) by extension 'ignore'
[0.256s] Level 1:colcon.colcon_core.package_identification:_identify(robotCommunication) by extension 'ignore_ament_install'
[0.256s] Level 1:colcon.colcon_core.package_identification:_identify(robotCommunication) by extensions ['colcon_pkg']
[0.256s] Level 1:colcon.colcon_core.package_identification:_identify(robotCommunication) by extension 'colcon_pkg'
[0.256s] Level 1:colcon.colcon_core.package_identification:_identify(robotCommunication) by extensions ['colcon_meta']
[0.256s] Level 1:colcon.colcon_core.package_identification:_identify(robotCommunication) by extension 'colcon_meta'
[0.256s] Level 1:colcon.colcon_core.package_identification:_identify(robotCommunication) by extensions ['ros']
[0.256s] Level 1:colcon.colcon_core.package_identification:_identify(robotCommunication) by extension 'ros'
[0.257s] DEBUG:colcon.colcon_core.package_identification:Package 'robotCommunication' with type 'ros.ament_python' and name 'robotCommunication'
[0.257s] Level 1:colcon.colcon_core.package_identification:_identify(robotMovement) by extensions ['ignore', 'ignore_ament_install']
[0.257s] Level 1:colcon.colcon_core.package_identification:_identify(robotMovement) by extension 'ignore'
[0.258s] Level 1:colcon.colcon_core.package_identification:_identify(robotMovement) by extension 'ignore_ament_install'
[0.258s] Level 1:colcon.colcon_core.package_identification:_identify(robotMovement) by extensions ['colcon_pkg']
[0.258s] Level 1:colcon.colcon_core.package_identification:_identify(robotMovement) by extension 'colcon_pkg'
[0.258s] Level 1:colcon.colcon_core.package_identification:_identify(robotMovement) by extensions ['colcon_meta']
[0.258s] Level 1:colcon.colcon_core.package_identification:_identify(robotMovement) by extension 'colcon_meta'
[0.258s] Level 1:colcon.colcon_core.package_identification:_identify(robotMovement) by extensions ['ros']
[0.258s] Level 1:colcon.colcon_core.package_identification:_identify(robotMovement) by extension 'ros'
[0.259s] DEBUG:colcon.colcon_core.package_identification:Package 'robotMovement' with type 'ros.ament_python' and name 'robotMovement'
[0.259s] Level 1:colcon.colcon_core.package_identification:_identify(robotWebSocket) by extensions ['ignore', 'ignore_ament_install']
[0.259s] Level 1:colcon.colcon_core.package_identification:_identify(robotWebSocket) by extension 'ignore'
[0.259s] Level 1:colcon.colcon_core.package_identification:_identify(robotWebSocket) by extension 'ignore_ament_install'
[0.259s] Level 1:colcon.colcon_core.package_identification:_identify(robotWebSocket) by extensions ['colcon_pkg']
[0.259s] Level 1:colcon.colcon_core.package_identification:_identify(robotWebSocket) by extension 'colcon_pkg'
[0.259s] Level 1:colcon.colcon_core.package_identification:_identify(robotWebSocket) by extensions ['colcon_meta']
[0.259s] Level 1:colcon.colcon_core.package_identification:_identify(robotWebSocket) by extension 'colcon_meta'
[0.259s] Level 1:colcon.colcon_core.package_identification:_identify(robotWebSocket) by extensions ['ros']
[0.259s] Level 1:colcon.colcon_core.package_identification:_identify(robotWebSocket) by extension 'ros'
[0.260s] DEBUG:colcon.colcon_core.package_identification:Package 'robotWebSocket' with type 'ros.ament_python' and name 'robotWebSocket'
[0.260s] Level 1:colcon.colcon_core.package_identification:_identify(userCommunication) by extensions ['ignore', 'ignore_ament_install']
[0.260s] Level 1:colcon.colcon_core.package_identification:_identify(userCommunication) by extension 'ignore'
[0.260s] Level 1:colcon.colcon_core.package_identification:_identify(userCommunication) by extension 'ignore_ament_install'
[0.260s] Level 1:colcon.colcon_core.package_identification:_identify(userCommunication) by extensions ['colcon_pkg']
[0.260s] Level 1:colcon.colcon_core.package_identification:_identify(userCommunication) by extension 'colcon_pkg'
[0.260s] Level 1:colcon.colcon_core.package_identification:_identify(userCommunication) by extensions ['colcon_meta']
[0.260s] Level 1:colcon.colcon_core.package_identification:_identify(userCommunication) by extension 'colcon_meta'
[0.260s] Level 1:colcon.colcon_core.package_identification:_identify(userCommunication) by extensions ['ros']
[0.260s] Level 1:colcon.colcon_core.package_identification:_identify(userCommunication) by extension 'ros'
[0.261s] DEBUG:colcon.colcon_core.package_identification:Package 'userCommunication' with type 'ros.ament_python' and name 'userCommunication'
[0.261s] Level 1:colcon.colcon_core.package_discovery:discover_packages(recursive) using defaults
[0.261s] Level 1:colcon.colcon_core.package_discovery:discover_packages(ignore) discover
[0.261s] Level 1:colcon.colcon_core.package_discovery:discover_packages(ignore) using defaults
[0.261s] Level 1:colcon.colcon_core.package_discovery:discover_packages(path) discover
[0.261s] Level 1:colcon.colcon_core.package_discovery:discover_packages(path) using defaults
[0.292s] Level 1:colcon.colcon_core.package_discovery:discover_packages(prefix_path) check parameters
[0.292s] Level 1:colcon.colcon_core.package_discovery:discover_packages(prefix_path) discover
[0.296s] DEBUG:colcon.colcon_installed_package_information.package_discovery:Found 6 installed packages in /home/upo/Documents/TFG/TFG/ros2_ws/src/install
[0.296s] DEBUG:colcon.colcon_installed_package_information.package_discovery:Found 6 installed packages in /home/upo/Documents/TFG/TFG/ros2_ws/install
[0.298s] DEBUG:colcon.colcon_installed_package_information.package_discovery:Found 17 installed packages in /home/upo/turtlebot3_ws/install
[0.301s] DEBUG:colcon.colcon_installed_package_information.package_discovery:Found 406 installed packages in /opt/ros/jazzy
[0.304s] Level 1:colcon.colcon_core.package_discovery:discover_packages(prefix_path) using defaults
[0.376s] Level 5:colcon.colcon_core.verb:set package 'interfaces' build argument 'cmake_args' from command line to 'None'
[0.376s] Level 5:colcon.colcon_core.verb:set package 'interfaces' build argument 'cmake_target' from command line to 'None'
[0.376s] Level 5:colcon.colcon_core.verb:set package 'interfaces' build argument 'cmake_target_skip_unavailable' from command line to 'False'
[0.376s] Level 5:colcon.colcon_core.verb:set package 'interfaces' build argument 'cmake_clean_cache' from command line to 'False'
[0.376s] Level 5:colcon.colcon_core.verb:set package 'interfaces' build argument 'cmake_clean_first' from command line to 'False'
[0.376s] Level 5:colcon.colcon_core.verb:set package 'interfaces' build argument 'cmake_force_configure' from command line to 'False'
[0.376s] Level 5:colcon.colcon_core.verb:set package 'interfaces' build argument 'ament_cmake_args' from command line to 'None'
[0.376s] Level 5:colcon.colcon_core.verb:set package 'interfaces' build argument 'catkin_cmake_args' from command line to 'None'
[0.376s] Level 5:colcon.colcon_core.verb:set package 'interfaces' build argument 'catkin_skip_building_tests' from command line to 'False'
[0.377s] DEBUG:colcon.colcon_core.verb:Building package 'interfaces' with the following arguments: {'ament_cmake_args': None, 'build_base': '/home/upo/Documents/TFG/TFG/ros2_ws/src/build/interfaces', 'catkin_cmake_args': None, 'catkin_skip_building_tests': False, 'cmake_args': None, 'cmake_clean_cache': False, 'cmake_clean_first': False, 'cmake_force_configure': False, 'cmake_target': None, 'cmake_target_skip_unavailable': False, 'install_base': '/home/upo/Documents/TFG/TFG/ros2_ws/src/install/interfaces', 'merge_install': False, 'path': '/home/upo/Documents/TFG/TFG/ros2_ws/src/interfaces', 'symlink_install': True, 'test_result_base': None}
[0.377s] Level 5:colcon.colcon_core.verb:set package 'robotWebSocket' build argument 'cmake_args' from command line to 'None'
[0.377s] Level 5:colcon.colcon_core.verb:set package 'robotWebSocket' build argument 'cmake_target' from command line to 'None'
[0.377s] Level 5:colcon.colcon_core.verb:set package 'robotWebSocket' build argument 'cmake_target_skip_unavailable' from command line to 'False'
[0.377s] Level 5:colcon.colcon_core.verb:set package 'robotWebSocket' build argument 'cmake_clean_cache' from command line to 'False'
[0.377s] Level 5:colcon.colcon_core.verb:set package 'robotWebSocket' build argument 'cmake_clean_first' from command line to 'False'
[0.377s] Level 5:colcon.colcon_core.verb:set package 'robotWebSocket' build argument 'cmake_force_configure' from command line to 'False'
[0.377s] Level 5:colcon.colcon_core.verb:set package 'robotWebSocket' build argument 'ament_cmake_args' from command line to 'None'
[0.377s] Level 5:colcon.colcon_core.verb:set package 'robotWebSocket' build argument 'catkin_cmake_args' from command line to 'None'
[0.377s] Level 5:colcon.colcon_core.verb:set package 'robotWebSocket' build argument 'catkin_skip_building_tests' from command line to 'False'
[0.377s] DEBUG:colcon.colcon_core.verb:Building package 'robotWebSocket' with the following arguments: {'ament_cmake_args': None, 'build_base': '/home/upo/Documents/TFG/TFG/ros2_ws/src/build/robotWebSocket', 'catkin_cmake_args': None, 'catkin_skip_building_tests': False, 'cmake_args': None, 'cmake_clean_cache': False, 'cmake_clean_first': False, 'cmake_force_configure': False, 'cmake_target': None, 'cmake_target_skip_unavailable': False, 'install_base': '/home/upo/Documents/TFG/TFG/ros2_ws/src/install/robotWebSocket', 'merge_install': False, 'path': '/home/upo/Documents/TFG/TFG/ros2_ws/src/robotWebSocket', 'symlink_install': True, 'test_result_base': None}
[0.378s] Level 5:colcon.colcon_core.verb:set package 'userCommunication' build argument 'cmake_args' from command line to 'None'
[0.378s] Level 5:colcon.colcon_core.verb:set package 'userCommunication' build argument 'cmake_target' from command line to 'None'
[0.378s] Level 5:colcon.colcon_core.verb:set package 'userCommunication' build argument 'cmake_target_skip_unavailable' from command line to 'False'
[0.378s] Level 5:colcon.colcon_core.verb:set package 'userCommunication' build argument 'cmake_clean_cache' from command line to 'False'
[0.378s] Level 5:colcon.colcon_core.verb:set package 'userCommunication' build argument 'cmake_clean_first' from command line to 'False'
[0.378s] Level 5:colcon.colcon_core.verb:set package 'userCommunication' build argument 'cmake_force_configure' from command line to 'False'
[0.378s] Level 5:colcon.colcon_core.verb:set package 'userCommunication' build argument 'ament_cmake_args' from command line to 'None'
[0.378s] Level 5:colcon.colcon_core.verb:set package 'userCommunication' build argument 'catkin_cmake_args' from command line to 'None'
[0.378s] Level 5:colcon.colcon_core.verb:set package 'userCommunication' build argument 'catkin_skip_building_tests' from command line to 'False'
[0.378s] DEBUG:colcon.colcon_core.verb:Building package 'userCommunication' with the following arguments: {'ament_cmake_args': None, 'build_base': '/home/upo/Documents/TFG/TFG/ros2_ws/src/build/userCommunication', 'catkin_cmake_args': None, 'catkin_skip_building_tests': False, 'cmake_args': None, 'cmake_clean_cache': False, 'cmake_clean_first': False, 'cmake_force_configure': False, 'cmake_target': None, 'cmake_target_skip_unavailable': False, 'install_base': '/home/upo/Documents/TFG/TFG/ros2_ws/src/install/userCommunication', 'merge_install': False, 'path': '/home/upo/Documents/TFG/TFG/ros2_ws/src/userCommunication', 'symlink_install': True, 'test_result_base': None}
[0.378s] Level 5:colcon.colcon_core.verb:set package 'VLMProcessing' build argument 'cmake_args' from command line to 'None'
[0.378s] Level 5:colcon.colcon_core.verb:set package 'VLMProcessing' build argument 'cmake_target' from command line to 'None'
[0.378s] Level 5:colcon.colcon_core.verb:set package 'VLMProcessing' build argument 'cmake_target_skip_unavailable' from command line to 'False'
[0.378s] Level 5:colcon.colcon_core.verb:set package 'VLMProcessing' build argument 'cmake_clean_cache' from command line to 'False'
[0.378s] Level 5:colcon.colcon_core.verb:set package 'VLMProcessing' build argument 'cmake_clean_first' from command line to 'False'
[0.378s] Level 5:colcon.colcon_core.verb:set package 'VLMProcessing' build argument 'cmake_force_configure' from command line to 'False'
[0.378s] Level 5:colcon.colcon_core.verb:set package 'VLMProcessing' build argument 'ament_cmake_args' from command line to 'None'
[0.378s] Level 5:colcon.colcon_core.verb:set package 'VLMProcessing' build argument 'catkin_cmake_args' from command line to 'None'
[0.378s] Level 5:colcon.colcon_core.verb:set package 'VLMProcessing' build argument 'catkin_skip_building_tests' from command line to 'False'
[0.378s] DEBUG:colcon.colcon_core.verb:Building package 'VLMProcessing' with the following arguments: {'ament_cmake_args': None, 'build_base': '/home/upo/Documents/TFG/TFG/ros2_ws/src/build/VLMProcessing', 'catkin_cmake_args': None, 'catkin_skip_building_tests': False, 'cmake_args': None, 'cmake_clean_cache': False, 'cmake_clean_first': False, 'cmake_force_configure': False, 'cmake_target': None, 'cmake_target_skip_unavailable': False, 'install_base': '/home/upo/Documents/TFG/TFG/ros2_ws/src/install/VLMProcessing', 'merge_install': False, 'path': '/home/upo/Documents/TFG/TFG/ros2_ws/src/VLMProcessing', 'symlink_install': True, 'test_result_base': None}
[0.379s] Level 5:colcon.colcon_core.verb:set package 'robotCommunication' build argument 'cmake_args' from command line to 'None'
[0.379s] Level 5:colcon.colcon_core.verb:set package 'robotCommunication' build argument 'cmake_target' from command line to 'None'
[0.379s] Level 5:colcon.colcon_core.verb:set package 'robotCommunication' build argument 'cmake_target_skip_unavailable' from command line to 'False'
[0.379s] Level 5:colcon.colcon_core.verb:set package 'robotCommunication' build argument 'cmake_clean_cache' from command line to 'False'
[0.379s] Level 5:colcon.colcon_core.verb:set package 'robotCommunication' build argument 'cmake_clean_first' from command line to 'False'
[0.379s] Level 5:colcon.colcon_core.verb:set package 'robotCommunication' build argument 'cmake_force_configure' from command line to 'False'
[0.379s] Level 5:colcon.colcon_core.verb:set package 'robotCommunication' build argument 'ament_cmake_args' from command line to 'None'
[0.379s] Level 5:colcon.colcon_core.verb:set package 'robotCommunication' build argument 'catkin_cmake_args' from command line to 'None'
[0.379s] Level 5:colcon.colcon_core.verb:set package 'robotCommunication' build argument 'catkin_skip_building_tests' from command line to 'False'
[0.379s] DEBUG:colcon.colcon_core.verb:Building package 'robotCommunication' with the following arguments: {'ament_cmake_args': None, 'build_base': '/home/upo/Documents/TFG/TFG/ros2_ws/src/build/robotCommunication', 'catkin_cmake_args': None, 'catkin_skip_building_tests': False, 'cmake_args': None, 'cmake_clean_cache': False, 'cmake_clean_first': False, 'cmake_force_configure': False, 'cmake_target': None, 'cmake_target_skip_unavailable': False, 'install_base': '/home/upo/Documents/TFG/TFG/ros2_ws/src/install/robotCommunication', 'merge_install': False, 'path': '/home/upo/Documents/TFG/TFG/ros2_ws/src/robotCommunication', 'symlink_install': True, 'test_result_base': None}
[0.379s] Level 5:colcon.colcon_core.verb:set package 'robotMovement' build argument 'cmake_args' from command line to 'None'
[0.379s] Level 5:colcon.colcon_core.verb:set package 'robotMovement' build argument 'cmake_target' from command line to 'None'
[0.379s] Level 5:colcon.colcon_core.verb:set package 'robotMovement' build argument 'cmake_target_skip_unavailable' from command line to 'False'
[0.379s] Level 5:colcon.colcon_core.verb:set package 'robotMovement' build argument 'cmake_clean_cache' from command line to 'False'
[0.379s] Level 5:colcon.colcon_core.verb:set package 'robotMovement' build argument 'cmake_clean_first' from command line to 'False'
[0.379s] Level 5:colcon.colcon_core.verb:set package 'robotMovement' build argument 'cmake_force_configure' from command line to 'False'
[0.379s] Level 5:colcon.colcon_core.verb:set package 'robotMovement' build argument 'ament_cmake_args' from command line to 'None'
[0.379s] Level 5:colcon.colcon_core.verb:set package 'robotMovement' build argument 'catkin_cmake_args' from command line to 'None'
[0.379s] Level 5:colcon.colcon_core.verb:set package 'robotMovement' build argument 'catkin_skip_building_tests' from command line to 'False'
[0.379s] DEBUG:colcon.colcon_core.verb:Building package 'robotMovement' with the following arguments: {'ament_cmake_args': None, 'build_base': '/home/upo/Documents/TFG/TFG/ros2_ws/src/build/robotMovement', 'catkin_cmake_args': None, 'catkin_skip_building_tests': False, 'cmake_args': None, 'cmake_clean_cache': False, 'cmake_clean_first': False, 'cmake_force_configure': False, 'cmake_target': None, 'cmake_target_skip_unavailable': False, 'install_base': '/home/upo/Documents/TFG/TFG/ros2_ws/src/install/robotMovement', 'merge_install': False, 'path': '/home/upo/Documents/TFG/TFG/ros2_ws/src/robotMovement', 'symlink_install': True, 'test_result_base': None}
[0.380s] INFO:colcon.colcon_core.executor:Executing jobs using 'parallel' executor
[0.381s] DEBUG:colcon.colcon_parallel_executor.executor.parallel:run_until_complete
[0.381s] INFO:colcon.colcon_ros.task.ament_cmake.build:Building ROS package in '/home/upo/Documents/TFG/TFG/ros2_ws/src/interfaces' with build type 'ament_cmake'
[0.381s] INFO:colcon.colcon_cmake.task.cmake.build:Building CMake package in '/home/upo/Documents/TFG/TFG/ros2_ws/src/interfaces'
[0.385s] INFO:colcon.colcon_core.plugin_system:Skipping extension 'colcon_core.shell.bat': Not used on non-Windows systems
[0.385s] INFO:colcon.colcon_core.shell:Skip shell extension 'powershell' for command environment: Not usable outside of PowerShell
[0.385s] DEBUG:colcon.colcon_core.shell:Skip shell extension 'dsv' for command environment
[0.394s] INFO:colcon.colcon_ros.task.ament_python.build:Building ROS package in '/home/upo/Documents/TFG/TFG/ros2_ws/src/robotWebSocket' with build type 'ament_python'
[0.394s] Level 1:colcon.colcon_core.shell:create_environment_hook('robotWebSocket', 'ament_prefix_path')
[0.394s] INFO:colcon.colcon_core.shell:Creating environment hook '/home/upo/Documents/TFG/TFG/ros2_ws/src/install/robotWebSocket/share/robotWebSocket/hook/ament_prefix_path.ps1'
[0.395s] INFO:colcon.colcon_core.shell:Creating environment descriptor '/home/upo/Documents/TFG/TFG/ros2_ws/src/install/robotWebSocket/share/robotWebSocket/hook/ament_prefix_path.dsv'
[0.395s] INFO:colcon.colcon_core.shell:Creating environment hook '/home/upo/Documents/TFG/TFG/ros2_ws/src/install/robotWebSocket/share/robotWebSocket/hook/ament_prefix_path.sh'
[0.396s] INFO:colcon.colcon_core.shell:Skip shell extension 'powershell' for command environment: Not usable outside of PowerShell
[0.396s] DEBUG:colcon.colcon_core.shell:Skip shell extension 'dsv' for command environment
[0.405s] INFO:colcon.colcon_ros.task.ament_python.build:Building ROS package in '/home/upo/Documents/TFG/TFG/ros2_ws/src/userCommunication' with build type 'ament_python'
[0.405s] Level 1:colcon.colcon_core.shell:create_environment_hook('userCommunication', 'ament_prefix_path')
[0.406s] INFO:colcon.colcon_core.shell:Creating environment hook '/home/upo/Documents/TFG/TFG/ros2_ws/src/install/userCommunication/share/userCommunication/hook/ament_prefix_path.ps1'
[0.406s] INFO:colcon.colcon_core.shell:Creating environment descriptor '/home/upo/Documents/TFG/TFG/ros2_ws/src/install/userCommunication/share/userCommunication/hook/ament_prefix_path.dsv'
[0.407s] INFO:colcon.colcon_core.shell:Creating environment hook '/home/upo/Documents/TFG/TFG/ros2_ws/src/install/userCommunication/share/userCommunication/hook/ament_prefix_path.sh'
[0.407s] INFO:colcon.colcon_core.shell:Skip shell extension 'powershell' for command environment: Not usable outside of PowerShell
[0.407s] DEBUG:colcon.colcon_core.shell:Skip shell extension 'dsv' for command environment
[0.418s] DEBUG:colcon.colcon_core.event_handler.log_command:Invoking command in '/home/upo/Documents/TFG/TFG/ros2_ws/src/build/interfaces': CMAKE_PREFIX_PATH=${CMAKE_PREFIX_PATH}:/home/upo/Documents/TFG/TFG/ros2_ws/src/install/userCommunication:/home/upo/Documents/TFG/TFG/ros2_ws/src/install/robotWebSocket:/home/upo/Documents/TFG/TFG/ros2_ws/src/install/robotMovement:/home/upo/Documents/TFG/TFG/ros2_ws/src/install/robotCommunication:/home/upo/Documents/TFG/TFG/ros2_ws/src/install/VLMProcessing:/home/upo/Documents/TFG/TFG/ros2_ws/install/userCommunication:/home/upo/Documents/TFG/TFG/ros2_ws/install/robotWebSocket:/home/upo/Documents/TFG/TFG/ros2_ws/install/robotMovement:/home/upo/Documents/TFG/TFG/ros2_ws/install/robotCommunication:/home/upo/Documents/TFG/TFG/ros2_ws/install/VLMProcessing:/home/upo/turtlebot3_ws/install/userCommunication:/home/upo/turtlebot3_ws/install/turtlebot3_teleop:/home/upo/turtlebot3_ws/install/turtlebot3_example:/home/upo/turtlebot3_ws/install/robotMovement:/home/upo/turtlebot3_ws/install/robotCommunication:/home/upo/turtlebot3_ws/install/VLMProcessing:/opt/ros/jazzy DEBUGINFOD_URLS=https://debuginfod.ubuntu.com /usr/bin/cmake --build /home/upo/Documents/TFG/TFG/ros2_ws/src/build/interfaces -- -j16 -l16
[0.839s] INFO:colcon.colcon_core.task.python.build:Building Python package in '/home/upo/Documents/TFG/TFG/ros2_ws/src/robotWebSocket'
[0.841s] INFO:colcon.colcon_core.shell:Skip shell extension 'powershell' for command environment: Not usable outside of PowerShell
[0.842s] DEBUG:colcon.colcon_core.shell:Skip shell extension 'dsv' for command environment
[1.270s] INFO:colcon.colcon_core.task.python.build:Building Python package in '/home/upo/Documents/TFG/TFG/ros2_ws/src/userCommunication'
[1.271s] INFO:colcon.colcon_core.shell:Skip shell extension 'powershell' for command environment: Not usable outside of PowerShell
[1.271s] DEBUG:colcon.colcon_core.shell:Skip shell extension 'dsv' for command environment
[1.281s] DEBUG:colcon.colcon_core.event_handler.log_command:Invoked command in '/home/upo/Documents/TFG/TFG/ros2_ws/src/build/interfaces' returned '0': CMAKE_PREFIX_PATH=${CMAKE_PREFIX_PATH}:/home/upo/Documents/TFG/TFG/ros2_ws/src/install/userCommunication:/home/upo/Documents/TFG/TFG/ros2_ws/src/install/robotWebSocket:/home/upo/Documents/TFG/TFG/ros2_ws/src/install/robotMovement:/home/upo/Documents/TFG/TFG/ros2_ws/src/install/robotCommunication:/home/upo/Documents/TFG/TFG/ros2_ws/src/install/VLMProcessing:/home/upo/Documents/TFG/TFG/ros2_ws/install/userCommunication:/home/upo/Documents/TFG/TFG/ros2_ws/install/robotWebSocket:/home/upo/Documents/TFG/TFG/ros2_ws/install/robotMovement:/home/upo/Documents/TFG/TFG/ros2_ws/install/robotCommunication:/home/upo/Documents/TFG/TFG/ros2_ws/install/VLMProcessing:/home/upo/turtlebot3_ws/install/userCommunication:/home/upo/turtlebot3_ws/install/turtlebot3_teleop:/home/upo/turtlebot3_ws/install/turtlebot3_example:/home/upo/turtlebot3_ws/install/robotMovement:/home/upo/turtlebot3_ws/install/robotCommunication:/home/upo/turtlebot3_ws/install/VLMProcessing:/opt/ros/jazzy DEBUGINFOD_URLS=https://debuginfod.ubuntu.com /usr/bin/cmake --build /home/upo/Documents/TFG/TFG/ros2_ws/src/build/interfaces -- -j16 -l16
[1.299s] DEBUG:colcon.colcon_core.event_handler.log_command:Invoking command in '/home/upo/Documents/TFG/TFG/ros2_ws/src/build/interfaces': CMAKE_PREFIX_PATH=${CMAKE_PREFIX_PATH}:/home/upo/Documents/TFG/TFG/ros2_ws/src/install/userCommunication:/home/upo/Documents/TFG/TFG/ros2_ws/src/install/robotWebSocket:/home/upo/Documents/TFG/TFG/ros2_ws/src/install/robotMovement:/home/upo/Documents/TFG/TFG/ros2_ws/src/install/robotCommunication:/home/upo/Documents/TFG/TFG/ros2_ws/src/install/VLMProcessing:/home/upo/Documents/TFG/TFG/ros2_ws/install/userCommunication:/home/upo/Documents/TFG/TFG/ros2_ws/install/robotWebSocket:/home/upo/Documents/TFG/TFG/ros2_ws/install/robotMovement:/home/upo/Documents/TFG/TFG/ros2_ws/install/robotCommunication:/home/upo/Documents/TFG/TFG/ros2_ws/install/VLMProcessing:/home/upo/turtlebot3_ws/install/userCommunication:/home/upo/turtlebot3_ws/install/turtlebot3_teleop:/home/upo/turtlebot3_ws/install/turtlebot3_example:/home/upo/turtlebot3_ws/install/robotMovement:/home/upo/turtlebot3_ws/install/robotCommunication:/home/upo/turtlebot3_ws/install/VLMProcessing:/opt/ros/jazzy DEBUGINFOD_URLS=https://debuginfod.ubuntu.com /usr/bin/cmake --install /home/upo/Documents/TFG/TFG/ros2_ws/src/build/interfaces
[1.468s] Level 1:colcon.colcon_core.environment:create_environment_scripts_only(interfaces)
[1.469s] DEBUG:colcon.colcon_core.event_handler.log_command:Invoked command in '/home/upo/Documents/TFG/TFG/ros2_ws/src/build/interfaces' returned '0': CMAKE_PREFIX_PATH=${CMAKE_PREFIX_PATH}:/home/upo/Documents/TFG/TFG/ros2_ws/src/install/userCommunication:/home/upo/Documents/TFG/TFG/ros2_ws/src/install/robotWebSocket:/home/upo/Documents/TFG/TFG/ros2_ws/src/install/robotMovement:/home/upo/Documents/TFG/TFG/ros2_ws/src/install/robotCommunication:/home/upo/Documents/TFG/TFG/ros2_ws/src/install/VLMProcessing:/home/upo/Documents/TFG/TFG/ros2_ws/install/userCommunication:/home/upo/Documents/TFG/TFG/ros2_ws/install/robotWebSocket:/home/upo/Documents/TFG/TFG/ros2_ws/install/robotMovement:/home/upo/Documents/TFG/TFG/ros2_ws/install/robotCommunication:/home/upo/Documents/TFG/TFG/ros2_ws/install/VLMProcessing:/home/upo/turtlebot3_ws/install/userCommunication:/home/upo/turtlebot3_ws/install/turtlebot3_teleop:/home/upo/turtlebot3_ws/install/turtlebot3_example:/home/upo/turtlebot3_ws/install/robotMovement:/home/upo/turtlebot3_ws/install/robotCommunication:/home/upo/turtlebot3_ws/install/VLMProcessing:/opt/ros/jazzy DEBUGINFOD_URLS=https://debuginfod.ubuntu.com /usr/bin/cmake --install /home/upo/Documents/TFG/TFG/ros2_ws/src/build/interfaces
[1.472s] Level 1:colcon.colcon_core.environment:checking '/home/upo/Documents/TFG/TFG/ros2_ws/src/install/interfaces' for CMake module files
[1.473s] Level 1:colcon.colcon_core.environment:checking '/home/upo/Documents/TFG/TFG/ros2_ws/src/install/interfaces' for CMake config files
[1.473s] Level 1:colcon.colcon_core.shell:create_environment_hook('interfaces', 'cmake_prefix_path')
[1.473s] INFO:colcon.colcon_core.shell:Creating environment hook '/home/upo/Documents/TFG/TFG/ros2_ws/src/install/interfaces/share/interfaces/hook/cmake_prefix_path.ps1'
[1.474s] INFO:colcon.colcon_core.shell:Creating environment descriptor '/home/upo/Documents/TFG/TFG/ros2_ws/src/install/interfaces/share/interfaces/hook/cmake_prefix_path.dsv'
[1.474s] INFO:colcon.colcon_core.shell:Creating environment hook '/home/upo/Documents/TFG/TFG/ros2_ws/src/install/interfaces/share/interfaces/hook/cmake_prefix_path.sh'
[1.475s] Level 1:colcon.colcon_core.environment:checking '/home/upo/Documents/TFG/TFG/ros2_ws/src/install/interfaces/lib'
[1.475s] Level 1:colcon.colcon_core.shell:create_environment_hook('interfaces', 'ld_library_path_lib')
[1.476s] INFO:colcon.colcon_core.shell:Creating environment hook '/home/upo/Documents/TFG/TFG/ros2_ws/src/install/interfaces/share/interfaces/hook/ld_library_path_lib.ps1'
[1.476s] INFO:colcon.colcon_core.shell:Creating environment descriptor '/home/upo/Documents/TFG/TFG/ros2_ws/src/install/interfaces/share/interfaces/hook/ld_library_path_lib.dsv'
[1.476s] INFO:colcon.colcon_core.shell:Creating environment hook '/home/upo/Documents/TFG/TFG/ros2_ws/src/install/interfaces/share/interfaces/hook/ld_library_path_lib.sh'
[1.477s] Level 1:colcon.colcon_core.environment:checking '/home/upo/Documents/TFG/TFG/ros2_ws/src/install/interfaces/bin'
[1.477s] Level 1:colcon.colcon_core.environment:checking '/home/upo/Documents/TFG/TFG/ros2_ws/src/install/interfaces/lib/pkgconfig/interfaces.pc'
[1.477s] Level 1:colcon.colcon_core.environment:checking '/home/upo/Documents/TFG/TFG/ros2_ws/src/install/interfaces/lib/python3.12/site-packages'
[1.478s] Level 1:colcon.colcon_core.shell:create_environment_hook('interfaces', 'pythonpath')
[1.478s] INFO:colcon.colcon_core.shell:Creating environment hook '/home/upo/Documents/TFG/TFG/ros2_ws/src/install/interfaces/share/interfaces/hook/pythonpath.ps1'
[1.478s] INFO:colcon.colcon_core.shell:Creating environment descriptor '/home/upo/Documents/TFG/TFG/ros2_ws/src/install/interfaces/share/interfaces/hook/pythonpath.dsv'
[1.479s] INFO:colcon.colcon_core.shell:Creating environment hook '/home/upo/Documents/TFG/TFG/ros2_ws/src/install/interfaces/share/interfaces/hook/pythonpath.sh'
[1.479s] Level 1:colcon.colcon_core.environment:checking '/home/upo/Documents/TFG/TFG/ros2_ws/src/install/interfaces/bin'
[1.480s] INFO:colcon.colcon_core.shell:Creating package script '/home/upo/Documents/TFG/TFG/ros2_ws/src/install/interfaces/share/interfaces/package.ps1'
[1.480s] INFO:colcon.colcon_core.shell:Creating package descriptor '/home/upo/Documents/TFG/TFG/ros2_ws/src/install/interfaces/share/interfaces/package.dsv'
[1.481s] INFO:colcon.colcon_core.shell:Creating package script '/home/upo/Documents/TFG/TFG/ros2_ws/src/install/interfaces/share/interfaces/package.sh'
[1.482s] INFO:colcon.colcon_core.shell:Creating package script '/home/upo/Documents/TFG/TFG/ros2_ws/src/install/interfaces/share/interfaces/package.bash'
[1.482s] INFO:colcon.colcon_core.shell:Creating package script '/home/upo/Documents/TFG/TFG/ros2_ws/src/install/interfaces/share/interfaces/package.zsh'
[1.483s] Level 1:colcon.colcon_core.environment:create_file_with_runtime_dependencies(/home/upo/Documents/TFG/TFG/ros2_ws/src/install/interfaces/share/colcon-core/packages/interfaces)
[1.484s] Level 1:colcon.colcon_core.environment:create_environment_scripts_only(interfaces)
[1.484s] Level 1:colcon.colcon_core.environment:checking '/home/upo/Documents/TFG/TFG/ros2_ws/src/install/interfaces' for CMake module files
[1.485s] Level 1:colcon.colcon_core.environment:checking '/home/upo/Documents/TFG/TFG/ros2_ws/src/install/interfaces' for CMake config files
[1.486s] Level 1:colcon.colcon_core.shell:create_environment_hook('interfaces', 'cmake_prefix_path')
[1.486s] INFO:colcon.colcon_core.shell:Creating environment hook '/home/upo/Documents/TFG/TFG/ros2_ws/src/install/interfaces/share/interfaces/hook/cmake_prefix_path.ps1'
[1.487s] INFO:colcon.colcon_core.shell:Creating environment descriptor '/home/upo/Documents/TFG/TFG/ros2_ws/src/install/interfaces/share/interfaces/hook/cmake_prefix_path.dsv'
[1.487s] INFO:colcon.colcon_core.shell:Creating environment hook '/home/upo/Documents/TFG/TFG/ros2_ws/src/install/interfaces/share/interfaces/hook/cmake_prefix_path.sh'
[1.488s] Level 1:colcon.colcon_core.environment:checking '/home/upo/Documents/TFG/TFG/ros2_ws/src/install/interfaces/lib'
[1.488s] Level 1:colcon.colcon_core.shell:create_environment_hook('interfaces', 'ld_library_path_lib')
[1.488s] INFO:colcon.colcon_core.shell:Creating environment hook '/home/upo/Documents/TFG/TFG/ros2_ws/src/install/interfaces/share/interfaces/hook/ld_library_path_lib.ps1'
[1.489s] INFO:colcon.colcon_core.shell:Creating environment descriptor '/home/upo/Documents/TFG/TFG/ros2_ws/src/install/interfaces/share/interfaces/hook/ld_library_path_lib.dsv'
[1.490s] INFO:colcon.colcon_core.shell:Creating environment hook '/home/upo/Documents/TFG/TFG/ros2_ws/src/install/interfaces/share/interfaces/hook/ld_library_path_lib.sh'
[1.490s] Level 1:colcon.colcon_core.environment:checking '/home/upo/Documents/TFG/TFG/ros2_ws/src/install/interfaces/bin'
[1.490s] Level 1:colcon.colcon_core.environment:checking '/home/upo/Documents/TFG/TFG/ros2_ws/src/install/interfaces/lib/pkgconfig/interfaces.pc'
[1.490s] Level 1:colcon.colcon_core.environment:checking '/home/upo/Documents/TFG/TFG/ros2_ws/src/install/interfaces/lib/python3.12/site-packages'
[1.491s] Level 1:colcon.colcon_core.shell:create_environment_hook('interfaces', 'pythonpath')
[1.491s] INFO:colcon.colcon_core.shell:Creating environment hook '/home/upo/Documents/TFG/TFG/ros2_ws/src/install/interfaces/share/interfaces/hook/pythonpath.ps1'
[1.491s] INFO:colcon.colcon_core.shell:Creating environment descriptor '/home/upo/Documents/TFG/TFG/ros2_ws/src/install/interfaces/share/interfaces/hook/pythonpath.dsv'
[1.492s] INFO:colcon.colcon_core.shell:Creating environment hook '/home/upo/Documents/TFG/TFG/ros2_ws/src/install/interfaces/share/interfaces/hook/pythonpath.sh'
[1.492s] Level 1:colcon.colcon_core.environment:checking '/home/upo/Documents/TFG/TFG/ros2_ws/src/install/interfaces/bin'
[1.493s] INFO:colcon.colcon_core.shell:Creating package script '/home/upo/Documents/TFG/TFG/ros2_ws/src/install/interfaces/share/interfaces/package.ps1'
[1.493s] INFO:colcon.colcon_core.shell:Creating package descriptor '/home/upo/Documents/TFG/TFG/ros2_ws/src/install/interfaces/share/interfaces/package.dsv'
[1.494s] INFO:colcon.colcon_core.shell:Creating package script '/home/upo/Documents/TFG/TFG/ros2_ws/src/install/interfaces/share/interfaces/package.sh'
[1.494s] INFO:colcon.colcon_core.shell:Creating package script '/home/upo/Documents/TFG/TFG/ros2_ws/src/install/interfaces/share/interfaces/package.bash'
[1.495s] INFO:colcon.colcon_core.shell:Creating package script '/home/upo/Documents/TFG/TFG/ros2_ws/src/install/interfaces/share/interfaces/package.zsh'
[1.495s] Level 1:colcon.colcon_core.environment:create_file_with_runtime_dependencies(/home/upo/Documents/TFG/TFG/ros2_ws/src/install/interfaces/share/colcon-core/packages/interfaces)
[1.495s] INFO:colcon.colcon_ros.task.ament_python.build:Building ROS package in '/home/upo/Documents/TFG/TFG/ros2_ws/src/VLMProcessing' with build type 'ament_python'
[1.496s] Level 1:colcon.colcon_core.shell:create_environment_hook('VLMProcessing', 'ament_prefix_path')
[1.496s] INFO:colcon.colcon_core.shell:Creating environment hook '/home/upo/Documents/TFG/TFG/ros2_ws/src/install/VLMProcessing/share/VLMProcessing/hook/ament_prefix_path.ps1'
[1.497s] INFO:colcon.colcon_core.shell:Creating environment descriptor '/home/upo/Documents/TFG/TFG/ros2_ws/src/install/VLMProcessing/share/VLMProcessing/hook/ament_prefix_path.dsv'
[1.497s] INFO:colcon.colcon_core.shell:Creating environment hook '/home/upo/Documents/TFG/TFG/ros2_ws/src/install/VLMProcessing/share/VLMProcessing/hook/ament_prefix_path.sh'
[1.498s] INFO:colcon.colcon_core.shell:Skip shell extension 'powershell' for command environment: Not usable outside of PowerShell
[1.498s] DEBUG:colcon.colcon_core.shell:Skip shell extension 'dsv' for command environment
[1.505s] INFO:colcon.colcon_ros.task.ament_python.build:Building ROS package in '/home/upo/Documents/TFG/TFG/ros2_ws/src/robotCommunication' with build type 'ament_python'
[1.505s] Level 1:colcon.colcon_core.shell:create_environment_hook('robotCommunication', 'ament_prefix_path')
[1.506s] INFO:colcon.colcon_core.shell:Creating environment hook '/home/upo/Documents/TFG/TFG/ros2_ws/src/install/robotCommunication/share/robotCommunication/hook/ament_prefix_path.ps1'
[1.507s] INFO:colcon.colcon_core.shell:Creating environment descriptor '/home/upo/Documents/TFG/TFG/ros2_ws/src/install/robotCommunication/share/robotCommunication/hook/ament_prefix_path.dsv'
[1.507s] INFO:colcon.colcon_core.shell:Creating environment hook '/home/upo/Documents/TFG/TFG/ros2_ws/src/install/robotCommunication/share/robotCommunication/hook/ament_prefix_path.sh'
[1.508s] INFO:colcon.colcon_core.shell:Skip shell extension 'powershell' for command environment: Not usable outside of PowerShell
[1.508s] DEBUG:colcon.colcon_core.shell:Skip shell extension 'dsv' for command environment
[1.516s] INFO:colcon.colcon_ros.task.ament_python.build:Building ROS package in '/home/upo/Documents/TFG/TFG/ros2_ws/src/robotMovement' with build type 'ament_python'
[1.517s] Level 1:colcon.colcon_core.shell:create_environment_hook('robotMovement', 'ament_prefix_path')
[1.517s] INFO:colcon.colcon_core.shell:Creating environment hook '/home/upo/Documents/TFG/TFG/ros2_ws/src/install/robotMovement/share/robotMovement/hook/ament_prefix_path.ps1'
[1.518s] INFO:colcon.colcon_core.shell:Creating environment descriptor '/home/upo/Documents/TFG/TFG/ros2_ws/src/install/robotMovement/share/robotMovement/hook/ament_prefix_path.dsv'
[1.518s] INFO:colcon.colcon_core.shell:Creating environment hook '/home/upo/Documents/TFG/TFG/ros2_ws/src/install/robotMovement/share/robotMovement/hook/ament_prefix_path.sh'
[1.520s] INFO:colcon.colcon_core.shell:Skip shell extension 'powershell' for command environment: Not usable outside of PowerShell
[1.520s] DEBUG:colcon.colcon_core.shell:Skip shell extension 'dsv' for command environment
[1.920s] INFO:colcon.colcon_core.task.python.build:Building Python package in '/home/upo/Documents/TFG/TFG/ros2_ws/src/VLMProcessing'
[1.920s] INFO:colcon.colcon_core.shell:Skip shell extension 'powershell' for command environment: Not usable outside of PowerShell
[1.920s] DEBUG:colcon.colcon_core.shell:Skip shell extension 'dsv' for command environment
[2.311s] INFO:colcon.colcon_core.task.python.build:Building Python package in '/home/upo/Documents/TFG/TFG/ros2_ws/src/robotCommunication'
[2.311s] INFO:colcon.colcon_core.shell:Skip shell extension 'powershell' for command environment: Not usable outside of PowerShell
[2.311s] DEBUG:colcon.colcon_core.shell:Skip shell extension 'dsv' for command environment
[2.635s] INFO:colcon.colcon_core.task.python.build:Building Python package in '/home/upo/Documents/TFG/TFG/ros2_ws/src/robotMovement'
[2.636s] INFO:colcon.colcon_core.shell:Skip shell extension 'powershell' for command environment: Not usable outside of PowerShell
[2.636s] DEBUG:colcon.colcon_core.shell:Skip shell extension 'dsv' for command environment
[2.644s] DEBUG:colcon.colcon_core.task.python.build:Available setuptools commands: extract_messages, upload, develop, update_catalog, build, easy_install, editable_wheel, build_py, test, clean, bdist, upload_docs, build_scripts, init_catalog, symlink_data, register, saveopts, build_clib, dist_info, setopt, install_headers, bdist_rpm, install, install_lib, bdist_dumb, install_scripts, compile_catalog, install_egg_info, bdist_egg, rotate, alias, bdist_wheel, build_ext, install_data, sdist, check, egg_info
[2.645s] DEBUG:colcon.colcon_core.task.python.build:Available setuptools commands: extract_messages, upload, develop, update_catalog, build, easy_install, editable_wheel, build_py, test, clean, bdist, upload_docs, build_scripts, init_catalog, symlink_data, register, saveopts, build_clib, dist_info, setopt, install_headers, bdist_rpm, install, install_lib, bdist_dumb, install_scripts, compile_catalog, install_egg_info, bdist_egg, rotate, alias, bdist_wheel, build_ext, install_data, sdist, check, egg_info
[3.294s] DEBUG:colcon.colcon_core.task.python.build:Available setuptools 'develop' options: --index-url, --user, --no-deps, --no-user-cfg, --optimize, --multi-version, --zip-ok, --local-snapshots-ok, --install-dir, --always-unzip, --site-dirs, --uninstall, --record, --force-installation-into-system-dir, --no-find-links, --help, --build-directory, --allow-hosts, --quiet, --dry-run, --script-dir, --upgrade, --version, --always-copy, --exclude-scripts, --egg-path, --install-layout, --verbose, --prefix, --editable, --find-links
[3.295s] DEBUG:colcon.colcon_core.event_handler.log_command:Invoking command in '/home/upo/Documents/TFG/TFG/ros2_ws/src/build/userCommunication': DEBUGINFOD_URLS=https://debuginfod.ubuntu.com PYTHONPATH=/home/upo/Documents/TFG/TFG/ros2_ws/src/build/userCommunication/prefix_override:/usr/lib/python3/dist-packages/colcon_core/task/python/colcon_distutils_commands:/home/upo/Documents/TFG/TFG/ros2_ws/src/install/userCommunication/lib/python3.12/site-packages:${PYTHONPATH} /usr/bin/python3 -W ignore:setup.py install is deprecated -W ignore:easy_install command is deprecated setup.py develop --editable --build-directory /home/upo/Documents/TFG/TFG/ros2_ws/src/build/userCommunication/build --no-deps symlink_data
[3.310s] DEBUG:colcon.colcon_core.task.python.build:Available setuptools 'develop' options: --index-url, --user, --no-deps, --no-user-cfg, --optimize, --multi-version, --zip-ok, --local-snapshots-ok, --install-dir, --always-unzip, --site-dirs, --uninstall, --record, --force-installation-into-system-dir, --no-find-links, --help, --build-directory, --allow-hosts, --quiet, --dry-run, --script-dir, --upgrade, --version, --always-copy, --exclude-scripts, --egg-path, --install-layout, --verbose, --prefix, --editable, --find-links
[3.312s] DEBUG:colcon.colcon_core.event_handler.log_command:Invoking command in '/home/upo/Documents/TFG/TFG/ros2_ws/src/build/robotWebSocket': DEBUGINFOD_URLS=https://debuginfod.ubuntu.com PYTHONPATH=/home/upo/Documents/TFG/TFG/ros2_ws/src/build/robotWebSocket/prefix_override:/usr/lib/python3/dist-packages/colcon_core/task/python/colcon_distutils_commands:/home/upo/Documents/TFG/TFG/ros2_ws/src/install/robotWebSocket/lib/python3.12/site-packages:${PYTHONPATH} /usr/bin/python3 -W ignore:setup.py install is deprecated -W ignore:easy_install command is deprecated setup.py develop --editable --build-directory /home/upo/Documents/TFG/TFG/ros2_ws/src/build/robotWebSocket/build --no-deps symlink_data
[3.729s] DEBUG:colcon.colcon_core.task.python.build:Available setuptools commands: extract_messages, upload, develop, update_catalog, build, easy_install, editable_wheel, build_py, test, clean, bdist, upload_docs, build_scripts, init_catalog, symlink_data, register, saveopts, build_clib, dist_info, setopt, install_headers, bdist_rpm, install, install_lib, bdist_dumb, install_scripts, compile_catalog, install_egg_info, bdist_egg, rotate, alias, bdist_wheel, build_ext, install_data, sdist, check, egg_info
[3.756s] DEBUG:colcon.colcon_core.task.python.build:Available setuptools commands: extract_messages, upload, develop, update_catalog, build, easy_install, editable_wheel, build_py, test, clean, bdist, upload_docs, build_scripts, init_catalog, symlink_data, register, saveopts, build_clib, dist_info, setopt, install_headers, bdist_rpm, install, install_lib, bdist_dumb, install_scripts, compile_catalog, install_egg_info, bdist_egg, rotate, alias, bdist_wheel, build_ext, install_data, sdist, check, egg_info
[3.778s] DEBUG:colcon.colcon_core.task.python.build:Available setuptools commands: extract_messages, upload, develop, update_catalog, build, easy_install, editable_wheel, build_py, test, clean, bdist, upload_docs, build_scripts, init_catalog, symlink_data, register, saveopts, build_clib, dist_info, setopt, install_headers, bdist_rpm, install, install_lib, bdist_dumb, install_scripts, compile_catalog, install_egg_info, bdist_egg, rotate, alias, bdist_wheel, build_ext, install_data, sdist, check, egg_info
[4.424s] DEBUG:colcon.colcon_core.task.python.build:Available setuptools 'develop' options: --index-url, --user, --no-deps, --no-user-cfg, --optimize, --multi-version, --zip-ok, --local-snapshots-ok, --install-dir, --always-unzip, --site-dirs, --uninstall, --record, --force-installation-into-system-dir, --no-find-links, --help, --build-directory, --allow-hosts, --quiet, --dry-run, --script-dir, --upgrade, --version, --always-copy, --exclude-scripts, --egg-path, --install-layout, --verbose, --prefix, --editable, --find-links
[4.489s] DEBUG:colcon.colcon_core.task.python.build:Available setuptools 'develop' options: --index-url, --user, --no-deps, --no-user-cfg, --optimize, --multi-version, --zip-ok, --local-snapshots-ok, --install-dir, --always-unzip, --site-dirs, --uninstall, --record, --force-installation-into-system-dir, --no-find-links, --help, --build-directory, --allow-hosts, --quiet, --dry-run, --script-dir, --upgrade, --version, --always-copy, --exclude-scripts, --egg-path, --install-layout, --verbose, --prefix, --editable, --find-links
[4.490s] DEBUG:colcon.colcon_core.event_handler.log_command:Invoking command in '/home/upo/Documents/TFG/TFG/ros2_ws/src/build/VLMProcessing': DEBUGINFOD_URLS=https://debuginfod.ubuntu.com PYTHONPATH=/home/upo/Documents/TFG/TFG/ros2_ws/src/build/VLMProcessing/prefix_override:/usr/lib/python3/dist-packages/colcon_core/task/python/colcon_distutils_commands:/home/upo/Documents/TFG/TFG/ros2_ws/src/install/VLMProcessing/lib/python3.12/site-packages:/home/upo/Documents/TFG/TFG/ros2_ws/src/install/interfaces/lib/python3.12/site-packages:/home/upo/Documents/TFG/TFG/ros2_ws/src/build/userCommunication:/home/upo/Documents/TFG/TFG/ros2_ws/src/install/userCommunication/lib/python3.12/site-packages:/home/upo/Documents/TFG/TFG/ros2_ws/src/build/robotWebSocket:/home/upo/Documents/TFG/TFG/ros2_ws/src/install/robotWebSocket/lib/python3.12/site-packages:/home/upo/Documents/TFG/TFG/ros2_ws/src/build/robotMovement:/home/upo/Documents/TFG/TFG/ros2_ws/src/install/robotMovement/lib/python3.12/site-packages:/home/upo/Documents/TFG/TFG/ros2_ws/src/build/robotCommunication:/home/upo/Documents/TFG/TFG/ros2_ws/src/install/robotCommunication/lib/python3.12/site-packages:/home/upo/Documents/TFG/TFG/ros2_ws/src/build/VLMProcessing:/home/upo/Documents/TFG/TFG/ros2_ws/src/install/VLMProcessing/lib/python3.12/site-packages:/home/upo/Documents/TFG/TFG/ros2_ws/build/userCommunication:/home/upo/Documents/TFG/TFG/ros2_ws/install/userCommunication/lib/python3.12/site-packages:/home/upo/Documents/TFG/TFG/ros2_ws/build/robotWebSocket:/home/upo/Documents/TFG/TFG/ros2_ws/install/robotWebSocket/lib/python3.12/site-packages:/home/upo/Documents/TFG/TFG/ros2_ws/build/robotMovement:/home/upo/Documents/TFG/TFG/ros2_ws/install/robotMovement/lib/python3.12/site-packages:/home/upo/Documents/TFG/TFG/ros2_ws/build/robotCommunication:/home/upo/Documents/TFG/TFG/ros2_ws/install/robotCommunication/lib/python3.12/site-packages:/home/upo/Documents/TFG/TFG/ros2_ws/build/VLMProcessing:/home/upo/Documents/TFG/TFG/ros2_ws/install/VLMProcessing/lib/python3.12/site-packages:/home/upo/Documents/TFG/TFG/ros2_ws/install/interfaces/lib/python3.12/site-packages:/home/upo/turtlebot3_ws/install/userCommunication/lib/python3.12/site-packages:/home/upo/turtlebot3_ws/build/turtlebot3_teleop:/home/upo/turtlebot3_ws/install/turtlebot3_teleop/lib/python3.12/site-packages:/home/upo/turtlebot3_ws/build/turtlebot3_example:/home/upo/turtlebot3_ws/install/turtlebot3_example/lib/python3.12/site-packages:/home/upo/turtlebot3_ws/install/robotMovement/lib/python3.12/site-packages:/home/upo/turtlebot3_ws/install/robotCommunication/lib/python3.12/site-packages:/home/upo/turtlebot3_ws/install/VLMProcessing/lib/python3.12/site-packages:/home/upo/turtlebot3_ws/install/interfaces/lib/python3.12/site-packages:/opt/ros/jazzy/lib/python3.12/site-packages /usr/bin/python3 -W ignore:setup.py install is deprecated -W ignore:easy_install command is deprecated setup.py develop --editable --build-directory /home/upo/Documents/TFG/TFG/ros2_ws/src/build/VLMProcessing/build --no-deps symlink_data
[4.491s] DEBUG:colcon.colcon_core.event_handler.log_command:Invoking command in '/home/upo/Documents/TFG/TFG/ros2_ws/src/build/robotMovement': DEBUGINFOD_URLS=https://debuginfod.ubuntu.com PYTHONPATH=/home/upo/Documents/TFG/TFG/ros2_ws/src/build/robotMovement/prefix_override:/usr/lib/python3/dist-packages/colcon_core/task/python/colcon_distutils_commands:/home/upo/Documents/TFG/TFG/ros2_ws/src/install/robotMovement/lib/python3.12/site-packages:/home/upo/Documents/TFG/TFG/ros2_ws/src/install/interfaces/lib/python3.12/site-packages:/home/upo/Documents/TFG/TFG/ros2_ws/src/build/userCommunication:/home/upo/Documents/TFG/TFG/ros2_ws/src/install/userCommunication/lib/python3.12/site-packages:/home/upo/Documents/TFG/TFG/ros2_ws/src/build/robotWebSocket:/home/upo/Documents/TFG/TFG/ros2_ws/src/install/robotWebSocket/lib/python3.12/site-packages:/home/upo/Documents/TFG/TFG/ros2_ws/src/build/robotMovement:/home/upo/Documents/TFG/TFG/ros2_ws/src/install/robotMovement/lib/python3.12/site-packages:/home/upo/Documents/TFG/TFG/ros2_ws/src/build/robotCommunication:/home/upo/Documents/TFG/TFG/ros2_ws/src/install/robotCommunication/lib/python3.12/site-packages:/home/upo/Documents/TFG/TFG/ros2_ws/src/build/VLMProcessing:/home/upo/Documents/TFG/TFG/ros2_ws/src/install/VLMProcessing/lib/python3.12/site-packages:/home/upo/Documents/TFG/TFG/ros2_ws/build/userCommunication:/home/upo/Documents/TFG/TFG/ros2_ws/install/userCommunication/lib/python3.12/site-packages:/home/upo/Documents/TFG/TFG/ros2_ws/build/robotWebSocket:/home/upo/Documents/TFG/TFG/ros2_ws/install/robotWebSocket/lib/python3.12/site-packages:/home/upo/Documents/TFG/TFG/ros2_ws/build/robotMovement:/home/upo/Documents/TFG/TFG/ros2_ws/install/robotMovement/lib/python3.12/site-packages:/home/upo/Documents/TFG/TFG/ros2_ws/build/robotCommunication:/home/upo/Documents/TFG/TFG/ros2_ws/install/robotCommunication/lib/python3.12/site-packages:/home/upo/Documents/TFG/TFG/ros2_ws/build/VLMProcessing:/home/upo/Documents/TFG/TFG/ros2_ws/install/VLMProcessing/lib/python3.12/site-packages:/home/upo/Documents/TFG/TFG/ros2_ws/install/interfaces/lib/python3.12/site-packages:/home/upo/turtlebot3_ws/install/userCommunication/lib/python3.12/site-packages:/home/upo/turtlebot3_ws/build/turtlebot3_teleop:/home/upo/turtlebot3_ws/install/turtlebot3_teleop/lib/python3.12/site-packages:/home/upo/turtlebot3_ws/build/turtlebot3_example:/home/upo/turtlebot3_ws/install/turtlebot3_example/lib/python3.12/site-packages:/home/upo/turtlebot3_ws/install/robotMovement/lib/python3.12/site-packages:/home/upo/turtlebot3_ws/install/robotCommunication/lib/python3.12/site-packages:/home/upo/turtlebot3_ws/install/VLMProcessing/lib/python3.12/site-packages:/home/upo/turtlebot3_ws/install/interfaces/lib/python3.12/site-packages:/opt/ros/jazzy/lib/python3.12/site-packages /usr/bin/python3 -W ignore:setup.py install is deprecated -W ignore:easy_install command is deprecated setup.py develop --editable --build-directory /home/upo/Documents/TFG/TFG/ros2_ws/src/build/robotMovement/build --no-deps symlink_data
[4.491s] DEBUG:colcon.colcon_core.task.python.build:Available setuptools 'develop' options: --index-url, --user, --no-deps, --no-user-cfg, --optimize, --multi-version, --zip-ok, --local-snapshots-ok, --install-dir, --always-unzip, --site-dirs, --uninstall, --record, --force-installation-into-system-dir, --no-find-links, --help, --build-directory, --allow-hosts, --quiet, --dry-run, --script-dir, --upgrade, --version, --always-copy, --exclude-scripts, --egg-path, --install-layout, --verbose, --prefix, --editable, --find-links
[4.493s] DEBUG:colcon.colcon_core.event_handler.log_command:Invoking command in '/home/upo/Documents/TFG/TFG/ros2_ws/src/build/robotCommunication': DEBUGINFOD_URLS=https://debuginfod.ubuntu.com PYTHONPATH=/home/upo/Documents/TFG/TFG/ros2_ws/src/build/robotCommunication/prefix_override:/usr/lib/python3/dist-packages/colcon_core/task/python/colcon_distutils_commands:/home/upo/Documents/TFG/TFG/ros2_ws/src/install/robotCommunication/lib/python3.12/site-packages:/home/upo/Documents/TFG/TFG/ros2_ws/src/install/interfaces/lib/python3.12/site-packages:/home/upo/Documents/TFG/TFG/ros2_ws/src/build/userCommunication:/home/upo/Documents/TFG/TFG/ros2_ws/src/install/userCommunication/lib/python3.12/site-packages:/home/upo/Documents/TFG/TFG/ros2_ws/src/build/robotWebSocket:/home/upo/Documents/TFG/TFG/ros2_ws/src/install/robotWebSocket/lib/python3.12/site-packages:/home/upo/Documents/TFG/TFG/ros2_ws/src/build/robotMovement:/home/upo/Documents/TFG/TFG/ros2_ws/src/install/robotMovement/lib/python3.12/site-packages:/home/upo/Documents/TFG/TFG/ros2_ws/src/build/robotCommunication:/home/upo/Documents/TFG/TFG/ros2_ws/src/install/robotCommunication/lib/python3.12/site-packages:/home/upo/Documents/TFG/TFG/ros2_ws/src/build/VLMProcessing:/home/upo/Documents/TFG/TFG/ros2_ws/src/install/VLMProcessing/lib/python3.12/site-packages:/home/upo/Documents/TFG/TFG/ros2_ws/build/userCommunication:/home/upo/Documents/TFG/TFG/ros2_ws/install/userCommunication/lib/python3.12/site-packages:/home/upo/Documents/TFG/TFG/ros2_ws/build/robotWebSocket:/home/upo/Documents/TFG/TFG/ros2_ws/install/robotWebSocket/lib/python3.12/site-packages:/home/upo/Documents/TFG/TFG/ros2_ws/build/robotMovement:/home/upo/Documents/TFG/TFG/ros2_ws/install/robotMovement/lib/python3.12/site-packages:/home/upo/Documents/TFG/TFG/ros2_ws/build/robotCommunication:/home/upo/Documents/TFG/TFG/ros2_ws/install/robotCommunication/lib/python3.12/site-packages:/home/upo/Documents/TFG/TFG/ros2_ws/build/VLMProcessing:/home/upo/Documents/TFG/TFG/ros2_ws/install/VLMProcessing/lib/python3.12/site-packages:/home/upo/Documents/TFG/TFG/ros2_ws/install/interfaces/lib/python3.12/site-packages:/home/upo/turtlebot3_ws/install/userCommunication/lib/python3.12/site-packages:/home/upo/turtlebot3_ws/build/turtlebot3_teleop:/home/upo/turtlebot3_ws/install/turtlebot3_teleop/lib/python3.12/site-packages:/home/upo/turtlebot3_ws/build/turtlebot3_example:/home/upo/turtlebot3_ws/install/turtlebot3_example/lib/python3.12/site-packages:/home/upo/turtlebot3_ws/install/robotMovement/lib/python3.12/site-packages:/home/upo/turtlebot3_ws/install/robotCommunication/lib/python3.12/site-packages:/home/upo/turtlebot3_ws/install/VLMProcessing/lib/python3.12/site-packages:/home/upo/turtlebot3_ws/install/interfaces/lib/python3.12/site-packages:/opt/ros/jazzy/lib/python3.12/site-packages /usr/bin/python3 -W ignore:setup.py install is deprecated -W ignore:easy_install command is deprecated setup.py develop --editable --build-directory /home/upo/Documents/TFG/TFG/ros2_ws/src/build/robotCommunication/build --no-deps symlink_data
[4.524s] Level 1:colcon.colcon_core.shell:create_environment_hook('userCommunication', 'pythonpath_develop')
[4.525s] DEBUG:colcon.colcon_core.event_handler.log_command:Invoked command in '/home/upo/Documents/TFG/TFG/ros2_ws/src/build/userCommunication' returned '0': DEBUGINFOD_URLS=https://debuginfod.ubuntu.com PYTHONPATH=/home/upo/Documents/TFG/TFG/ros2_ws/src/build/userCommunication/prefix_override:/usr/lib/python3/dist-packages/colcon_core/task/python/colcon_distutils_commands:/home/upo/Documents/TFG/TFG/ros2_ws/src/install/userCommunication/lib/python3.12/site-packages:${PYTHONPATH} /usr/bin/python3 -W ignore:setup.py install is deprecated -W ignore:easy_install command is deprecated setup.py develop --editable --build-directory /home/upo/Documents/TFG/TFG/ros2_ws/src/build/userCommunication/build --no-deps symlink_data
[4.526s] INFO:colcon.colcon_core.shell:Creating environment hook '/home/upo/Documents/TFG/TFG/ros2_ws/src/build/userCommunication/share/userCommunication/hook/pythonpath_develop.ps1'
[4.527s] INFO:colcon.colcon_core.shell:Creating environment descriptor '/home/upo/Documents/TFG/TFG/ros2_ws/src/build/userCommunication/share/userCommunication/hook/pythonpath_develop.dsv'
[4.527s] INFO:colcon.colcon_core.shell:Creating environment hook '/home/upo/Documents/TFG/TFG/ros2_ws/src/build/userCommunication/share/userCommunication/hook/pythonpath_develop.sh'
[4.528s] Level 1:colcon.colcon_core.environment:checking '/home/upo/Documents/TFG/TFG/ros2_ws/src/install/userCommunication' for CMake module files
[4.529s] Level 1:colcon.colcon_core.environment:checking '/home/upo/Documents/TFG/TFG/ros2_ws/src/install/userCommunication' for CMake config files
[4.530s] Level 1:colcon.colcon_core.environment:checking '/home/upo/Documents/TFG/TFG/ros2_ws/src/install/userCommunication/lib'
[4.530s] Level 1:colcon.colcon_core.environment:checking '/home/upo/Documents/TFG/TFG/ros2_ws/src/install/userCommunication/bin'
[4.530s] Level 1:colcon.colcon_core.environment:checking '/home/upo/Documents/TFG/TFG/ros2_ws/src/install/userCommunication/lib/pkgconfig/userCommunication.pc'
[4.530s] Level 1:colcon.colcon_core.environment:checking '/home/upo/Documents/TFG/TFG/ros2_ws/src/install/userCommunication/lib/python3.12/site-packages'
[4.530s] Level 1:colcon.colcon_core.shell:create_environment_hook('userCommunication', 'pythonpath')
[4.531s] INFO:colcon.colcon_core.shell:Creating environment hook '/home/upo/Documents/TFG/TFG/ros2_ws/src/install/userCommunication/share/userCommunication/hook/pythonpath.ps1'
[4.532s] INFO:colcon.colcon_core.shell:Creating environment descriptor '/home/upo/Documents/TFG/TFG/ros2_ws/src/install/userCommunication/share/userCommunication/hook/pythonpath.dsv'
[4.534s] INFO:colcon.colcon_core.shell:Creating environment hook '/home/upo/Documents/TFG/TFG/ros2_ws/src/install/userCommunication/share/userCommunication/hook/pythonpath.sh'
[4.536s] Level 1:colcon.colcon_core.environment:checking '/home/upo/Documents/TFG/TFG/ros2_ws/src/install/userCommunication/bin'
[4.537s] Level 1:colcon.colcon_core.environment:create_environment_scripts_only(userCommunication)
[4.537s] INFO:colcon.colcon_core.shell:Creating package script '/home/upo/Documents/TFG/TFG/ros2_ws/src/install/userCommunication/share/userCommunication/package.ps1'
[4.538s] INFO:colcon.colcon_core.shell:Creating package descriptor '/home/upo/Documents/TFG/TFG/ros2_ws/src/install/userCommunication/share/userCommunication/package.dsv'
[4.539s] INFO:colcon.colcon_core.shell:Creating package script '/home/upo/Documents/TFG/TFG/ros2_ws/src/install/userCommunication/share/userCommunication/package.sh'
[4.540s] INFO:colcon.colcon_core.shell:Creating package script '/home/upo/Documents/TFG/TFG/ros2_ws/src/install/userCommunication/share/userCommunication/package.bash'
[4.540s] INFO:colcon.colcon_core.shell:Creating package script '/home/upo/Documents/TFG/TFG/ros2_ws/src/install/userCommunication/share/userCommunication/package.zsh'
[4.541s] Level 1:colcon.colcon_core.environment:create_file_with_runtime_dependencies(/home/upo/Documents/TFG/TFG/ros2_ws/src/install/userCommunication/share/colcon-core/packages/userCommunication)
[4.551s] Level 1:colcon.colcon_core.shell:create_environment_hook('robotWebSocket', 'pythonpath_develop')
[4.552s] INFO:colcon.colcon_core.shell:Creating environment hook '/home/upo/Documents/TFG/TFG/ros2_ws/src/build/robotWebSocket/share/robotWebSocket/hook/pythonpath_develop.ps1'
[4.554s] DEBUG:colcon.colcon_core.event_handler.log_command:Invoked command in '/home/upo/Documents/TFG/TFG/ros2_ws/src/build/robotWebSocket' returned '0': DEBUGINFOD_URLS=https://debuginfod.ubuntu.com PYTHONPATH=/home/upo/Documents/TFG/TFG/ros2_ws/src/build/robotWebSocket/prefix_override:/usr/lib/python3/dist-packages/colcon_core/task/python/colcon_distutils_commands:/home/upo/Documents/TFG/TFG/ros2_ws/src/install/robotWebSocket/lib/python3.12/site-packages:${PYTHONPATH} /usr/bin/python3 -W ignore:setup.py install is deprecated -W ignore:easy_install command is deprecated setup.py develop --editable --build-directory /home/upo/Documents/TFG/TFG/ros2_ws/src/build/robotWebSocket/build --no-deps symlink_data
[4.555s] INFO:colcon.colcon_core.shell:Creating environment descriptor '/home/upo/Documents/TFG/TFG/ros2_ws/src/build/robotWebSocket/share/robotWebSocket/hook/pythonpath_develop.dsv'
[4.555s] INFO:colcon.colcon_core.shell:Creating environment hook '/home/upo/Documents/TFG/TFG/ros2_ws/src/build/robotWebSocket/share/robotWebSocket/hook/pythonpath_develop.sh'
[4.556s] Level 1:colcon.colcon_core.environment:checking '/home/upo/Documents/TFG/TFG/ros2_ws/src/install/robotWebSocket' for CMake module files
[4.557s] Level 1:colcon.colcon_core.environment:checking '/home/upo/Documents/TFG/TFG/ros2_ws/src/install/robotWebSocket' for CMake config files
[4.558s] Level 1:colcon.colcon_core.environment:checking '/home/upo/Documents/TFG/TFG/ros2_ws/src/install/robotWebSocket/lib'
[4.558s] Level 1:colcon.colcon_core.environment:checking '/home/upo/Documents/TFG/TFG/ros2_ws/src/install/robotWebSocket/bin'
[4.558s] Level 1:colcon.colcon_core.environment:checking '/home/upo/Documents/TFG/TFG/ros2_ws/src/install/robotWebSocket/lib/pkgconfig/robotWebSocket.pc'
[4.558s] Level 1:colcon.colcon_core.environment:checking '/home/upo/Documents/TFG/TFG/ros2_ws/src/install/robotWebSocket/lib/python3.12/site-packages'
[4.559s] Level 1:colcon.colcon_core.shell:create_environment_hook('robotWebSocket', 'pythonpath')
[4.559s] INFO:colcon.colcon_core.shell:Creating environment hook '/home/upo/Documents/TFG/TFG/ros2_ws/src/install/robotWebSocket/share/robotWebSocket/hook/pythonpath.ps1'
[4.561s] INFO:colcon.colcon_core.shell:Creating environment descriptor '/home/upo/Documents/TFG/TFG/ros2_ws/src/install/robotWebSocket/share/robotWebSocket/hook/pythonpath.dsv'
[4.561s] INFO:colcon.colcon_core.shell:Creating environment hook '/home/upo/Documents/TFG/TFG/ros2_ws/src/install/robotWebSocket/share/robotWebSocket/hook/pythonpath.sh'
[4.562s] Level 1:colcon.colcon_core.environment:checking '/home/upo/Documents/TFG/TFG/ros2_ws/src/install/robotWebSocket/bin'
[4.562s] Level 1:colcon.colcon_core.environment:create_environment_scripts_only(robotWebSocket)
[4.563s] INFO:colcon.colcon_core.shell:Creating package script '/home/upo/Documents/TFG/TFG/ros2_ws/src/install/robotWebSocket/share/robotWebSocket/package.ps1'
[4.563s] INFO:colcon.colcon_core.shell:Creating package descriptor '/home/upo/Documents/TFG/TFG/ros2_ws/src/install/robotWebSocket/share/robotWebSocket/package.dsv'
[4.564s] INFO:colcon.colcon_core.shell:Creating package script '/home/upo/Documents/TFG/TFG/ros2_ws/src/install/robotWebSocket/share/robotWebSocket/package.sh'
[4.565s] INFO:colcon.colcon_core.shell:Creating package script '/home/upo/Documents/TFG/TFG/ros2_ws/src/install/robotWebSocket/share/robotWebSocket/package.bash'
[4.565s] INFO:colcon.colcon_core.shell:Creating package script '/home/upo/Documents/TFG/TFG/ros2_ws/src/install/robotWebSocket/share/robotWebSocket/package.zsh'
[4.565s] Level 1:colcon.colcon_core.environment:create_file_with_runtime_dependencies(/home/upo/Documents/TFG/TFG/ros2_ws/src/install/robotWebSocket/share/colcon-core/packages/robotWebSocket)
[5.724s] Level 1:colcon.colcon_core.shell:create_environment_hook('VLMProcessing', 'pythonpath_develop')
[5.726s] DEBUG:colcon.colcon_core.event_handler.log_command:Invoked command in '/home/upo/Documents/TFG/TFG/ros2_ws/src/build/VLMProcessing' returned '0': DEBUGINFOD_URLS=https://debuginfod.ubuntu.com PYTHONPATH=/home/upo/Documents/TFG/TFG/ros2_ws/src/build/VLMProcessing/prefix_override:/usr/lib/python3/dist-packages/colcon_core/task/python/colcon_distutils_commands:/home/upo/Documents/TFG/TFG/ros2_ws/src/install/VLMProcessing/lib/python3.12/site-packages:/home/upo/Documents/TFG/TFG/ros2_ws/src/install/interfaces/lib/python3.12/site-packages:/home/upo/Documents/TFG/TFG/ros2_ws/src/build/userCommunication:/home/upo/Documents/TFG/TFG/ros2_ws/src/install/userCommunication/lib/python3.12/site-packages:/home/upo/Documents/TFG/TFG/ros2_ws/src/build/robotWebSocket:/home/upo/Documents/TFG/TFG/ros2_ws/src/install/robotWebSocket/lib/python3.12/site-packages:/home/upo/Documents/TFG/TFG/ros2_ws/src/build/robotMovement:/home/upo/Documents/TFG/TFG/ros2_ws/src/install/robotMovement/lib/python3.12/site-packages:/home/upo/Documents/TFG/TFG/ros2_ws/src/build/robotCommunication:/home/upo/Documents/TFG/TFG/ros2_ws/src/install/robotCommunication/lib/python3.12/site-packages:/home/upo/Documents/TFG/TFG/ros2_ws/src/build/VLMProcessing:/home/upo/Documents/TFG/TFG/ros2_ws/src/install/VLMProcessing/lib/python3.12/site-packages:/home/upo/Documents/TFG/TFG/ros2_ws/build/userCommunication:/home/upo/Documents/TFG/TFG/ros2_ws/install/userCommunication/lib/python3.12/site-packages:/home/upo/Documents/TFG/TFG/ros2_ws/build/robotWebSocket:/home/upo/Documents/TFG/TFG/ros2_ws/install/robotWebSocket/lib/python3.12/site-packages:/home/upo/Documents/TFG/TFG/ros2_ws/build/robotMovement:/home/upo/Documents/TFG/TFG/ros2_ws/install/robotMovement/lib/python3.12/site-packages:/home/upo/Documents/TFG/TFG/ros2_ws/build/robotCommunication:/home/upo/Documents/TFG/TFG/ros2_ws/install/robotCommunication/lib/python3.12/site-packages:/home/upo/Documents/TFG/TFG/ros2_ws/build/VLMProcessing:/home/upo/Documents/TFG/TFG/ros2_ws/install/VLMProcessing/lib/python3.12/site-packages:/home/upo/Documents/TFG/TFG/ros2_ws/install/interfaces/lib/python3.12/site-packages:/home/upo/turtlebot3_ws/install/userCommunication/lib/python3.12/site-packages:/home/upo/turtlebot3_ws/build/turtlebot3_teleop:/home/upo/turtlebot3_ws/install/turtlebot3_teleop/lib/python3.12/site-packages:/home/upo/turtlebot3_ws/build/turtlebot3_example:/home/upo/turtlebot3_ws/install/turtlebot3_example/lib/python3.12/site-packages:/home/upo/turtlebot3_ws/install/robotMovement/lib/python3.12/site-packages:/home/upo/turtlebot3_ws/install/robotCommunication/lib/python3.12/site-packages:/home/upo/turtlebot3_ws/install/VLMProcessing/lib/python3.12/site-packages:/home/upo/turtlebot3_ws/install/interfaces/lib/python3.12/site-packages:/opt/ros/jazzy/lib/python3.12/site-packages /usr/bin/python3 -W ignore:setup.py install is deprecated -W ignore:easy_install command is deprecated setup.py develop --editable --build-directory /home/upo/Documents/TFG/TFG/ros2_ws/src/build/VLMProcessing/build --no-deps symlink_data
[5.727s] INFO:colcon.colcon_core.shell:Creating environment hook '/home/upo/Documents/TFG/TFG/ros2_ws/src/build/VLMProcessing/share/VLMProcessing/hook/pythonpath_develop.ps1'
[5.729s] INFO:colcon.colcon_core.shell:Creating environment descriptor '/home/upo/Documents/TFG/TFG/ros2_ws/src/build/VLMProcessing/share/VLMProcessing/hook/pythonpath_develop.dsv'
[5.730s] INFO:colcon.colcon_core.shell:Creating environment hook '/home/upo/Documents/TFG/TFG/ros2_ws/src/build/VLMProcessing/share/VLMProcessing/hook/pythonpath_develop.sh'
[5.731s] Level 1:colcon.colcon_core.environment:checking '/home/upo/Documents/TFG/TFG/ros2_ws/src/install/VLMProcessing' for CMake module files
[5.735s] Level 1:colcon.colcon_core.environment:checking '/home/upo/Documents/TFG/TFG/ros2_ws/src/install/VLMProcessing' for CMake config files
[5.737s] Level 1:colcon.colcon_core.environment:checking '/home/upo/Documents/TFG/TFG/ros2_ws/src/install/VLMProcessing/lib'
[5.738s] Level 1:colcon.colcon_core.environment:checking '/home/upo/Documents/TFG/TFG/ros2_ws/src/install/VLMProcessing/bin'
[5.739s] Level 1:colcon.colcon_core.environment:checking '/home/upo/Documents/TFG/TFG/ros2_ws/src/install/VLMProcessing/lib/pkgconfig/VLMProcessing.pc'
[5.739s] Level 1:colcon.colcon_core.environment:checking '/home/upo/Documents/TFG/TFG/ros2_ws/src/install/VLMProcessing/lib/python3.12/site-packages'
[5.739s] Level 1:colcon.colcon_core.shell:create_environment_hook('VLMProcessing', 'pythonpath')
[5.740s] INFO:colcon.colcon_core.shell:Creating environment hook '/home/upo/Documents/TFG/TFG/ros2_ws/src/install/VLMProcessing/share/VLMProcessing/hook/pythonpath.ps1'
[5.741s] INFO:colcon.colcon_core.shell:Creating environment descriptor '/home/upo/Documents/TFG/TFG/ros2_ws/src/install/VLMProcessing/share/VLMProcessing/hook/pythonpath.dsv'
[5.741s] INFO:colcon.colcon_core.shell:Creating environment hook '/home/upo/Documents/TFG/TFG/ros2_ws/src/install/VLMProcessing/share/VLMProcessing/hook/pythonpath.sh'
[5.743s] Level 1:colcon.colcon_core.environment:checking '/home/upo/Documents/TFG/TFG/ros2_ws/src/install/VLMProcessing/bin'
[5.743s] Level 1:colcon.colcon_core.environment:create_environment_scripts_only(VLMProcessing)
[5.744s] INFO:colcon.colcon_core.shell:Creating package script '/home/upo/Documents/TFG/TFG/ros2_ws/src/install/VLMProcessing/share/VLMProcessing/package.ps1'
[5.747s] INFO:colcon.colcon_core.shell:Creating package descriptor '/home/upo/Documents/TFG/TFG/ros2_ws/src/install/VLMProcessing/share/VLMProcessing/package.dsv'
[5.748s] INFO:colcon.colcon_core.shell:Creating package script '/home/upo/Documents/TFG/TFG/ros2_ws/src/install/VLMProcessing/share/VLMProcessing/package.sh'
[5.748s] INFO:colcon.colcon_core.shell:Creating package script '/home/upo/Documents/TFG/TFG/ros2_ws/src/install/VLMProcessing/share/VLMProcessing/package.bash'
[5.749s] INFO:colcon.colcon_core.shell:Creating package script '/home/upo/Documents/TFG/TFG/ros2_ws/src/install/VLMProcessing/share/VLMProcessing/package.zsh'
[5.749s] Level 1:colcon.colcon_core.environment:create_file_with_runtime_dependencies(/home/upo/Documents/TFG/TFG/ros2_ws/src/install/VLMProcessing/share/colcon-core/packages/VLMProcessing)
[5.768s] Level 1:colcon.colcon_core.shell:create_environment_hook('robotMovement', 'pythonpath_develop')
[5.770s] INFO:colcon.colcon_core.shell:Creating environment hook '/home/upo/Documents/TFG/TFG/ros2_ws/src/build/robotMovement/share/robotMovement/hook/pythonpath_develop.ps1'
[5.771s] DEBUG:colcon.colcon_core.event_handler.log_command:Invoked command in '/home/upo/Documents/TFG/TFG/ros2_ws/src/build/robotMovement' returned '0': DEBUGINFOD_URLS=https://debuginfod.ubuntu.com PYTHONPATH=/home/upo/Documents/TFG/TFG/ros2_ws/src/build/robotMovement/prefix_override:/usr/lib/python3/dist-packages/colcon_core/task/python/colcon_distutils_commands:/home/upo/Documents/TFG/TFG/ros2_ws/src/install/robotMovement/lib/python3.12/site-packages:/home/upo/Documents/TFG/TFG/ros2_ws/src/install/interfaces/lib/python3.12/site-packages:/home/upo/Documents/TFG/TFG/ros2_ws/src/build/userCommunication:/home/upo/Documents/TFG/TFG/ros2_ws/src/install/userCommunication/lib/python3.12/site-packages:/home/upo/Documents/TFG/TFG/ros2_ws/src/build/robotWebSocket:/home/upo/Documents/TFG/TFG/ros2_ws/src/install/robotWebSocket/lib/python3.12/site-packages:/home/upo/Documents/TFG/TFG/ros2_ws/src/build/robotMovement:/home/upo/Documents/TFG/TFG/ros2_ws/src/install/robotMovement/lib/python3.12/site-packages:/home/upo/Documents/TFG/TFG/ros2_ws/src/build/robotCommunication:/home/upo/Documents/TFG/TFG/ros2_ws/src/install/robotCommunication/lib/python3.12/site-packages:/home/upo/Documents/TFG/TFG/ros2_ws/src/build/VLMProcessing:/home/upo/Documents/TFG/TFG/ros2_ws/src/install/VLMProcessing/lib/python3.12/site-packages:/home/upo/Documents/TFG/TFG/ros2_ws/build/userCommunication:/home/upo/Documents/TFG/TFG/ros2_ws/install/userCommunication/lib/python3.12/site-packages:/home/upo/Documents/TFG/TFG/ros2_ws/build/robotWebSocket:/home/upo/Documents/TFG/TFG/ros2_ws/install/robotWebSocket/lib/python3.12/site-packages:/home/upo/Documents/TFG/TFG/ros2_ws/build/robotMovement:/home/upo/Documents/TFG/TFG/ros2_ws/install/robotMovement/lib/python3.12/site-packages:/home/upo/Documents/TFG/TFG/ros2_ws/build/robotCommunication:/home/upo/Documents/TFG/TFG/ros2_ws/install/robotCommunication/lib/python3.12/site-packages:/home/upo/Documents/TFG/TFG/ros2_ws/build/VLMProcessing:/home/upo/Documents/TFG/TFG/ros2_ws/install/VLMProcessing/lib/python3.12/site-packages:/home/upo/Documents/TFG/TFG/ros2_ws/install/interfaces/lib/python3.12/site-packages:/home/upo/turtlebot3_ws/install/userCommunication/lib/python3.12/site-packages:/home/upo/turtlebot3_ws/build/turtlebot3_teleop:/home/upo/turtlebot3_ws/install/turtlebot3_teleop/lib/python3.12/site-packages:/home/upo/turtlebot3_ws/build/turtlebot3_example:/home/upo/turtlebot3_ws/install/turtlebot3_example/lib/python3.12/site-packages:/home/upo/turtlebot3_ws/install/robotMovement/lib/python3.12/site-packages:/home/upo/turtlebot3_ws/install/robotCommunication/lib/python3.12/site-packages:/home/upo/turtlebot3_ws/install/VLMProcessing/lib/python3.12/site-packages:/home/upo/turtlebot3_ws/install/interfaces/lib/python3.12/site-packages:/opt/ros/jazzy/lib/python3.12/site-packages /usr/bin/python3 -W ignore:setup.py install is deprecated -W ignore:easy_install command is deprecated setup.py develop --editable --build-directory /home/upo/Documents/TFG/TFG/ros2_ws/src/build/robotMovement/build --no-deps symlink_data
[5.773s] INFO:colcon.colcon_core.shell:Creating environment descriptor '/home/upo/Documents/TFG/TFG/ros2_ws/src/build/robotMovement/share/robotMovement/hook/pythonpath_develop.dsv'
[5.773s] INFO:colcon.colcon_core.shell:Creating environment hook '/home/upo/Documents/TFG/TFG/ros2_ws/src/build/robotMovement/share/robotMovement/hook/pythonpath_develop.sh'
[5.774s] Level 1:colcon.colcon_core.environment:checking '/home/upo/Documents/TFG/TFG/ros2_ws/src/install/robotMovement' for CMake module files
[5.775s] Level 1:colcon.colcon_core.environment:checking '/home/upo/Documents/TFG/TFG/ros2_ws/src/install/robotMovement' for CMake config files
[5.776s] Level 1:colcon.colcon_core.environment:checking '/home/upo/Documents/TFG/TFG/ros2_ws/src/install/robotMovement/lib'
[5.776s] Level 1:colcon.colcon_core.environment:checking '/home/upo/Documents/TFG/TFG/ros2_ws/src/install/robotMovement/bin'
[5.777s] Level 1:colcon.colcon_core.environment:checking '/home/upo/Documents/TFG/TFG/ros2_ws/src/install/robotMovement/lib/pkgconfig/robotMovement.pc'
[5.777s] Level 1:colcon.colcon_core.environment:checking '/home/upo/Documents/TFG/TFG/ros2_ws/src/install/robotMovement/lib/python3.12/site-packages'
[5.777s] Level 1:colcon.colcon_core.shell:create_environment_hook('robotMovement', 'pythonpath')
[5.777s] INFO:colcon.colcon_core.shell:Creating environment hook '/home/upo/Documents/TFG/TFG/ros2_ws/src/install/robotMovement/share/robotMovement/hook/pythonpath.ps1'
[5.778s] INFO:colcon.colcon_core.shell:Creating environment descriptor '/home/upo/Documents/TFG/TFG/ros2_ws/src/install/robotMovement/share/robotMovement/hook/pythonpath.dsv'
[5.782s] INFO:colcon.colcon_core.shell:Creating environment hook '/home/upo/Documents/TFG/TFG/ros2_ws/src/install/robotMovement/share/robotMovement/hook/pythonpath.sh'
[5.784s] Level 1:colcon.colcon_core.environment:checking '/home/upo/Documents/TFG/TFG/ros2_ws/src/install/robotMovement/bin'
[5.784s] Level 1:colcon.colcon_core.environment:create_environment_scripts_only(robotMovement)
[5.785s] INFO:colcon.colcon_core.shell:Creating package script '/home/upo/Documents/TFG/TFG/ros2_ws/src/install/robotMovement/share/robotMovement/package.ps1'
[5.786s] INFO:colcon.colcon_core.shell:Creating package descriptor '/home/upo/Documents/TFG/TFG/ros2_ws/src/install/robotMovement/share/robotMovement/package.dsv'
[5.787s] INFO:colcon.colcon_core.shell:Creating package script '/home/upo/Documents/TFG/TFG/ros2_ws/src/install/robotMovement/share/robotMovement/package.sh'
[5.788s] INFO:colcon.colcon_core.shell:Creating package script '/home/upo/Documents/TFG/TFG/ros2_ws/src/install/robotMovement/share/robotMovement/package.bash'
[5.789s] INFO:colcon.colcon_core.shell:Creating package script '/home/upo/Documents/TFG/TFG/ros2_ws/src/install/robotMovement/share/robotMovement/package.zsh'
[5.789s] Level 1:colcon.colcon_core.environment:create_file_with_runtime_dependencies(/home/upo/Documents/TFG/TFG/ros2_ws/src/install/robotMovement/share/colcon-core/packages/robotMovement)
[5.795s] Level 1:colcon.colcon_core.shell:create_environment_hook('robotCommunication', 'pythonpath_develop')
[5.795s] INFO:colcon.colcon_core.shell:Creating environment hook '/home/upo/Documents/TFG/TFG/ros2_ws/src/build/robotCommunication/share/robotCommunication/hook/pythonpath_develop.ps1'
[5.796s] DEBUG:colcon.colcon_core.event_handler.log_command:Invoked command in '/home/upo/Documents/TFG/TFG/ros2_ws/src/build/robotCommunication' returned '0': DEBUGINFOD_URLS=https://debuginfod.ubuntu.com PYTHONPATH=/home/upo/Documents/TFG/TFG/ros2_ws/src/build/robotCommunication/prefix_override:/usr/lib/python3/dist-packages/colcon_core/task/python/colcon_distutils_commands:/home/upo/Documents/TFG/TFG/ros2_ws/src/install/robotCommunication/lib/python3.12/site-packages:/home/upo/Documents/TFG/TFG/ros2_ws/src/install/interfaces/lib/python3.12/site-packages:/home/upo/Documents/TFG/TFG/ros2_ws/src/build/userCommunication:/home/upo/Documents/TFG/TFG/ros2_ws/src/install/userCommunication/lib/python3.12/site-packages:/home/upo/Documents/TFG/TFG/ros2_ws/src/build/robotWebSocket:/home/upo/Documents/TFG/TFG/ros2_ws/src/install/robotWebSocket/lib/python3.12/site-packages:/home/upo/Documents/TFG/TFG/ros2_ws/src/build/robotMovement:/home/upo/Documents/TFG/TFG/ros2_ws/src/install/robotMovement/lib/python3.12/site-packages:/home/upo/Documents/TFG/TFG/ros2_ws/src/build/robotCommunication:/home/upo/Documents/TFG/TFG/ros2_ws/src/install/robotCommunication/lib/python3.12/site-packages:/home/upo/Documents/TFG/TFG/ros2_ws/src/build/VLMProcessing:/home/upo/Documents/TFG/TFG/ros2_ws/src/install/VLMProcessing/lib/python3.12/site-packages:/home/upo/Documents/TFG/TFG/ros2_ws/build/userCommunication:/home/upo/Documents/TFG/TFG/ros2_ws/install/userCommunication/lib/python3.12/site-packages:/home/upo/Documents/TFG/TFG/ros2_ws/build/robotWebSocket:/home/upo/Documents/TFG/TFG/ros2_ws/install/robotWebSocket/lib/python3.12/site-packages:/home/upo/Documents/TFG/TFG/ros2_ws/build/robotMovement:/home/upo/Documents/TFG/TFG/ros2_ws/install/robotMovement/lib/python3.12/site-packages:/home/upo/Documents/TFG/TFG/ros2_ws/build/robotCommunication:/home/upo/Documents/TFG/TFG/ros2_ws/install/robotCommunication/lib/python3.12/site-packages:/home/upo/Documents/TFG/TFG/ros2_ws/build/VLMProcessing:/home/upo/Documents/TFG/TFG/ros2_ws/install/VLMProcessing/lib/python3.12/site-packages:/home/upo/Documents/TFG/TFG/ros2_ws/install/interfaces/lib/python3.12/site-packages:/home/upo/turtlebot3_ws/install/userCommunication/lib/python3.12/site-packages:/home/upo/turtlebot3_ws/build/turtlebot3_teleop:/home/upo/turtlebot3_ws/install/turtlebot3_teleop/lib/python3.12/site-packages:/home/upo/turtlebot3_ws/build/turtlebot3_example:/home/upo/turtlebot3_ws/install/turtlebot3_example/lib/python3.12/site-packages:/home/upo/turtlebot3_ws/install/robotMovement/lib/python3.12/site-packages:/home/upo/turtlebot3_ws/install/robotCommunication/lib/python3.12/site-packages:/home/upo/turtlebot3_ws/install/VLMProcessing/lib/python3.12/site-packages:/home/upo/turtlebot3_ws/install/interfaces/lib/python3.12/site-packages:/opt/ros/jazzy/lib/python3.12/site-packages /usr/bin/python3 -W ignore:setup.py install is deprecated -W ignore:easy_install command is deprecated setup.py develop --editable --build-directory /home/upo/Documents/TFG/TFG/ros2_ws/src/build/robotCommunication/build --no-deps symlink_data
[5.797s] INFO:colcon.colcon_core.shell:Creating environment descriptor '/home/upo/Documents/TFG/TFG/ros2_ws/src/build/robotCommunication/share/robotCommunication/hook/pythonpath_develop.dsv'
[5.798s] INFO:colcon.colcon_core.shell:Creating environment hook '/home/upo/Documents/TFG/TFG/ros2_ws/src/build/robotCommunication/share/robotCommunication/hook/pythonpath_develop.sh'
[5.799s] Level 1:colcon.colcon_core.environment:checking '/home/upo/Documents/TFG/TFG/ros2_ws/src/install/robotCommunication' for CMake module files
[5.799s] Level 1:colcon.colcon_core.environment:checking '/home/upo/Documents/TFG/TFG/ros2_ws/src/install/robotCommunication' for CMake config files
[5.800s] Level 1:colcon.colcon_core.environment:checking '/home/upo/Documents/TFG/TFG/ros2_ws/src/install/robotCommunication/lib'
[5.800s] Level 1:colcon.colcon_core.environment:checking '/home/upo/Documents/TFG/TFG/ros2_ws/src/install/robotCommunication/bin'
[5.800s] Level 1:colcon.colcon_core.environment:checking '/home/upo/Documents/TFG/TFG/ros2_ws/src/install/robotCommunication/lib/pkgconfig/robotCommunication.pc'
[5.800s] Level 1:colcon.colcon_core.environment:checking '/home/upo/Documents/TFG/TFG/ros2_ws/src/install/robotCommunication/lib/python3.12/site-packages'
[5.801s] Level 1:colcon.colcon_core.shell:create_environment_hook('robotCommunication', 'pythonpath')
[5.801s] INFO:colcon.colcon_core.shell:Creating environment hook '/home/upo/Documents/TFG/TFG/ros2_ws/src/install/robotCommunication/share/robotCommunication/hook/pythonpath.ps1'
[5.802s] INFO:colcon.colcon_core.shell:Creating environment descriptor '/home/upo/Documents/TFG/TFG/ros2_ws/src/install/robotCommunication/share/robotCommunication/hook/pythonpath.dsv'
[5.802s] INFO:colcon.colcon_core.shell:Creating environment hook '/home/upo/Documents/TFG/TFG/ros2_ws/src/install/robotCommunication/share/robotCommunication/hook/pythonpath.sh'
[5.803s] Level 1:colcon.colcon_core.environment:checking '/home/upo/Documents/TFG/TFG/ros2_ws/src/install/robotCommunication/bin'
[5.804s] Level 1:colcon.colcon_core.environment:create_environment_scripts_only(robotCommunication)
[5.804s] INFO:colcon.colcon_core.shell:Creating package script '/home/upo/Documents/TFG/TFG/ros2_ws/src/install/robotCommunication/share/robotCommunication/package.ps1'
[5.806s] INFO:colcon.colcon_core.shell:Creating package descriptor '/home/upo/Documents/TFG/TFG/ros2_ws/src/install/robotCommunication/share/robotCommunication/package.dsv'
[5.806s] INFO:colcon.colcon_core.shell:Creating package script '/home/upo/Documents/TFG/TFG/ros2_ws/src/install/robotCommunication/share/robotCommunication/package.sh'
[5.807s] INFO:colcon.colcon_core.shell:Creating package script '/home/upo/Documents/TFG/TFG/ros2_ws/src/install/robotCommunication/share/robotCommunication/package.bash'
[5.808s] INFO:colcon.colcon_core.shell:Creating package script '/home/upo/Documents/TFG/TFG/ros2_ws/src/install/robotCommunication/share/robotCommunication/package.zsh'
[5.808s] Level 1:colcon.colcon_core.environment:create_file_with_runtime_dependencies(/home/upo/Documents/TFG/TFG/ros2_ws/src/install/robotCommunication/share/colcon-core/packages/robotCommunication)
[5.809s] DEBUG:colcon.colcon_parallel_executor.executor.parallel:closing loop
[5.809s] DEBUG:colcon.colcon_parallel_executor.executor.parallel:loop closed
[5.809s] DEBUG:colcon.colcon_parallel_executor.executor.parallel:run_until_complete finished with '0'
[5.810s] DEBUG:colcon.colcon_core.event_reactor:joining thread
[5.824s] INFO:colcon.colcon_core.plugin_system:Skipping extension 'colcon_notification.desktop_notification.terminal_notifier': Not used on non-Darwin systems
[5.824s] INFO:colcon.colcon_core.plugin_system:Skipping extension 'colcon_notification.desktop_notification.win32': Not used on non-Windows systems
[5.824s] INFO:colcon.colcon_notification.desktop_notification:Sending desktop notification using 'notify2'
[5.852s] DEBUG:colcon.colcon_core.event_reactor:joined thread
[5.852s] INFO:colcon.colcon_core.shell:Creating prefix script '/home/upo/Documents/TFG/TFG/ros2_ws/src/install/local_setup.ps1'
[5.853s] INFO:colcon.colcon_core.shell:Creating prefix util module '/home/upo/Documents/TFG/TFG/ros2_ws/src/install/_local_setup_util_ps1.py'
[5.855s] INFO:colcon.colcon_core.shell:Creating prefix chain script '/home/upo/Documents/TFG/TFG/ros2_ws/src/install/setup.ps1'
[5.858s] INFO:colcon.colcon_core.shell:Creating prefix script '/home/upo/Documents/TFG/TFG/ros2_ws/src/install/local_setup.sh'
[5.860s] INFO:colcon.colcon_core.shell:Creating prefix util module '/home/upo/Documents/TFG/TFG/ros2_ws/src/install/_local_setup_util_sh.py'
[5.861s] INFO:colcon.colcon_core.shell:Creating prefix chain script '/home/upo/Documents/TFG/TFG/ros2_ws/src/install/setup.sh'
[5.864s] INFO:colcon.colcon_core.shell:Creating prefix script '/home/upo/Documents/TFG/TFG/ros2_ws/src/install/local_setup.bash'
[5.864s] INFO:colcon.colcon_core.shell:Creating prefix chain script '/home/upo/Documents/TFG/TFG/ros2_ws/src/install/setup.bash'
[5.868s] INFO:colcon.colcon_core.shell:Creating prefix script '/home/upo/Documents/TFG/TFG/ros2_ws/src/install/local_setup.zsh'
[5.869s] INFO:colcon.colcon_core.shell:Creating prefix chain script '/home/upo/Documents/TFG/TFG/ros2_ws/src/install/setup.zsh'
