[0.125s] DEBUG:colcon:Command line arguments: ['/usr/bin/colcon', 'build', '--symlink-install']
[0.125s] DEBUG:colcon:Parsed command line arguments: Namespace(log_base=None, log_level=None, verb_name='build', build_base='build', install_base='install', merge_install=False, symlink_install=True, test_result_base=None, continue_on_error=False, executor='parallel', parallel_workers=16, event_handlers=None, ignore_user_meta=False, metas=['./colcon.meta'], base_paths=['.'], packages_ignore=None, packages_ignore_regex=None, paths=None, packages_up_to=None, packages_up_to_regex=None, packages_above=None, packages_above_and_dependencies=None, packages_above_depth=None, packages_select_by_dep=None, packages_skip_by_dep=None, packages_skip_up_to=None, packages_select_build_failed=False, packages_skip_build_finished=False, packages_select_test_failures=False, packages_skip_test_passed=False, packages_select=None, packages_skip=None, packages_select_regex=None, packages_skip_regex=None, packages_start=None, packages_end=None, allow_overriding=[], cmake_args=None, cmake_target=None, cmake_target_skip_unavailable=False, cmake_clean_cache=False, cmake_clean_first=False, cmake_force_configure=False, ament_cmake_args=None, catkin_cmake_args=None, catkin_skip_building_tests=False, mixin_files=None, mixin=None, verb_parser=<colcon_mixin.mixin.mixin_argument.MixinArgumentDecorator object at 0x79763fdbbd70>, verb_extension=<colcon_core.verb.build.BuildVerb object at 0x79763fdbba10>, main=<bound method BuildVerb.main of <colcon_core.verb.build.BuildVerb object at 0x79763fdbba10>>, mixin_verb=('build',))
[0.162s] Level 1:colcon.colcon_core.package_discovery:discover_packages(colcon_meta) check parameters
[0.162s] Level 1:colcon.colcon_core.package_discovery:discover_packages(recursive) check parameters
[0.162s] Level 1:colcon.colcon_core.package_discovery:discover_packages(ignore) check parameters
[0.163s] Level 1:colcon.colcon_core.package_discovery:discover_packages(path) check parameters
[0.163s] Level 1:colcon.colcon_core.package_discovery:discover_packages(colcon_meta) discover
[0.163s] Level 1:colcon.colcon_core.package_discovery:discover_packages(recursive) discover
[0.163s] INFO:colcon.colcon_core.package_discovery:Crawling recursively for packages in '/home/upo/Documents/TFG/TFG/ros2_ws/src'
[0.163s] Level 1:colcon.colcon_core.package_identification:_identify(.) by extensions ['ignore', 'ignore_ament_install']
[0.163s] Level 1:colcon.colcon_core.package_identification:_identify(.) by extension 'ignore'
[0.163s] Level 1:colcon.colcon_core.package_identification:_identify(.) by extension 'ignore_ament_install'
[0.163s] Level 1:colcon.colcon_core.package_identification:_identify(.) by extensions ['colcon_pkg']
[0.163s] Level 1:colcon.colcon_core.package_identification:_identify(.) by extension 'colcon_pkg'
[0.163s] Level 1:colcon.colcon_core.package_identification:_identify(.) by extensions ['colcon_meta']
[0.163s] Level 1:colcon.colcon_core.package_identification:_identify(.) by extension 'colcon_meta'
[0.163s] Level 1:colcon.colcon_core.package_identification:_identify(.) by extensions ['ros']
[0.163s] Level 1:colcon.colcon_core.package_identification:_identify(.) by extension 'ros'
[0.192s] Level 1:colcon.colcon_core.package_identification:_identify(.) by extensions ['cmake', 'python']
[0.192s] Level 1:colcon.colcon_core.package_identification:_identify(.) by extension 'cmake'
[0.192s] Level 1:colcon.colcon_core.package_identification:_identify(.) by extension 'python'
[0.192s] Level 1:colcon.colcon_core.package_identification:_identify(.) by extensions ['python_setup_py']
[0.192s] Level 1:colcon.colcon_core.package_identification:_identify(.) by extension 'python_setup_py'
[0.192s] Level 1:colcon.colcon_core.package_identification:_identify(VLMProcessing) by extensions ['ignore', 'ignore_ament_install']
[0.193s] Level 1:colcon.colcon_core.package_identification:_identify(VLMProcessing) by extension 'ignore'
[0.193s] Level 1:colcon.colcon_core.package_identification:_identify(VLMProcessing) by extension 'ignore_ament_install'
[0.193s] Level 1:colcon.colcon_core.package_identification:_identify(VLMProcessing) by extensions ['colcon_pkg']
[0.193s] Level 1:colcon.colcon_core.package_identification:_identify(VLMProcessing) by extension 'colcon_pkg'
[0.193s] Level 1:colcon.colcon_core.package_identification:_identify(VLMProcessing) by extensions ['colcon_meta']
[0.193s] Level 1:colcon.colcon_core.package_identification:_identify(VLMProcessing) by extension 'colcon_meta'
[0.193s] Level 1:colcon.colcon_core.package_identification:_identify(VLMProcessing) by extensions ['ros']
[0.193s] Level 1:colcon.colcon_core.package_identification:_identify(VLMProcessing) by extension 'ros'
[0.196s] DEBUG:colcon.colcon_core.package_identification:Package 'VLMProcessing' with type 'ros.ament_python' and name 'VLMProcessing'
[0.196s] Level 1:colcon.colcon_core.package_identification:_identify(build) by extensions ['ignore', 'ignore_ament_install']
[0.196s] Level 1:colcon.colcon_core.package_identification:_identify(build) by extension 'ignore'
[0.196s] Level 1:colcon.colcon_core.package_identification:_identify(build) ignored
[0.196s] Level 1:colcon.colcon_core.package_identification:_identify(install) by extensions ['ignore', 'ignore_ament_install']
[0.197s] Level 1:colcon.colcon_core.package_identification:_identify(install) by extension 'ignore'
[0.197s] Level 1:colcon.colcon_core.package_identification:_identify(install) ignored
[0.197s] Level 1:colcon.colcon_core.package_identification:_identify(interfaces) by extensions ['ignore', 'ignore_ament_install']
[0.197s] Level 1:colcon.colcon_core.package_identification:_identify(interfaces) by extension 'ignore'
[0.197s] Level 1:colcon.colcon_core.package_identification:_identify(interfaces) by extension 'ignore_ament_install'
[0.197s] Level 1:colcon.colcon_core.package_identification:_identify(interfaces) by extensions ['colcon_pkg']
[0.197s] Level 1:colcon.colcon_core.package_identification:_identify(interfaces) by extension 'colcon_pkg'
[0.197s] Level 1:colcon.colcon_core.package_identification:_identify(interfaces) by extensions ['colcon_meta']
[0.197s] Level 1:colcon.colcon_core.package_identification:_identify(interfaces) by extension 'colcon_meta'
[0.197s] Level 1:colcon.colcon_core.package_identification:_identify(interfaces) by extensions ['ros']
[0.197s] Level 1:colcon.colcon_core.package_identification:_identify(interfaces) by extension 'ros'
[0.198s] DEBUG:colcon.colcon_core.package_identification:Package 'interfaces' with type 'ros.ament_cmake' and name 'interfaces'
[0.198s] Level 1:colcon.colcon_core.package_identification:_identify(log) by extensions ['ignore', 'ignore_ament_install']
[0.198s] Level 1:colcon.colcon_core.package_identification:_identify(log) by extension 'ignore'
[0.198s] Level 1:colcon.colcon_core.package_identification:_identify(log) ignored
[0.198s] Level 1:colcon.colcon_core.package_identification:_identify(robotCommunication) by extensions ['ignore', 'ignore_ament_install']
[0.198s] Level 1:colcon.colcon_core.package_identification:_identify(robotCommunication) by extension 'ignore'
[0.198s] Level 1:colcon.colcon_core.package_identification:_identify(robotCommunication) by extension 'ignore_ament_install'
[0.198s] Level 1:colcon.colcon_core.package_identification:_identify(robotCommunication) by extensions ['colcon_pkg']
[0.198s] Level 1:colcon.colcon_core.package_identification:_identify(robotCommunication) by extension 'colcon_pkg'
[0.198s] Level 1:colcon.colcon_core.package_identification:_identify(robotCommunication) by extensions ['colcon_meta']
[0.198s] Level 1:colcon.colcon_core.package_identification:_identify(robotCommunication) by extension 'colcon_meta'
[0.198s] Level 1:colcon.colcon_core.package_identification:_identify(robotCommunication) by extensions ['ros']
[0.198s] Level 1:colcon.colcon_core.package_identification:_identify(robotCommunication) by extension 'ros'
[0.199s] DEBUG:colcon.colcon_core.package_identification:Package 'robotCommunication' with type 'ros.ament_python' and name 'robotCommunication'
[0.199s] Level 1:colcon.colcon_core.package_identification:_identify(robotMovement) by extensions ['ignore', 'ignore_ament_install']
[0.199s] Level 1:colcon.colcon_core.package_identification:_identify(robotMovement) by extension 'ignore'
[0.199s] Level 1:colcon.colcon_core.package_identification:_identify(robotMovement) by extension 'ignore_ament_install'
[0.199s] Level 1:colcon.colcon_core.package_identification:_identify(robotMovement) by extensions ['colcon_pkg']
[0.199s] Level 1:colcon.colcon_core.package_identification:_identify(robotMovement) by extension 'colcon_pkg'
[0.199s] Level 1:colcon.colcon_core.package_identification:_identify(robotMovement) by extensions ['colcon_meta']
[0.200s] Level 1:colcon.colcon_core.package_identification:_identify(robotMovement) by extension 'colcon_meta'
[0.200s] Level 1:colcon.colcon_core.package_identification:_identify(robotMovement) by extensions ['ros']
[0.200s] Level 1:colcon.colcon_core.package_identification:_identify(robotMovement) by extension 'ros'
[0.200s] DEBUG:colcon.colcon_core.package_identification:Package 'robotMovement' with type 'ros.ament_python' and name 'robotMovement'
[0.200s] Level 1:colcon.colcon_core.package_identification:_identify(robotWebSocket) by extensions ['ignore', 'ignore_ament_install']
[0.200s] Level 1:colcon.colcon_core.package_identification:_identify(robotWebSocket) by extension 'ignore'
[0.200s] Level 1:colcon.colcon_core.package_identification:_identify(robotWebSocket) by extension 'ignore_ament_install'
[0.200s] Level 1:colcon.colcon_core.package_identification:_identify(robotWebSocket) by extensions ['colcon_pkg']
[0.200s] Level 1:colcon.colcon_core.package_identification:_identify(robotWebSocket) by extension 'colcon_pkg'
[0.200s] Level 1:colcon.colcon_core.package_identification:_identify(robotWebSocket) by extensions ['colcon_meta']
[0.200s] Level 1:colcon.colcon_core.package_identification:_identify(robotWebSocket) by extension 'colcon_meta'
[0.201s] Level 1:colcon.colcon_core.package_identification:_identify(robotWebSocket) by extensions ['ros']
[0.201s] Level 1:colcon.colcon_core.package_identification:_identify(robotWebSocket) by extension 'ros'
[0.201s] DEBUG:colcon.colcon_core.package_identification:Package 'robotWebSocket' with type 'ros.ament_python' and name 'robotWebSocket'
[0.201s] Level 1:colcon.colcon_core.package_identification:_identify(userCommunication) by extensions ['ignore', 'ignore_ament_install']
[0.201s] Level 1:colcon.colcon_core.package_identification:_identify(userCommunication) by extension 'ignore'
[0.201s] Level 1:colcon.colcon_core.package_identification:_identify(userCommunication) by extension 'ignore_ament_install'
[0.201s] Level 1:colcon.colcon_core.package_identification:_identify(userCommunication) by extensions ['colcon_pkg']
[0.201s] Level 1:colcon.colcon_core.package_identification:_identify(userCommunication) by extension 'colcon_pkg'
[0.201s] Level 1:colcon.colcon_core.package_identification:_identify(userCommunication) by extensions ['colcon_meta']
[0.201s] Level 1:colcon.colcon_core.package_identification:_identify(userCommunication) by extension 'colcon_meta'
[0.201s] Level 1:colcon.colcon_core.package_identification:_identify(userCommunication) by extensions ['ros']
[0.201s] Level 1:colcon.colcon_core.package_identification:_identify(userCommunication) by extension 'ros'
[0.202s] DEBUG:colcon.colcon_core.package_identification:Package 'userCommunication' with type 'ros.ament_python' and name 'userCommunication'
[0.202s] Level 1:colcon.colcon_core.package_discovery:discover_packages(recursive) using defaults
[0.202s] Level 1:colcon.colcon_core.package_discovery:discover_packages(ignore) discover
[0.202s] Level 1:colcon.colcon_core.package_discovery:discover_packages(ignore) using defaults
[0.202s] Level 1:colcon.colcon_core.package_discovery:discover_packages(path) discover
[0.202s] Level 1:colcon.colcon_core.package_discovery:discover_packages(path) using defaults
[0.221s] Level 1:colcon.colcon_core.package_discovery:discover_packages(prefix_path) check parameters
[0.221s] Level 1:colcon.colcon_core.package_discovery:discover_packages(prefix_path) discover
[0.224s] DEBUG:colcon.colcon_installed_package_information.package_discovery:Found 6 installed packages in /home/upo/Documents/TFG/TFG/ros2_ws/install
[0.225s] DEBUG:colcon.colcon_installed_package_information.package_discovery:Found 17 installed packages in /home/upo/turtlebot3_ws/install
[0.227s] DEBUG:colcon.colcon_installed_package_information.package_discovery:Found 406 installed packages in /opt/ros/jazzy
[0.229s] Level 1:colcon.colcon_core.package_discovery:discover_packages(prefix_path) using defaults
[0.284s] Level 5:colcon.colcon_core.verb:set package 'interfaces' build argument 'cmake_args' from command line to 'None'
[0.284s] Level 5:colcon.colcon_core.verb:set package 'interfaces' build argument 'cmake_target' from command line to 'None'
[0.284s] Level 5:colcon.colcon_core.verb:set package 'interfaces' build argument 'cmake_target_skip_unavailable' from command line to 'False'
[0.284s] Level 5:colcon.colcon_core.verb:set package 'interfaces' build argument 'cmake_clean_cache' from command line to 'False'
[0.284s] Level 5:colcon.colcon_core.verb:set package 'interfaces' build argument 'cmake_clean_first' from command line to 'False'
[0.284s] Level 5:colcon.colcon_core.verb:set package 'interfaces' build argument 'cmake_force_configure' from command line to 'False'
[0.284s] Level 5:colcon.colcon_core.verb:set package 'interfaces' build argument 'ament_cmake_args' from command line to 'None'
[0.284s] Level 5:colcon.colcon_core.verb:set package 'interfaces' build argument 'catkin_cmake_args' from command line to 'None'
[0.284s] Level 5:colcon.colcon_core.verb:set package 'interfaces' build argument 'catkin_skip_building_tests' from command line to 'False'
[0.284s] DEBUG:colcon.colcon_core.verb:Building package 'interfaces' with the following arguments: {'ament_cmake_args': None, 'build_base': '/home/upo/Documents/TFG/TFG/ros2_ws/src/build/interfaces', 'catkin_cmake_args': None, 'catkin_skip_building_tests': False, 'cmake_args': None, 'cmake_clean_cache': False, 'cmake_clean_first': False, 'cmake_force_configure': False, 'cmake_target': None, 'cmake_target_skip_unavailable': False, 'install_base': '/home/upo/Documents/TFG/TFG/ros2_ws/src/install/interfaces', 'merge_install': False, 'path': '/home/upo/Documents/TFG/TFG/ros2_ws/src/interfaces', 'symlink_install': True, 'test_result_base': None}
[0.285s] Level 5:colcon.colcon_core.verb:set package 'robotWebSocket' build argument 'cmake_args' from command line to 'None'
[0.285s] Level 5:colcon.colcon_core.verb:set package 'robotWebSocket' build argument 'cmake_target' from command line to 'None'
[0.285s] Level 5:colcon.colcon_core.verb:set package 'robotWebSocket' build argument 'cmake_target_skip_unavailable' from command line to 'False'
[0.285s] Level 5:colcon.colcon_core.verb:set package 'robotWebSocket' build argument 'cmake_clean_cache' from command line to 'False'
[0.285s] Level 5:colcon.colcon_core.verb:set package 'robotWebSocket' build argument 'cmake_clean_first' from command line to 'False'
[0.285s] Level 5:colcon.colcon_core.verb:set package 'robotWebSocket' build argument 'cmake_force_configure' from command line to 'False'
[0.285s] Level 5:colcon.colcon_core.verb:set package 'robotWebSocket' build argument 'ament_cmake_args' from command line to 'None'
[0.285s] Level 5:colcon.colcon_core.verb:set package 'robotWebSocket' build argument 'catkin_cmake_args' from command line to 'None'
[0.285s] Level 5:colcon.colcon_core.verb:set package 'robotWebSocket' build argument 'catkin_skip_building_tests' from command line to 'False'
[0.285s] DEBUG:colcon.colcon_core.verb:Building package 'robotWebSocket' with the following arguments: {'ament_cmake_args': None, 'build_base': '/home/upo/Documents/TFG/TFG/ros2_ws/src/build/robotWebSocket', 'catkin_cmake_args': None, 'catkin_skip_building_tests': False, 'cmake_args': None, 'cmake_clean_cache': False, 'cmake_clean_first': False, 'cmake_force_configure': False, 'cmake_target': None, 'cmake_target_skip_unavailable': False, 'install_base': '/home/upo/Documents/TFG/TFG/ros2_ws/src/install/robotWebSocket', 'merge_install': False, 'path': '/home/upo/Documents/TFG/TFG/ros2_ws/src/robotWebSocket', 'symlink_install': True, 'test_result_base': None}
[0.285s] Level 5:colcon.colcon_core.verb:set package 'userCommunication' build argument 'cmake_args' from command line to 'None'
[0.285s] Level 5:colcon.colcon_core.verb:set package 'userCommunication' build argument 'cmake_target' from command line to 'None'
[0.285s] Level 5:colcon.colcon_core.verb:set package 'userCommunication' build argument 'cmake_target_skip_unavailable' from command line to 'False'
[0.285s] Level 5:colcon.colcon_core.verb:set package 'userCommunication' build argument 'cmake_clean_cache' from command line to 'False'
[0.285s] Level 5:colcon.colcon_core.verb:set package 'userCommunication' build argument 'cmake_clean_first' from command line to 'False'
[0.285s] Level 5:colcon.colcon_core.verb:set package 'userCommunication' build argument 'cmake_force_configure' from command line to 'False'
[0.285s] Level 5:colcon.colcon_core.verb:set package 'userCommunication' build argument 'ament_cmake_args' from command line to 'None'
[0.285s] Level 5:colcon.colcon_core.verb:set package 'userCommunication' build argument 'catkin_cmake_args' from command line to 'None'
[0.285s] Level 5:colcon.colcon_core.verb:set package 'userCommunication' build argument 'catkin_skip_building_tests' from command line to 'False'
[0.285s] DEBUG:colcon.colcon_core.verb:Building package 'userCommunication' with the following arguments: {'ament_cmake_args': None, 'build_base': '/home/upo/Documents/TFG/TFG/ros2_ws/src/build/userCommunication', 'catkin_cmake_args': None, 'catkin_skip_building_tests': False, 'cmake_args': None, 'cmake_clean_cache': False, 'cmake_clean_first': False, 'cmake_force_configure': False, 'cmake_target': None, 'cmake_target_skip_unavailable': False, 'install_base': '/home/upo/Documents/TFG/TFG/ros2_ws/src/install/userCommunication', 'merge_install': False, 'path': '/home/upo/Documents/TFG/TFG/ros2_ws/src/userCommunication', 'symlink_install': True, 'test_result_base': None}
[0.285s] Level 5:colcon.colcon_core.verb:set package 'VLMProcessing' build argument 'cmake_args' from command line to 'None'
[0.285s] Level 5:colcon.colcon_core.verb:set package 'VLMProcessing' build argument 'cmake_target' from command line to 'None'
[0.285s] Level 5:colcon.colcon_core.verb:set package 'VLMProcessing' build argument 'cmake_target_skip_unavailable' from command line to 'False'
[0.285s] Level 5:colcon.colcon_core.verb:set package 'VLMProcessing' build argument 'cmake_clean_cache' from command line to 'False'
[0.285s] Level 5:colcon.colcon_core.verb:set package 'VLMProcessing' build argument 'cmake_clean_first' from command line to 'False'
[0.285s] Level 5:colcon.colcon_core.verb:set package 'VLMProcessing' build argument 'cmake_force_configure' from command line to 'False'
[0.285s] Level 5:colcon.colcon_core.verb:set package 'VLMProcessing' build argument 'ament_cmake_args' from command line to 'None'
[0.285s] Level 5:colcon.colcon_core.verb:set package 'VLMProcessing' build argument 'catkin_cmake_args' from command line to 'None'
[0.285s] Level 5:colcon.colcon_core.verb:set package 'VLMProcessing' build argument 'catkin_skip_building_tests' from command line to 'False'
[0.286s] DEBUG:colcon.colcon_core.verb:Building package 'VLMProcessing' with the following arguments: {'ament_cmake_args': None, 'build_base': '/home/upo/Documents/TFG/TFG/ros2_ws/src/build/VLMProcessing', 'catkin_cmake_args': None, 'catkin_skip_building_tests': False, 'cmake_args': None, 'cmake_clean_cache': False, 'cmake_clean_first': False, 'cmake_force_configure': False, 'cmake_target': None, 'cmake_target_skip_unavailable': False, 'install_base': '/home/upo/Documents/TFG/TFG/ros2_ws/src/install/VLMProcessing', 'merge_install': False, 'path': '/home/upo/Documents/TFG/TFG/ros2_ws/src/VLMProcessing', 'symlink_install': True, 'test_result_base': None}
[0.286s] Level 5:colcon.colcon_core.verb:set package 'robotCommunication' build argument 'cmake_args' from command line to 'None'
[0.286s] Level 5:colcon.colcon_core.verb:set package 'robotCommunication' build argument 'cmake_target' from command line to 'None'
[0.286s] Level 5:colcon.colcon_core.verb:set package 'robotCommunication' build argument 'cmake_target_skip_unavailable' from command line to 'False'
[0.286s] Level 5:colcon.colcon_core.verb:set package 'robotCommunication' build argument 'cmake_clean_cache' from command line to 'False'
[0.286s] Level 5:colcon.colcon_core.verb:set package 'robotCommunication' build argument 'cmake_clean_first' from command line to 'False'
[0.286s] Level 5:colcon.colcon_core.verb:set package 'robotCommunication' build argument 'cmake_force_configure' from command line to 'False'
[0.286s] Level 5:colcon.colcon_core.verb:set package 'robotCommunication' build argument 'ament_cmake_args' from command line to 'None'
[0.286s] Level 5:colcon.colcon_core.verb:set package 'robotCommunication' build argument 'catkin_cmake_args' from command line to 'None'
[0.286s] Level 5:colcon.colcon_core.verb:set package 'robotCommunication' build argument 'catkin_skip_building_tests' from command line to 'False'
[0.286s] DEBUG:colcon.colcon_core.verb:Building package 'robotCommunication' with the following arguments: {'ament_cmake_args': None, 'build_base': '/home/upo/Documents/TFG/TFG/ros2_ws/src/build/robotCommunication', 'catkin_cmake_args': None, 'catkin_skip_building_tests': False, 'cmake_args': None, 'cmake_clean_cache': False, 'cmake_clean_first': False, 'cmake_force_configure': False, 'cmake_target': None, 'cmake_target_skip_unavailable': False, 'install_base': '/home/upo/Documents/TFG/TFG/ros2_ws/src/install/robotCommunication', 'merge_install': False, 'path': '/home/upo/Documents/TFG/TFG/ros2_ws/src/robotCommunication', 'symlink_install': True, 'test_result_base': None}
[0.286s] Level 5:colcon.colcon_core.verb:set package 'robotMovement' build argument 'cmake_args' from command line to 'None'
[0.286s] Level 5:colcon.colcon_core.verb:set package 'robotMovement' build argument 'cmake_target' from command line to 'None'
[0.286s] Level 5:colcon.colcon_core.verb:set package 'robotMovement' build argument 'cmake_target_skip_unavailable' from command line to 'False'
[0.286s] Level 5:colcon.colcon_core.verb:set package 'robotMovement' build argument 'cmake_clean_cache' from command line to 'False'
[0.286s] Level 5:colcon.colcon_core.verb:set package 'robotMovement' build argument 'cmake_clean_first' from command line to 'False'
[0.286s] Level 5:colcon.colcon_core.verb:set package 'robotMovement' build argument 'cmake_force_configure' from command line to 'False'
[0.286s] Level 5:colcon.colcon_core.verb:set package 'robotMovement' build argument 'ament_cmake_args' from command line to 'None'
[0.286s] Level 5:colcon.colcon_core.verb:set package 'robotMovement' build argument 'catkin_cmake_args' from command line to 'None'
[0.286s] Level 5:colcon.colcon_core.verb:set package 'robotMovement' build argument 'catkin_skip_building_tests' from command line to 'False'
[0.286s] DEBUG:colcon.colcon_core.verb:Building package 'robotMovement' with the following arguments: {'ament_cmake_args': None, 'build_base': '/home/upo/Documents/TFG/TFG/ros2_ws/src/build/robotMovement', 'catkin_cmake_args': None, 'catkin_skip_building_tests': False, 'cmake_args': None, 'cmake_clean_cache': False, 'cmake_clean_first': False, 'cmake_force_configure': False, 'cmake_target': None, 'cmake_target_skip_unavailable': False, 'install_base': '/home/upo/Documents/TFG/TFG/ros2_ws/src/install/robotMovement', 'merge_install': False, 'path': '/home/upo/Documents/TFG/TFG/ros2_ws/src/robotMovement', 'symlink_install': True, 'test_result_base': None}
[0.287s] INFO:colcon.colcon_core.executor:Executing jobs using 'parallel' executor
[0.287s] DEBUG:colcon.colcon_parallel_executor.executor.parallel:run_until_complete
[0.288s] INFO:colcon.colcon_ros.task.ament_cmake.build:Building ROS package in '/home/upo/Documents/TFG/TFG/ros2_ws/src/interfaces' with build type 'ament_cmake'
[0.288s] INFO:colcon.colcon_cmake.task.cmake.build:Building CMake package in '/home/upo/Documents/TFG/TFG/ros2_ws/src/interfaces'
[0.290s] INFO:colcon.colcon_core.plugin_system:Skipping extension 'colcon_core.shell.bat': Not used on non-Windows systems
[0.291s] INFO:colcon.colcon_core.shell:Skip shell extension 'powershell' for command environment: Not usable outside of PowerShell
[0.291s] DEBUG:colcon.colcon_core.shell:Skip shell extension 'dsv' for command environment
[0.298s] INFO:colcon.colcon_ros.task.ament_python.build:Building ROS package in '/home/upo/Documents/TFG/TFG/ros2_ws/src/robotWebSocket' with build type 'ament_python'
[0.298s] Level 1:colcon.colcon_core.shell:create_environment_hook('robotWebSocket', 'ament_prefix_path')
[0.298s] INFO:colcon.colcon_core.shell:Creating environment hook '/home/upo/Documents/TFG/TFG/ros2_ws/src/install/robotWebSocket/share/robotWebSocket/hook/ament_prefix_path.ps1'
[0.299s] INFO:colcon.colcon_core.shell:Creating environment descriptor '/home/upo/Documents/TFG/TFG/ros2_ws/src/install/robotWebSocket/share/robotWebSocket/hook/ament_prefix_path.dsv'
[0.300s] INFO:colcon.colcon_core.shell:Creating environment hook '/home/upo/Documents/TFG/TFG/ros2_ws/src/install/robotWebSocket/share/robotWebSocket/hook/ament_prefix_path.sh'
[0.300s] INFO:colcon.colcon_core.shell:Skip shell extension 'powershell' for command environment: Not usable outside of PowerShell
[0.300s] DEBUG:colcon.colcon_core.shell:Skip shell extension 'dsv' for command environment
[0.307s] INFO:colcon.colcon_ros.task.ament_python.build:Building ROS package in '/home/upo/Documents/TFG/TFG/ros2_ws/src/userCommunication' with build type 'ament_python'
[0.307s] Level 1:colcon.colcon_core.shell:create_environment_hook('userCommunication', 'ament_prefix_path')
[0.307s] INFO:colcon.colcon_core.shell:Creating environment hook '/home/upo/Documents/TFG/TFG/ros2_ws/src/install/userCommunication/share/userCommunication/hook/ament_prefix_path.ps1'
[0.308s] INFO:colcon.colcon_core.shell:Creating environment descriptor '/home/upo/Documents/TFG/TFG/ros2_ws/src/install/userCommunication/share/userCommunication/hook/ament_prefix_path.dsv'
[0.309s] INFO:colcon.colcon_core.shell:Creating environment hook '/home/upo/Documents/TFG/TFG/ros2_ws/src/install/userCommunication/share/userCommunication/hook/ament_prefix_path.sh'
[0.310s] INFO:colcon.colcon_core.shell:Skip shell extension 'powershell' for command environment: Not usable outside of PowerShell
[0.310s] DEBUG:colcon.colcon_core.shell:Skip shell extension 'dsv' for command environment
[0.321s] DEBUG:colcon.colcon_core.event_handler.log_command:Invoking command in '/home/upo/Documents/TFG/TFG/ros2_ws/src/build/interfaces': CMAKE_PREFIX_PATH=${CMAKE_PREFIX_PATH}:/home/upo/Documents/TFG/TFG/ros2_ws/install/userCommunication:/home/upo/Documents/TFG/TFG/ros2_ws/install/robotWebSocket:/home/upo/Documents/TFG/TFG/ros2_ws/install/robotMovement:/home/upo/Documents/TFG/TFG/ros2_ws/install/robotCommunication:/home/upo/Documents/TFG/TFG/ros2_ws/install/VLMProcessing:/home/upo/turtlebot3_ws/install/userCommunication:/home/upo/turtlebot3_ws/install/turtlebot3_teleop:/home/upo/turtlebot3_ws/install/turtlebot3_example:/home/upo/turtlebot3_ws/install/robotMovement:/home/upo/turtlebot3_ws/install/robotCommunication:/home/upo/turtlebot3_ws/install/VLMProcessing:/opt/ros/jazzy DEBUGINFOD_URLS=https://debuginfod.ubuntu.com /usr/bin/cmake --build /home/upo/Documents/TFG/TFG/ros2_ws/src/build/interfaces -- -j16 -l16
[0.636s] INFO:colcon.colcon_core.task.python.build:Building Python package in '/home/upo/Documents/TFG/TFG/ros2_ws/src/robotWebSocket'
[0.637s] INFO:colcon.colcon_core.shell:Skip shell extension 'powershell' for command environment: Not usable outside of PowerShell
[0.637s] DEBUG:colcon.colcon_core.shell:Skip shell extension 'dsv' for command environment
[0.941s] INFO:colcon.colcon_core.task.python.build:Building Python package in '/home/upo/Documents/TFG/TFG/ros2_ws/src/userCommunication'
[0.941s] INFO:colcon.colcon_core.shell:Skip shell extension 'powershell' for command environment: Not usable outside of PowerShell
[0.941s] DEBUG:colcon.colcon_core.shell:Skip shell extension 'dsv' for command environment
[0.948s] DEBUG:colcon.colcon_core.event_handler.log_command:Invoked command in '/home/upo/Documents/TFG/TFG/ros2_ws/src/build/interfaces' returned '0': CMAKE_PREFIX_PATH=${CMAKE_PREFIX_PATH}:/home/upo/Documents/TFG/TFG/ros2_ws/install/userCommunication:/home/upo/Documents/TFG/TFG/ros2_ws/install/robotWebSocket:/home/upo/Documents/TFG/TFG/ros2_ws/install/robotMovement:/home/upo/Documents/TFG/TFG/ros2_ws/install/robotCommunication:/home/upo/Documents/TFG/TFG/ros2_ws/install/VLMProcessing:/home/upo/turtlebot3_ws/install/userCommunication:/home/upo/turtlebot3_ws/install/turtlebot3_teleop:/home/upo/turtlebot3_ws/install/turtlebot3_example:/home/upo/turtlebot3_ws/install/robotMovement:/home/upo/turtlebot3_ws/install/robotCommunication:/home/upo/turtlebot3_ws/install/VLMProcessing:/opt/ros/jazzy DEBUGINFOD_URLS=https://debuginfod.ubuntu.com /usr/bin/cmake --build /home/upo/Documents/TFG/TFG/ros2_ws/src/build/interfaces -- -j16 -l16
[0.961s] DEBUG:colcon.colcon_core.event_handler.log_command:Invoking command in '/home/upo/Documents/TFG/TFG/ros2_ws/src/build/interfaces': CMAKE_PREFIX_PATH=${CMAKE_PREFIX_PATH}:/home/upo/Documents/TFG/TFG/ros2_ws/install/userCommunication:/home/upo/Documents/TFG/TFG/ros2_ws/install/robotWebSocket:/home/upo/Documents/TFG/TFG/ros2_ws/install/robotMovement:/home/upo/Documents/TFG/TFG/ros2_ws/install/robotCommunication:/home/upo/Documents/TFG/TFG/ros2_ws/install/VLMProcessing:/home/upo/turtlebot3_ws/install/userCommunication:/home/upo/turtlebot3_ws/install/turtlebot3_teleop:/home/upo/turtlebot3_ws/install/turtlebot3_example:/home/upo/turtlebot3_ws/install/robotMovement:/home/upo/turtlebot3_ws/install/robotCommunication:/home/upo/turtlebot3_ws/install/VLMProcessing:/opt/ros/jazzy DEBUGINFOD_URLS=https://debuginfod.ubuntu.com /usr/bin/cmake --install /home/upo/Documents/TFG/TFG/ros2_ws/src/build/interfaces
[1.089s] Level 1:colcon.colcon_core.environment:create_environment_scripts_only(interfaces)
[1.090s] DEBUG:colcon.colcon_core.event_handler.log_command:Invoked command in '/home/upo/Documents/TFG/TFG/ros2_ws/src/build/interfaces' returned '0': CMAKE_PREFIX_PATH=${CMAKE_PREFIX_PATH}:/home/upo/Documents/TFG/TFG/ros2_ws/install/userCommunication:/home/upo/Documents/TFG/TFG/ros2_ws/install/robotWebSocket:/home/upo/Documents/TFG/TFG/ros2_ws/install/robotMovement:/home/upo/Documents/TFG/TFG/ros2_ws/install/robotCommunication:/home/upo/Documents/TFG/TFG/ros2_ws/install/VLMProcessing:/home/upo/turtlebot3_ws/install/userCommunication:/home/upo/turtlebot3_ws/install/turtlebot3_teleop:/home/upo/turtlebot3_ws/install/turtlebot3_example:/home/upo/turtlebot3_ws/install/robotMovement:/home/upo/turtlebot3_ws/install/robotCommunication:/home/upo/turtlebot3_ws/install/VLMProcessing:/opt/ros/jazzy DEBUGINFOD_URLS=https://debuginfod.ubuntu.com /usr/bin/cmake --install /home/upo/Documents/TFG/TFG/ros2_ws/src/build/interfaces
[1.093s] Level 1:colcon.colcon_core.environment:checking '/home/upo/Documents/TFG/TFG/ros2_ws/src/install/interfaces' for CMake module files
[1.094s] Level 1:colcon.colcon_core.environment:checking '/home/upo/Documents/TFG/TFG/ros2_ws/src/install/interfaces' for CMake config files
[1.095s] Level 1:colcon.colcon_core.shell:create_environment_hook('interfaces', 'cmake_prefix_path')
[1.095s] INFO:colcon.colcon_core.shell:Creating environment hook '/home/upo/Documents/TFG/TFG/ros2_ws/src/install/interfaces/share/interfaces/hook/cmake_prefix_path.ps1'
[1.096s] INFO:colcon.colcon_core.shell:Creating environment descriptor '/home/upo/Documents/TFG/TFG/ros2_ws/src/install/interfaces/share/interfaces/hook/cmake_prefix_path.dsv'
[1.096s] INFO:colcon.colcon_core.shell:Creating environment hook '/home/upo/Documents/TFG/TFG/ros2_ws/src/install/interfaces/share/interfaces/hook/cmake_prefix_path.sh'
[1.097s] Level 1:colcon.colcon_core.environment:checking '/home/upo/Documents/TFG/TFG/ros2_ws/src/install/interfaces/lib'
[1.097s] Level 1:colcon.colcon_core.shell:create_environment_hook('interfaces', 'ld_library_path_lib')
[1.098s] INFO:colcon.colcon_core.shell:Creating environment hook '/home/upo/Documents/TFG/TFG/ros2_ws/src/install/interfaces/share/interfaces/hook/ld_library_path_lib.ps1'
[1.098s] INFO:colcon.colcon_core.shell:Creating environment descriptor '/home/upo/Documents/TFG/TFG/ros2_ws/src/install/interfaces/share/interfaces/hook/ld_library_path_lib.dsv'
[1.098s] INFO:colcon.colcon_core.shell:Creating environment hook '/home/upo/Documents/TFG/TFG/ros2_ws/src/install/interfaces/share/interfaces/hook/ld_library_path_lib.sh'
[1.099s] Level 1:colcon.colcon_core.environment:checking '/home/upo/Documents/TFG/TFG/ros2_ws/src/install/interfaces/bin'
[1.099s] Level 1:colcon.colcon_core.environment:checking '/home/upo/Documents/TFG/TFG/ros2_ws/src/install/interfaces/lib/pkgconfig/interfaces.pc'
[1.099s] Level 1:colcon.colcon_core.environment:checking '/home/upo/Documents/TFG/TFG/ros2_ws/src/install/interfaces/lib/python3.12/site-packages'
[1.099s] Level 1:colcon.colcon_core.shell:create_environment_hook('interfaces', 'pythonpath')
[1.099s] INFO:colcon.colcon_core.shell:Creating environment hook '/home/upo/Documents/TFG/TFG/ros2_ws/src/install/interfaces/share/interfaces/hook/pythonpath.ps1'
[1.100s] INFO:colcon.colcon_core.shell:Creating environment descriptor '/home/upo/Documents/TFG/TFG/ros2_ws/src/install/interfaces/share/interfaces/hook/pythonpath.dsv'
[1.100s] INFO:colcon.colcon_core.shell:Creating environment hook '/home/upo/Documents/TFG/TFG/ros2_ws/src/install/interfaces/share/interfaces/hook/pythonpath.sh'
[1.100s] Level 1:colcon.colcon_core.environment:checking '/home/upo/Documents/TFG/TFG/ros2_ws/src/install/interfaces/bin'
[1.101s] INFO:colcon.colcon_core.shell:Creating package script '/home/upo/Documents/TFG/TFG/ros2_ws/src/install/interfaces/share/interfaces/package.ps1'
[1.102s] INFO:colcon.colcon_core.shell:Creating package descriptor '/home/upo/Documents/TFG/TFG/ros2_ws/src/install/interfaces/share/interfaces/package.dsv'
[1.103s] INFO:colcon.colcon_core.shell:Creating package script '/home/upo/Documents/TFG/TFG/ros2_ws/src/install/interfaces/share/interfaces/package.sh'
[1.103s] INFO:colcon.colcon_core.shell:Creating package script '/home/upo/Documents/TFG/TFG/ros2_ws/src/install/interfaces/share/interfaces/package.bash'
[1.104s] INFO:colcon.colcon_core.shell:Creating package script '/home/upo/Documents/TFG/TFG/ros2_ws/src/install/interfaces/share/interfaces/package.zsh'
[1.105s] Level 1:colcon.colcon_core.environment:create_file_with_runtime_dependencies(/home/upo/Documents/TFG/TFG/ros2_ws/src/install/interfaces/share/colcon-core/packages/interfaces)
[1.106s] Level 1:colcon.colcon_core.environment:create_environment_scripts_only(interfaces)
[1.106s] Level 1:colcon.colcon_core.environment:checking '/home/upo/Documents/TFG/TFG/ros2_ws/src/install/interfaces' for CMake module files
[1.107s] Level 1:colcon.colcon_core.environment:checking '/home/upo/Documents/TFG/TFG/ros2_ws/src/install/interfaces' for CMake config files
[1.108s] Level 1:colcon.colcon_core.shell:create_environment_hook('interfaces', 'cmake_prefix_path')
[1.108s] INFO:colcon.colcon_core.shell:Creating environment hook '/home/upo/Documents/TFG/TFG/ros2_ws/src/install/interfaces/share/interfaces/hook/cmake_prefix_path.ps1'
[1.109s] INFO:colcon.colcon_core.shell:Creating environment descriptor '/home/upo/Documents/TFG/TFG/ros2_ws/src/install/interfaces/share/interfaces/hook/cmake_prefix_path.dsv'
[1.109s] INFO:colcon.colcon_core.shell:Creating environment hook '/home/upo/Documents/TFG/TFG/ros2_ws/src/install/interfaces/share/interfaces/hook/cmake_prefix_path.sh'
[1.110s] Level 1:colcon.colcon_core.environment:checking '/home/upo/Documents/TFG/TFG/ros2_ws/src/install/interfaces/lib'
[1.110s] Level 1:colcon.colcon_core.shell:create_environment_hook('interfaces', 'ld_library_path_lib')
[1.111s] INFO:colcon.colcon_core.shell:Creating environment hook '/home/upo/Documents/TFG/TFG/ros2_ws/src/install/interfaces/share/interfaces/hook/ld_library_path_lib.ps1'
[1.111s] INFO:colcon.colcon_core.shell:Creating environment descriptor '/home/upo/Documents/TFG/TFG/ros2_ws/src/install/interfaces/share/interfaces/hook/ld_library_path_lib.dsv'
[1.111s] INFO:colcon.colcon_core.shell:Creating environment hook '/home/upo/Documents/TFG/TFG/ros2_ws/src/install/interfaces/share/interfaces/hook/ld_library_path_lib.sh'
[1.112s] Level 1:colcon.colcon_core.environment:checking '/home/upo/Documents/TFG/TFG/ros2_ws/src/install/interfaces/bin'
[1.112s] Level 1:colcon.colcon_core.environment:checking '/home/upo/Documents/TFG/TFG/ros2_ws/src/install/interfaces/lib/pkgconfig/interfaces.pc'
[1.112s] Level 1:colcon.colcon_core.environment:checking '/home/upo/Documents/TFG/TFG/ros2_ws/src/install/interfaces/lib/python3.12/site-packages'
[1.112s] Level 1:colcon.colcon_core.shell:create_environment_hook('interfaces', 'pythonpath')
[1.113s] INFO:colcon.colcon_core.shell:Creating environment hook '/home/upo/Documents/TFG/TFG/ros2_ws/src/install/interfaces/share/interfaces/hook/pythonpath.ps1'
[1.114s] INFO:colcon.colcon_core.shell:Creating environment descriptor '/home/upo/Documents/TFG/TFG/ros2_ws/src/install/interfaces/share/interfaces/hook/pythonpath.dsv'
[1.114s] INFO:colcon.colcon_core.shell:Creating environment hook '/home/upo/Documents/TFG/TFG/ros2_ws/src/install/interfaces/share/interfaces/hook/pythonpath.sh'
[1.115s] Level 1:colcon.colcon_core.environment:checking '/home/upo/Documents/TFG/TFG/ros2_ws/src/install/interfaces/bin'
[1.115s] INFO:colcon.colcon_core.shell:Creating package script '/home/upo/Documents/TFG/TFG/ros2_ws/src/install/interfaces/share/interfaces/package.ps1'
[1.117s] INFO:colcon.colcon_core.shell:Creating package descriptor '/home/upo/Documents/TFG/TFG/ros2_ws/src/install/interfaces/share/interfaces/package.dsv'
[1.117s] INFO:colcon.colcon_core.shell:Creating package script '/home/upo/Documents/TFG/TFG/ros2_ws/src/install/interfaces/share/interfaces/package.sh'
[1.118s] INFO:colcon.colcon_core.shell:Creating package script '/home/upo/Documents/TFG/TFG/ros2_ws/src/install/interfaces/share/interfaces/package.bash'
[1.118s] INFO:colcon.colcon_core.shell:Creating package script '/home/upo/Documents/TFG/TFG/ros2_ws/src/install/interfaces/share/interfaces/package.zsh'
[1.119s] Level 1:colcon.colcon_core.environment:create_file_with_runtime_dependencies(/home/upo/Documents/TFG/TFG/ros2_ws/src/install/interfaces/share/colcon-core/packages/interfaces)
[1.119s] INFO:colcon.colcon_ros.task.ament_python.build:Building ROS package in '/home/upo/Documents/TFG/TFG/ros2_ws/src/VLMProcessing' with build type 'ament_python'
[1.119s] Level 1:colcon.colcon_core.shell:create_environment_hook('VLMProcessing', 'ament_prefix_path')
[1.120s] INFO:colcon.colcon_core.shell:Creating environment hook '/home/upo/Documents/TFG/TFG/ros2_ws/src/install/VLMProcessing/share/VLMProcessing/hook/ament_prefix_path.ps1'
[1.121s] INFO:colcon.colcon_core.shell:Creating environment descriptor '/home/upo/Documents/TFG/TFG/ros2_ws/src/install/VLMProcessing/share/VLMProcessing/hook/ament_prefix_path.dsv'
[1.121s] INFO:colcon.colcon_core.shell:Creating environment hook '/home/upo/Documents/TFG/TFG/ros2_ws/src/install/VLMProcessing/share/VLMProcessing/hook/ament_prefix_path.sh'
[1.122s] INFO:colcon.colcon_core.shell:Skip shell extension 'powershell' for command environment: Not usable outside of PowerShell
[1.122s] DEBUG:colcon.colcon_core.shell:Skip shell extension 'dsv' for command environment
[1.130s] INFO:colcon.colcon_ros.task.ament_python.build:Building ROS package in '/home/upo/Documents/TFG/TFG/ros2_ws/src/robotCommunication' with build type 'ament_python'
[1.130s] Level 1:colcon.colcon_core.shell:create_environment_hook('robotCommunication', 'ament_prefix_path')
[1.131s] INFO:colcon.colcon_core.shell:Creating environment hook '/home/upo/Documents/TFG/TFG/ros2_ws/src/install/robotCommunication/share/robotCommunication/hook/ament_prefix_path.ps1'
[1.131s] INFO:colcon.colcon_core.shell:Creating environment descriptor '/home/upo/Documents/TFG/TFG/ros2_ws/src/install/robotCommunication/share/robotCommunication/hook/ament_prefix_path.dsv'
[1.132s] INFO:colcon.colcon_core.shell:Creating environment hook '/home/upo/Documents/TFG/TFG/ros2_ws/src/install/robotCommunication/share/robotCommunication/hook/ament_prefix_path.sh'
[1.132s] INFO:colcon.colcon_core.shell:Skip shell extension 'powershell' for command environment: Not usable outside of PowerShell
[1.132s] DEBUG:colcon.colcon_core.shell:Skip shell extension 'dsv' for command environment
[1.137s] INFO:colcon.colcon_ros.task.ament_python.build:Building ROS package in '/home/upo/Documents/TFG/TFG/ros2_ws/src/robotMovement' with build type 'ament_python'
[1.137s] Level 1:colcon.colcon_core.shell:create_environment_hook('robotMovement', 'ament_prefix_path')
[1.138s] INFO:colcon.colcon_core.shell:Creating environment hook '/home/upo/Documents/TFG/TFG/ros2_ws/src/install/robotMovement/share/robotMovement/hook/ament_prefix_path.ps1'
[1.139s] INFO:colcon.colcon_core.shell:Creating environment descriptor '/home/upo/Documents/TFG/TFG/ros2_ws/src/install/robotMovement/share/robotMovement/hook/ament_prefix_path.dsv'
[1.139s] INFO:colcon.colcon_core.shell:Creating environment hook '/home/upo/Documents/TFG/TFG/ros2_ws/src/install/robotMovement/share/robotMovement/hook/ament_prefix_path.sh'
[1.139s] INFO:colcon.colcon_core.shell:Skip shell extension 'powershell' for command environment: Not usable outside of PowerShell
[1.139s] DEBUG:colcon.colcon_core.shell:Skip shell extension 'dsv' for command environment
[1.493s] INFO:colcon.colcon_core.task.python.build:Building Python package in '/home/upo/Documents/TFG/TFG/ros2_ws/src/VLMProcessing'
[1.493s] INFO:colcon.colcon_core.shell:Skip shell extension 'powershell' for command environment: Not usable outside of PowerShell
[1.493s] DEBUG:colcon.colcon_core.shell:Skip shell extension 'dsv' for command environment
[1.839s] INFO:colcon.colcon_core.task.python.build:Building Python package in '/home/upo/Documents/TFG/TFG/ros2_ws/src/robotCommunication'
[1.839s] INFO:colcon.colcon_core.shell:Skip shell extension 'powershell' for command environment: Not usable outside of PowerShell
[1.839s] DEBUG:colcon.colcon_core.shell:Skip shell extension 'dsv' for command environment
[2.146s] INFO:colcon.colcon_core.task.python.build:Building Python package in '/home/upo/Documents/TFG/TFG/ros2_ws/src/robotMovement'
[2.146s] INFO:colcon.colcon_core.shell:Skip shell extension 'powershell' for command environment: Not usable outside of PowerShell
[2.146s] DEBUG:colcon.colcon_core.shell:Skip shell extension 'dsv' for command environment
[2.153s] DEBUG:colcon.colcon_core.task.python.build:Available setuptools commands: easy_install, install, register, install_lib, build_scripts, bdist_egg, check, install_headers, update_catalog, build_ext, bdist_dumb, build_py, extract_messages, bdist_rpm, install_scripts, bdist, alias, upload, clean, build, test, editable_wheel, egg_info, install_egg_info, rotate, bdist_wheel, setopt, dist_info, symlink_data, saveopts, install_data, upload_docs, develop, build_clib, sdist, init_catalog, compile_catalog
[2.156s] DEBUG:colcon.colcon_core.task.python.build:Available setuptools commands: easy_install, install, register, install_lib, build_scripts, bdist_egg, check, install_headers, update_catalog, build_ext, bdist_dumb, build_py, extract_messages, bdist_rpm, install_scripts, bdist, alias, upload, clean, build, test, editable_wheel, egg_info, install_egg_info, rotate, bdist_wheel, setopt, dist_info, symlink_data, saveopts, install_data, upload_docs, develop, build_clib, sdist, init_catalog, compile_catalog
[2.684s] DEBUG:colcon.colcon_core.task.python.build:Available setuptools 'develop' options: --user, --local-snapshots-ok, --egg-path, --multi-version, --help, --prefix, --record, --install-layout, --uninstall, --site-dirs, --install-dir, --allow-hosts, --find-links, --force-installation-into-system-dir, --quiet, --optimize, --index-url, --dry-run, --build-directory, --script-dir, --no-user-cfg, --always-unzip, --no-deps, --version, --no-find-links, --always-copy, --upgrade, --verbose, --exclude-scripts, --editable, --zip-ok
[2.685s] DEBUG:colcon.colcon_core.event_handler.log_command:Invoking command in '/home/upo/Documents/TFG/TFG/ros2_ws/src/build/userCommunication': DEBUGINFOD_URLS=https://debuginfod.ubuntu.com PYTHONPATH=/home/upo/Documents/TFG/TFG/ros2_ws/src/build/userCommunication/prefix_override:/usr/lib/python3/dist-packages/colcon_core/task/python/colcon_distutils_commands:/home/upo/Documents/TFG/TFG/ros2_ws/src/install/userCommunication/lib/python3.12/site-packages:${PYTHONPATH} /usr/bin/python3 -W ignore:setup.py install is deprecated -W ignore:easy_install command is deprecated setup.py develop --editable --build-directory /home/upo/Documents/TFG/TFG/ros2_ws/src/build/userCommunication/build --no-deps symlink_data
[2.687s] DEBUG:colcon.colcon_core.task.python.build:Available setuptools 'develop' options: --user, --local-snapshots-ok, --egg-path, --multi-version, --help, --prefix, --record, --install-layout, --uninstall, --site-dirs, --install-dir, --allow-hosts, --find-links, --force-installation-into-system-dir, --quiet, --optimize, --index-url, --dry-run, --build-directory, --script-dir, --no-user-cfg, --always-unzip, --no-deps, --version, --no-find-links, --always-copy, --upgrade, --verbose, --exclude-scripts, --editable, --zip-ok
[2.692s] DEBUG:colcon.colcon_core.event_handler.log_command:Invoking command in '/home/upo/Documents/TFG/TFG/ros2_ws/src/build/robotWebSocket': DEBUGINFOD_URLS=https://debuginfod.ubuntu.com PYTHONPATH=/home/upo/Documents/TFG/TFG/ros2_ws/src/build/robotWebSocket/prefix_override:/usr/lib/python3/dist-packages/colcon_core/task/python/colcon_distutils_commands:/home/upo/Documents/TFG/TFG/ros2_ws/src/install/robotWebSocket/lib/python3.12/site-packages:${PYTHONPATH} /usr/bin/python3 -W ignore:setup.py install is deprecated -W ignore:easy_install command is deprecated setup.py develop --editable --build-directory /home/upo/Documents/TFG/TFG/ros2_ws/src/build/robotWebSocket/build --no-deps symlink_data
[3.042s] DEBUG:colcon.colcon_core.task.python.build:Available setuptools commands: easy_install, install, register, install_lib, build_scripts, bdist_egg, check, install_headers, update_catalog, build_ext, bdist_dumb, build_py, extract_messages, bdist_rpm, install_scripts, bdist, alias, upload, clean, build, test, editable_wheel, egg_info, install_egg_info, rotate, bdist_wheel, setopt, dist_info, symlink_data, saveopts, install_data, upload_docs, develop, build_clib, sdist, init_catalog, compile_catalog
[3.056s] DEBUG:colcon.colcon_core.task.python.build:Available setuptools commands: easy_install, install, register, install_lib, build_scripts, bdist_egg, check, install_headers, update_catalog, build_ext, bdist_dumb, build_py, extract_messages, bdist_rpm, install_scripts, bdist, alias, upload, clean, build, test, editable_wheel, egg_info, install_egg_info, rotate, bdist_wheel, setopt, dist_info, symlink_data, saveopts, install_data, upload_docs, develop, build_clib, sdist, init_catalog, compile_catalog
[3.069s] DEBUG:colcon.colcon_core.task.python.build:Available setuptools commands: easy_install, install, register, install_lib, build_scripts, bdist_egg, check, install_headers, update_catalog, build_ext, bdist_dumb, build_py, extract_messages, bdist_rpm, install_scripts, bdist, alias, upload, clean, build, test, editable_wheel, egg_info, install_egg_info, rotate, bdist_wheel, setopt, dist_info, symlink_data, saveopts, install_data, upload_docs, develop, build_clib, sdist, init_catalog, compile_catalog
[3.511s] DEBUG:colcon.colcon_core.task.python.build:Available setuptools 'develop' options: --user, --local-snapshots-ok, --egg-path, --multi-version, --help, --prefix, --record, --install-layout, --uninstall, --site-dirs, --install-dir, --allow-hosts, --find-links, --force-installation-into-system-dir, --quiet, --optimize, --index-url, --dry-run, --build-directory, --script-dir, --no-user-cfg, --always-unzip, --no-deps, --version, --no-find-links, --always-copy, --upgrade, --verbose, --exclude-scripts, --editable, --zip-ok
[3.518s] DEBUG:colcon.colcon_core.event_handler.log_command:Invoking command in '/home/upo/Documents/TFG/TFG/ros2_ws/src/build/robotMovement': AMENT_PREFIX_PATH=/home/upo/Documents/TFG/TFG/ros2_ws/src/install/interfaces:${AMENT_PREFIX_PATH} CMAKE_PREFIX_PATH=/home/upo/Documents/TFG/TFG/ros2_ws/src/install/interfaces:${CMAKE_PREFIX_PATH} DEBUGINFOD_URLS=https://debuginfod.ubuntu.com LD_LIBRARY_PATH=/home/upo/Documents/TFG/TFG/ros2_ws/src/install/interfaces/lib:${LD_LIBRARY_PATH} PYTHONPATH=/home/upo/Documents/TFG/TFG/ros2_ws/src/build/robotMovement/prefix_override:/usr/lib/python3/dist-packages/colcon_core/task/python/colcon_distutils_commands:/home/upo/Documents/TFG/TFG/ros2_ws/src/install/robotMovement/lib/python3.12/site-packages:/home/upo/Documents/TFG/TFG/ros2_ws/src/install/interfaces/lib/python3.12/site-packages:${PYTHONPATH} /usr/bin/python3 -W ignore:setup.py install is deprecated -W ignore:easy_install command is deprecated setup.py develop --editable --build-directory /home/upo/Documents/TFG/TFG/ros2_ws/src/build/robotMovement/build --no-deps symlink_data
[3.533s] DEBUG:colcon.colcon_core.task.python.build:Available setuptools 'develop' options: --user, --local-snapshots-ok, --egg-path, --multi-version, --help, --prefix, --record, --install-layout, --uninstall, --site-dirs, --install-dir, --allow-hosts, --find-links, --force-installation-into-system-dir, --quiet, --optimize, --index-url, --dry-run, --build-directory, --script-dir, --no-user-cfg, --always-unzip, --no-deps, --version, --no-find-links, --always-copy, --upgrade, --verbose, --exclude-scripts, --editable, --zip-ok
[3.536s] DEBUG:colcon.colcon_core.event_handler.log_command:Invoking command in '/home/upo/Documents/TFG/TFG/ros2_ws/src/build/robotCommunication': AMENT_PREFIX_PATH=/home/upo/Documents/TFG/TFG/ros2_ws/src/install/interfaces:${AMENT_PREFIX_PATH} CMAKE_PREFIX_PATH=/home/upo/Documents/TFG/TFG/ros2_ws/src/install/interfaces:${CMAKE_PREFIX_PATH} DEBUGINFOD_URLS=https://debuginfod.ubuntu.com LD_LIBRARY_PATH=/home/upo/Documents/TFG/TFG/ros2_ws/src/install/interfaces/lib:${LD_LIBRARY_PATH} PYTHONPATH=/home/upo/Documents/TFG/TFG/ros2_ws/src/build/robotCommunication/prefix_override:/usr/lib/python3/dist-packages/colcon_core/task/python/colcon_distutils_commands:/home/upo/Documents/TFG/TFG/ros2_ws/src/install/robotCommunication/lib/python3.12/site-packages:/home/upo/Documents/TFG/TFG/ros2_ws/src/install/interfaces/lib/python3.12/site-packages:${PYTHONPATH} /usr/bin/python3 -W ignore:setup.py install is deprecated -W ignore:easy_install command is deprecated setup.py develop --editable --build-directory /home/upo/Documents/TFG/TFG/ros2_ws/src/build/robotCommunication/build --no-deps symlink_data
[3.578s] DEBUG:colcon.colcon_core.task.python.build:Available setuptools 'develop' options: --user, --local-snapshots-ok, --egg-path, --multi-version, --help, --prefix, --record, --install-layout, --uninstall, --site-dirs, --install-dir, --allow-hosts, --find-links, --force-installation-into-system-dir, --quiet, --optimize, --index-url, --dry-run, --build-directory, --script-dir, --no-user-cfg, --always-unzip, --no-deps, --version, --no-find-links, --always-copy, --upgrade, --verbose, --exclude-scripts, --editable, --zip-ok
[3.580s] DEBUG:colcon.colcon_core.event_handler.log_command:Invoking command in '/home/upo/Documents/TFG/TFG/ros2_ws/src/build/VLMProcessing': AMENT_PREFIX_PATH=/home/upo/Documents/TFG/TFG/ros2_ws/src/install/interfaces:${AMENT_PREFIX_PATH} CMAKE_PREFIX_PATH=/home/upo/Documents/TFG/TFG/ros2_ws/src/install/interfaces:${CMAKE_PREFIX_PATH} DEBUGINFOD_URLS=https://debuginfod.ubuntu.com LD_LIBRARY_PATH=/home/upo/Documents/TFG/TFG/ros2_ws/src/install/interfaces/lib:${LD_LIBRARY_PATH} PYTHONPATH=/home/upo/Documents/TFG/TFG/ros2_ws/src/build/VLMProcessing/prefix_override:/usr/lib/python3/dist-packages/colcon_core/task/python/colcon_distutils_commands:/home/upo/Documents/TFG/TFG/ros2_ws/src/install/VLMProcessing/lib/python3.12/site-packages:/home/upo/Documents/TFG/TFG/ros2_ws/src/install/interfaces/lib/python3.12/site-packages:${PYTHONPATH} /usr/bin/python3 -W ignore:setup.py install is deprecated -W ignore:easy_install command is deprecated setup.py develop --editable --build-directory /home/upo/Documents/TFG/TFG/ros2_ws/src/build/VLMProcessing/build --no-deps symlink_data
[3.643s] Level 1:colcon.colcon_core.shell:create_environment_hook('userCommunication', 'pythonpath_develop')
[3.644s] INFO:colcon.colcon_core.shell:Creating environment hook '/home/upo/Documents/TFG/TFG/ros2_ws/src/build/userCommunication/share/userCommunication/hook/pythonpath_develop.ps1'
[3.644s] DEBUG:colcon.colcon_core.event_handler.log_command:Invoked command in '/home/upo/Documents/TFG/TFG/ros2_ws/src/build/userCommunication' returned '0': DEBUGINFOD_URLS=https://debuginfod.ubuntu.com PYTHONPATH=/home/upo/Documents/TFG/TFG/ros2_ws/src/build/userCommunication/prefix_override:/usr/lib/python3/dist-packages/colcon_core/task/python/colcon_distutils_commands:/home/upo/Documents/TFG/TFG/ros2_ws/src/install/userCommunication/lib/python3.12/site-packages:${PYTHONPATH} /usr/bin/python3 -W ignore:setup.py install is deprecated -W ignore:easy_install command is deprecated setup.py develop --editable --build-directory /home/upo/Documents/TFG/TFG/ros2_ws/src/build/userCommunication/build --no-deps symlink_data
[3.645s] INFO:colcon.colcon_core.shell:Creating environment descriptor '/home/upo/Documents/TFG/TFG/ros2_ws/src/build/userCommunication/share/userCommunication/hook/pythonpath_develop.dsv'
[3.645s] INFO:colcon.colcon_core.shell:Creating environment hook '/home/upo/Documents/TFG/TFG/ros2_ws/src/build/userCommunication/share/userCommunication/hook/pythonpath_develop.sh'
[3.646s] Level 1:colcon.colcon_core.environment:checking '/home/upo/Documents/TFG/TFG/ros2_ws/src/install/userCommunication' for CMake module files
[3.647s] Level 1:colcon.colcon_core.environment:checking '/home/upo/Documents/TFG/TFG/ros2_ws/src/install/userCommunication' for CMake config files
[3.647s] Level 1:colcon.colcon_core.environment:checking '/home/upo/Documents/TFG/TFG/ros2_ws/src/install/userCommunication/lib'
[3.647s] Level 1:colcon.colcon_core.environment:checking '/home/upo/Documents/TFG/TFG/ros2_ws/src/install/userCommunication/bin'
[3.647s] Level 1:colcon.colcon_core.environment:checking '/home/upo/Documents/TFG/TFG/ros2_ws/src/install/userCommunication/lib/pkgconfig/userCommunication.pc'
[3.648s] Level 1:colcon.colcon_core.environment:checking '/home/upo/Documents/TFG/TFG/ros2_ws/src/install/userCommunication/lib/python3.12/site-packages'
[3.648s] Level 1:colcon.colcon_core.shell:create_environment_hook('userCommunication', 'pythonpath')
[3.648s] INFO:colcon.colcon_core.shell:Creating environment hook '/home/upo/Documents/TFG/TFG/ros2_ws/src/install/userCommunication/share/userCommunication/hook/pythonpath.ps1'
[3.649s] INFO:colcon.colcon_core.shell:Creating environment descriptor '/home/upo/Documents/TFG/TFG/ros2_ws/src/install/userCommunication/share/userCommunication/hook/pythonpath.dsv'
[3.649s] INFO:colcon.colcon_core.shell:Creating environment hook '/home/upo/Documents/TFG/TFG/ros2_ws/src/install/userCommunication/share/userCommunication/hook/pythonpath.sh'
[3.650s] Level 1:colcon.colcon_core.environment:checking '/home/upo/Documents/TFG/TFG/ros2_ws/src/install/userCommunication/bin'
[3.650s] Level 1:colcon.colcon_core.environment:create_environment_scripts_only(userCommunication)
[3.650s] INFO:colcon.colcon_core.shell:Creating package script '/home/upo/Documents/TFG/TFG/ros2_ws/src/install/userCommunication/share/userCommunication/package.ps1'
[3.651s] INFO:colcon.colcon_core.shell:Creating package descriptor '/home/upo/Documents/TFG/TFG/ros2_ws/src/install/userCommunication/share/userCommunication/package.dsv'
[3.651s] INFO:colcon.colcon_core.shell:Creating package script '/home/upo/Documents/TFG/TFG/ros2_ws/src/install/userCommunication/share/userCommunication/package.sh'
[3.652s] INFO:colcon.colcon_core.shell:Creating package script '/home/upo/Documents/TFG/TFG/ros2_ws/src/install/userCommunication/share/userCommunication/package.bash'
[3.652s] INFO:colcon.colcon_core.shell:Creating package script '/home/upo/Documents/TFG/TFG/ros2_ws/src/install/userCommunication/share/userCommunication/package.zsh'
[3.653s] Level 1:colcon.colcon_core.environment:create_file_with_runtime_dependencies(/home/upo/Documents/TFG/TFG/ros2_ws/src/install/userCommunication/share/colcon-core/packages/userCommunication)
[3.672s] Level 1:colcon.colcon_core.shell:create_environment_hook('robotWebSocket', 'pythonpath_develop')
[3.673s] INFO:colcon.colcon_core.shell:Creating environment hook '/home/upo/Documents/TFG/TFG/ros2_ws/src/build/robotWebSocket/share/robotWebSocket/hook/pythonpath_develop.ps1'
[3.674s] INFO:colcon.colcon_core.shell:Creating environment descriptor '/home/upo/Documents/TFG/TFG/ros2_ws/src/build/robotWebSocket/share/robotWebSocket/hook/pythonpath_develop.dsv'
[3.674s] INFO:colcon.colcon_core.shell:Creating environment hook '/home/upo/Documents/TFG/TFG/ros2_ws/src/build/robotWebSocket/share/robotWebSocket/hook/pythonpath_develop.sh'
[3.673s] DEBUG:colcon.colcon_core.event_handler.log_command:Invoked command in '/home/upo/Documents/TFG/TFG/ros2_ws/src/build/robotWebSocket' returned '0': DEBUGINFOD_URLS=https://debuginfod.ubuntu.com PYTHONPATH=/home/upo/Documents/TFG/TFG/ros2_ws/src/build/robotWebSocket/prefix_override:/usr/lib/python3/dist-packages/colcon_core/task/python/colcon_distutils_commands:/home/upo/Documents/TFG/TFG/ros2_ws/src/install/robotWebSocket/lib/python3.12/site-packages:${PYTHONPATH} /usr/bin/python3 -W ignore:setup.py install is deprecated -W ignore:easy_install command is deprecated setup.py develop --editable --build-directory /home/upo/Documents/TFG/TFG/ros2_ws/src/build/robotWebSocket/build --no-deps symlink_data
[3.675s] Level 1:colcon.colcon_core.environment:checking '/home/upo/Documents/TFG/TFG/ros2_ws/src/install/robotWebSocket' for CMake module files
[3.675s] Level 1:colcon.colcon_core.environment:checking '/home/upo/Documents/TFG/TFG/ros2_ws/src/install/robotWebSocket' for CMake config files
[3.676s] Level 1:colcon.colcon_core.environment:checking '/home/upo/Documents/TFG/TFG/ros2_ws/src/install/robotWebSocket/lib'
[3.676s] Level 1:colcon.colcon_core.environment:checking '/home/upo/Documents/TFG/TFG/ros2_ws/src/install/robotWebSocket/bin'
[3.676s] Level 1:colcon.colcon_core.environment:checking '/home/upo/Documents/TFG/TFG/ros2_ws/src/install/robotWebSocket/lib/pkgconfig/robotWebSocket.pc'
[3.676s] Level 1:colcon.colcon_core.environment:checking '/home/upo/Documents/TFG/TFG/ros2_ws/src/install/robotWebSocket/lib/python3.12/site-packages'
[3.676s] Level 1:colcon.colcon_core.shell:create_environment_hook('robotWebSocket', 'pythonpath')
[3.677s] INFO:colcon.colcon_core.shell:Creating environment hook '/home/upo/Documents/TFG/TFG/ros2_ws/src/install/robotWebSocket/share/robotWebSocket/hook/pythonpath.ps1'
[3.677s] INFO:colcon.colcon_core.shell:Creating environment descriptor '/home/upo/Documents/TFG/TFG/ros2_ws/src/install/robotWebSocket/share/robotWebSocket/hook/pythonpath.dsv'
[3.678s] INFO:colcon.colcon_core.shell:Creating environment hook '/home/upo/Documents/TFG/TFG/ros2_ws/src/install/robotWebSocket/share/robotWebSocket/hook/pythonpath.sh'
[3.678s] Level 1:colcon.colcon_core.environment:checking '/home/upo/Documents/TFG/TFG/ros2_ws/src/install/robotWebSocket/bin'
[3.678s] Level 1:colcon.colcon_core.environment:create_environment_scripts_only(robotWebSocket)
[3.679s] INFO:colcon.colcon_core.shell:Creating package script '/home/upo/Documents/TFG/TFG/ros2_ws/src/install/robotWebSocket/share/robotWebSocket/package.ps1'
[3.680s] INFO:colcon.colcon_core.shell:Creating package descriptor '/home/upo/Documents/TFG/TFG/ros2_ws/src/install/robotWebSocket/share/robotWebSocket/package.dsv'
[3.680s] INFO:colcon.colcon_core.shell:Creating package script '/home/upo/Documents/TFG/TFG/ros2_ws/src/install/robotWebSocket/share/robotWebSocket/package.sh'
[3.681s] INFO:colcon.colcon_core.shell:Creating package script '/home/upo/Documents/TFG/TFG/ros2_ws/src/install/robotWebSocket/share/robotWebSocket/package.bash'
[3.681s] INFO:colcon.colcon_core.shell:Creating package script '/home/upo/Documents/TFG/TFG/ros2_ws/src/install/robotWebSocket/share/robotWebSocket/package.zsh'
[3.682s] Level 1:colcon.colcon_core.environment:create_file_with_runtime_dependencies(/home/upo/Documents/TFG/TFG/ros2_ws/src/install/robotWebSocket/share/colcon-core/packages/robotWebSocket)
[4.379s] Level 1:colcon.colcon_core.shell:create_environment_hook('robotCommunication', 'pythonpath_develop')
[4.379s] INFO:colcon.colcon_core.shell:Creating environment hook '/home/upo/Documents/TFG/TFG/ros2_ws/src/build/robotCommunication/share/robotCommunication/hook/pythonpath_develop.ps1'
[4.379s] DEBUG:colcon.colcon_core.event_handler.log_command:Invoked command in '/home/upo/Documents/TFG/TFG/ros2_ws/src/build/robotCommunication' returned '0': AMENT_PREFIX_PATH=/home/upo/Documents/TFG/TFG/ros2_ws/src/install/interfaces:${AMENT_PREFIX_PATH} CMAKE_PREFIX_PATH=/home/upo/Documents/TFG/TFG/ros2_ws/src/install/interfaces:${CMAKE_PREFIX_PATH} DEBUGINFOD_URLS=https://debuginfod.ubuntu.com LD_LIBRARY_PATH=/home/upo/Documents/TFG/TFG/ros2_ws/src/install/interfaces/lib:${LD_LIBRARY_PATH} PYTHONPATH=/home/upo/Documents/TFG/TFG/ros2_ws/src/build/robotCommunication/prefix_override:/usr/lib/python3/dist-packages/colcon_core/task/python/colcon_distutils_commands:/home/upo/Documents/TFG/TFG/ros2_ws/src/install/robotCommunication/lib/python3.12/site-packages:/home/upo/Documents/TFG/TFG/ros2_ws/src/install/interfaces/lib/python3.12/site-packages:${PYTHONPATH} /usr/bin/python3 -W ignore:setup.py install is deprecated -W ignore:easy_install command is deprecated setup.py develop --editable --build-directory /home/upo/Documents/TFG/TFG/ros2_ws/src/build/robotCommunication/build --no-deps symlink_data
[4.380s] INFO:colcon.colcon_core.shell:Creating environment descriptor '/home/upo/Documents/TFG/TFG/ros2_ws/src/build/robotCommunication/share/robotCommunication/hook/pythonpath_develop.dsv'
[4.380s] INFO:colcon.colcon_core.shell:Creating environment hook '/home/upo/Documents/TFG/TFG/ros2_ws/src/build/robotCommunication/share/robotCommunication/hook/pythonpath_develop.sh'
[4.381s] Level 1:colcon.colcon_core.environment:checking '/home/upo/Documents/TFG/TFG/ros2_ws/src/install/robotCommunication' for CMake module files
[4.382s] Level 1:colcon.colcon_core.environment:checking '/home/upo/Documents/TFG/TFG/ros2_ws/src/install/robotCommunication' for CMake config files
[4.382s] Level 1:colcon.colcon_core.environment:checking '/home/upo/Documents/TFG/TFG/ros2_ws/src/install/robotCommunication/lib'
[4.383s] Level 1:colcon.colcon_core.environment:checking '/home/upo/Documents/TFG/TFG/ros2_ws/src/install/robotCommunication/bin'
[4.383s] Level 1:colcon.colcon_core.environment:checking '/home/upo/Documents/TFG/TFG/ros2_ws/src/install/robotCommunication/lib/pkgconfig/robotCommunication.pc'
[4.383s] Level 1:colcon.colcon_core.environment:checking '/home/upo/Documents/TFG/TFG/ros2_ws/src/install/robotCommunication/lib/python3.12/site-packages'
[4.383s] Level 1:colcon.colcon_core.shell:create_environment_hook('robotCommunication', 'pythonpath')
[4.383s] INFO:colcon.colcon_core.shell:Creating environment hook '/home/upo/Documents/TFG/TFG/ros2_ws/src/install/robotCommunication/share/robotCommunication/hook/pythonpath.ps1'
[4.384s] INFO:colcon.colcon_core.shell:Creating environment descriptor '/home/upo/Documents/TFG/TFG/ros2_ws/src/install/robotCommunication/share/robotCommunication/hook/pythonpath.dsv'
[4.384s] INFO:colcon.colcon_core.shell:Creating environment hook '/home/upo/Documents/TFG/TFG/ros2_ws/src/install/robotCommunication/share/robotCommunication/hook/pythonpath.sh'
[4.385s] Level 1:colcon.colcon_core.environment:checking '/home/upo/Documents/TFG/TFG/ros2_ws/src/install/robotCommunication/bin'
[4.385s] Level 1:colcon.colcon_core.environment:create_environment_scripts_only(robotCommunication)
[4.385s] INFO:colcon.colcon_core.shell:Creating package script '/home/upo/Documents/TFG/TFG/ros2_ws/src/install/robotCommunication/share/robotCommunication/package.ps1'
[4.386s] INFO:colcon.colcon_core.shell:Creating package descriptor '/home/upo/Documents/TFG/TFG/ros2_ws/src/install/robotCommunication/share/robotCommunication/package.dsv'
[4.386s] INFO:colcon.colcon_core.shell:Creating package script '/home/upo/Documents/TFG/TFG/ros2_ws/src/install/robotCommunication/share/robotCommunication/package.sh'
[4.387s] INFO:colcon.colcon_core.shell:Creating package script '/home/upo/Documents/TFG/TFG/ros2_ws/src/install/robotCommunication/share/robotCommunication/package.bash'
[4.387s] INFO:colcon.colcon_core.shell:Creating package script '/home/upo/Documents/TFG/TFG/ros2_ws/src/install/robotCommunication/share/robotCommunication/package.zsh'
[4.387s] Level 1:colcon.colcon_core.environment:create_file_with_runtime_dependencies(/home/upo/Documents/TFG/TFG/ros2_ws/src/install/robotCommunication/share/colcon-core/packages/robotCommunication)
[4.389s] Level 1:colcon.colcon_core.shell:create_environment_hook('robotMovement', 'pythonpath_develop')
[4.389s] INFO:colcon.colcon_core.shell:Creating environment hook '/home/upo/Documents/TFG/TFG/ros2_ws/src/build/robotMovement/share/robotMovement/hook/pythonpath_develop.ps1'
[4.392s] INFO:colcon.colcon_core.shell:Creating environment descriptor '/home/upo/Documents/TFG/TFG/ros2_ws/src/build/robotMovement/share/robotMovement/hook/pythonpath_develop.dsv'
[4.392s] DEBUG:colcon.colcon_core.event_handler.log_command:Invoked command in '/home/upo/Documents/TFG/TFG/ros2_ws/src/build/robotMovement' returned '0': AMENT_PREFIX_PATH=/home/upo/Documents/TFG/TFG/ros2_ws/src/install/interfaces:${AMENT_PREFIX_PATH} CMAKE_PREFIX_PATH=/home/upo/Documents/TFG/TFG/ros2_ws/src/install/interfaces:${CMAKE_PREFIX_PATH} DEBUGINFOD_URLS=https://debuginfod.ubuntu.com LD_LIBRARY_PATH=/home/upo/Documents/TFG/TFG/ros2_ws/src/install/interfaces/lib:${LD_LIBRARY_PATH} PYTHONPATH=/home/upo/Documents/TFG/TFG/ros2_ws/src/build/robotMovement/prefix_override:/usr/lib/python3/dist-packages/colcon_core/task/python/colcon_distutils_commands:/home/upo/Documents/TFG/TFG/ros2_ws/src/install/robotMovement/lib/python3.12/site-packages:/home/upo/Documents/TFG/TFG/ros2_ws/src/install/interfaces/lib/python3.12/site-packages:${PYTHONPATH} /usr/bin/python3 -W ignore:setup.py install is deprecated -W ignore:easy_install command is deprecated setup.py develop --editable --build-directory /home/upo/Documents/TFG/TFG/ros2_ws/src/build/robotMovement/build --no-deps symlink_data
[4.393s] INFO:colcon.colcon_core.shell:Creating environment hook '/home/upo/Documents/TFG/TFG/ros2_ws/src/build/robotMovement/share/robotMovement/hook/pythonpath_develop.sh'
[4.394s] Level 1:colcon.colcon_core.environment:checking '/home/upo/Documents/TFG/TFG/ros2_ws/src/install/robotMovement' for CMake module files
[4.395s] Level 1:colcon.colcon_core.environment:checking '/home/upo/Documents/TFG/TFG/ros2_ws/src/install/robotMovement' for CMake config files
[4.395s] Level 1:colcon.colcon_core.environment:checking '/home/upo/Documents/TFG/TFG/ros2_ws/src/install/robotMovement/lib'
[4.395s] Level 1:colcon.colcon_core.environment:checking '/home/upo/Documents/TFG/TFG/ros2_ws/src/install/robotMovement/bin'
[4.395s] Level 1:colcon.colcon_core.environment:checking '/home/upo/Documents/TFG/TFG/ros2_ws/src/install/robotMovement/lib/pkgconfig/robotMovement.pc'
[4.396s] Level 1:colcon.colcon_core.environment:checking '/home/upo/Documents/TFG/TFG/ros2_ws/src/install/robotMovement/lib/python3.12/site-packages'
[4.396s] Level 1:colcon.colcon_core.shell:create_environment_hook('robotMovement', 'pythonpath')
[4.397s] INFO:colcon.colcon_core.shell:Creating environment hook '/home/upo/Documents/TFG/TFG/ros2_ws/src/install/robotMovement/share/robotMovement/hook/pythonpath.ps1'
[4.397s] INFO:colcon.colcon_core.shell:Creating environment descriptor '/home/upo/Documents/TFG/TFG/ros2_ws/src/install/robotMovement/share/robotMovement/hook/pythonpath.dsv'
[4.398s] INFO:colcon.colcon_core.shell:Creating environment hook '/home/upo/Documents/TFG/TFG/ros2_ws/src/install/robotMovement/share/robotMovement/hook/pythonpath.sh'
[4.398s] Level 1:colcon.colcon_core.environment:checking '/home/upo/Documents/TFG/TFG/ros2_ws/src/install/robotMovement/bin'
[4.399s] Level 1:colcon.colcon_core.environment:create_environment_scripts_only(robotMovement)
[4.399s] INFO:colcon.colcon_core.shell:Creating package script '/home/upo/Documents/TFG/TFG/ros2_ws/src/install/robotMovement/share/robotMovement/package.ps1'
[4.400s] INFO:colcon.colcon_core.shell:Creating package descriptor '/home/upo/Documents/TFG/TFG/ros2_ws/src/install/robotMovement/share/robotMovement/package.dsv'
[4.400s] INFO:colcon.colcon_core.shell:Creating package script '/home/upo/Documents/TFG/TFG/ros2_ws/src/install/robotMovement/share/robotMovement/package.sh'
[4.401s] INFO:colcon.colcon_core.shell:Creating package script '/home/upo/Documents/TFG/TFG/ros2_ws/src/install/robotMovement/share/robotMovement/package.bash'
[4.401s] INFO:colcon.colcon_core.shell:Creating package script '/home/upo/Documents/TFG/TFG/ros2_ws/src/install/robotMovement/share/robotMovement/package.zsh'
[4.401s] Level 1:colcon.colcon_core.environment:create_file_with_runtime_dependencies(/home/upo/Documents/TFG/TFG/ros2_ws/src/install/robotMovement/share/colcon-core/packages/robotMovement)
[4.423s] Level 1:colcon.colcon_core.shell:create_environment_hook('VLMProcessing', 'pythonpath_develop')
[4.423s] INFO:colcon.colcon_core.shell:Creating environment hook '/home/upo/Documents/TFG/TFG/ros2_ws/src/build/VLMProcessing/share/VLMProcessing/hook/pythonpath_develop.ps1'
[4.423s] DEBUG:colcon.colcon_core.event_handler.log_command:Invoked command in '/home/upo/Documents/TFG/TFG/ros2_ws/src/build/VLMProcessing' returned '0': AMENT_PREFIX_PATH=/home/upo/Documents/TFG/TFG/ros2_ws/src/install/interfaces:${AMENT_PREFIX_PATH} CMAKE_PREFIX_PATH=/home/upo/Documents/TFG/TFG/ros2_ws/src/install/interfaces:${CMAKE_PREFIX_PATH} DEBUGINFOD_URLS=https://debuginfod.ubuntu.com LD_LIBRARY_PATH=/home/upo/Documents/TFG/TFG/ros2_ws/src/install/interfaces/lib:${LD_LIBRARY_PATH} PYTHONPATH=/home/upo/Documents/TFG/TFG/ros2_ws/src/build/VLMProcessing/prefix_override:/usr/lib/python3/dist-packages/colcon_core/task/python/colcon_distutils_commands:/home/upo/Documents/TFG/TFG/ros2_ws/src/install/VLMProcessing/lib/python3.12/site-packages:/home/upo/Documents/TFG/TFG/ros2_ws/src/install/interfaces/lib/python3.12/site-packages:${PYTHONPATH} /usr/bin/python3 -W ignore:setup.py install is deprecated -W ignore:easy_install command is deprecated setup.py develop --editable --build-directory /home/upo/Documents/TFG/TFG/ros2_ws/src/build/VLMProcessing/build --no-deps symlink_data
[4.424s] INFO:colcon.colcon_core.shell:Creating environment descriptor '/home/upo/Documents/TFG/TFG/ros2_ws/src/build/VLMProcessing/share/VLMProcessing/hook/pythonpath_develop.dsv'
[4.424s] INFO:colcon.colcon_core.shell:Creating environment hook '/home/upo/Documents/TFG/TFG/ros2_ws/src/build/VLMProcessing/share/VLMProcessing/hook/pythonpath_develop.sh'
[4.425s] Level 1:colcon.colcon_core.environment:checking '/home/upo/Documents/TFG/TFG/ros2_ws/src/install/VLMProcessing' for CMake module files
[4.425s] Level 1:colcon.colcon_core.environment:checking '/home/upo/Documents/TFG/TFG/ros2_ws/src/install/VLMProcessing' for CMake config files
[4.426s] Level 1:colcon.colcon_core.environment:checking '/home/upo/Documents/TFG/TFG/ros2_ws/src/install/VLMProcessing/lib'
[4.426s] Level 1:colcon.colcon_core.environment:checking '/home/upo/Documents/TFG/TFG/ros2_ws/src/install/VLMProcessing/bin'
[4.426s] Level 1:colcon.colcon_core.environment:checking '/home/upo/Documents/TFG/TFG/ros2_ws/src/install/VLMProcessing/lib/pkgconfig/VLMProcessing.pc'
[4.426s] Level 1:colcon.colcon_core.environment:checking '/home/upo/Documents/TFG/TFG/ros2_ws/src/install/VLMProcessing/lib/python3.12/site-packages'
[4.426s] Level 1:colcon.colcon_core.shell:create_environment_hook('VLMProcessing', 'pythonpath')
[4.426s] INFO:colcon.colcon_core.shell:Creating environment hook '/home/upo/Documents/TFG/TFG/ros2_ws/src/install/VLMProcessing/share/VLMProcessing/hook/pythonpath.ps1'
[4.427s] INFO:colcon.colcon_core.shell:Creating environment descriptor '/home/upo/Documents/TFG/TFG/ros2_ws/src/install/VLMProcessing/share/VLMProcessing/hook/pythonpath.dsv'
[4.427s] INFO:colcon.colcon_core.shell:Creating environment hook '/home/upo/Documents/TFG/TFG/ros2_ws/src/install/VLMProcessing/share/VLMProcessing/hook/pythonpath.sh'
[4.428s] Level 1:colcon.colcon_core.environment:checking '/home/upo/Documents/TFG/TFG/ros2_ws/src/install/VLMProcessing/bin'
[4.428s] Level 1:colcon.colcon_core.environment:create_environment_scripts_only(VLMProcessing)
[4.428s] INFO:colcon.colcon_core.shell:Creating package script '/home/upo/Documents/TFG/TFG/ros2_ws/src/install/VLMProcessing/share/VLMProcessing/package.ps1'
[4.429s] INFO:colcon.colcon_core.shell:Creating package descriptor '/home/upo/Documents/TFG/TFG/ros2_ws/src/install/VLMProcessing/share/VLMProcessing/package.dsv'
[4.429s] INFO:colcon.colcon_core.shell:Creating package script '/home/upo/Documents/TFG/TFG/ros2_ws/src/install/VLMProcessing/share/VLMProcessing/package.sh'
[4.429s] INFO:colcon.colcon_core.shell:Creating package script '/home/upo/Documents/TFG/TFG/ros2_ws/src/install/VLMProcessing/share/VLMProcessing/package.bash'
[4.430s] INFO:colcon.colcon_core.shell:Creating package script '/home/upo/Documents/TFG/TFG/ros2_ws/src/install/VLMProcessing/share/VLMProcessing/package.zsh'
[4.430s] Level 1:colcon.colcon_core.environment:create_file_with_runtime_dependencies(/home/upo/Documents/TFG/TFG/ros2_ws/src/install/VLMProcessing/share/colcon-core/packages/VLMProcessing)
[4.430s] DEBUG:colcon.colcon_parallel_executor.executor.parallel:closing loop
[4.430s] DEBUG:colcon.colcon_parallel_executor.executor.parallel:loop closed
[4.430s] DEBUG:colcon.colcon_parallel_executor.executor.parallel:run_until_complete finished with '0'
[4.431s] DEBUG:colcon.colcon_core.event_reactor:joining thread
[4.467s] INFO:colcon.colcon_core.plugin_system:Skipping extension 'colcon_notification.desktop_notification.terminal_notifier': Not used on non-Darwin systems
[4.467s] INFO:colcon.colcon_core.plugin_system:Skipping extension 'colcon_notification.desktop_notification.win32': Not used on non-Windows systems
[4.467s] INFO:colcon.colcon_notification.desktop_notification:Sending desktop notification using 'notify2'
[4.481s] DEBUG:colcon.colcon_core.event_reactor:joined thread
[4.481s] INFO:colcon.colcon_core.shell:Creating prefix script '/home/upo/Documents/TFG/TFG/ros2_ws/src/install/local_setup.ps1'
[4.482s] INFO:colcon.colcon_core.shell:Creating prefix util module '/home/upo/Documents/TFG/TFG/ros2_ws/src/install/_local_setup_util_ps1.py'
[4.483s] INFO:colcon.colcon_core.shell:Creating prefix chain script '/home/upo/Documents/TFG/TFG/ros2_ws/src/install/setup.ps1'
[4.486s] INFO:colcon.colcon_core.shell:Creating prefix script '/home/upo/Documents/TFG/TFG/ros2_ws/src/install/local_setup.sh'
[4.486s] INFO:colcon.colcon_core.shell:Creating prefix util module '/home/upo/Documents/TFG/TFG/ros2_ws/src/install/_local_setup_util_sh.py'
[4.487s] INFO:colcon.colcon_core.shell:Creating prefix chain script '/home/upo/Documents/TFG/TFG/ros2_ws/src/install/setup.sh'
[4.489s] INFO:colcon.colcon_core.shell:Creating prefix script '/home/upo/Documents/TFG/TFG/ros2_ws/src/install/local_setup.bash'
[4.489s] INFO:colcon.colcon_core.shell:Creating prefix chain script '/home/upo/Documents/TFG/TFG/ros2_ws/src/install/setup.bash'
[4.492s] INFO:colcon.colcon_core.shell:Creating prefix script '/home/upo/Documents/TFG/TFG/ros2_ws/src/install/local_setup.zsh'
[4.492s] INFO:colcon.colcon_core.shell:Creating prefix chain script '/home/upo/Documents/TFG/TFG/ros2_ws/src/install/setup.zsh'
