[2.046s] Invoking command in '/home/upo/Documents/TFG/TFG/ros2_ws/src/build/VLMProcessing': AMENT_PREFIX_PATH=/home/upo/Documents/TFG/TFG/ros2_ws/src/install/interfaces:${AMENT_PREFIX_PATH} CMAKE_PREFIX_PATH=/home/upo/Documents/TFG/TFG/ros2_ws/src/install/interfaces:${CMAKE_PREFIX_PATH} DEBUGINFOD_URLS=https://debuginfod.ubuntu.com LD_LIBRARY_PATH=/home/upo/Documents/TFG/TFG/ros2_ws/src/install/interfaces/lib:${LD_LIBRARY_PATH} PYTHONPATH=/home/upo/Documents/TFG/TFG/ros2_ws/src/build/VLMProcessing/prefix_override:/usr/lib/python3/dist-packages/colcon_core/task/python/colcon_distutils_commands:/home/upo/Documents/TFG/TFG/ros2_ws/src/install/VLMProcessing/lib/python3.12/site-packages:/home/upo/Documents/TFG/TFG/ros2_ws/src/install/interfaces/lib/python3.12/site-packages:${PYTHONPATH} /usr/bin/python3 -W ignore:setup.py install is deprecated -W ignore:easy_install command is deprecated setup.py develop --editable --build-directory /home/upo/Documents/TFG/TFG/ros2_ws/src/build/VLMProcessing/build --no-deps symlink_data
[2.511s] running develop
[2.786s] running egg_info
[2.786s] creating VLMProcessing.egg-info
[2.815s] writing VLMProcessing.egg-info/PKG-INFO
[2.815s] writing dependency_links to VLMProcessing.egg-info/dependency_links.txt
[2.816s] writing entry points to VLMProcessing.egg-info/entry_points.txt
[2.816s] writing requirements to VLMProcessing.egg-info/requires.txt
[2.816s] writing top-level names to VLMProcessing.egg-info/top_level.txt
[2.816s] writing manifest file 'VLMProcessing.egg-info/SOURCES.txt'
[2.868s] reading manifest file 'VLMProcessing.egg-info/SOURCES.txt'
[2.868s] writing manifest file 'VLMProcessing.egg-info/SOURCES.txt'
[2.896s] running build_ext
[2.896s] Creating /home/upo/Documents/TFG/TFG/ros2_ws/src/install/VLMProcessing/lib/python3.12/site-packages/VLMProcessing.egg-link (link to .)
[2.896s] Installing VLMProcessing script to /home/upo/Documents/TFG/TFG/ros2_ws/src/install/VLMProcessing/lib/VLMProcessing
[2.897s] 
[2.897s] Installed /home/upo/Documents/TFG/TFG/ros2_ws/src/build/VLMProcessing
[2.897s] running symlink_data
[2.897s] creating /home/upo/Documents/TFG/TFG/ros2_ws/src/install/VLMProcessing/share/ament_index
[2.897s] creating /home/upo/Documents/TFG/TFG/ros2_ws/src/install/VLMProcessing/share/ament_index/resource_index
[2.897s] creating /home/upo/Documents/TFG/TFG/ros2_ws/src/install/VLMProcessing/share/ament_index/resource_index/packages
[2.897s] symbolically linking /home/upo/Documents/TFG/TFG/ros2_ws/src/build/VLMProcessing/resource/VLMProcessing -> /home/upo/Documents/TFG/TFG/ros2_ws/src/install/VLMProcessing/share/ament_index/resource_index/packages
[2.897s] symbolically linking /home/upo/Documents/TFG/TFG/ros2_ws/src/build/VLMProcessing/package.xml -> /home/upo/Documents/TFG/TFG/ros2_ws/src/install/VLMProcessing/share/VLMProcessing
[2.897s] symbolically linking /home/upo/Documents/TFG/TFG/ros2_ws/src/build/config.yaml -> /home/upo/Documents/TFG/TFG/ros2_ws/src/install/VLMProcessing/share/VLMProcessing
[2.971s] Invoked command in '/home/upo/Documents/TFG/TFG/ros2_ws/src/build/VLMProcessing' returned '0': AMENT_PREFIX_PATH=/home/upo/Documents/TFG/TFG/ros2_ws/src/install/interfaces:${AMENT_PREFIX_PATH} CMAKE_PREFIX_PATH=/home/upo/Documents/TFG/TFG/ros2_ws/src/install/interfaces:${CMAKE_PREFIX_PATH} DEBUGINFOD_URLS=https://debuginfod.ubuntu.com LD_LIBRARY_PATH=/home/upo/Documents/TFG/TFG/ros2_ws/src/install/interfaces/lib:${LD_LIBRARY_PATH} PYTHONPATH=/home/upo/Documents/TFG/TFG/ros2_ws/src/build/VLMProcessing/prefix_override:/usr/lib/python3/dist-packages/colcon_core/task/python/colcon_distutils_commands:/home/upo/Documents/TFG/TFG/ros2_ws/src/install/VLMProcessing/lib/python3.12/site-packages:/home/upo/Documents/TFG/TFG/ros2_ws/src/install/interfaces/lib/python3.12/site-packages:${PYTHONPATH} /usr/bin/python3 -W ignore:setup.py install is deprecated -W ignore:easy_install command is deprecated setup.py develop --editable --build-directory /home/upo/Documents/TFG/TFG/ros2_ws/src/build/VLMProcessing/build --no-deps symlink_data
