[0.122s] DEBUG:colcon:Command line arguments: ['/usr/bin/colcon', 'build', '--symlink-install']
[0.122s] DEBUG:colcon:Parsed command line arguments: Namespace(log_base=None, log_level=None, verb_name='build', build_base='build', install_base='install', merge_install=False, symlink_install=True, test_result_base=None, continue_on_error=False, executor='parallel', parallel_workers=16, event_handlers=None, ignore_user_meta=False, metas=['./colcon.meta'], base_paths=['.'], packages_ignore=None, packages_ignore_regex=None, paths=None, packages_up_to=None, packages_up_to_regex=None, packages_above=None, packages_above_and_dependencies=None, packages_above_depth=None, packages_select_by_dep=None, packages_skip_by_dep=None, packages_skip_up_to=None, packages_select_build_failed=False, packages_skip_build_finished=False, packages_select_test_failures=False, packages_skip_test_passed=False, packages_select=None, packages_skip=None, packages_select_regex=None, packages_skip_regex=None, packages_start=None, packages_end=None, allow_overriding=[], cmake_args=None, cmake_target=None, cmake_target_skip_unavailable=False, cmake_clean_cache=False, cmake_clean_first=False, cmake_force_configure=False, ament_cmake_args=None, catkin_cmake_args=None, catkin_skip_building_tests=False, mixin_files=None, mixin=None, verb_parser=<colcon_mixin.mixin.mixin_argument.MixinArgumentDecorator object at 0x76b34e496e40>, verb_extension=<colcon_core.verb.build.BuildVerb object at 0x76b34e496b40>, main=<bound method BuildVerb.main of <colcon_core.verb.build.BuildVerb object at 0x76b34e496b40>>, mixin_verb=('build',))
[0.165s] Level 1:colcon.colcon_core.package_discovery:discover_packages(colcon_meta) check parameters
[0.165s] Level 1:colcon.colcon_core.package_discovery:discover_packages(recursive) check parameters
[0.165s] Level 1:colcon.colcon_core.package_discovery:discover_packages(ignore) check parameters
[0.165s] Level 1:colcon.colcon_core.package_discovery:discover_packages(path) check parameters
[0.165s] Level 1:colcon.colcon_core.package_discovery:discover_packages(colcon_meta) discover
[0.165s] Level 1:colcon.colcon_core.package_discovery:discover_packages(recursive) discover
[0.165s] INFO:colcon.colcon_core.package_discovery:Crawling recursively for packages in '/home/upo/TFG/ros2_ws'
[0.165s] Level 1:colcon.colcon_core.package_identification:_identify(.) by extensions ['ignore', 'ignore_ament_install']
[0.165s] Level 1:colcon.colcon_core.package_identification:_identify(.) by extension 'ignore'
[0.165s] Level 1:colcon.colcon_core.package_identification:_identify(.) by extension 'ignore_ament_install'
[0.165s] Level 1:colcon.colcon_core.package_identification:_identify(.) by extensions ['colcon_pkg']
[0.165s] Level 1:colcon.colcon_core.package_identification:_identify(.) by extension 'colcon_pkg'
[0.165s] Level 1:colcon.colcon_core.package_identification:_identify(.) by extensions ['colcon_meta']
[0.165s] Level 1:colcon.colcon_core.package_identification:_identify(.) by extension 'colcon_meta'
[0.165s] Level 1:colcon.colcon_core.package_identification:_identify(.) by extensions ['ros']
[0.165s] Level 1:colcon.colcon_core.package_identification:_identify(.) by extension 'ros'
[0.193s] Level 1:colcon.colcon_core.package_identification:_identify(.) by extensions ['cmake', 'python']
[0.193s] Level 1:colcon.colcon_core.package_identification:_identify(.) by extension 'cmake'
[0.193s] Level 1:colcon.colcon_core.package_identification:_identify(.) by extension 'python'
[0.193s] Level 1:colcon.colcon_core.package_identification:_identify(.) by extensions ['python_setup_py']
[0.193s] Level 1:colcon.colcon_core.package_identification:_identify(.) by extension 'python_setup_py'
[0.194s] Level 1:colcon.colcon_core.package_identification:_identify(build) by extensions ['ignore', 'ignore_ament_install']
[0.194s] Level 1:colcon.colcon_core.package_identification:_identify(build) by extension 'ignore'
[0.194s] Level 1:colcon.colcon_core.package_identification:_identify(build) ignored
[0.194s] Level 1:colcon.colcon_core.package_identification:_identify(install) by extensions ['ignore', 'ignore_ament_install']
[0.194s] Level 1:colcon.colcon_core.package_identification:_identify(install) by extension 'ignore'
[0.194s] Level 1:colcon.colcon_core.package_identification:_identify(install) ignored
[0.194s] Level 1:colcon.colcon_core.package_identification:_identify(log) by extensions ['ignore', 'ignore_ament_install']
[0.194s] Level 1:colcon.colcon_core.package_identification:_identify(log) by extension 'ignore'
[0.194s] Level 1:colcon.colcon_core.package_identification:_identify(log) ignored
[0.194s] Level 1:colcon.colcon_core.package_identification:_identify(src) by extensions ['ignore', 'ignore_ament_install']
[0.194s] Level 1:colcon.colcon_core.package_identification:_identify(src) by extension 'ignore'
[0.194s] Level 1:colcon.colcon_core.package_identification:_identify(src) by extension 'ignore_ament_install'
[0.195s] Level 1:colcon.colcon_core.package_identification:_identify(src) by extensions ['colcon_pkg']
[0.195s] Level 1:colcon.colcon_core.package_identification:_identify(src) by extension 'colcon_pkg'
[0.195s] Level 1:colcon.colcon_core.package_identification:_identify(src) by extensions ['colcon_meta']
[0.195s] Level 1:colcon.colcon_core.package_identification:_identify(src) by extension 'colcon_meta'
[0.195s] Level 1:colcon.colcon_core.package_identification:_identify(src) by extensions ['ros']
[0.195s] Level 1:colcon.colcon_core.package_identification:_identify(src) by extension 'ros'
[0.195s] Level 1:colcon.colcon_core.package_identification:_identify(src) by extensions ['cmake', 'python']
[0.195s] Level 1:colcon.colcon_core.package_identification:_identify(src) by extension 'cmake'
[0.195s] Level 1:colcon.colcon_core.package_identification:_identify(src) by extension 'python'
[0.195s] Level 1:colcon.colcon_core.package_identification:_identify(src) by extensions ['python_setup_py']
[0.195s] Level 1:colcon.colcon_core.package_identification:_identify(src) by extension 'python_setup_py'
[0.195s] Level 1:colcon.colcon_core.package_identification:_identify(src/VLMProcessing) by extensions ['ignore', 'ignore_ament_install']
[0.195s] Level 1:colcon.colcon_core.package_identification:_identify(src/VLMProcessing) by extension 'ignore'
[0.195s] Level 1:colcon.colcon_core.package_identification:_identify(src/VLMProcessing) by extension 'ignore_ament_install'
[0.195s] Level 1:colcon.colcon_core.package_identification:_identify(src/VLMProcessing) by extensions ['colcon_pkg']
[0.195s] Level 1:colcon.colcon_core.package_identification:_identify(src/VLMProcessing) by extension 'colcon_pkg'
[0.195s] Level 1:colcon.colcon_core.package_identification:_identify(src/VLMProcessing) by extensions ['colcon_meta']
[0.195s] Level 1:colcon.colcon_core.package_identification:_identify(src/VLMProcessing) by extension 'colcon_meta'
[0.195s] Level 1:colcon.colcon_core.package_identification:_identify(src/VLMProcessing) by extensions ['ros']
[0.195s] Level 1:colcon.colcon_core.package_identification:_identify(src/VLMProcessing) by extension 'ros'
[0.198s] DEBUG:colcon.colcon_core.package_identification:Package 'src/VLMProcessing' with type 'ros.ament_python' and name 'VLMProcessing'
[0.198s] Level 1:colcon.colcon_core.package_identification:_identify(src/interfaces) by extensions ['ignore', 'ignore_ament_install']
[0.199s] Level 1:colcon.colcon_core.package_identification:_identify(src/interfaces) by extension 'ignore'
[0.199s] Level 1:colcon.colcon_core.package_identification:_identify(src/interfaces) by extension 'ignore_ament_install'
[0.199s] Level 1:colcon.colcon_core.package_identification:_identify(src/interfaces) by extensions ['colcon_pkg']
[0.199s] Level 1:colcon.colcon_core.package_identification:_identify(src/interfaces) by extension 'colcon_pkg'
[0.199s] Level 1:colcon.colcon_core.package_identification:_identify(src/interfaces) by extensions ['colcon_meta']
[0.199s] Level 1:colcon.colcon_core.package_identification:_identify(src/interfaces) by extension 'colcon_meta'
[0.199s] Level 1:colcon.colcon_core.package_identification:_identify(src/interfaces) by extensions ['ros']
[0.199s] Level 1:colcon.colcon_core.package_identification:_identify(src/interfaces) by extension 'ros'
[0.200s] DEBUG:colcon.colcon_core.package_identification:Package 'src/interfaces' with type 'ros.ament_cmake' and name 'interfaces'
[0.200s] Level 1:colcon.colcon_core.package_identification:_identify(src/robotCommunication) by extensions ['ignore', 'ignore_ament_install']
[0.200s] Level 1:colcon.colcon_core.package_identification:_identify(src/robotCommunication) by extension 'ignore'
[0.200s] Level 1:colcon.colcon_core.package_identification:_identify(src/robotCommunication) by extension 'ignore_ament_install'
[0.200s] Level 1:colcon.colcon_core.package_identification:_identify(src/robotCommunication) by extensions ['colcon_pkg']
[0.200s] Level 1:colcon.colcon_core.package_identification:_identify(src/robotCommunication) by extension 'colcon_pkg'
[0.200s] Level 1:colcon.colcon_core.package_identification:_identify(src/robotCommunication) by extensions ['colcon_meta']
[0.200s] Level 1:colcon.colcon_core.package_identification:_identify(src/robotCommunication) by extension 'colcon_meta'
[0.200s] Level 1:colcon.colcon_core.package_identification:_identify(src/robotCommunication) by extensions ['ros']
[0.200s] Level 1:colcon.colcon_core.package_identification:_identify(src/robotCommunication) by extension 'ros'
[0.201s] DEBUG:colcon.colcon_core.package_identification:Package 'src/robotCommunication' with type 'ros.ament_python' and name 'robotCommunication'
[0.201s] Level 1:colcon.colcon_core.package_identification:_identify(src/robotMovement) by extensions ['ignore', 'ignore_ament_install']
[0.201s] Level 1:colcon.colcon_core.package_identification:_identify(src/robotMovement) by extension 'ignore'
[0.201s] Level 1:colcon.colcon_core.package_identification:_identify(src/robotMovement) by extension 'ignore_ament_install'
[0.202s] Level 1:colcon.colcon_core.package_identification:_identify(src/robotMovement) by extensions ['colcon_pkg']
[0.202s] Level 1:colcon.colcon_core.package_identification:_identify(src/robotMovement) by extension 'colcon_pkg'
[0.202s] Level 1:colcon.colcon_core.package_identification:_identify(src/robotMovement) by extensions ['colcon_meta']
[0.202s] Level 1:colcon.colcon_core.package_identification:_identify(src/robotMovement) by extension 'colcon_meta'
[0.202s] Level 1:colcon.colcon_core.package_identification:_identify(src/robotMovement) by extensions ['ros']
[0.202s] Level 1:colcon.colcon_core.package_identification:_identify(src/robotMovement) by extension 'ros'
[0.202s] DEBUG:colcon.colcon_core.package_identification:Package 'src/robotMovement' with type 'ros.ament_python' and name 'robotMovement'
[0.202s] Level 1:colcon.colcon_core.package_identification:_identify(src/userCommunication) by extensions ['ignore', 'ignore_ament_install']
[0.203s] Level 1:colcon.colcon_core.package_identification:_identify(src/userCommunication) by extension 'ignore'
[0.203s] Level 1:colcon.colcon_core.package_identification:_identify(src/userCommunication) by extension 'ignore_ament_install'
[0.203s] Level 1:colcon.colcon_core.package_identification:_identify(src/userCommunication) by extensions ['colcon_pkg']
[0.203s] Level 1:colcon.colcon_core.package_identification:_identify(src/userCommunication) by extension 'colcon_pkg'
[0.203s] Level 1:colcon.colcon_core.package_identification:_identify(src/userCommunication) by extensions ['colcon_meta']
[0.203s] Level 1:colcon.colcon_core.package_identification:_identify(src/userCommunication) by extension 'colcon_meta'
[0.203s] Level 1:colcon.colcon_core.package_identification:_identify(src/userCommunication) by extensions ['ros']
[0.203s] Level 1:colcon.colcon_core.package_identification:_identify(src/userCommunication) by extension 'ros'
[0.203s] DEBUG:colcon.colcon_core.package_identification:Package 'src/userCommunication' with type 'ros.ament_python' and name 'userCommunication'
[0.203s] Level 1:colcon.colcon_core.package_discovery:discover_packages(recursive) using defaults
[0.203s] Level 1:colcon.colcon_core.package_discovery:discover_packages(ignore) discover
[0.203s] Level 1:colcon.colcon_core.package_discovery:discover_packages(ignore) using defaults
[0.203s] Level 1:colcon.colcon_core.package_discovery:discover_packages(path) discover
[0.203s] Level 1:colcon.colcon_core.package_discovery:discover_packages(path) using defaults
[0.228s] Level 1:colcon.colcon_core.package_discovery:discover_packages(prefix_path) check parameters
[0.228s] Level 1:colcon.colcon_core.package_discovery:discover_packages(prefix_path) discover
[0.231s] DEBUG:colcon.colcon_installed_package_information.package_discovery:Found 17 installed packages in /home/upo/turtlebot3_ws/install
[0.233s] DEBUG:colcon.colcon_installed_package_information.package_discovery:Found 406 installed packages in /opt/ros/jazzy
[0.236s] Level 1:colcon.colcon_core.package_discovery:discover_packages(prefix_path) using defaults
[0.294s] Level 5:colcon.colcon_core.verb:set package 'interfaces' build argument 'cmake_args' from command line to 'None'
[0.294s] Level 5:colcon.colcon_core.verb:set package 'interfaces' build argument 'cmake_target' from command line to 'None'
[0.294s] Level 5:colcon.colcon_core.verb:set package 'interfaces' build argument 'cmake_target_skip_unavailable' from command line to 'False'
[0.294s] Level 5:colcon.colcon_core.verb:set package 'interfaces' build argument 'cmake_clean_cache' from command line to 'False'
[0.294s] Level 5:colcon.colcon_core.verb:set package 'interfaces' build argument 'cmake_clean_first' from command line to 'False'
[0.294s] Level 5:colcon.colcon_core.verb:set package 'interfaces' build argument 'cmake_force_configure' from command line to 'False'
[0.294s] Level 5:colcon.colcon_core.verb:set package 'interfaces' build argument 'ament_cmake_args' from command line to 'None'
[0.294s] Level 5:colcon.colcon_core.verb:set package 'interfaces' build argument 'catkin_cmake_args' from command line to 'None'
[0.294s] Level 5:colcon.colcon_core.verb:set package 'interfaces' build argument 'catkin_skip_building_tests' from command line to 'False'
[0.294s] DEBUG:colcon.colcon_core.verb:Building package 'interfaces' with the following arguments: {'ament_cmake_args': None, 'build_base': '/home/upo/TFG/ros2_ws/build/interfaces', 'catkin_cmake_args': None, 'catkin_skip_building_tests': False, 'cmake_args': None, 'cmake_clean_cache': False, 'cmake_clean_first': False, 'cmake_force_configure': False, 'cmake_target': None, 'cmake_target_skip_unavailable': False, 'install_base': '/home/upo/TFG/ros2_ws/install/interfaces', 'merge_install': False, 'path': '/home/upo/TFG/ros2_ws/src/interfaces', 'symlink_install': True, 'test_result_base': None}
[0.294s] Level 5:colcon.colcon_core.verb:set package 'userCommunication' build argument 'cmake_args' from command line to 'None'
[0.294s] Level 5:colcon.colcon_core.verb:set package 'userCommunication' build argument 'cmake_target' from command line to 'None'
[0.294s] Level 5:colcon.colcon_core.verb:set package 'userCommunication' build argument 'cmake_target_skip_unavailable' from command line to 'False'
[0.294s] Level 5:colcon.colcon_core.verb:set package 'userCommunication' build argument 'cmake_clean_cache' from command line to 'False'
[0.294s] Level 5:colcon.colcon_core.verb:set package 'userCommunication' build argument 'cmake_clean_first' from command line to 'False'
[0.294s] Level 5:colcon.colcon_core.verb:set package 'userCommunication' build argument 'cmake_force_configure' from command line to 'False'
[0.294s] Level 5:colcon.colcon_core.verb:set package 'userCommunication' build argument 'ament_cmake_args' from command line to 'None'
[0.294s] Level 5:colcon.colcon_core.verb:set package 'userCommunication' build argument 'catkin_cmake_args' from command line to 'None'
[0.294s] Level 5:colcon.colcon_core.verb:set package 'userCommunication' build argument 'catkin_skip_building_tests' from command line to 'False'
[0.294s] DEBUG:colcon.colcon_core.verb:Building package 'userCommunication' with the following arguments: {'ament_cmake_args': None, 'build_base': '/home/upo/TFG/ros2_ws/build/userCommunication', 'catkin_cmake_args': None, 'catkin_skip_building_tests': False, 'cmake_args': None, 'cmake_clean_cache': False, 'cmake_clean_first': False, 'cmake_force_configure': False, 'cmake_target': None, 'cmake_target_skip_unavailable': False, 'install_base': '/home/upo/TFG/ros2_ws/install/userCommunication', 'merge_install': False, 'path': '/home/upo/TFG/ros2_ws/src/userCommunication', 'symlink_install': True, 'test_result_base': None}
[0.295s] Level 5:colcon.colcon_core.verb:set package 'VLMProcessing' build argument 'cmake_args' from command line to 'None'
[0.295s] Level 5:colcon.colcon_core.verb:set package 'VLMProcessing' build argument 'cmake_target' from command line to 'None'
[0.295s] Level 5:colcon.colcon_core.verb:set package 'VLMProcessing' build argument 'cmake_target_skip_unavailable' from command line to 'False'
[0.295s] Level 5:colcon.colcon_core.verb:set package 'VLMProcessing' build argument 'cmake_clean_cache' from command line to 'False'
[0.295s] Level 5:colcon.colcon_core.verb:set package 'VLMProcessing' build argument 'cmake_clean_first' from command line to 'False'
[0.295s] Level 5:colcon.colcon_core.verb:set package 'VLMProcessing' build argument 'cmake_force_configure' from command line to 'False'
[0.295s] Level 5:colcon.colcon_core.verb:set package 'VLMProcessing' build argument 'ament_cmake_args' from command line to 'None'
[0.295s] Level 5:colcon.colcon_core.verb:set package 'VLMProcessing' build argument 'catkin_cmake_args' from command line to 'None'
[0.295s] Level 5:colcon.colcon_core.verb:set package 'VLMProcessing' build argument 'catkin_skip_building_tests' from command line to 'False'
[0.295s] DEBUG:colcon.colcon_core.verb:Building package 'VLMProcessing' with the following arguments: {'ament_cmake_args': None, 'build_base': '/home/upo/TFG/ros2_ws/build/VLMProcessing', 'catkin_cmake_args': None, 'catkin_skip_building_tests': False, 'cmake_args': None, 'cmake_clean_cache': False, 'cmake_clean_first': False, 'cmake_force_configure': False, 'cmake_target': None, 'cmake_target_skip_unavailable': False, 'install_base': '/home/upo/TFG/ros2_ws/install/VLMProcessing', 'merge_install': False, 'path': '/home/upo/TFG/ros2_ws/src/VLMProcessing', 'symlink_install': True, 'test_result_base': None}
[0.295s] Level 5:colcon.colcon_core.verb:set package 'robotCommunication' build argument 'cmake_args' from command line to 'None'
[0.295s] Level 5:colcon.colcon_core.verb:set package 'robotCommunication' build argument 'cmake_target' from command line to 'None'
[0.295s] Level 5:colcon.colcon_core.verb:set package 'robotCommunication' build argument 'cmake_target_skip_unavailable' from command line to 'False'
[0.295s] Level 5:colcon.colcon_core.verb:set package 'robotCommunication' build argument 'cmake_clean_cache' from command line to 'False'
[0.295s] Level 5:colcon.colcon_core.verb:set package 'robotCommunication' build argument 'cmake_clean_first' from command line to 'False'
[0.295s] Level 5:colcon.colcon_core.verb:set package 'robotCommunication' build argument 'cmake_force_configure' from command line to 'False'
[0.295s] Level 5:colcon.colcon_core.verb:set package 'robotCommunication' build argument 'ament_cmake_args' from command line to 'None'
[0.295s] Level 5:colcon.colcon_core.verb:set package 'robotCommunication' build argument 'catkin_cmake_args' from command line to 'None'
[0.295s] Level 5:colcon.colcon_core.verb:set package 'robotCommunication' build argument 'catkin_skip_building_tests' from command line to 'False'
[0.295s] DEBUG:colcon.colcon_core.verb:Building package 'robotCommunication' with the following arguments: {'ament_cmake_args': None, 'build_base': '/home/upo/TFG/ros2_ws/build/robotCommunication', 'catkin_cmake_args': None, 'catkin_skip_building_tests': False, 'cmake_args': None, 'cmake_clean_cache': False, 'cmake_clean_first': False, 'cmake_force_configure': False, 'cmake_target': None, 'cmake_target_skip_unavailable': False, 'install_base': '/home/upo/TFG/ros2_ws/install/robotCommunication', 'merge_install': False, 'path': '/home/upo/TFG/ros2_ws/src/robotCommunication', 'symlink_install': True, 'test_result_base': None}
[0.295s] Level 5:colcon.colcon_core.verb:set package 'robotMovement' build argument 'cmake_args' from command line to 'None'
[0.295s] Level 5:colcon.colcon_core.verb:set package 'robotMovement' build argument 'cmake_target' from command line to 'None'
[0.295s] Level 5:colcon.colcon_core.verb:set package 'robotMovement' build argument 'cmake_target_skip_unavailable' from command line to 'False'
[0.295s] Level 5:colcon.colcon_core.verb:set package 'robotMovement' build argument 'cmake_clean_cache' from command line to 'False'
[0.295s] Level 5:colcon.colcon_core.verb:set package 'robotMovement' build argument 'cmake_clean_first' from command line to 'False'
[0.295s] Level 5:colcon.colcon_core.verb:set package 'robotMovement' build argument 'cmake_force_configure' from command line to 'False'
[0.295s] Level 5:colcon.colcon_core.verb:set package 'robotMovement' build argument 'ament_cmake_args' from command line to 'None'
[0.295s] Level 5:colcon.colcon_core.verb:set package 'robotMovement' build argument 'catkin_cmake_args' from command line to 'None'
[0.295s] Level 5:colcon.colcon_core.verb:set package 'robotMovement' build argument 'catkin_skip_building_tests' from command line to 'False'
[0.295s] DEBUG:colcon.colcon_core.verb:Building package 'robotMovement' with the following arguments: {'ament_cmake_args': None, 'build_base': '/home/upo/TFG/ros2_ws/build/robotMovement', 'catkin_cmake_args': None, 'catkin_skip_building_tests': False, 'cmake_args': None, 'cmake_clean_cache': False, 'cmake_clean_first': False, 'cmake_force_configure': False, 'cmake_target': None, 'cmake_target_skip_unavailable': False, 'install_base': '/home/upo/TFG/ros2_ws/install/robotMovement', 'merge_install': False, 'path': '/home/upo/TFG/ros2_ws/src/robotMovement', 'symlink_install': True, 'test_result_base': None}
[0.296s] INFO:colcon.colcon_core.executor:Executing jobs using 'parallel' executor
[0.297s] DEBUG:colcon.colcon_parallel_executor.executor.parallel:run_until_complete
[0.297s] INFO:colcon.colcon_ros.task.ament_cmake.build:Building ROS package in '/home/upo/TFG/ros2_ws/src/interfaces' with build type 'ament_cmake'
[0.298s] INFO:colcon.colcon_cmake.task.cmake.build:Building CMake package in '/home/upo/TFG/ros2_ws/src/interfaces'
[0.299s] INFO:colcon.colcon_core.plugin_system:Skipping extension 'colcon_core.shell.bat': Not used on non-Windows systems
[0.300s] INFO:colcon.colcon_core.shell:Skip shell extension 'powershell' for command environment: Not usable outside of PowerShell
[0.300s] DEBUG:colcon.colcon_core.shell:Skip shell extension 'dsv' for command environment
[0.305s] INFO:colcon.colcon_ros.task.ament_python.build:Building ROS package in '/home/upo/TFG/ros2_ws/src/userCommunication' with build type 'ament_python'
[0.306s] Level 1:colcon.colcon_core.shell:create_environment_hook('userCommunication', 'ament_prefix_path')
[0.306s] INFO:colcon.colcon_core.shell:Creating environment hook '/home/upo/TFG/ros2_ws/install/userCommunication/share/userCommunication/hook/ament_prefix_path.ps1'
[0.306s] INFO:colcon.colcon_core.shell:Creating environment descriptor '/home/upo/TFG/ros2_ws/install/userCommunication/share/userCommunication/hook/ament_prefix_path.dsv'
[0.307s] INFO:colcon.colcon_core.shell:Creating environment hook '/home/upo/TFG/ros2_ws/install/userCommunication/share/userCommunication/hook/ament_prefix_path.sh'
[0.307s] INFO:colcon.colcon_core.shell:Skip shell extension 'powershell' for command environment: Not usable outside of PowerShell
[0.308s] DEBUG:colcon.colcon_core.shell:Skip shell extension 'dsv' for command environment
[0.318s] DEBUG:colcon.colcon_core.event_handler.log_command:Invoking command in '/home/upo/TFG/ros2_ws/build/interfaces': CMAKE_PREFIX_PATH=${CMAKE_PREFIX_PATH}:/home/upo/turtlebot3_ws/install/userCommunication:/home/upo/turtlebot3_ws/install/turtlebot3_teleop:/home/upo/turtlebot3_ws/install/turtlebot3_example:/home/upo/turtlebot3_ws/install/robotMovement:/home/upo/turtlebot3_ws/install/robotCommunication:/home/upo/turtlebot3_ws/install/VLMProcessing:/opt/ros/jazzy DEBUGINFOD_URLS=https://debuginfod.ubuntu.com /usr/bin/cmake --build /home/upo/TFG/ros2_ws/build/interfaces -- -j16 -l16
[0.615s] INFO:colcon.colcon_core.task.python.build:Building Python package in '/home/upo/TFG/ros2_ws/src/userCommunication'
[0.615s] INFO:colcon.colcon_core.shell:Skip shell extension 'powershell' for command environment: Not usable outside of PowerShell
[0.615s] DEBUG:colcon.colcon_core.shell:Skip shell extension 'dsv' for command environment
[0.882s] DEBUG:colcon.colcon_core.event_handler.log_command:Invoked command in '/home/upo/TFG/ros2_ws/build/interfaces' returned '0': CMAKE_PREFIX_PATH=${CMAKE_PREFIX_PATH}:/home/upo/turtlebot3_ws/install/userCommunication:/home/upo/turtlebot3_ws/install/turtlebot3_teleop:/home/upo/turtlebot3_ws/install/turtlebot3_example:/home/upo/turtlebot3_ws/install/robotMovement:/home/upo/turtlebot3_ws/install/robotCommunication:/home/upo/turtlebot3_ws/install/VLMProcessing:/opt/ros/jazzy DEBUGINFOD_URLS=https://debuginfod.ubuntu.com /usr/bin/cmake --build /home/upo/TFG/ros2_ws/build/interfaces -- -j16 -l16
[0.897s] DEBUG:colcon.colcon_core.event_handler.log_command:Invoking command in '/home/upo/TFG/ros2_ws/build/interfaces': CMAKE_PREFIX_PATH=${CMAKE_PREFIX_PATH}:/home/upo/turtlebot3_ws/install/userCommunication:/home/upo/turtlebot3_ws/install/turtlebot3_teleop:/home/upo/turtlebot3_ws/install/turtlebot3_example:/home/upo/turtlebot3_ws/install/robotMovement:/home/upo/turtlebot3_ws/install/robotCommunication:/home/upo/turtlebot3_ws/install/VLMProcessing:/opt/ros/jazzy DEBUGINFOD_URLS=https://debuginfod.ubuntu.com /usr/bin/cmake --install /home/upo/TFG/ros2_ws/build/interfaces
[1.012s] Level 1:colcon.colcon_core.environment:create_environment_scripts_only(interfaces)
[1.013s] DEBUG:colcon.colcon_core.event_handler.log_command:Invoked command in '/home/upo/TFG/ros2_ws/build/interfaces' returned '0': CMAKE_PREFIX_PATH=${CMAKE_PREFIX_PATH}:/home/upo/turtlebot3_ws/install/userCommunication:/home/upo/turtlebot3_ws/install/turtlebot3_teleop:/home/upo/turtlebot3_ws/install/turtlebot3_example:/home/upo/turtlebot3_ws/install/robotMovement:/home/upo/turtlebot3_ws/install/robotCommunication:/home/upo/turtlebot3_ws/install/VLMProcessing:/opt/ros/jazzy DEBUGINFOD_URLS=https://debuginfod.ubuntu.com /usr/bin/cmake --install /home/upo/TFG/ros2_ws/build/interfaces
[1.015s] Level 1:colcon.colcon_core.environment:checking '/home/upo/TFG/ros2_ws/install/interfaces' for CMake module files
[1.016s] Level 1:colcon.colcon_core.environment:checking '/home/upo/TFG/ros2_ws/install/interfaces' for CMake config files
[1.017s] Level 1:colcon.colcon_core.shell:create_environment_hook('interfaces', 'cmake_prefix_path')
[1.017s] INFO:colcon.colcon_core.shell:Creating environment hook '/home/upo/TFG/ros2_ws/install/interfaces/share/interfaces/hook/cmake_prefix_path.ps1'
[1.018s] INFO:colcon.colcon_core.shell:Creating environment descriptor '/home/upo/TFG/ros2_ws/install/interfaces/share/interfaces/hook/cmake_prefix_path.dsv'
[1.018s] INFO:colcon.colcon_core.shell:Creating environment hook '/home/upo/TFG/ros2_ws/install/interfaces/share/interfaces/hook/cmake_prefix_path.sh'
[1.019s] Level 1:colcon.colcon_core.environment:checking '/home/upo/TFG/ros2_ws/install/interfaces/lib'
[1.019s] Level 1:colcon.colcon_core.shell:create_environment_hook('interfaces', 'ld_library_path_lib')
[1.020s] INFO:colcon.colcon_core.shell:Creating environment hook '/home/upo/TFG/ros2_ws/install/interfaces/share/interfaces/hook/ld_library_path_lib.ps1'
[1.020s] INFO:colcon.colcon_core.shell:Creating environment descriptor '/home/upo/TFG/ros2_ws/install/interfaces/share/interfaces/hook/ld_library_path_lib.dsv'
[1.020s] INFO:colcon.colcon_core.shell:Creating environment hook '/home/upo/TFG/ros2_ws/install/interfaces/share/interfaces/hook/ld_library_path_lib.sh'
[1.021s] Level 1:colcon.colcon_core.environment:checking '/home/upo/TFG/ros2_ws/install/interfaces/bin'
[1.021s] Level 1:colcon.colcon_core.environment:checking '/home/upo/TFG/ros2_ws/install/interfaces/lib/pkgconfig/interfaces.pc'
[1.021s] Level 1:colcon.colcon_core.environment:checking '/home/upo/TFG/ros2_ws/install/interfaces/lib/python3.12/site-packages'
[1.021s] Level 1:colcon.colcon_core.shell:create_environment_hook('interfaces', 'pythonpath')
[1.021s] INFO:colcon.colcon_core.shell:Creating environment hook '/home/upo/TFG/ros2_ws/install/interfaces/share/interfaces/hook/pythonpath.ps1'
[1.022s] INFO:colcon.colcon_core.shell:Creating environment descriptor '/home/upo/TFG/ros2_ws/install/interfaces/share/interfaces/hook/pythonpath.dsv'
[1.022s] INFO:colcon.colcon_core.shell:Creating environment hook '/home/upo/TFG/ros2_ws/install/interfaces/share/interfaces/hook/pythonpath.sh'
[1.022s] Level 1:colcon.colcon_core.environment:checking '/home/upo/TFG/ros2_ws/install/interfaces/bin'
[1.023s] INFO:colcon.colcon_core.shell:Creating package script '/home/upo/TFG/ros2_ws/install/interfaces/share/interfaces/package.ps1'
[1.024s] INFO:colcon.colcon_core.shell:Creating package descriptor '/home/upo/TFG/ros2_ws/install/interfaces/share/interfaces/package.dsv'
[1.024s] INFO:colcon.colcon_core.shell:Creating package script '/home/upo/TFG/ros2_ws/install/interfaces/share/interfaces/package.sh'
[1.025s] INFO:colcon.colcon_core.shell:Creating package script '/home/upo/TFG/ros2_ws/install/interfaces/share/interfaces/package.bash'
[1.026s] INFO:colcon.colcon_core.shell:Creating package script '/home/upo/TFG/ros2_ws/install/interfaces/share/interfaces/package.zsh'
[1.027s] Level 1:colcon.colcon_core.environment:create_file_with_runtime_dependencies(/home/upo/TFG/ros2_ws/install/interfaces/share/colcon-core/packages/interfaces)
[1.028s] Level 1:colcon.colcon_core.environment:create_environment_scripts_only(interfaces)
[1.028s] Level 1:colcon.colcon_core.environment:checking '/home/upo/TFG/ros2_ws/install/interfaces' for CMake module files
[1.028s] Level 1:colcon.colcon_core.environment:checking '/home/upo/TFG/ros2_ws/install/interfaces' for CMake config files
[1.029s] Level 1:colcon.colcon_core.shell:create_environment_hook('interfaces', 'cmake_prefix_path')
[1.029s] INFO:colcon.colcon_core.shell:Creating environment hook '/home/upo/TFG/ros2_ws/install/interfaces/share/interfaces/hook/cmake_prefix_path.ps1'
[1.030s] INFO:colcon.colcon_core.shell:Creating environment descriptor '/home/upo/TFG/ros2_ws/install/interfaces/share/interfaces/hook/cmake_prefix_path.dsv'
[1.030s] INFO:colcon.colcon_core.shell:Creating environment hook '/home/upo/TFG/ros2_ws/install/interfaces/share/interfaces/hook/cmake_prefix_path.sh'
[1.031s] Level 1:colcon.colcon_core.environment:checking '/home/upo/TFG/ros2_ws/install/interfaces/lib'
[1.031s] Level 1:colcon.colcon_core.shell:create_environment_hook('interfaces', 'ld_library_path_lib')
[1.031s] INFO:colcon.colcon_core.shell:Creating environment hook '/home/upo/TFG/ros2_ws/install/interfaces/share/interfaces/hook/ld_library_path_lib.ps1'
[1.031s] INFO:colcon.colcon_core.shell:Creating environment descriptor '/home/upo/TFG/ros2_ws/install/interfaces/share/interfaces/hook/ld_library_path_lib.dsv'
[1.032s] INFO:colcon.colcon_core.shell:Creating environment hook '/home/upo/TFG/ros2_ws/install/interfaces/share/interfaces/hook/ld_library_path_lib.sh'
[1.032s] Level 1:colcon.colcon_core.environment:checking '/home/upo/TFG/ros2_ws/install/interfaces/bin'
[1.032s] Level 1:colcon.colcon_core.environment:checking '/home/upo/TFG/ros2_ws/install/interfaces/lib/pkgconfig/interfaces.pc'
[1.032s] Level 1:colcon.colcon_core.environment:checking '/home/upo/TFG/ros2_ws/install/interfaces/lib/python3.12/site-packages'
[1.032s] Level 1:colcon.colcon_core.shell:create_environment_hook('interfaces', 'pythonpath')
[1.033s] INFO:colcon.colcon_core.shell:Creating environment hook '/home/upo/TFG/ros2_ws/install/interfaces/share/interfaces/hook/pythonpath.ps1'
[1.033s] INFO:colcon.colcon_core.shell:Creating environment descriptor '/home/upo/TFG/ros2_ws/install/interfaces/share/interfaces/hook/pythonpath.dsv'
[1.034s] INFO:colcon.colcon_core.shell:Creating environment hook '/home/upo/TFG/ros2_ws/install/interfaces/share/interfaces/hook/pythonpath.sh'
[1.035s] Level 1:colcon.colcon_core.environment:checking '/home/upo/TFG/ros2_ws/install/interfaces/bin'
[1.035s] INFO:colcon.colcon_core.shell:Creating package script '/home/upo/TFG/ros2_ws/install/interfaces/share/interfaces/package.ps1'
[1.035s] INFO:colcon.colcon_core.shell:Creating package descriptor '/home/upo/TFG/ros2_ws/install/interfaces/share/interfaces/package.dsv'
[1.036s] INFO:colcon.colcon_core.shell:Creating package script '/home/upo/TFG/ros2_ws/install/interfaces/share/interfaces/package.sh'
[1.036s] INFO:colcon.colcon_core.shell:Creating package script '/home/upo/TFG/ros2_ws/install/interfaces/share/interfaces/package.bash'
[1.037s] INFO:colcon.colcon_core.shell:Creating package script '/home/upo/TFG/ros2_ws/install/interfaces/share/interfaces/package.zsh'
[1.037s] Level 1:colcon.colcon_core.environment:create_file_with_runtime_dependencies(/home/upo/TFG/ros2_ws/install/interfaces/share/colcon-core/packages/interfaces)
[1.037s] INFO:colcon.colcon_ros.task.ament_python.build:Building ROS package in '/home/upo/TFG/ros2_ws/src/VLMProcessing' with build type 'ament_python'
[1.038s] Level 1:colcon.colcon_core.shell:create_environment_hook('VLMProcessing', 'ament_prefix_path')
[1.038s] INFO:colcon.colcon_core.shell:Creating environment hook '/home/upo/TFG/ros2_ws/install/VLMProcessing/share/VLMProcessing/hook/ament_prefix_path.ps1'
[1.039s] INFO:colcon.colcon_core.shell:Creating environment descriptor '/home/upo/TFG/ros2_ws/install/VLMProcessing/share/VLMProcessing/hook/ament_prefix_path.dsv'
[1.039s] INFO:colcon.colcon_core.shell:Creating environment hook '/home/upo/TFG/ros2_ws/install/VLMProcessing/share/VLMProcessing/hook/ament_prefix_path.sh'
[1.039s] INFO:colcon.colcon_core.shell:Skip shell extension 'powershell' for command environment: Not usable outside of PowerShell
[1.039s] DEBUG:colcon.colcon_core.shell:Skip shell extension 'dsv' for command environment
[1.044s] INFO:colcon.colcon_ros.task.ament_python.build:Building ROS package in '/home/upo/TFG/ros2_ws/src/robotCommunication' with build type 'ament_python'
[1.044s] Level 1:colcon.colcon_core.shell:create_environment_hook('robotCommunication', 'ament_prefix_path')
[1.045s] INFO:colcon.colcon_core.shell:Creating environment hook '/home/upo/TFG/ros2_ws/install/robotCommunication/share/robotCommunication/hook/ament_prefix_path.ps1'
[1.045s] INFO:colcon.colcon_core.shell:Creating environment descriptor '/home/upo/TFG/ros2_ws/install/robotCommunication/share/robotCommunication/hook/ament_prefix_path.dsv'
[1.045s] INFO:colcon.colcon_core.shell:Creating environment hook '/home/upo/TFG/ros2_ws/install/robotCommunication/share/robotCommunication/hook/ament_prefix_path.sh'
[1.046s] INFO:colcon.colcon_core.shell:Skip shell extension 'powershell' for command environment: Not usable outside of PowerShell
[1.046s] DEBUG:colcon.colcon_core.shell:Skip shell extension 'dsv' for command environment
[1.052s] INFO:colcon.colcon_ros.task.ament_python.build:Building ROS package in '/home/upo/TFG/ros2_ws/src/robotMovement' with build type 'ament_python'
[1.052s] Level 1:colcon.colcon_core.shell:create_environment_hook('robotMovement', 'ament_prefix_path')
[1.052s] INFO:colcon.colcon_core.shell:Creating environment hook '/home/upo/TFG/ros2_ws/install/robotMovement/share/robotMovement/hook/ament_prefix_path.ps1'
[1.054s] INFO:colcon.colcon_core.shell:Creating environment descriptor '/home/upo/TFG/ros2_ws/install/robotMovement/share/robotMovement/hook/ament_prefix_path.dsv'
[1.055s] INFO:colcon.colcon_core.shell:Creating environment hook '/home/upo/TFG/ros2_ws/install/robotMovement/share/robotMovement/hook/ament_prefix_path.sh'
[1.055s] INFO:colcon.colcon_core.shell:Skip shell extension 'powershell' for command environment: Not usable outside of PowerShell
[1.056s] DEBUG:colcon.colcon_core.shell:Skip shell extension 'dsv' for command environment
[1.352s] INFO:colcon.colcon_core.task.python.build:Building Python package in '/home/upo/TFG/ros2_ws/src/VLMProcessing'
[1.353s] INFO:colcon.colcon_core.shell:Skip shell extension 'powershell' for command environment: Not usable outside of PowerShell
[1.353s] DEBUG:colcon.colcon_core.shell:Skip shell extension 'dsv' for command environment
[1.637s] INFO:colcon.colcon_core.task.python.build:Building Python package in '/home/upo/TFG/ros2_ws/src/robotCommunication'
[1.638s] INFO:colcon.colcon_core.shell:Skip shell extension 'powershell' for command environment: Not usable outside of PowerShell
[1.638s] DEBUG:colcon.colcon_core.shell:Skip shell extension 'dsv' for command environment
[1.918s] INFO:colcon.colcon_core.task.python.build:Building Python package in '/home/upo/TFG/ros2_ws/src/robotMovement'
[1.919s] INFO:colcon.colcon_core.shell:Skip shell extension 'powershell' for command environment: Not usable outside of PowerShell
[1.919s] DEBUG:colcon.colcon_core.shell:Skip shell extension 'dsv' for command environment
[1.924s] DEBUG:colcon.colcon_core.task.python.build:Available setuptools commands: dist_info, install, install_data, bdist_rpm, bdist_dumb, clean, easy_install, build_ext, check, symlink_data, editable_wheel, egg_info, upload_docs, extract_messages, upload, install_headers, install_egg_info, update_catalog, setopt, bdist_wheel, compile_catalog, build_scripts, develop, bdist, build_clib, alias, sdist, rotate, bdist_egg, saveopts, init_catalog, register, install_scripts, install_lib, test, build, build_py
[2.391s] DEBUG:colcon.colcon_core.task.python.build:Available setuptools 'develop' options: --allow-hosts, --dry-run, --prefix, --script-dir, --install-layout, --version, --editable, --no-user-cfg, --force-installation-into-system-dir, --no-find-links, --local-snapshots-ok, --no-deps, --user, --find-links, --egg-path, --always-copy, --site-dirs, --quiet, --exclude-scripts, --build-directory, --multi-version, --uninstall, --record, --upgrade, --zip-ok, --help, --always-unzip, --verbose, --install-dir, --optimize, --index-url
[2.393s] DEBUG:colcon.colcon_core.event_handler.log_command:Invoking command in '/home/upo/TFG/ros2_ws/build/userCommunication': DEBUGINFOD_URLS=https://debuginfod.ubuntu.com PYTHONPATH=/home/upo/TFG/ros2_ws/build/userCommunication/prefix_override:/usr/lib/python3/dist-packages/colcon_core/task/python/colcon_distutils_commands:/home/upo/TFG/ros2_ws/install/userCommunication/lib/python3.12/site-packages:${PYTHONPATH} /usr/bin/python3 -W ignore:setup.py install is deprecated -W ignore:easy_install command is deprecated setup.py develop --editable --build-directory /home/upo/TFG/ros2_ws/build/userCommunication/build --no-deps symlink_data
[2.749s] DEBUG:colcon.colcon_core.task.python.build:Available setuptools commands: dist_info, install, install_data, bdist_rpm, bdist_dumb, clean, easy_install, build_ext, check, symlink_data, editable_wheel, egg_info, upload_docs, extract_messages, upload, install_headers, install_egg_info, update_catalog, setopt, bdist_wheel, compile_catalog, build_scripts, develop, bdist, build_clib, alias, sdist, rotate, bdist_egg, saveopts, init_catalog, register, install_scripts, install_lib, test, build, build_py
[2.755s] DEBUG:colcon.colcon_core.task.python.build:Available setuptools commands: dist_info, install, install_data, bdist_rpm, bdist_dumb, clean, easy_install, build_ext, check, symlink_data, editable_wheel, egg_info, upload_docs, extract_messages, upload, install_headers, install_egg_info, update_catalog, setopt, bdist_wheel, compile_catalog, build_scripts, develop, bdist, build_clib, alias, sdist, rotate, bdist_egg, saveopts, init_catalog, register, install_scripts, install_lib, test, build, build_py
[2.757s] DEBUG:colcon.colcon_core.task.python.build:Available setuptools commands: dist_info, install, install_data, bdist_rpm, bdist_dumb, clean, easy_install, build_ext, check, symlink_data, editable_wheel, egg_info, upload_docs, extract_messages, upload, install_headers, install_egg_info, update_catalog, setopt, bdist_wheel, compile_catalog, build_scripts, develop, bdist, build_clib, alias, sdist, rotate, bdist_egg, saveopts, init_catalog, register, install_scripts, install_lib, test, build, build_py
[3.219s] DEBUG:colcon.colcon_core.task.python.build:Available setuptools 'develop' options: --allow-hosts, --dry-run, --prefix, --script-dir, --install-layout, --version, --editable, --no-user-cfg, --force-installation-into-system-dir, --no-find-links, --local-snapshots-ok, --no-deps, --user, --find-links, --egg-path, --always-copy, --site-dirs, --quiet, --exclude-scripts, --build-directory, --multi-version, --uninstall, --record, --upgrade, --zip-ok, --help, --always-unzip, --verbose, --install-dir, --optimize, --index-url
[3.221s] DEBUG:colcon.colcon_core.event_handler.log_command:Invoking command in '/home/upo/TFG/ros2_ws/build/robotMovement': AMENT_PREFIX_PATH=/home/upo/TFG/ros2_ws/install/interfaces:${AMENT_PREFIX_PATH} CMAKE_PREFIX_PATH=/home/upo/TFG/ros2_ws/install/interfaces:${CMAKE_PREFIX_PATH} DEBUGINFOD_URLS=https://debuginfod.ubuntu.com LD_LIBRARY_PATH=/home/upo/TFG/ros2_ws/install/interfaces/lib:${LD_LIBRARY_PATH} PYTHONPATH=/home/upo/TFG/ros2_ws/build/robotMovement/prefix_override:/usr/lib/python3/dist-packages/colcon_core/task/python/colcon_distutils_commands:/home/upo/TFG/ros2_ws/install/robotMovement/lib/python3.12/site-packages:/home/upo/TFG/ros2_ws/install/interfaces/lib/python3.12/site-packages:${PYTHONPATH} /usr/bin/python3 -W ignore:setup.py install is deprecated -W ignore:easy_install command is deprecated setup.py develop --editable --build-directory /home/upo/TFG/ros2_ws/build/robotMovement/build --no-deps symlink_data
[3.223s] DEBUG:colcon.colcon_core.task.python.build:Available setuptools 'develop' options: --allow-hosts, --dry-run, --prefix, --script-dir, --install-layout, --version, --editable, --no-user-cfg, --force-installation-into-system-dir, --no-find-links, --local-snapshots-ok, --no-deps, --user, --find-links, --egg-path, --always-copy, --site-dirs, --quiet, --exclude-scripts, --build-directory, --multi-version, --uninstall, --record, --upgrade, --zip-ok, --help, --always-unzip, --verbose, --install-dir, --optimize, --index-url
[3.224s] DEBUG:colcon.colcon_core.event_handler.log_command:Invoking command in '/home/upo/TFG/ros2_ws/build/robotCommunication': AMENT_PREFIX_PATH=/home/upo/TFG/ros2_ws/install/interfaces:${AMENT_PREFIX_PATH} CMAKE_PREFIX_PATH=/home/upo/TFG/ros2_ws/install/interfaces:${CMAKE_PREFIX_PATH} DEBUGINFOD_URLS=https://debuginfod.ubuntu.com LD_LIBRARY_PATH=/home/upo/TFG/ros2_ws/install/interfaces/lib:${LD_LIBRARY_PATH} PYTHONPATH=/home/upo/TFG/ros2_ws/build/robotCommunication/prefix_override:/usr/lib/python3/dist-packages/colcon_core/task/python/colcon_distutils_commands:/home/upo/TFG/ros2_ws/install/robotCommunication/lib/python3.12/site-packages:/home/upo/TFG/ros2_ws/install/interfaces/lib/python3.12/site-packages:${PYTHONPATH} /usr/bin/python3 -W ignore:setup.py install is deprecated -W ignore:easy_install command is deprecated setup.py develop --editable --build-directory /home/upo/TFG/ros2_ws/build/robotCommunication/build --no-deps symlink_data
[3.224s] DEBUG:colcon.colcon_core.task.python.build:Available setuptools 'develop' options: --allow-hosts, --dry-run, --prefix, --script-dir, --install-layout, --version, --editable, --no-user-cfg, --force-installation-into-system-dir, --no-find-links, --local-snapshots-ok, --no-deps, --user, --find-links, --egg-path, --always-copy, --site-dirs, --quiet, --exclude-scripts, --build-directory, --multi-version, --uninstall, --record, --upgrade, --zip-ok, --help, --always-unzip, --verbose, --install-dir, --optimize, --index-url
[3.226s] DEBUG:colcon.colcon_core.event_handler.log_command:Invoking command in '/home/upo/TFG/ros2_ws/build/VLMProcessing': AMENT_PREFIX_PATH=/home/upo/TFG/ros2_ws/install/interfaces:${AMENT_PREFIX_PATH} CMAKE_PREFIX_PATH=/home/upo/TFG/ros2_ws/install/interfaces:${CMAKE_PREFIX_PATH} DEBUGINFOD_URLS=https://debuginfod.ubuntu.com LD_LIBRARY_PATH=/home/upo/TFG/ros2_ws/install/interfaces/lib:${LD_LIBRARY_PATH} PYTHONPATH=/home/upo/TFG/ros2_ws/build/VLMProcessing/prefix_override:/usr/lib/python3/dist-packages/colcon_core/task/python/colcon_distutils_commands:/home/upo/TFG/ros2_ws/install/VLMProcessing/lib/python3.12/site-packages:/home/upo/TFG/ros2_ws/install/interfaces/lib/python3.12/site-packages:${PYTHONPATH} /usr/bin/python3 -W ignore:setup.py install is deprecated -W ignore:easy_install command is deprecated setup.py develop --editable --build-directory /home/upo/TFG/ros2_ws/build/VLMProcessing/build --no-deps symlink_data
[3.321s] Level 1:colcon.colcon_core.shell:create_environment_hook('userCommunication', 'pythonpath_develop')
[3.322s] INFO:colcon.colcon_core.shell:Creating environment hook '/home/upo/TFG/ros2_ws/build/userCommunication/share/userCommunication/hook/pythonpath_develop.ps1'
[3.322s] DEBUG:colcon.colcon_core.event_handler.log_command:Invoked command in '/home/upo/TFG/ros2_ws/build/userCommunication' returned '0': DEBUGINFOD_URLS=https://debuginfod.ubuntu.com PYTHONPATH=/home/upo/TFG/ros2_ws/build/userCommunication/prefix_override:/usr/lib/python3/dist-packages/colcon_core/task/python/colcon_distutils_commands:/home/upo/TFG/ros2_ws/install/userCommunication/lib/python3.12/site-packages:${PYTHONPATH} /usr/bin/python3 -W ignore:setup.py install is deprecated -W ignore:easy_install command is deprecated setup.py develop --editable --build-directory /home/upo/TFG/ros2_ws/build/userCommunication/build --no-deps symlink_data
[3.323s] INFO:colcon.colcon_core.shell:Creating environment descriptor '/home/upo/TFG/ros2_ws/build/userCommunication/share/userCommunication/hook/pythonpath_develop.dsv'
[3.323s] INFO:colcon.colcon_core.shell:Creating environment hook '/home/upo/TFG/ros2_ws/build/userCommunication/share/userCommunication/hook/pythonpath_develop.sh'
[3.324s] Level 1:colcon.colcon_core.environment:checking '/home/upo/TFG/ros2_ws/install/userCommunication' for CMake module files
[3.324s] Level 1:colcon.colcon_core.environment:checking '/home/upo/TFG/ros2_ws/install/userCommunication' for CMake config files
[3.325s] Level 1:colcon.colcon_core.environment:checking '/home/upo/TFG/ros2_ws/install/userCommunication/lib'
[3.325s] Level 1:colcon.colcon_core.environment:checking '/home/upo/TFG/ros2_ws/install/userCommunication/bin'
[3.325s] Level 1:colcon.colcon_core.environment:checking '/home/upo/TFG/ros2_ws/install/userCommunication/lib/pkgconfig/userCommunication.pc'
[3.325s] Level 1:colcon.colcon_core.environment:checking '/home/upo/TFG/ros2_ws/install/userCommunication/lib/python3.12/site-packages'
[3.325s] Level 1:colcon.colcon_core.shell:create_environment_hook('userCommunication', 'pythonpath')
[3.325s] INFO:colcon.colcon_core.shell:Creating environment hook '/home/upo/TFG/ros2_ws/install/userCommunication/share/userCommunication/hook/pythonpath.ps1'
[3.326s] INFO:colcon.colcon_core.shell:Creating environment descriptor '/home/upo/TFG/ros2_ws/install/userCommunication/share/userCommunication/hook/pythonpath.dsv'
[3.326s] INFO:colcon.colcon_core.shell:Creating environment hook '/home/upo/TFG/ros2_ws/install/userCommunication/share/userCommunication/hook/pythonpath.sh'
[3.327s] Level 1:colcon.colcon_core.environment:checking '/home/upo/TFG/ros2_ws/install/userCommunication/bin'
[3.327s] Level 1:colcon.colcon_core.environment:create_environment_scripts_only(userCommunication)
[3.327s] INFO:colcon.colcon_core.shell:Creating package script '/home/upo/TFG/ros2_ws/install/userCommunication/share/userCommunication/package.ps1'
[3.328s] INFO:colcon.colcon_core.shell:Creating package descriptor '/home/upo/TFG/ros2_ws/install/userCommunication/share/userCommunication/package.dsv'
[3.328s] INFO:colcon.colcon_core.shell:Creating package script '/home/upo/TFG/ros2_ws/install/userCommunication/share/userCommunication/package.sh'
[3.328s] INFO:colcon.colcon_core.shell:Creating package script '/home/upo/TFG/ros2_ws/install/userCommunication/share/userCommunication/package.bash'
[3.329s] INFO:colcon.colcon_core.shell:Creating package script '/home/upo/TFG/ros2_ws/install/userCommunication/share/userCommunication/package.zsh'
[3.329s] Level 1:colcon.colcon_core.environment:create_file_with_runtime_dependencies(/home/upo/TFG/ros2_ws/install/userCommunication/share/colcon-core/packages/userCommunication)
[4.142s] Level 1:colcon.colcon_core.shell:create_environment_hook('robotMovement', 'pythonpath_develop')
[4.142s] INFO:colcon.colcon_core.shell:Creating environment hook '/home/upo/TFG/ros2_ws/build/robotMovement/share/robotMovement/hook/pythonpath_develop.ps1'
[4.143s] DEBUG:colcon.colcon_core.event_handler.log_command:Invoked command in '/home/upo/TFG/ros2_ws/build/robotMovement' returned '0': AMENT_PREFIX_PATH=/home/upo/TFG/ros2_ws/install/interfaces:${AMENT_PREFIX_PATH} CMAKE_PREFIX_PATH=/home/upo/TFG/ros2_ws/install/interfaces:${CMAKE_PREFIX_PATH} DEBUGINFOD_URLS=https://debuginfod.ubuntu.com LD_LIBRARY_PATH=/home/upo/TFG/ros2_ws/install/interfaces/lib:${LD_LIBRARY_PATH} PYTHONPATH=/home/upo/TFG/ros2_ws/build/robotMovement/prefix_override:/usr/lib/python3/dist-packages/colcon_core/task/python/colcon_distutils_commands:/home/upo/TFG/ros2_ws/install/robotMovement/lib/python3.12/site-packages:/home/upo/TFG/ros2_ws/install/interfaces/lib/python3.12/site-packages:${PYTHONPATH} /usr/bin/python3 -W ignore:setup.py install is deprecated -W ignore:easy_install command is deprecated setup.py develop --editable --build-directory /home/upo/TFG/ros2_ws/build/robotMovement/build --no-deps symlink_data
[4.143s] INFO:colcon.colcon_core.shell:Creating environment descriptor '/home/upo/TFG/ros2_ws/build/robotMovement/share/robotMovement/hook/pythonpath_develop.dsv'
[4.144s] INFO:colcon.colcon_core.shell:Creating environment hook '/home/upo/TFG/ros2_ws/build/robotMovement/share/robotMovement/hook/pythonpath_develop.sh'
[4.144s] Level 1:colcon.colcon_core.environment:checking '/home/upo/TFG/ros2_ws/install/robotMovement' for CMake module files
[4.145s] Level 1:colcon.colcon_core.environment:checking '/home/upo/TFG/ros2_ws/install/robotMovement' for CMake config files
[4.145s] Level 1:colcon.colcon_core.environment:checking '/home/upo/TFG/ros2_ws/install/robotMovement/lib'
[4.146s] Level 1:colcon.colcon_core.environment:checking '/home/upo/TFG/ros2_ws/install/robotMovement/bin'
[4.146s] Level 1:colcon.colcon_core.environment:checking '/home/upo/TFG/ros2_ws/install/robotMovement/lib/pkgconfig/robotMovement.pc'
[4.146s] Level 1:colcon.colcon_core.environment:checking '/home/upo/TFG/ros2_ws/install/robotMovement/lib/python3.12/site-packages'
[4.146s] Level 1:colcon.colcon_core.shell:create_environment_hook('robotMovement', 'pythonpath')
[4.146s] INFO:colcon.colcon_core.shell:Creating environment hook '/home/upo/TFG/ros2_ws/install/robotMovement/share/robotMovement/hook/pythonpath.ps1'
[4.147s] INFO:colcon.colcon_core.shell:Creating environment descriptor '/home/upo/TFG/ros2_ws/install/robotMovement/share/robotMovement/hook/pythonpath.dsv'
[4.147s] INFO:colcon.colcon_core.shell:Creating environment hook '/home/upo/TFG/ros2_ws/install/robotMovement/share/robotMovement/hook/pythonpath.sh'
[4.148s] Level 1:colcon.colcon_core.environment:checking '/home/upo/TFG/ros2_ws/install/robotMovement/bin'
[4.148s] Level 1:colcon.colcon_core.environment:create_environment_scripts_only(robotMovement)
[4.148s] INFO:colcon.colcon_core.shell:Creating package script '/home/upo/TFG/ros2_ws/install/robotMovement/share/robotMovement/package.ps1'
[4.149s] INFO:colcon.colcon_core.shell:Creating package descriptor '/home/upo/TFG/ros2_ws/install/robotMovement/share/robotMovement/package.dsv'
[4.149s] INFO:colcon.colcon_core.shell:Creating package script '/home/upo/TFG/ros2_ws/install/robotMovement/share/robotMovement/package.sh'
[4.149s] INFO:colcon.colcon_core.shell:Creating package script '/home/upo/TFG/ros2_ws/install/robotMovement/share/robotMovement/package.bash'
[4.150s] INFO:colcon.colcon_core.shell:Creating package script '/home/upo/TFG/ros2_ws/install/robotMovement/share/robotMovement/package.zsh'
[4.150s] Level 1:colcon.colcon_core.environment:create_file_with_runtime_dependencies(/home/upo/TFG/ros2_ws/install/robotMovement/share/colcon-core/packages/robotMovement)
[4.152s] Level 1:colcon.colcon_core.shell:create_environment_hook('robotCommunication', 'pythonpath_develop')
[4.152s] INFO:colcon.colcon_core.shell:Creating environment hook '/home/upo/TFG/ros2_ws/build/robotCommunication/share/robotCommunication/hook/pythonpath_develop.ps1'
[4.153s] DEBUG:colcon.colcon_core.event_handler.log_command:Invoked command in '/home/upo/TFG/ros2_ws/build/robotCommunication' returned '0': AMENT_PREFIX_PATH=/home/upo/TFG/ros2_ws/install/interfaces:${AMENT_PREFIX_PATH} CMAKE_PREFIX_PATH=/home/upo/TFG/ros2_ws/install/interfaces:${CMAKE_PREFIX_PATH} DEBUGINFOD_URLS=https://debuginfod.ubuntu.com LD_LIBRARY_PATH=/home/upo/TFG/ros2_ws/install/interfaces/lib:${LD_LIBRARY_PATH} PYTHONPATH=/home/upo/TFG/ros2_ws/build/robotCommunication/prefix_override:/usr/lib/python3/dist-packages/colcon_core/task/python/colcon_distutils_commands:/home/upo/TFG/ros2_ws/install/robotCommunication/lib/python3.12/site-packages:/home/upo/TFG/ros2_ws/install/interfaces/lib/python3.12/site-packages:${PYTHONPATH} /usr/bin/python3 -W ignore:setup.py install is deprecated -W ignore:easy_install command is deprecated setup.py develop --editable --build-directory /home/upo/TFG/ros2_ws/build/robotCommunication/build --no-deps symlink_data
[4.154s] INFO:colcon.colcon_core.shell:Creating environment descriptor '/home/upo/TFG/ros2_ws/build/robotCommunication/share/robotCommunication/hook/pythonpath_develop.dsv'
[4.154s] INFO:colcon.colcon_core.shell:Creating environment hook '/home/upo/TFG/ros2_ws/build/robotCommunication/share/robotCommunication/hook/pythonpath_develop.sh'
[4.155s] Level 1:colcon.colcon_core.environment:checking '/home/upo/TFG/ros2_ws/install/robotCommunication' for CMake module files
[4.155s] Level 1:colcon.colcon_core.environment:checking '/home/upo/TFG/ros2_ws/install/robotCommunication' for CMake config files
[4.156s] Level 1:colcon.colcon_core.environment:checking '/home/upo/TFG/ros2_ws/install/robotCommunication/lib'
[4.156s] Level 1:colcon.colcon_core.environment:checking '/home/upo/TFG/ros2_ws/install/robotCommunication/bin'
[4.156s] Level 1:colcon.colcon_core.environment:checking '/home/upo/TFG/ros2_ws/install/robotCommunication/lib/pkgconfig/robotCommunication.pc'
[4.156s] Level 1:colcon.colcon_core.environment:checking '/home/upo/TFG/ros2_ws/install/robotCommunication/lib/python3.12/site-packages'
[4.156s] Level 1:colcon.colcon_core.shell:create_environment_hook('robotCommunication', 'pythonpath')
[4.157s] INFO:colcon.colcon_core.shell:Creating environment hook '/home/upo/TFG/ros2_ws/install/robotCommunication/share/robotCommunication/hook/pythonpath.ps1'
[4.157s] INFO:colcon.colcon_core.shell:Creating environment descriptor '/home/upo/TFG/ros2_ws/install/robotCommunication/share/robotCommunication/hook/pythonpath.dsv'
[4.158s] INFO:colcon.colcon_core.shell:Creating environment hook '/home/upo/TFG/ros2_ws/install/robotCommunication/share/robotCommunication/hook/pythonpath.sh'
[4.158s] Level 1:colcon.colcon_core.environment:checking '/home/upo/TFG/ros2_ws/install/robotCommunication/bin'
[4.159s] Level 1:colcon.colcon_core.environment:create_environment_scripts_only(robotCommunication)
[4.159s] INFO:colcon.colcon_core.shell:Creating package script '/home/upo/TFG/ros2_ws/install/robotCommunication/share/robotCommunication/package.ps1'
[4.160s] INFO:colcon.colcon_core.shell:Creating package descriptor '/home/upo/TFG/ros2_ws/install/robotCommunication/share/robotCommunication/package.dsv'
[4.161s] INFO:colcon.colcon_core.shell:Creating package script '/home/upo/TFG/ros2_ws/install/robotCommunication/share/robotCommunication/package.sh'
[4.163s] INFO:colcon.colcon_core.shell:Creating package script '/home/upo/TFG/ros2_ws/install/robotCommunication/share/robotCommunication/package.bash'
[4.163s] INFO:colcon.colcon_core.shell:Creating package script '/home/upo/TFG/ros2_ws/install/robotCommunication/share/robotCommunication/package.zsh'
[4.164s] Level 1:colcon.colcon_core.environment:create_file_with_runtime_dependencies(/home/upo/TFG/ros2_ws/install/robotCommunication/share/colcon-core/packages/robotCommunication)
[4.164s] Level 1:colcon.colcon_core.shell:create_environment_hook('VLMProcessing', 'pythonpath_develop')
[4.164s] INFO:colcon.colcon_core.shell:Creating environment hook '/home/upo/TFG/ros2_ws/build/VLMProcessing/share/VLMProcessing/hook/pythonpath_develop.ps1'
[4.165s] INFO:colcon.colcon_core.shell:Creating environment descriptor '/home/upo/TFG/ros2_ws/build/VLMProcessing/share/VLMProcessing/hook/pythonpath_develop.dsv'
[4.166s] DEBUG:colcon.colcon_core.event_handler.log_command:Invoked command in '/home/upo/TFG/ros2_ws/build/VLMProcessing' returned '0': AMENT_PREFIX_PATH=/home/upo/TFG/ros2_ws/install/interfaces:${AMENT_PREFIX_PATH} CMAKE_PREFIX_PATH=/home/upo/TFG/ros2_ws/install/interfaces:${CMAKE_PREFIX_PATH} DEBUGINFOD_URLS=https://debuginfod.ubuntu.com LD_LIBRARY_PATH=/home/upo/TFG/ros2_ws/install/interfaces/lib:${LD_LIBRARY_PATH} PYTHONPATH=/home/upo/TFG/ros2_ws/build/VLMProcessing/prefix_override:/usr/lib/python3/dist-packages/colcon_core/task/python/colcon_distutils_commands:/home/upo/TFG/ros2_ws/install/VLMProcessing/lib/python3.12/site-packages:/home/upo/TFG/ros2_ws/install/interfaces/lib/python3.12/site-packages:${PYTHONPATH} /usr/bin/python3 -W ignore:setup.py install is deprecated -W ignore:easy_install command is deprecated setup.py develop --editable --build-directory /home/upo/TFG/ros2_ws/build/VLMProcessing/build --no-deps symlink_data
[4.166s] INFO:colcon.colcon_core.shell:Creating environment hook '/home/upo/TFG/ros2_ws/build/VLMProcessing/share/VLMProcessing/hook/pythonpath_develop.sh'
[4.167s] Level 1:colcon.colcon_core.environment:checking '/home/upo/TFG/ros2_ws/install/VLMProcessing' for CMake module files
[4.167s] Level 1:colcon.colcon_core.environment:checking '/home/upo/TFG/ros2_ws/install/VLMProcessing' for CMake config files
[4.168s] Level 1:colcon.colcon_core.environment:checking '/home/upo/TFG/ros2_ws/install/VLMProcessing/lib'
[4.168s] Level 1:colcon.colcon_core.environment:checking '/home/upo/TFG/ros2_ws/install/VLMProcessing/bin'
[4.168s] Level 1:colcon.colcon_core.environment:checking '/home/upo/TFG/ros2_ws/install/VLMProcessing/lib/pkgconfig/VLMProcessing.pc'
[4.168s] Level 1:colcon.colcon_core.environment:checking '/home/upo/TFG/ros2_ws/install/VLMProcessing/lib/python3.12/site-packages'
[4.169s] Level 1:colcon.colcon_core.shell:create_environment_hook('VLMProcessing', 'pythonpath')
[4.169s] INFO:colcon.colcon_core.shell:Creating environment hook '/home/upo/TFG/ros2_ws/install/VLMProcessing/share/VLMProcessing/hook/pythonpath.ps1'
[4.169s] INFO:colcon.colcon_core.shell:Creating environment descriptor '/home/upo/TFG/ros2_ws/install/VLMProcessing/share/VLMProcessing/hook/pythonpath.dsv'
[4.169s] INFO:colcon.colcon_core.shell:Creating environment hook '/home/upo/TFG/ros2_ws/install/VLMProcessing/share/VLMProcessing/hook/pythonpath.sh'
[4.170s] Level 1:colcon.colcon_core.environment:checking '/home/upo/TFG/ros2_ws/install/VLMProcessing/bin'
[4.170s] Level 1:colcon.colcon_core.environment:create_environment_scripts_only(VLMProcessing)
[4.170s] INFO:colcon.colcon_core.shell:Creating package script '/home/upo/TFG/ros2_ws/install/VLMProcessing/share/VLMProcessing/package.ps1'
[4.171s] INFO:colcon.colcon_core.shell:Creating package descriptor '/home/upo/TFG/ros2_ws/install/VLMProcessing/share/VLMProcessing/package.dsv'
[4.171s] INFO:colcon.colcon_core.shell:Creating package script '/home/upo/TFG/ros2_ws/install/VLMProcessing/share/VLMProcessing/package.sh'
[4.172s] INFO:colcon.colcon_core.shell:Creating package script '/home/upo/TFG/ros2_ws/install/VLMProcessing/share/VLMProcessing/package.bash'
[4.172s] INFO:colcon.colcon_core.shell:Creating package script '/home/upo/TFG/ros2_ws/install/VLMProcessing/share/VLMProcessing/package.zsh'
[4.172s] Level 1:colcon.colcon_core.environment:create_file_with_runtime_dependencies(/home/upo/TFG/ros2_ws/install/VLMProcessing/share/colcon-core/packages/VLMProcessing)
[4.173s] DEBUG:colcon.colcon_parallel_executor.executor.parallel:closing loop
[4.173s] DEBUG:colcon.colcon_parallel_executor.executor.parallel:loop closed
[4.173s] DEBUG:colcon.colcon_parallel_executor.executor.parallel:run_until_complete finished with '0'
[4.173s] DEBUG:colcon.colcon_core.event_reactor:joining thread
[4.216s] INFO:colcon.colcon_core.plugin_system:Skipping extension 'colcon_notification.desktop_notification.terminal_notifier': Not used on non-Darwin systems
[4.216s] INFO:colcon.colcon_core.plugin_system:Skipping extension 'colcon_notification.desktop_notification.win32': Not used on non-Windows systems
[4.216s] INFO:colcon.colcon_notification.desktop_notification:Sending desktop notification using 'notify2'
[4.231s] DEBUG:colcon.colcon_core.event_reactor:joined thread
[4.231s] INFO:colcon.colcon_core.shell:Creating prefix script '/home/upo/TFG/ros2_ws/install/local_setup.ps1'
[4.232s] INFO:colcon.colcon_core.shell:Creating prefix util module '/home/upo/TFG/ros2_ws/install/_local_setup_util_ps1.py'
[4.233s] INFO:colcon.colcon_core.shell:Creating prefix chain script '/home/upo/TFG/ros2_ws/install/setup.ps1'
[4.235s] INFO:colcon.colcon_core.shell:Creating prefix script '/home/upo/TFG/ros2_ws/install/local_setup.sh'
[4.235s] INFO:colcon.colcon_core.shell:Creating prefix util module '/home/upo/TFG/ros2_ws/install/_local_setup_util_sh.py'
[4.236s] INFO:colcon.colcon_core.shell:Creating prefix chain script '/home/upo/TFG/ros2_ws/install/setup.sh'
[4.238s] INFO:colcon.colcon_core.shell:Creating prefix script '/home/upo/TFG/ros2_ws/install/local_setup.bash'
[4.238s] INFO:colcon.colcon_core.shell:Creating prefix chain script '/home/upo/TFG/ros2_ws/install/setup.bash'
[4.240s] INFO:colcon.colcon_core.shell:Creating prefix script '/home/upo/TFG/ros2_ws/install/local_setup.zsh'
[4.241s] INFO:colcon.colcon_core.shell:Creating prefix chain script '/home/upo/TFG/ros2_ws/install/setup.zsh'
