[0.124s] DEBUG:colcon:Command line arguments: ['/usr/bin/colcon', 'build', '--symlink-install']
[0.124s] DEBUG:colcon:Parsed command line arguments: Namespace(log_base=None, log_level=None, verb_name='build', build_base='build', install_base='install', merge_install=False, symlink_install=True, test_result_base=None, continue_on_error=False, executor='parallel', parallel_workers=16, event_handlers=None, ignore_user_meta=False, metas=['./colcon.meta'], base_paths=['.'], packages_ignore=None, packages_ignore_regex=None, paths=None, packages_up_to=None, packages_up_to_regex=None, packages_above=None, packages_above_and_dependencies=None, packages_above_depth=None, packages_select_by_dep=None, packages_skip_by_dep=None, packages_skip_up_to=None, packages_select_build_failed=False, packages_skip_build_finished=False, packages_select_test_failures=False, packages_skip_test_passed=False, packages_select=None, packages_skip=None, packages_select_regex=None, packages_skip_regex=None, packages_start=None, packages_end=None, allow_overriding=[], cmake_args=None, cmake_target=None, cmake_target_skip_unavailable=False, cmake_clean_cache=False, cmake_clean_first=False, cmake_force_configure=False, ament_cmake_args=None, catkin_cmake_args=None, catkin_skip_building_tests=False, mixin_files=None, mixin=None, verb_parser=<colcon_mixin.mixin.mixin_argument.MixinArgumentDecorator object at 0x742fd05a6d20>, verb_extension=<colcon_core.verb.build.BuildVerb object at 0x742fd05a6a20>, main=<bound method BuildVerb.main of <colcon_core.verb.build.BuildVerb object at 0x742fd05a6a20>>, mixin_verb=('build',))
[0.168s] Level 1:colcon.colcon_core.package_discovery:discover_packages(colcon_meta) check parameters
[0.169s] Level 1:colcon.colcon_core.package_discovery:discover_packages(recursive) check parameters
[0.169s] Level 1:colcon.colcon_core.package_discovery:discover_packages(ignore) check parameters
[0.169s] Level 1:colcon.colcon_core.package_discovery:discover_packages(path) check parameters
[0.169s] Level 1:colcon.colcon_core.package_discovery:discover_packages(colcon_meta) discover
[0.169s] Level 1:colcon.colcon_core.package_discovery:discover_packages(recursive) discover
[0.169s] INFO:colcon.colcon_core.package_discovery:Crawling recursively for packages in '/home/upo/TFG/ros2_ws'
[0.169s] Level 1:colcon.colcon_core.package_identification:_identify(.) by extensions ['ignore', 'ignore_ament_install']
[0.169s] Level 1:colcon.colcon_core.package_identification:_identify(.) by extension 'ignore'
[0.169s] Level 1:colcon.colcon_core.package_identification:_identify(.) by extension 'ignore_ament_install'
[0.169s] Level 1:colcon.colcon_core.package_identification:_identify(.) by extensions ['colcon_pkg']
[0.169s] Level 1:colcon.colcon_core.package_identification:_identify(.) by extension 'colcon_pkg'
[0.169s] Level 1:colcon.colcon_core.package_identification:_identify(.) by extensions ['colcon_meta']
[0.169s] Level 1:colcon.colcon_core.package_identification:_identify(.) by extension 'colcon_meta'
[0.169s] Level 1:colcon.colcon_core.package_identification:_identify(.) by extensions ['ros']
[0.169s] Level 1:colcon.colcon_core.package_identification:_identify(.) by extension 'ros'
[0.195s] Level 1:colcon.colcon_core.package_identification:_identify(.) by extensions ['cmake', 'python']
[0.195s] Level 1:colcon.colcon_core.package_identification:_identify(.) by extension 'cmake'
[0.195s] Level 1:colcon.colcon_core.package_identification:_identify(.) by extension 'python'
[0.196s] Level 1:colcon.colcon_core.package_identification:_identify(.) by extensions ['python_setup_py']
[0.196s] Level 1:colcon.colcon_core.package_identification:_identify(.) by extension 'python_setup_py'
[0.196s] Level 1:colcon.colcon_core.package_identification:_identify(build) by extensions ['ignore', 'ignore_ament_install']
[0.196s] Level 1:colcon.colcon_core.package_identification:_identify(build) by extension 'ignore'
[0.196s] Level 1:colcon.colcon_core.package_identification:_identify(build) ignored
[0.196s] Level 1:colcon.colcon_core.package_identification:_identify(install) by extensions ['ignore', 'ignore_ament_install']
[0.196s] Level 1:colcon.colcon_core.package_identification:_identify(install) by extension 'ignore'
[0.196s] Level 1:colcon.colcon_core.package_identification:_identify(install) ignored
[0.196s] Level 1:colcon.colcon_core.package_identification:_identify(log) by extensions ['ignore', 'ignore_ament_install']
[0.196s] Level 1:colcon.colcon_core.package_identification:_identify(log) by extension 'ignore'
[0.196s] Level 1:colcon.colcon_core.package_identification:_identify(log) ignored
[0.196s] Level 1:colcon.colcon_core.package_identification:_identify(src) by extensions ['ignore', 'ignore_ament_install']
[0.196s] Level 1:colcon.colcon_core.package_identification:_identify(src) by extension 'ignore'
[0.197s] Level 1:colcon.colcon_core.package_identification:_identify(src) by extension 'ignore_ament_install'
[0.197s] Level 1:colcon.colcon_core.package_identification:_identify(src) by extensions ['colcon_pkg']
[0.197s] Level 1:colcon.colcon_core.package_identification:_identify(src) by extension 'colcon_pkg'
[0.197s] Level 1:colcon.colcon_core.package_identification:_identify(src) by extensions ['colcon_meta']
[0.197s] Level 1:colcon.colcon_core.package_identification:_identify(src) by extension 'colcon_meta'
[0.197s] Level 1:colcon.colcon_core.package_identification:_identify(src) by extensions ['ros']
[0.197s] Level 1:colcon.colcon_core.package_identification:_identify(src) by extension 'ros'
[0.197s] Level 1:colcon.colcon_core.package_identification:_identify(src) by extensions ['cmake', 'python']
[0.197s] Level 1:colcon.colcon_core.package_identification:_identify(src) by extension 'cmake'
[0.197s] Level 1:colcon.colcon_core.package_identification:_identify(src) by extension 'python'
[0.197s] Level 1:colcon.colcon_core.package_identification:_identify(src) by extensions ['python_setup_py']
[0.197s] Level 1:colcon.colcon_core.package_identification:_identify(src) by extension 'python_setup_py'
[0.197s] Level 1:colcon.colcon_core.package_identification:_identify(src/VLMProcessing) by extensions ['ignore', 'ignore_ament_install']
[0.197s] Level 1:colcon.colcon_core.package_identification:_identify(src/VLMProcessing) by extension 'ignore'
[0.197s] Level 1:colcon.colcon_core.package_identification:_identify(src/VLMProcessing) by extension 'ignore_ament_install'
[0.197s] Level 1:colcon.colcon_core.package_identification:_identify(src/VLMProcessing) by extensions ['colcon_pkg']
[0.197s] Level 1:colcon.colcon_core.package_identification:_identify(src/VLMProcessing) by extension 'colcon_pkg'
[0.197s] Level 1:colcon.colcon_core.package_identification:_identify(src/VLMProcessing) by extensions ['colcon_meta']
[0.197s] Level 1:colcon.colcon_core.package_identification:_identify(src/VLMProcessing) by extension 'colcon_meta'
[0.197s] Level 1:colcon.colcon_core.package_identification:_identify(src/VLMProcessing) by extensions ['ros']
[0.197s] Level 1:colcon.colcon_core.package_identification:_identify(src/VLMProcessing) by extension 'ros'
[0.200s] DEBUG:colcon.colcon_core.package_identification:Package 'src/VLMProcessing' with type 'ros.ament_python' and name 'VLMProcessing'
[0.200s] Level 1:colcon.colcon_core.package_identification:_identify(src/interfaces) by extensions ['ignore', 'ignore_ament_install']
[0.200s] Level 1:colcon.colcon_core.package_identification:_identify(src/interfaces) by extension 'ignore'
[0.200s] Level 1:colcon.colcon_core.package_identification:_identify(src/interfaces) by extension 'ignore_ament_install'
[0.200s] Level 1:colcon.colcon_core.package_identification:_identify(src/interfaces) by extensions ['colcon_pkg']
[0.200s] Level 1:colcon.colcon_core.package_identification:_identify(src/interfaces) by extension 'colcon_pkg'
[0.200s] Level 1:colcon.colcon_core.package_identification:_identify(src/interfaces) by extensions ['colcon_meta']
[0.200s] Level 1:colcon.colcon_core.package_identification:_identify(src/interfaces) by extension 'colcon_meta'
[0.200s] Level 1:colcon.colcon_core.package_identification:_identify(src/interfaces) by extensions ['ros']
[0.200s] Level 1:colcon.colcon_core.package_identification:_identify(src/interfaces) by extension 'ros'
[0.201s] DEBUG:colcon.colcon_core.package_identification:Package 'src/interfaces' with type 'ros.ament_cmake' and name 'interfaces'
[0.201s] Level 1:colcon.colcon_core.package_identification:_identify(src/robotCommunication) by extensions ['ignore', 'ignore_ament_install']
[0.201s] Level 1:colcon.colcon_core.package_identification:_identify(src/robotCommunication) by extension 'ignore'
[0.201s] Level 1:colcon.colcon_core.package_identification:_identify(src/robotCommunication) by extension 'ignore_ament_install'
[0.201s] Level 1:colcon.colcon_core.package_identification:_identify(src/robotCommunication) by extensions ['colcon_pkg']
[0.201s] Level 1:colcon.colcon_core.package_identification:_identify(src/robotCommunication) by extension 'colcon_pkg'
[0.201s] Level 1:colcon.colcon_core.package_identification:_identify(src/robotCommunication) by extensions ['colcon_meta']
[0.201s] Level 1:colcon.colcon_core.package_identification:_identify(src/robotCommunication) by extension 'colcon_meta'
[0.201s] Level 1:colcon.colcon_core.package_identification:_identify(src/robotCommunication) by extensions ['ros']
[0.201s] Level 1:colcon.colcon_core.package_identification:_identify(src/robotCommunication) by extension 'ros'
[0.202s] DEBUG:colcon.colcon_core.package_identification:Package 'src/robotCommunication' with type 'ros.ament_python' and name 'robotCommunication'
[0.202s] Level 1:colcon.colcon_core.package_identification:_identify(src/robotMovement) by extensions ['ignore', 'ignore_ament_install']
[0.202s] Level 1:colcon.colcon_core.package_identification:_identify(src/robotMovement) by extension 'ignore'
[0.202s] Level 1:colcon.colcon_core.package_identification:_identify(src/robotMovement) by extension 'ignore_ament_install'
[0.202s] Level 1:colcon.colcon_core.package_identification:_identify(src/robotMovement) by extensions ['colcon_pkg']
[0.202s] Level 1:colcon.colcon_core.package_identification:_identify(src/robotMovement) by extension 'colcon_pkg'
[0.202s] Level 1:colcon.colcon_core.package_identification:_identify(src/robotMovement) by extensions ['colcon_meta']
[0.202s] Level 1:colcon.colcon_core.package_identification:_identify(src/robotMovement) by extension 'colcon_meta'
[0.202s] Level 1:colcon.colcon_core.package_identification:_identify(src/robotMovement) by extensions ['ros']
[0.202s] Level 1:colcon.colcon_core.package_identification:_identify(src/robotMovement) by extension 'ros'
[0.203s] DEBUG:colcon.colcon_core.package_identification:Package 'src/robotMovement' with type 'ros.ament_python' and name 'robotMovement'
[0.203s] Level 1:colcon.colcon_core.package_identification:_identify(src/userCommunication) by extensions ['ignore', 'ignore_ament_install']
[0.203s] Level 1:colcon.colcon_core.package_identification:_identify(src/userCommunication) by extension 'ignore'
[0.203s] Level 1:colcon.colcon_core.package_identification:_identify(src/userCommunication) by extension 'ignore_ament_install'
[0.203s] Level 1:colcon.colcon_core.package_identification:_identify(src/userCommunication) by extensions ['colcon_pkg']
[0.203s] Level 1:colcon.colcon_core.package_identification:_identify(src/userCommunication) by extension 'colcon_pkg'
[0.203s] Level 1:colcon.colcon_core.package_identification:_identify(src/userCommunication) by extensions ['colcon_meta']
[0.203s] Level 1:colcon.colcon_core.package_identification:_identify(src/userCommunication) by extension 'colcon_meta'
[0.203s] Level 1:colcon.colcon_core.package_identification:_identify(src/userCommunication) by extensions ['ros']
[0.203s] Level 1:colcon.colcon_core.package_identification:_identify(src/userCommunication) by extension 'ros'
[0.203s] DEBUG:colcon.colcon_core.package_identification:Package 'src/userCommunication' with type 'ros.ament_python' and name 'userCommunication'
[0.203s] Level 1:colcon.colcon_core.package_discovery:discover_packages(recursive) using defaults
[0.203s] Level 1:colcon.colcon_core.package_discovery:discover_packages(ignore) discover
[0.203s] Level 1:colcon.colcon_core.package_discovery:discover_packages(ignore) using defaults
[0.203s] Level 1:colcon.colcon_core.package_discovery:discover_packages(path) discover
[0.203s] Level 1:colcon.colcon_core.package_discovery:discover_packages(path) using defaults
[0.219s] Level 1:colcon.colcon_core.package_discovery:discover_packages(prefix_path) check parameters
[0.219s] Level 1:colcon.colcon_core.package_discovery:discover_packages(prefix_path) discover
[0.221s] DEBUG:colcon.colcon_installed_package_information.package_discovery:Found 17 installed packages in /home/upo/turtlebot3_ws/install
[0.223s] DEBUG:colcon.colcon_installed_package_information.package_discovery:Found 406 installed packages in /opt/ros/jazzy
[0.225s] Level 1:colcon.colcon_core.package_discovery:discover_packages(prefix_path) using defaults
[0.269s] Level 5:colcon.colcon_core.verb:set package 'interfaces' build argument 'cmake_args' from command line to 'None'
[0.269s] Level 5:colcon.colcon_core.verb:set package 'interfaces' build argument 'cmake_target' from command line to 'None'
[0.269s] Level 5:colcon.colcon_core.verb:set package 'interfaces' build argument 'cmake_target_skip_unavailable' from command line to 'False'
[0.269s] Level 5:colcon.colcon_core.verb:set package 'interfaces' build argument 'cmake_clean_cache' from command line to 'False'
[0.269s] Level 5:colcon.colcon_core.verb:set package 'interfaces' build argument 'cmake_clean_first' from command line to 'False'
[0.269s] Level 5:colcon.colcon_core.verb:set package 'interfaces' build argument 'cmake_force_configure' from command line to 'False'
[0.269s] Level 5:colcon.colcon_core.verb:set package 'interfaces' build argument 'ament_cmake_args' from command line to 'None'
[0.269s] Level 5:colcon.colcon_core.verb:set package 'interfaces' build argument 'catkin_cmake_args' from command line to 'None'
[0.269s] Level 5:colcon.colcon_core.verb:set package 'interfaces' build argument 'catkin_skip_building_tests' from command line to 'False'
[0.269s] DEBUG:colcon.colcon_core.verb:Building package 'interfaces' with the following arguments: {'ament_cmake_args': None, 'build_base': '/home/upo/TFG/ros2_ws/build/interfaces', 'catkin_cmake_args': None, 'catkin_skip_building_tests': False, 'cmake_args': None, 'cmake_clean_cache': False, 'cmake_clean_first': False, 'cmake_force_configure': False, 'cmake_target': None, 'cmake_target_skip_unavailable': False, 'install_base': '/home/upo/TFG/ros2_ws/install/interfaces', 'merge_install': False, 'path': '/home/upo/TFG/ros2_ws/src/interfaces', 'symlink_install': True, 'test_result_base': None}
[0.269s] Level 5:colcon.colcon_core.verb:set package 'userCommunication' build argument 'cmake_args' from command line to 'None'
[0.269s] Level 5:colcon.colcon_core.verb:set package 'userCommunication' build argument 'cmake_target' from command line to 'None'
[0.269s] Level 5:colcon.colcon_core.verb:set package 'userCommunication' build argument 'cmake_target_skip_unavailable' from command line to 'False'
[0.269s] Level 5:colcon.colcon_core.verb:set package 'userCommunication' build argument 'cmake_clean_cache' from command line to 'False'
[0.269s] Level 5:colcon.colcon_core.verb:set package 'userCommunication' build argument 'cmake_clean_first' from command line to 'False'
[0.269s] Level 5:colcon.colcon_core.verb:set package 'userCommunication' build argument 'cmake_force_configure' from command line to 'False'
[0.269s] Level 5:colcon.colcon_core.verb:set package 'userCommunication' build argument 'ament_cmake_args' from command line to 'None'
[0.269s] Level 5:colcon.colcon_core.verb:set package 'userCommunication' build argument 'catkin_cmake_args' from command line to 'None'
[0.269s] Level 5:colcon.colcon_core.verb:set package 'userCommunication' build argument 'catkin_skip_building_tests' from command line to 'False'
[0.269s] DEBUG:colcon.colcon_core.verb:Building package 'userCommunication' with the following arguments: {'ament_cmake_args': None, 'build_base': '/home/upo/TFG/ros2_ws/build/userCommunication', 'catkin_cmake_args': None, 'catkin_skip_building_tests': False, 'cmake_args': None, 'cmake_clean_cache': False, 'cmake_clean_first': False, 'cmake_force_configure': False, 'cmake_target': None, 'cmake_target_skip_unavailable': False, 'install_base': '/home/upo/TFG/ros2_ws/install/userCommunication', 'merge_install': False, 'path': '/home/upo/TFG/ros2_ws/src/userCommunication', 'symlink_install': True, 'test_result_base': None}
[0.270s] Level 5:colcon.colcon_core.verb:set package 'VLMProcessing' build argument 'cmake_args' from command line to 'None'
[0.270s] Level 5:colcon.colcon_core.verb:set package 'VLMProcessing' build argument 'cmake_target' from command line to 'None'
[0.270s] Level 5:colcon.colcon_core.verb:set package 'VLMProcessing' build argument 'cmake_target_skip_unavailable' from command line to 'False'
[0.270s] Level 5:colcon.colcon_core.verb:set package 'VLMProcessing' build argument 'cmake_clean_cache' from command line to 'False'
[0.270s] Level 5:colcon.colcon_core.verb:set package 'VLMProcessing' build argument 'cmake_clean_first' from command line to 'False'
[0.270s] Level 5:colcon.colcon_core.verb:set package 'VLMProcessing' build argument 'cmake_force_configure' from command line to 'False'
[0.270s] Level 5:colcon.colcon_core.verb:set package 'VLMProcessing' build argument 'ament_cmake_args' from command line to 'None'
[0.270s] Level 5:colcon.colcon_core.verb:set package 'VLMProcessing' build argument 'catkin_cmake_args' from command line to 'None'
[0.270s] Level 5:colcon.colcon_core.verb:set package 'VLMProcessing' build argument 'catkin_skip_building_tests' from command line to 'False'
[0.270s] DEBUG:colcon.colcon_core.verb:Building package 'VLMProcessing' with the following arguments: {'ament_cmake_args': None, 'build_base': '/home/upo/TFG/ros2_ws/build/VLMProcessing', 'catkin_cmake_args': None, 'catkin_skip_building_tests': False, 'cmake_args': None, 'cmake_clean_cache': False, 'cmake_clean_first': False, 'cmake_force_configure': False, 'cmake_target': None, 'cmake_target_skip_unavailable': False, 'install_base': '/home/upo/TFG/ros2_ws/install/VLMProcessing', 'merge_install': False, 'path': '/home/upo/TFG/ros2_ws/src/VLMProcessing', 'symlink_install': True, 'test_result_base': None}
[0.270s] Level 5:colcon.colcon_core.verb:set package 'robotCommunication' build argument 'cmake_args' from command line to 'None'
[0.270s] Level 5:colcon.colcon_core.verb:set package 'robotCommunication' build argument 'cmake_target' from command line to 'None'
[0.270s] Level 5:colcon.colcon_core.verb:set package 'robotCommunication' build argument 'cmake_target_skip_unavailable' from command line to 'False'
[0.270s] Level 5:colcon.colcon_core.verb:set package 'robotCommunication' build argument 'cmake_clean_cache' from command line to 'False'
[0.270s] Level 5:colcon.colcon_core.verb:set package 'robotCommunication' build argument 'cmake_clean_first' from command line to 'False'
[0.270s] Level 5:colcon.colcon_core.verb:set package 'robotCommunication' build argument 'cmake_force_configure' from command line to 'False'
[0.270s] Level 5:colcon.colcon_core.verb:set package 'robotCommunication' build argument 'ament_cmake_args' from command line to 'None'
[0.270s] Level 5:colcon.colcon_core.verb:set package 'robotCommunication' build argument 'catkin_cmake_args' from command line to 'None'
[0.270s] Level 5:colcon.colcon_core.verb:set package 'robotCommunication' build argument 'catkin_skip_building_tests' from command line to 'False'
[0.270s] DEBUG:colcon.colcon_core.verb:Building package 'robotCommunication' with the following arguments: {'ament_cmake_args': None, 'build_base': '/home/upo/TFG/ros2_ws/build/robotCommunication', 'catkin_cmake_args': None, 'catkin_skip_building_tests': False, 'cmake_args': None, 'cmake_clean_cache': False, 'cmake_clean_first': False, 'cmake_force_configure': False, 'cmake_target': None, 'cmake_target_skip_unavailable': False, 'install_base': '/home/upo/TFG/ros2_ws/install/robotCommunication', 'merge_install': False, 'path': '/home/upo/TFG/ros2_ws/src/robotCommunication', 'symlink_install': True, 'test_result_base': None}
[0.270s] Level 5:colcon.colcon_core.verb:set package 'robotMovement' build argument 'cmake_args' from command line to 'None'
[0.270s] Level 5:colcon.colcon_core.verb:set package 'robotMovement' build argument 'cmake_target' from command line to 'None'
[0.270s] Level 5:colcon.colcon_core.verb:set package 'robotMovement' build argument 'cmake_target_skip_unavailable' from command line to 'False'
[0.270s] Level 5:colcon.colcon_core.verb:set package 'robotMovement' build argument 'cmake_clean_cache' from command line to 'False'
[0.270s] Level 5:colcon.colcon_core.verb:set package 'robotMovement' build argument 'cmake_clean_first' from command line to 'False'
[0.270s] Level 5:colcon.colcon_core.verb:set package 'robotMovement' build argument 'cmake_force_configure' from command line to 'False'
[0.270s] Level 5:colcon.colcon_core.verb:set package 'robotMovement' build argument 'ament_cmake_args' from command line to 'None'
[0.270s] Level 5:colcon.colcon_core.verb:set package 'robotMovement' build argument 'catkin_cmake_args' from command line to 'None'
[0.270s] Level 5:colcon.colcon_core.verb:set package 'robotMovement' build argument 'catkin_skip_building_tests' from command line to 'False'
[0.270s] DEBUG:colcon.colcon_core.verb:Building package 'robotMovement' with the following arguments: {'ament_cmake_args': None, 'build_base': '/home/upo/TFG/ros2_ws/build/robotMovement', 'catkin_cmake_args': None, 'catkin_skip_building_tests': False, 'cmake_args': None, 'cmake_clean_cache': False, 'cmake_clean_first': False, 'cmake_force_configure': False, 'cmake_target': None, 'cmake_target_skip_unavailable': False, 'install_base': '/home/upo/TFG/ros2_ws/install/robotMovement', 'merge_install': False, 'path': '/home/upo/TFG/ros2_ws/src/robotMovement', 'symlink_install': True, 'test_result_base': None}
[0.270s] INFO:colcon.colcon_core.executor:Executing jobs using 'parallel' executor
[0.271s] DEBUG:colcon.colcon_parallel_executor.executor.parallel:run_until_complete
[0.271s] INFO:colcon.colcon_ros.task.ament_cmake.build:Building ROS package in '/home/upo/TFG/ros2_ws/src/interfaces' with build type 'ament_cmake'
[0.271s] INFO:colcon.colcon_cmake.task.cmake.build:Building CMake package in '/home/upo/TFG/ros2_ws/src/interfaces'
[0.273s] INFO:colcon.colcon_core.plugin_system:Skipping extension 'colcon_core.shell.bat': Not used on non-Windows systems
[0.273s] INFO:colcon.colcon_core.shell:Skip shell extension 'powershell' for command environment: Not usable outside of PowerShell
[0.273s] DEBUG:colcon.colcon_core.shell:Skip shell extension 'dsv' for command environment
[0.277s] INFO:colcon.colcon_ros.task.ament_python.build:Building ROS package in '/home/upo/TFG/ros2_ws/src/userCommunication' with build type 'ament_python'
[0.277s] Level 1:colcon.colcon_core.shell:create_environment_hook('userCommunication', 'ament_prefix_path')
[0.277s] INFO:colcon.colcon_core.shell:Creating environment hook '/home/upo/TFG/ros2_ws/install/userCommunication/share/userCommunication/hook/ament_prefix_path.ps1'
[0.278s] INFO:colcon.colcon_core.shell:Creating environment descriptor '/home/upo/TFG/ros2_ws/install/userCommunication/share/userCommunication/hook/ament_prefix_path.dsv'
[0.278s] INFO:colcon.colcon_core.shell:Creating environment hook '/home/upo/TFG/ros2_ws/install/userCommunication/share/userCommunication/hook/ament_prefix_path.sh'
[0.279s] INFO:colcon.colcon_core.shell:Skip shell extension 'powershell' for command environment: Not usable outside of PowerShell
[0.279s] DEBUG:colcon.colcon_core.shell:Skip shell extension 'dsv' for command environment
[0.287s] DEBUG:colcon.colcon_core.event_handler.log_command:Invoking command in '/home/upo/TFG/ros2_ws/build/interfaces': CMAKE_PREFIX_PATH=${CMAKE_PREFIX_PATH}:/home/upo/turtlebot3_ws/install/userCommunication:/home/upo/turtlebot3_ws/install/turtlebot3_teleop:/home/upo/turtlebot3_ws/install/turtlebot3_example:/home/upo/turtlebot3_ws/install/robotMovement:/home/upo/turtlebot3_ws/install/robotCommunication:/home/upo/turtlebot3_ws/install/VLMProcessing:/opt/ros/jazzy DEBUGINFOD_URLS=https://debuginfod.ubuntu.com /usr/bin/cmake --build /home/upo/TFG/ros2_ws/build/interfaces -- -j16 -l16
[0.485s] INFO:colcon.colcon_core.task.python.build:Building Python package in '/home/upo/TFG/ros2_ws/src/userCommunication'
[0.485s] INFO:colcon.colcon_core.shell:Skip shell extension 'powershell' for command environment: Not usable outside of PowerShell
[0.485s] DEBUG:colcon.colcon_core.shell:Skip shell extension 'dsv' for command environment
[0.679s] DEBUG:colcon.colcon_core.event_handler.log_command:Invoked command in '/home/upo/TFG/ros2_ws/build/interfaces' returned '0': CMAKE_PREFIX_PATH=${CMAKE_PREFIX_PATH}:/home/upo/turtlebot3_ws/install/userCommunication:/home/upo/turtlebot3_ws/install/turtlebot3_teleop:/home/upo/turtlebot3_ws/install/turtlebot3_example:/home/upo/turtlebot3_ws/install/robotMovement:/home/upo/turtlebot3_ws/install/robotCommunication:/home/upo/turtlebot3_ws/install/VLMProcessing:/opt/ros/jazzy DEBUGINFOD_URLS=https://debuginfod.ubuntu.com /usr/bin/cmake --build /home/upo/TFG/ros2_ws/build/interfaces -- -j16 -l16
[0.691s] DEBUG:colcon.colcon_core.event_handler.log_command:Invoking command in '/home/upo/TFG/ros2_ws/build/interfaces': CMAKE_PREFIX_PATH=${CMAKE_PREFIX_PATH}:/home/upo/turtlebot3_ws/install/userCommunication:/home/upo/turtlebot3_ws/install/turtlebot3_teleop:/home/upo/turtlebot3_ws/install/turtlebot3_example:/home/upo/turtlebot3_ws/install/robotMovement:/home/upo/turtlebot3_ws/install/robotCommunication:/home/upo/turtlebot3_ws/install/VLMProcessing:/opt/ros/jazzy DEBUGINFOD_URLS=https://debuginfod.ubuntu.com /usr/bin/cmake --install /home/upo/TFG/ros2_ws/build/interfaces
[0.777s] Level 1:colcon.colcon_core.environment:create_environment_scripts_only(interfaces)
[0.778s] DEBUG:colcon.colcon_core.event_handler.log_command:Invoked command in '/home/upo/TFG/ros2_ws/build/interfaces' returned '0': CMAKE_PREFIX_PATH=${CMAKE_PREFIX_PATH}:/home/upo/turtlebot3_ws/install/userCommunication:/home/upo/turtlebot3_ws/install/turtlebot3_teleop:/home/upo/turtlebot3_ws/install/turtlebot3_example:/home/upo/turtlebot3_ws/install/robotMovement:/home/upo/turtlebot3_ws/install/robotCommunication:/home/upo/turtlebot3_ws/install/VLMProcessing:/opt/ros/jazzy DEBUGINFOD_URLS=https://debuginfod.ubuntu.com /usr/bin/cmake --install /home/upo/TFG/ros2_ws/build/interfaces
[0.780s] Level 1:colcon.colcon_core.environment:checking '/home/upo/TFG/ros2_ws/install/interfaces' for CMake module files
[0.781s] Level 1:colcon.colcon_core.environment:checking '/home/upo/TFG/ros2_ws/install/interfaces' for CMake config files
[0.781s] Level 1:colcon.colcon_core.shell:create_environment_hook('interfaces', 'cmake_prefix_path')
[0.781s] INFO:colcon.colcon_core.shell:Creating environment hook '/home/upo/TFG/ros2_ws/install/interfaces/share/interfaces/hook/cmake_prefix_path.ps1'
[0.782s] INFO:colcon.colcon_core.shell:Creating environment descriptor '/home/upo/TFG/ros2_ws/install/interfaces/share/interfaces/hook/cmake_prefix_path.dsv'
[0.782s] INFO:colcon.colcon_core.shell:Creating environment hook '/home/upo/TFG/ros2_ws/install/interfaces/share/interfaces/hook/cmake_prefix_path.sh'
[0.783s] Level 1:colcon.colcon_core.environment:checking '/home/upo/TFG/ros2_ws/install/interfaces/lib'
[0.783s] Level 1:colcon.colcon_core.shell:create_environment_hook('interfaces', 'ld_library_path_lib')
[0.783s] INFO:colcon.colcon_core.shell:Creating environment hook '/home/upo/TFG/ros2_ws/install/interfaces/share/interfaces/hook/ld_library_path_lib.ps1'
[0.783s] INFO:colcon.colcon_core.shell:Creating environment descriptor '/home/upo/TFG/ros2_ws/install/interfaces/share/interfaces/hook/ld_library_path_lib.dsv'
[0.784s] INFO:colcon.colcon_core.shell:Creating environment hook '/home/upo/TFG/ros2_ws/install/interfaces/share/interfaces/hook/ld_library_path_lib.sh'
[0.784s] Level 1:colcon.colcon_core.environment:checking '/home/upo/TFG/ros2_ws/install/interfaces/bin'
[0.784s] Level 1:colcon.colcon_core.environment:checking '/home/upo/TFG/ros2_ws/install/interfaces/lib/pkgconfig/interfaces.pc'
[0.784s] Level 1:colcon.colcon_core.environment:checking '/home/upo/TFG/ros2_ws/install/interfaces/lib/python3.12/site-packages'
[0.784s] Level 1:colcon.colcon_core.shell:create_environment_hook('interfaces', 'pythonpath')
[0.784s] INFO:colcon.colcon_core.shell:Creating environment hook '/home/upo/TFG/ros2_ws/install/interfaces/share/interfaces/hook/pythonpath.ps1'
[0.785s] INFO:colcon.colcon_core.shell:Creating environment descriptor '/home/upo/TFG/ros2_ws/install/interfaces/share/interfaces/hook/pythonpath.dsv'
[0.785s] INFO:colcon.colcon_core.shell:Creating environment hook '/home/upo/TFG/ros2_ws/install/interfaces/share/interfaces/hook/pythonpath.sh'
[0.785s] Level 1:colcon.colcon_core.environment:checking '/home/upo/TFG/ros2_ws/install/interfaces/bin'
[0.786s] INFO:colcon.colcon_core.shell:Creating package script '/home/upo/TFG/ros2_ws/install/interfaces/share/interfaces/package.ps1'
[0.786s] INFO:colcon.colcon_core.shell:Creating package descriptor '/home/upo/TFG/ros2_ws/install/interfaces/share/interfaces/package.dsv'
[0.787s] INFO:colcon.colcon_core.shell:Creating package script '/home/upo/TFG/ros2_ws/install/interfaces/share/interfaces/package.sh'
[0.787s] INFO:colcon.colcon_core.shell:Creating package script '/home/upo/TFG/ros2_ws/install/interfaces/share/interfaces/package.bash'
[0.788s] INFO:colcon.colcon_core.shell:Creating package script '/home/upo/TFG/ros2_ws/install/interfaces/share/interfaces/package.zsh'
[0.788s] Level 1:colcon.colcon_core.environment:create_file_with_runtime_dependencies(/home/upo/TFG/ros2_ws/install/interfaces/share/colcon-core/packages/interfaces)
[0.788s] Level 1:colcon.colcon_core.environment:create_environment_scripts_only(interfaces)
[0.789s] Level 1:colcon.colcon_core.environment:checking '/home/upo/TFG/ros2_ws/install/interfaces' for CMake module files
[0.789s] Level 1:colcon.colcon_core.environment:checking '/home/upo/TFG/ros2_ws/install/interfaces' for CMake config files
[0.790s] Level 1:colcon.colcon_core.shell:create_environment_hook('interfaces', 'cmake_prefix_path')
[0.790s] INFO:colcon.colcon_core.shell:Creating environment hook '/home/upo/TFG/ros2_ws/install/interfaces/share/interfaces/hook/cmake_prefix_path.ps1'
[0.790s] INFO:colcon.colcon_core.shell:Creating environment descriptor '/home/upo/TFG/ros2_ws/install/interfaces/share/interfaces/hook/cmake_prefix_path.dsv'
[0.790s] INFO:colcon.colcon_core.shell:Creating environment hook '/home/upo/TFG/ros2_ws/install/interfaces/share/interfaces/hook/cmake_prefix_path.sh'
[0.790s] Level 1:colcon.colcon_core.environment:checking '/home/upo/TFG/ros2_ws/install/interfaces/lib'
[0.791s] Level 1:colcon.colcon_core.shell:create_environment_hook('interfaces', 'ld_library_path_lib')
[0.791s] INFO:colcon.colcon_core.shell:Creating environment hook '/home/upo/TFG/ros2_ws/install/interfaces/share/interfaces/hook/ld_library_path_lib.ps1'
[0.791s] INFO:colcon.colcon_core.shell:Creating environment descriptor '/home/upo/TFG/ros2_ws/install/interfaces/share/interfaces/hook/ld_library_path_lib.dsv'
[0.791s] INFO:colcon.colcon_core.shell:Creating environment hook '/home/upo/TFG/ros2_ws/install/interfaces/share/interfaces/hook/ld_library_path_lib.sh'
[0.791s] Level 1:colcon.colcon_core.environment:checking '/home/upo/TFG/ros2_ws/install/interfaces/bin'
[0.791s] Level 1:colcon.colcon_core.environment:checking '/home/upo/TFG/ros2_ws/install/interfaces/lib/pkgconfig/interfaces.pc'
[0.792s] Level 1:colcon.colcon_core.environment:checking '/home/upo/TFG/ros2_ws/install/interfaces/lib/python3.12/site-packages'
[0.792s] Level 1:colcon.colcon_core.shell:create_environment_hook('interfaces', 'pythonpath')
[0.792s] INFO:colcon.colcon_core.shell:Creating environment hook '/home/upo/TFG/ros2_ws/install/interfaces/share/interfaces/hook/pythonpath.ps1'
[0.792s] INFO:colcon.colcon_core.shell:Creating environment descriptor '/home/upo/TFG/ros2_ws/install/interfaces/share/interfaces/hook/pythonpath.dsv'
[0.792s] INFO:colcon.colcon_core.shell:Creating environment hook '/home/upo/TFG/ros2_ws/install/interfaces/share/interfaces/hook/pythonpath.sh'
[0.793s] Level 1:colcon.colcon_core.environment:checking '/home/upo/TFG/ros2_ws/install/interfaces/bin'
[0.793s] INFO:colcon.colcon_core.shell:Creating package script '/home/upo/TFG/ros2_ws/install/interfaces/share/interfaces/package.ps1'
[0.793s] INFO:colcon.colcon_core.shell:Creating package descriptor '/home/upo/TFG/ros2_ws/install/interfaces/share/interfaces/package.dsv'
[0.794s] INFO:colcon.colcon_core.shell:Creating package script '/home/upo/TFG/ros2_ws/install/interfaces/share/interfaces/package.sh'
[0.794s] INFO:colcon.colcon_core.shell:Creating package script '/home/upo/TFG/ros2_ws/install/interfaces/share/interfaces/package.bash'
[0.794s] INFO:colcon.colcon_core.shell:Creating package script '/home/upo/TFG/ros2_ws/install/interfaces/share/interfaces/package.zsh'
[0.795s] Level 1:colcon.colcon_core.environment:create_file_with_runtime_dependencies(/home/upo/TFG/ros2_ws/install/interfaces/share/colcon-core/packages/interfaces)
[0.795s] INFO:colcon.colcon_ros.task.ament_python.build:Building ROS package in '/home/upo/TFG/ros2_ws/src/VLMProcessing' with build type 'ament_python'
[0.795s] Level 1:colcon.colcon_core.shell:create_environment_hook('VLMProcessing', 'ament_prefix_path')
[0.795s] INFO:colcon.colcon_core.shell:Creating environment hook '/home/upo/TFG/ros2_ws/install/VLMProcessing/share/VLMProcessing/hook/ament_prefix_path.ps1'
[0.796s] INFO:colcon.colcon_core.shell:Creating environment descriptor '/home/upo/TFG/ros2_ws/install/VLMProcessing/share/VLMProcessing/hook/ament_prefix_path.dsv'
[0.796s] INFO:colcon.colcon_core.shell:Creating environment hook '/home/upo/TFG/ros2_ws/install/VLMProcessing/share/VLMProcessing/hook/ament_prefix_path.sh'
[0.797s] INFO:colcon.colcon_core.shell:Skip shell extension 'powershell' for command environment: Not usable outside of PowerShell
[0.797s] DEBUG:colcon.colcon_core.shell:Skip shell extension 'dsv' for command environment
[0.801s] INFO:colcon.colcon_ros.task.ament_python.build:Building ROS package in '/home/upo/TFG/ros2_ws/src/robotCommunication' with build type 'ament_python'
[0.801s] Level 1:colcon.colcon_core.shell:create_environment_hook('robotCommunication', 'ament_prefix_path')
[0.801s] INFO:colcon.colcon_core.shell:Creating environment hook '/home/upo/TFG/ros2_ws/install/robotCommunication/share/robotCommunication/hook/ament_prefix_path.ps1'
[0.801s] INFO:colcon.colcon_core.shell:Creating environment descriptor '/home/upo/TFG/ros2_ws/install/robotCommunication/share/robotCommunication/hook/ament_prefix_path.dsv'
[0.802s] INFO:colcon.colcon_core.shell:Creating environment hook '/home/upo/TFG/ros2_ws/install/robotCommunication/share/robotCommunication/hook/ament_prefix_path.sh'
[0.802s] INFO:colcon.colcon_core.shell:Skip shell extension 'powershell' for command environment: Not usable outside of PowerShell
[0.802s] DEBUG:colcon.colcon_core.shell:Skip shell extension 'dsv' for command environment
[0.807s] INFO:colcon.colcon_ros.task.ament_python.build:Building ROS package in '/home/upo/TFG/ros2_ws/src/robotMovement' with build type 'ament_python'
[0.807s] Level 1:colcon.colcon_core.shell:create_environment_hook('robotMovement', 'ament_prefix_path')
[0.807s] INFO:colcon.colcon_core.shell:Creating environment hook '/home/upo/TFG/ros2_ws/install/robotMovement/share/robotMovement/hook/ament_prefix_path.ps1'
[0.808s] INFO:colcon.colcon_core.shell:Creating environment descriptor '/home/upo/TFG/ros2_ws/install/robotMovement/share/robotMovement/hook/ament_prefix_path.dsv'
[0.808s] INFO:colcon.colcon_core.shell:Creating environment hook '/home/upo/TFG/ros2_ws/install/robotMovement/share/robotMovement/hook/ament_prefix_path.sh'
[0.808s] INFO:colcon.colcon_core.shell:Skip shell extension 'powershell' for command environment: Not usable outside of PowerShell
[0.808s] DEBUG:colcon.colcon_core.shell:Skip shell extension 'dsv' for command environment
[1.004s] INFO:colcon.colcon_core.task.python.build:Building Python package in '/home/upo/TFG/ros2_ws/src/VLMProcessing'
[1.004s] INFO:colcon.colcon_core.shell:Skip shell extension 'powershell' for command environment: Not usable outside of PowerShell
[1.004s] DEBUG:colcon.colcon_core.shell:Skip shell extension 'dsv' for command environment
[1.199s] INFO:colcon.colcon_core.task.python.build:Building Python package in '/home/upo/TFG/ros2_ws/src/robotCommunication'
[1.199s] INFO:colcon.colcon_core.shell:Skip shell extension 'powershell' for command environment: Not usable outside of PowerShell
[1.199s] DEBUG:colcon.colcon_core.shell:Skip shell extension 'dsv' for command environment
[1.392s] INFO:colcon.colcon_core.task.python.build:Building Python package in '/home/upo/TFG/ros2_ws/src/robotMovement'
[1.393s] INFO:colcon.colcon_core.shell:Skip shell extension 'powershell' for command environment: Not usable outside of PowerShell
[1.393s] DEBUG:colcon.colcon_core.shell:Skip shell extension 'dsv' for command environment
[1.397s] DEBUG:colcon.colcon_core.task.python.build:Available setuptools commands: build_clib, install, extract_messages, bdist_wheel, build_ext, compile_catalog, rotate, install_scripts, install_egg_info, dist_info, upload, setopt, build_scripts, clean, egg_info, init_catalog, sdist, alias, editable_wheel, develop, bdist_dumb, update_catalog, symlink_data, install_lib, bdist_rpm, saveopts, install_data, bdist_egg, register, upload_docs, test, bdist, easy_install, build, build_py, install_headers, check
[1.725s] DEBUG:colcon.colcon_core.task.python.build:Available setuptools 'develop' options: --no-user-cfg, --no-deps, --version, --find-links, --prefix, --install-dir, --quiet, --always-unzip, --multi-version, --verbose, --zip-ok, --allow-hosts, --upgrade, --uninstall, --record, --user, --index-url, --local-snapshots-ok, --script-dir, --dry-run, --egg-path, --build-directory, --install-layout, --exclude-scripts, --editable, --no-find-links, --force-installation-into-system-dir, --site-dirs, --help, --always-copy, --optimize
[1.726s] DEBUG:colcon.colcon_core.event_handler.log_command:Invoking command in '/home/upo/TFG/ros2_ws/build/userCommunication': DEBUGINFOD_URLS=https://debuginfod.ubuntu.com PYTHONPATH=/home/upo/TFG/ros2_ws/build/userCommunication/prefix_override:/usr/lib/python3/dist-packages/colcon_core/task/python/colcon_distutils_commands:/home/upo/TFG/ros2_ws/install/userCommunication/lib/python3.12/site-packages:${PYTHONPATH} /usr/bin/python3 -W ignore:setup.py install is deprecated -W ignore:easy_install command is deprecated setup.py develop --editable --build-directory /home/upo/TFG/ros2_ws/build/userCommunication/build --no-deps symlink_data
[1.966s] DEBUG:colcon.colcon_core.task.python.build:Available setuptools commands: build_clib, install, extract_messages, bdist_wheel, build_ext, compile_catalog, rotate, install_scripts, install_egg_info, dist_info, upload, setopt, build_scripts, clean, egg_info, init_catalog, sdist, alias, editable_wheel, develop, bdist_dumb, update_catalog, symlink_data, install_lib, bdist_rpm, saveopts, install_data, bdist_egg, register, upload_docs, test, bdist, easy_install, build, build_py, install_headers, check
[1.975s] DEBUG:colcon.colcon_core.task.python.build:Available setuptools commands: build_clib, install, extract_messages, bdist_wheel, build_ext, compile_catalog, rotate, install_scripts, install_egg_info, dist_info, upload, setopt, build_scripts, clean, egg_info, init_catalog, sdist, alias, editable_wheel, develop, bdist_dumb, update_catalog, symlink_data, install_lib, bdist_rpm, saveopts, install_data, bdist_egg, register, upload_docs, test, bdist, easy_install, build, build_py, install_headers, check
[1.987s] DEBUG:colcon.colcon_core.task.python.build:Available setuptools commands: build_clib, install, extract_messages, bdist_wheel, build_ext, compile_catalog, rotate, install_scripts, install_egg_info, dist_info, upload, setopt, build_scripts, clean, egg_info, init_catalog, sdist, alias, editable_wheel, develop, bdist_dumb, update_catalog, symlink_data, install_lib, bdist_rpm, saveopts, install_data, bdist_egg, register, upload_docs, test, bdist, easy_install, build, build_py, install_headers, check
[2.307s] DEBUG:colcon.colcon_core.task.python.build:Available setuptools 'develop' options: --no-user-cfg, --no-deps, --version, --find-links, --prefix, --install-dir, --quiet, --always-unzip, --multi-version, --verbose, --zip-ok, --allow-hosts, --upgrade, --uninstall, --record, --user, --index-url, --local-snapshots-ok, --script-dir, --dry-run, --egg-path, --build-directory, --install-layout, --exclude-scripts, --editable, --no-find-links, --force-installation-into-system-dir, --site-dirs, --help, --always-copy, --optimize
[2.308s] DEBUG:colcon.colcon_core.event_handler.log_command:Invoking command in '/home/upo/TFG/ros2_ws/build/VLMProcessing': AMENT_PREFIX_PATH=/home/upo/TFG/ros2_ws/install/interfaces:${AMENT_PREFIX_PATH} CMAKE_PREFIX_PATH=/home/upo/TFG/ros2_ws/install/interfaces:${CMAKE_PREFIX_PATH} DEBUGINFOD_URLS=https://debuginfod.ubuntu.com LD_LIBRARY_PATH=/home/upo/TFG/ros2_ws/install/interfaces/lib:${LD_LIBRARY_PATH} PYTHONPATH=/home/upo/TFG/ros2_ws/build/VLMProcessing/prefix_override:/usr/lib/python3/dist-packages/colcon_core/task/python/colcon_distutils_commands:/home/upo/TFG/ros2_ws/install/VLMProcessing/lib/python3.12/site-packages:/home/upo/TFG/ros2_ws/install/interfaces/lib/python3.12/site-packages:${PYTHONPATH} /usr/bin/python3 -W ignore:setup.py install is deprecated -W ignore:easy_install command is deprecated setup.py develop --editable --build-directory /home/upo/TFG/ros2_ws/build/VLMProcessing/build --no-deps symlink_data
[2.309s] DEBUG:colcon.colcon_core.task.python.build:Available setuptools 'develop' options: --no-user-cfg, --no-deps, --version, --find-links, --prefix, --install-dir, --quiet, --always-unzip, --multi-version, --verbose, --zip-ok, --allow-hosts, --upgrade, --uninstall, --record, --user, --index-url, --local-snapshots-ok, --script-dir, --dry-run, --egg-path, --build-directory, --install-layout, --exclude-scripts, --editable, --no-find-links, --force-installation-into-system-dir, --site-dirs, --help, --always-copy, --optimize
[2.311s] DEBUG:colcon.colcon_core.event_handler.log_command:Invoking command in '/home/upo/TFG/ros2_ws/build/robotCommunication': AMENT_PREFIX_PATH=/home/upo/TFG/ros2_ws/install/interfaces:${AMENT_PREFIX_PATH} CMAKE_PREFIX_PATH=/home/upo/TFG/ros2_ws/install/interfaces:${CMAKE_PREFIX_PATH} DEBUGINFOD_URLS=https://debuginfod.ubuntu.com LD_LIBRARY_PATH=/home/upo/TFG/ros2_ws/install/interfaces/lib:${LD_LIBRARY_PATH} PYTHONPATH=/home/upo/TFG/ros2_ws/build/robotCommunication/prefix_override:/usr/lib/python3/dist-packages/colcon_core/task/python/colcon_distutils_commands:/home/upo/TFG/ros2_ws/install/robotCommunication/lib/python3.12/site-packages:/home/upo/TFG/ros2_ws/install/interfaces/lib/python3.12/site-packages:${PYTHONPATH} /usr/bin/python3 -W ignore:setup.py install is deprecated -W ignore:easy_install command is deprecated setup.py develop --editable --build-directory /home/upo/TFG/ros2_ws/build/robotCommunication/build --no-deps symlink_data
[2.326s] DEBUG:colcon.colcon_core.task.python.build:Available setuptools 'develop' options: --no-user-cfg, --no-deps, --version, --find-links, --prefix, --install-dir, --quiet, --always-unzip, --multi-version, --verbose, --zip-ok, --allow-hosts, --upgrade, --uninstall, --record, --user, --index-url, --local-snapshots-ok, --script-dir, --dry-run, --egg-path, --build-directory, --install-layout, --exclude-scripts, --editable, --no-find-links, --force-installation-into-system-dir, --site-dirs, --help, --always-copy, --optimize
[2.327s] DEBUG:colcon.colcon_core.event_handler.log_command:Invoking command in '/home/upo/TFG/ros2_ws/build/robotMovement': AMENT_PREFIX_PATH=/home/upo/TFG/ros2_ws/install/interfaces:${AMENT_PREFIX_PATH} CMAKE_PREFIX_PATH=/home/upo/TFG/ros2_ws/install/interfaces:${CMAKE_PREFIX_PATH} DEBUGINFOD_URLS=https://debuginfod.ubuntu.com LD_LIBRARY_PATH=/home/upo/TFG/ros2_ws/install/interfaces/lib:${LD_LIBRARY_PATH} PYTHONPATH=/home/upo/TFG/ros2_ws/build/robotMovement/prefix_override:/usr/lib/python3/dist-packages/colcon_core/task/python/colcon_distutils_commands:/home/upo/TFG/ros2_ws/install/robotMovement/lib/python3.12/site-packages:/home/upo/TFG/ros2_ws/install/interfaces/lib/python3.12/site-packages:${PYTHONPATH} /usr/bin/python3 -W ignore:setup.py install is deprecated -W ignore:easy_install command is deprecated setup.py develop --editable --build-directory /home/upo/TFG/ros2_ws/build/robotMovement/build --no-deps symlink_data
[2.379s] Level 1:colcon.colcon_core.shell:create_environment_hook('userCommunication', 'pythonpath_develop')
[2.380s] INFO:colcon.colcon_core.shell:Creating environment hook '/home/upo/TFG/ros2_ws/build/userCommunication/share/userCommunication/hook/pythonpath_develop.ps1'
[2.380s] DEBUG:colcon.colcon_core.event_handler.log_command:Invoked command in '/home/upo/TFG/ros2_ws/build/userCommunication' returned '0': DEBUGINFOD_URLS=https://debuginfod.ubuntu.com PYTHONPATH=/home/upo/TFG/ros2_ws/build/userCommunication/prefix_override:/usr/lib/python3/dist-packages/colcon_core/task/python/colcon_distutils_commands:/home/upo/TFG/ros2_ws/install/userCommunication/lib/python3.12/site-packages:${PYTHONPATH} /usr/bin/python3 -W ignore:setup.py install is deprecated -W ignore:easy_install command is deprecated setup.py develop --editable --build-directory /home/upo/TFG/ros2_ws/build/userCommunication/build --no-deps symlink_data
[2.380s] INFO:colcon.colcon_core.shell:Creating environment descriptor '/home/upo/TFG/ros2_ws/build/userCommunication/share/userCommunication/hook/pythonpath_develop.dsv'
[2.381s] INFO:colcon.colcon_core.shell:Creating environment hook '/home/upo/TFG/ros2_ws/build/userCommunication/share/userCommunication/hook/pythonpath_develop.sh'
[2.381s] Level 1:colcon.colcon_core.environment:checking '/home/upo/TFG/ros2_ws/install/userCommunication' for CMake module files
[2.382s] Level 1:colcon.colcon_core.environment:checking '/home/upo/TFG/ros2_ws/install/userCommunication' for CMake config files
[2.382s] Level 1:colcon.colcon_core.environment:checking '/home/upo/TFG/ros2_ws/install/userCommunication/lib'
[2.382s] Level 1:colcon.colcon_core.environment:checking '/home/upo/TFG/ros2_ws/install/userCommunication/bin'
[2.382s] Level 1:colcon.colcon_core.environment:checking '/home/upo/TFG/ros2_ws/install/userCommunication/lib/pkgconfig/userCommunication.pc'
[2.382s] Level 1:colcon.colcon_core.environment:checking '/home/upo/TFG/ros2_ws/install/userCommunication/lib/python3.12/site-packages'
[2.383s] Level 1:colcon.colcon_core.shell:create_environment_hook('userCommunication', 'pythonpath')
[2.383s] INFO:colcon.colcon_core.shell:Creating environment hook '/home/upo/TFG/ros2_ws/install/userCommunication/share/userCommunication/hook/pythonpath.ps1'
[2.383s] INFO:colcon.colcon_core.shell:Creating environment descriptor '/home/upo/TFG/ros2_ws/install/userCommunication/share/userCommunication/hook/pythonpath.dsv'
[2.383s] INFO:colcon.colcon_core.shell:Creating environment hook '/home/upo/TFG/ros2_ws/install/userCommunication/share/userCommunication/hook/pythonpath.sh'
[2.384s] Level 1:colcon.colcon_core.environment:checking '/home/upo/TFG/ros2_ws/install/userCommunication/bin'
[2.384s] Level 1:colcon.colcon_core.environment:create_environment_scripts_only(userCommunication)
[2.384s] INFO:colcon.colcon_core.shell:Creating package script '/home/upo/TFG/ros2_ws/install/userCommunication/share/userCommunication/package.ps1'
[2.385s] INFO:colcon.colcon_core.shell:Creating package descriptor '/home/upo/TFG/ros2_ws/install/userCommunication/share/userCommunication/package.dsv'
[2.385s] INFO:colcon.colcon_core.shell:Creating package script '/home/upo/TFG/ros2_ws/install/userCommunication/share/userCommunication/package.sh'
[2.385s] INFO:colcon.colcon_core.shell:Creating package script '/home/upo/TFG/ros2_ws/install/userCommunication/share/userCommunication/package.bash'
[2.386s] INFO:colcon.colcon_core.shell:Creating package script '/home/upo/TFG/ros2_ws/install/userCommunication/share/userCommunication/package.zsh'
[2.386s] Level 1:colcon.colcon_core.environment:create_file_with_runtime_dependencies(/home/upo/TFG/ros2_ws/install/userCommunication/share/colcon-core/packages/userCommunication)
[2.932s] Level 1:colcon.colcon_core.shell:create_environment_hook('robotCommunication', 'pythonpath_develop')
[2.932s] INFO:colcon.colcon_core.shell:Creating environment hook '/home/upo/TFG/ros2_ws/build/robotCommunication/share/robotCommunication/hook/pythonpath_develop.ps1'
[2.933s] DEBUG:colcon.colcon_core.event_handler.log_command:Invoked command in '/home/upo/TFG/ros2_ws/build/robotCommunication' returned '0': AMENT_PREFIX_PATH=/home/upo/TFG/ros2_ws/install/interfaces:${AMENT_PREFIX_PATH} CMAKE_PREFIX_PATH=/home/upo/TFG/ros2_ws/install/interfaces:${CMAKE_PREFIX_PATH} DEBUGINFOD_URLS=https://debuginfod.ubuntu.com LD_LIBRARY_PATH=/home/upo/TFG/ros2_ws/install/interfaces/lib:${LD_LIBRARY_PATH} PYTHONPATH=/home/upo/TFG/ros2_ws/build/robotCommunication/prefix_override:/usr/lib/python3/dist-packages/colcon_core/task/python/colcon_distutils_commands:/home/upo/TFG/ros2_ws/install/robotCommunication/lib/python3.12/site-packages:/home/upo/TFG/ros2_ws/install/interfaces/lib/python3.12/site-packages:${PYTHONPATH} /usr/bin/python3 -W ignore:setup.py install is deprecated -W ignore:easy_install command is deprecated setup.py develop --editable --build-directory /home/upo/TFG/ros2_ws/build/robotCommunication/build --no-deps symlink_data
[2.933s] INFO:colcon.colcon_core.shell:Creating environment descriptor '/home/upo/TFG/ros2_ws/build/robotCommunication/share/robotCommunication/hook/pythonpath_develop.dsv'
[2.934s] INFO:colcon.colcon_core.shell:Creating environment hook '/home/upo/TFG/ros2_ws/build/robotCommunication/share/robotCommunication/hook/pythonpath_develop.sh'
[2.934s] Level 1:colcon.colcon_core.environment:checking '/home/upo/TFG/ros2_ws/install/robotCommunication' for CMake module files
[2.935s] Level 1:colcon.colcon_core.environment:checking '/home/upo/TFG/ros2_ws/install/robotCommunication' for CMake config files
[2.935s] Level 1:colcon.colcon_core.environment:checking '/home/upo/TFG/ros2_ws/install/robotCommunication/lib'
[2.935s] Level 1:colcon.colcon_core.environment:checking '/home/upo/TFG/ros2_ws/install/robotCommunication/bin'
[2.935s] Level 1:colcon.colcon_core.environment:checking '/home/upo/TFG/ros2_ws/install/robotCommunication/lib/pkgconfig/robotCommunication.pc'
[2.936s] Level 1:colcon.colcon_core.environment:checking '/home/upo/TFG/ros2_ws/install/robotCommunication/lib/python3.12/site-packages'
[2.936s] Level 1:colcon.colcon_core.shell:create_environment_hook('robotCommunication', 'pythonpath')
[2.936s] INFO:colcon.colcon_core.shell:Creating environment hook '/home/upo/TFG/ros2_ws/install/robotCommunication/share/robotCommunication/hook/pythonpath.ps1'
[2.936s] INFO:colcon.colcon_core.shell:Creating environment descriptor '/home/upo/TFG/ros2_ws/install/robotCommunication/share/robotCommunication/hook/pythonpath.dsv'
[2.936s] INFO:colcon.colcon_core.shell:Creating environment hook '/home/upo/TFG/ros2_ws/install/robotCommunication/share/robotCommunication/hook/pythonpath.sh'
[2.937s] Level 1:colcon.colcon_core.environment:checking '/home/upo/TFG/ros2_ws/install/robotCommunication/bin'
[2.937s] Level 1:colcon.colcon_core.environment:create_environment_scripts_only(robotCommunication)
[2.937s] INFO:colcon.colcon_core.shell:Creating package script '/home/upo/TFG/ros2_ws/install/robotCommunication/share/robotCommunication/package.ps1'
[2.938s] INFO:colcon.colcon_core.shell:Creating package descriptor '/home/upo/TFG/ros2_ws/install/robotCommunication/share/robotCommunication/package.dsv'
[2.938s] INFO:colcon.colcon_core.shell:Creating package script '/home/upo/TFG/ros2_ws/install/robotCommunication/share/robotCommunication/package.sh'
[2.939s] INFO:colcon.colcon_core.shell:Creating package script '/home/upo/TFG/ros2_ws/install/robotCommunication/share/robotCommunication/package.bash'
[2.939s] INFO:colcon.colcon_core.shell:Creating package script '/home/upo/TFG/ros2_ws/install/robotCommunication/share/robotCommunication/package.zsh'
[2.940s] Level 1:colcon.colcon_core.environment:create_file_with_runtime_dependencies(/home/upo/TFG/ros2_ws/install/robotCommunication/share/colcon-core/packages/robotCommunication)
[2.984s] Level 1:colcon.colcon_core.shell:create_environment_hook('robotMovement', 'pythonpath_develop')
[2.985s] INFO:colcon.colcon_core.shell:Creating environment hook '/home/upo/TFG/ros2_ws/build/robotMovement/share/robotMovement/hook/pythonpath_develop.ps1'
[2.985s] DEBUG:colcon.colcon_core.event_handler.log_command:Invoked command in '/home/upo/TFG/ros2_ws/build/robotMovement' returned '0': AMENT_PREFIX_PATH=/home/upo/TFG/ros2_ws/install/interfaces:${AMENT_PREFIX_PATH} CMAKE_PREFIX_PATH=/home/upo/TFG/ros2_ws/install/interfaces:${CMAKE_PREFIX_PATH} DEBUGINFOD_URLS=https://debuginfod.ubuntu.com LD_LIBRARY_PATH=/home/upo/TFG/ros2_ws/install/interfaces/lib:${LD_LIBRARY_PATH} PYTHONPATH=/home/upo/TFG/ros2_ws/build/robotMovement/prefix_override:/usr/lib/python3/dist-packages/colcon_core/task/python/colcon_distutils_commands:/home/upo/TFG/ros2_ws/install/robotMovement/lib/python3.12/site-packages:/home/upo/TFG/ros2_ws/install/interfaces/lib/python3.12/site-packages:${PYTHONPATH} /usr/bin/python3 -W ignore:setup.py install is deprecated -W ignore:easy_install command is deprecated setup.py develop --editable --build-directory /home/upo/TFG/ros2_ws/build/robotMovement/build --no-deps symlink_data
[2.985s] INFO:colcon.colcon_core.shell:Creating environment descriptor '/home/upo/TFG/ros2_ws/build/robotMovement/share/robotMovement/hook/pythonpath_develop.dsv'
[2.986s] INFO:colcon.colcon_core.shell:Creating environment hook '/home/upo/TFG/ros2_ws/build/robotMovement/share/robotMovement/hook/pythonpath_develop.sh'
[2.986s] Level 1:colcon.colcon_core.environment:checking '/home/upo/TFG/ros2_ws/install/robotMovement' for CMake module files
[2.987s] Level 1:colcon.colcon_core.environment:checking '/home/upo/TFG/ros2_ws/install/robotMovement' for CMake config files
[2.987s] Level 1:colcon.colcon_core.environment:checking '/home/upo/TFG/ros2_ws/install/robotMovement/lib'
[2.987s] Level 1:colcon.colcon_core.environment:checking '/home/upo/TFG/ros2_ws/install/robotMovement/bin'
[2.987s] Level 1:colcon.colcon_core.environment:checking '/home/upo/TFG/ros2_ws/install/robotMovement/lib/pkgconfig/robotMovement.pc'
[2.987s] Level 1:colcon.colcon_core.environment:checking '/home/upo/TFG/ros2_ws/install/robotMovement/lib/python3.12/site-packages'
[2.987s] Level 1:colcon.colcon_core.shell:create_environment_hook('robotMovement', 'pythonpath')
[2.988s] INFO:colcon.colcon_core.shell:Creating environment hook '/home/upo/TFG/ros2_ws/install/robotMovement/share/robotMovement/hook/pythonpath.ps1'
[2.988s] INFO:colcon.colcon_core.shell:Creating environment descriptor '/home/upo/TFG/ros2_ws/install/robotMovement/share/robotMovement/hook/pythonpath.dsv'
[2.988s] INFO:colcon.colcon_core.shell:Creating environment hook '/home/upo/TFG/ros2_ws/install/robotMovement/share/robotMovement/hook/pythonpath.sh'
[2.989s] Level 1:colcon.colcon_core.environment:checking '/home/upo/TFG/ros2_ws/install/robotMovement/bin'
[2.989s] Level 1:colcon.colcon_core.environment:create_environment_scripts_only(robotMovement)
[2.989s] INFO:colcon.colcon_core.shell:Creating package script '/home/upo/TFG/ros2_ws/install/robotMovement/share/robotMovement/package.ps1'
[2.990s] INFO:colcon.colcon_core.shell:Creating package descriptor '/home/upo/TFG/ros2_ws/install/robotMovement/share/robotMovement/package.dsv'
[2.990s] INFO:colcon.colcon_core.shell:Creating package script '/home/upo/TFG/ros2_ws/install/robotMovement/share/robotMovement/package.sh'
[2.991s] INFO:colcon.colcon_core.shell:Creating package script '/home/upo/TFG/ros2_ws/install/robotMovement/share/robotMovement/package.bash'
[2.991s] INFO:colcon.colcon_core.shell:Creating package script '/home/upo/TFG/ros2_ws/install/robotMovement/share/robotMovement/package.zsh'
[2.991s] Level 1:colcon.colcon_core.environment:create_file_with_runtime_dependencies(/home/upo/TFG/ros2_ws/install/robotMovement/share/colcon-core/packages/robotMovement)
[3.002s] Level 1:colcon.colcon_core.shell:create_environment_hook('VLMProcessing', 'pythonpath_develop')
[3.003s] INFO:colcon.colcon_core.shell:Creating environment hook '/home/upo/TFG/ros2_ws/build/VLMProcessing/share/VLMProcessing/hook/pythonpath_develop.ps1'
[3.003s] DEBUG:colcon.colcon_core.event_handler.log_command:Invoked command in '/home/upo/TFG/ros2_ws/build/VLMProcessing' returned '0': AMENT_PREFIX_PATH=/home/upo/TFG/ros2_ws/install/interfaces:${AMENT_PREFIX_PATH} CMAKE_PREFIX_PATH=/home/upo/TFG/ros2_ws/install/interfaces:${CMAKE_PREFIX_PATH} DEBUGINFOD_URLS=https://debuginfod.ubuntu.com LD_LIBRARY_PATH=/home/upo/TFG/ros2_ws/install/interfaces/lib:${LD_LIBRARY_PATH} PYTHONPATH=/home/upo/TFG/ros2_ws/build/VLMProcessing/prefix_override:/usr/lib/python3/dist-packages/colcon_core/task/python/colcon_distutils_commands:/home/upo/TFG/ros2_ws/install/VLMProcessing/lib/python3.12/site-packages:/home/upo/TFG/ros2_ws/install/interfaces/lib/python3.12/site-packages:${PYTHONPATH} /usr/bin/python3 -W ignore:setup.py install is deprecated -W ignore:easy_install command is deprecated setup.py develop --editable --build-directory /home/upo/TFG/ros2_ws/build/VLMProcessing/build --no-deps symlink_data
[3.004s] INFO:colcon.colcon_core.shell:Creating environment descriptor '/home/upo/TFG/ros2_ws/build/VLMProcessing/share/VLMProcessing/hook/pythonpath_develop.dsv'
[3.004s] INFO:colcon.colcon_core.shell:Creating environment hook '/home/upo/TFG/ros2_ws/build/VLMProcessing/share/VLMProcessing/hook/pythonpath_develop.sh'
[3.005s] Level 1:colcon.colcon_core.environment:checking '/home/upo/TFG/ros2_ws/install/VLMProcessing' for CMake module files
[3.005s] Level 1:colcon.colcon_core.environment:checking '/home/upo/TFG/ros2_ws/install/VLMProcessing' for CMake config files
[3.005s] Level 1:colcon.colcon_core.environment:checking '/home/upo/TFG/ros2_ws/install/VLMProcessing/lib'
[3.005s] Level 1:colcon.colcon_core.environment:checking '/home/upo/TFG/ros2_ws/install/VLMProcessing/bin'
[3.006s] Level 1:colcon.colcon_core.environment:checking '/home/upo/TFG/ros2_ws/install/VLMProcessing/lib/pkgconfig/VLMProcessing.pc'
[3.006s] Level 1:colcon.colcon_core.environment:checking '/home/upo/TFG/ros2_ws/install/VLMProcessing/lib/python3.12/site-packages'
[3.006s] Level 1:colcon.colcon_core.shell:create_environment_hook('VLMProcessing', 'pythonpath')
[3.006s] INFO:colcon.colcon_core.shell:Creating environment hook '/home/upo/TFG/ros2_ws/install/VLMProcessing/share/VLMProcessing/hook/pythonpath.ps1'
[3.006s] INFO:colcon.colcon_core.shell:Creating environment descriptor '/home/upo/TFG/ros2_ws/install/VLMProcessing/share/VLMProcessing/hook/pythonpath.dsv'
[3.006s] INFO:colcon.colcon_core.shell:Creating environment hook '/home/upo/TFG/ros2_ws/install/VLMProcessing/share/VLMProcessing/hook/pythonpath.sh'
[3.007s] Level 1:colcon.colcon_core.environment:checking '/home/upo/TFG/ros2_ws/install/VLMProcessing/bin'
[3.007s] Level 1:colcon.colcon_core.environment:create_environment_scripts_only(VLMProcessing)
[3.007s] INFO:colcon.colcon_core.shell:Creating package script '/home/upo/TFG/ros2_ws/install/VLMProcessing/share/VLMProcessing/package.ps1'
[3.008s] INFO:colcon.colcon_core.shell:Creating package descriptor '/home/upo/TFG/ros2_ws/install/VLMProcessing/share/VLMProcessing/package.dsv'
[3.008s] INFO:colcon.colcon_core.shell:Creating package script '/home/upo/TFG/ros2_ws/install/VLMProcessing/share/VLMProcessing/package.sh'
[3.008s] INFO:colcon.colcon_core.shell:Creating package script '/home/upo/TFG/ros2_ws/install/VLMProcessing/share/VLMProcessing/package.bash'
[3.009s] INFO:colcon.colcon_core.shell:Creating package script '/home/upo/TFG/ros2_ws/install/VLMProcessing/share/VLMProcessing/package.zsh'
[3.009s] Level 1:colcon.colcon_core.environment:create_file_with_runtime_dependencies(/home/upo/TFG/ros2_ws/install/VLMProcessing/share/colcon-core/packages/VLMProcessing)
[3.009s] DEBUG:colcon.colcon_parallel_executor.executor.parallel:closing loop
[3.010s] DEBUG:colcon.colcon_parallel_executor.executor.parallel:loop closed
[3.010s] DEBUG:colcon.colcon_parallel_executor.executor.parallel:run_until_complete finished with '0'
[3.010s] DEBUG:colcon.colcon_core.event_reactor:joining thread
[3.034s] INFO:colcon.colcon_core.plugin_system:Skipping extension 'colcon_notification.desktop_notification.terminal_notifier': Not used on non-Darwin systems
[3.034s] INFO:colcon.colcon_core.plugin_system:Skipping extension 'colcon_notification.desktop_notification.win32': Not used on non-Windows systems
[3.034s] INFO:colcon.colcon_notification.desktop_notification:Sending desktop notification using 'notify2'
[3.043s] DEBUG:colcon.colcon_core.event_reactor:joined thread
[3.044s] INFO:colcon.colcon_core.shell:Creating prefix script '/home/upo/TFG/ros2_ws/install/local_setup.ps1'
[3.044s] INFO:colcon.colcon_core.shell:Creating prefix util module '/home/upo/TFG/ros2_ws/install/_local_setup_util_ps1.py'
[3.045s] INFO:colcon.colcon_core.shell:Creating prefix chain script '/home/upo/TFG/ros2_ws/install/setup.ps1'
[3.047s] INFO:colcon.colcon_core.shell:Creating prefix script '/home/upo/TFG/ros2_ws/install/local_setup.sh'
[3.047s] INFO:colcon.colcon_core.shell:Creating prefix util module '/home/upo/TFG/ros2_ws/install/_local_setup_util_sh.py'
[3.048s] INFO:colcon.colcon_core.shell:Creating prefix chain script '/home/upo/TFG/ros2_ws/install/setup.sh'
[3.049s] INFO:colcon.colcon_core.shell:Creating prefix script '/home/upo/TFG/ros2_ws/install/local_setup.bash'
[3.050s] INFO:colcon.colcon_core.shell:Creating prefix chain script '/home/upo/TFG/ros2_ws/install/setup.bash'
[3.051s] INFO:colcon.colcon_core.shell:Creating prefix script '/home/upo/TFG/ros2_ws/install/local_setup.zsh'
[3.052s] INFO:colcon.colcon_core.shell:Creating prefix chain script '/home/upo/TFG/ros2_ws/install/setup.zsh'
