running egg_info
creating ../../build/robotCommunication/robotCommunication.egg-info
writing ../../build/robotCommunication/robotCommunication.egg-info/PKG-INFO
writing dependency_links to ../../build/robotCommunication/robotCommunication.egg-info/dependency_links.txt
writing entry points to ../../build/robotCommunication/robotCommunication.egg-info/entry_points.txt
writing requirements to ../../build/robotCommunication/robotCommunication.egg-info/requires.txt
writing top-level names to ../../build/robotCommunication/robotCommunication.egg-info/top_level.txt
writing manifest file '../../build/robotCommunication/robotCommunication.egg-info/SOURCES.txt'
reading manifest file '../../build/robotCommunication/robotCommunication.egg-info/SOURCES.txt'
adding license file 'LICENSE'
writing manifest file '../../build/robotCommunication/robotCommunication.egg-info/SOURCES.txt'
running build
running build_py
creating /home/upo/TFG/ros2_ws/build/robotCommunication/build
creating /home/upo/TFG/ros2_ws/build/robotCommunication/build/lib
creating /home/upo/TFG/ros2_ws/build/robotCommunication/build/lib/robotCommunication
copying robotCommunication/constants.py -> /home/upo/TFG/ros2_ws/build/robotCommunication/build/lib/robotCommunication
copying robotCommunication/robotCommunication.py -> /home/upo/TFG/ros2_ws/build/robotCommunication/build/lib/robotCommunication
copying robotCommunication/__init__.py -> /home/upo/TFG/ros2_ws/build/robotCommunication/build/lib/robotCommunication
running install
running install_lib
creating /home/upo/TFG/ros2_ws/install/robotCommunication/lib/python3.12/site-packages/robotCommunication
copying /home/upo/TFG/ros2_ws/build/robotCommunication/build/lib/robotCommunication/constants.py -> /home/upo/TFG/ros2_ws/install/robotCommunication/lib/python3.12/site-packages/robotCommunication
copying /home/upo/TFG/ros2_ws/build/robotCommunication/build/lib/robotCommunication/robotCommunication.py -> /home/upo/TFG/ros2_ws/install/robotCommunication/lib/python3.12/site-packages/robotCommunication
copying /home/upo/TFG/ros2_ws/build/robotCommunication/build/lib/robotCommunication/__init__.py -> /home/upo/TFG/ros2_ws/install/robotCommunication/lib/python3.12/site-packages/robotCommunication
byte-compiling /home/upo/TFG/ros2_ws/install/robotCommunication/lib/python3.12/site-packages/robotCommunication/constants.py to constants.cpython-312.pyc
byte-compiling /home/upo/TFG/ros2_ws/install/robotCommunication/lib/python3.12/site-packages/robotCommunication/robotCommunication.py to robotCommunication.cpython-312.pyc
byte-compiling /home/upo/TFG/ros2_ws/install/robotCommunication/lib/python3.12/site-packages/robotCommunication/__init__.py to __init__.cpython-312.pyc
running install_data
creating /home/upo/TFG/ros2_ws/install/robotCommunication/share/ament_index
creating /home/upo/TFG/ros2_ws/install/robotCommunication/share/ament_index/resource_index
creating /home/upo/TFG/ros2_ws/install/robotCommunication/share/ament_index/resource_index/packages
copying resource/robotCommunication -> /home/upo/TFG/ros2_ws/install/robotCommunication/share/ament_index/resource_index/packages
copying package.xml -> /home/upo/TFG/ros2_ws/install/robotCommunication/share/robotCommunication
