[1.082s] Invoking command in '/home/upo/TFG/ros2_ws/src/robotCommunication': AMENT_PREFIX_PATH=/home/upo/TFG/ros2_ws/install/interfaces:${AMENT_PREFIX_PATH} CMAKE_PREFIX_PATH=/home/upo/TFG/ros2_ws/install/interfaces:${CMAKE_PREFIX_PATH} DEBUGINFOD_URLS=https://debuginfod.ubuntu.com LD_LIBRARY_PATH=/home/upo/TFG/ros2_ws/install/interfaces/lib:${LD_LIBRARY_PATH} PYTHONPATH=/home/upo/TFG/ros2_ws/build/robotCommunication/prefix_override:/usr/lib/python3/dist-packages/colcon_core/task/python/colcon_distutils_commands:/home/upo/TFG/ros2_ws/install/robotCommunication/lib/python3.12/site-packages:/home/upo/TFG/ros2_ws/install/interfaces/lib/python3.12/site-packages:${PYTHONPATH} /usr/bin/python3 -W ignore:setup.py install is deprecated -W ignore:easy_install command is deprecated setup.py egg_info --egg-base ../../build/robotCommunication build --build-base /home/upo/TFG/ros2_ws/build/robotCommunication/build install --record /home/upo/TFG/ros2_ws/build/robotCommunication/install.log --install-scripts $base/lib/robotCommunication --single-version-externally-managed install_data
[1.328s] running egg_info
[1.328s] creating ../../build/robotCommunication/robotCommunication.egg-info
[1.346s] writing ../../build/robotCommunication/robotCommunication.egg-info/PKG-INFO
[1.346s] writing dependency_links to ../../build/robotCommunication/robotCommunication.egg-info/dependency_links.txt
[1.346s] writing entry points to ../../build/robotCommunication/robotCommunication.egg-info/entry_points.txt
[1.346s] writing requirements to ../../build/robotCommunication/robotCommunication.egg-info/requires.txt
[1.347s] writing top-level names to ../../build/robotCommunication/robotCommunication.egg-info/top_level.txt
[1.347s] writing manifest file '../../build/robotCommunication/robotCommunication.egg-info/SOURCES.txt'
[1.383s] reading manifest file '../../build/robotCommunication/robotCommunication.egg-info/SOURCES.txt'
[1.383s] adding license file 'LICENSE'
[1.383s] writing manifest file '../../build/robotCommunication/robotCommunication.egg-info/SOURCES.txt'
[1.383s] running build
[1.384s] running build_py
[1.384s] creating /home/upo/TFG/ros2_ws/build/robotCommunication/build
[1.384s] creating /home/upo/TFG/ros2_ws/build/robotCommunication/build/lib
[1.384s] creating /home/upo/TFG/ros2_ws/build/robotCommunication/build/lib/robotCommunication
[1.384s] copying robotCommunication/constants.py -> /home/upo/TFG/ros2_ws/build/robotCommunication/build/lib/robotCommunication
[1.384s] copying robotCommunication/robotCommunication.py -> /home/upo/TFG/ros2_ws/build/robotCommunication/build/lib/robotCommunication
[1.384s] copying robotCommunication/__init__.py -> /home/upo/TFG/ros2_ws/build/robotCommunication/build/lib/robotCommunication
[1.384s] running install
[1.389s] running install_lib
[1.408s] creating /home/upo/TFG/ros2_ws/install/robotCommunication/lib/python3.12/site-packages/robotCommunication
[1.408s] copying /home/upo/TFG/ros2_ws/build/robotCommunication/build/lib/robotCommunication/constants.py -> /home/upo/TFG/ros2_ws/install/robotCommunication/lib/python3.12/site-packages/robotCommunication
[1.408s] copying /home/upo/TFG/ros2_ws/build/robotCommunication/build/lib/robotCommunication/robotCommunication.py -> /home/upo/TFG/ros2_ws/install/robotCommunication/lib/python3.12/site-packages/robotCommunication
[1.408s] copying /home/upo/TFG/ros2_ws/build/robotCommunication/build/lib/robotCommunication/__init__.py -> /home/upo/TFG/ros2_ws/install/robotCommunication/lib/python3.12/site-packages/robotCommunication
[1.409s] byte-compiling /home/upo/TFG/ros2_ws/install/robotCommunication/lib/python3.12/site-packages/robotCommunication/constants.py to constants.cpython-312.pyc
[1.409s] byte-compiling /home/upo/TFG/ros2_ws/install/robotCommunication/lib/python3.12/site-packages/robotCommunication/robotCommunication.py to robotCommunication.cpython-312.pyc
[1.411s] byte-compiling /home/upo/TFG/ros2_ws/install/robotCommunication/lib/python3.12/site-packages/robotCommunication/__init__.py to __init__.cpython-312.pyc
[1.412s] running install_data
[1.412s] creating /home/upo/TFG/ros2_ws/install/robotCommunication/share/ament_index
[1.412s] creating /home/upo/TFG/ros2_ws/install/robotCommunication/share/ament_index/resource_index
[1.412s] creating /home/upo/TFG/ros2_ws/install/robotCommunication/share/ament_index/resource_index/packages
[1.412s] copying resource/robotCommunication -> /home/upo/TFG/ros2_ws/install/robotCommunication/share/ament_index/resource_index/packages
[1.412s] copying package.xml -> /home/upo/TFG/ros2_ws/install/robotCommunication/share/robotCommunication
[1.412s] error: can't copy '../config.yaml': doesn't exist or not a regular file
[1.431s] Invoked command in '/home/upo/TFG/ros2_ws/src/robotCommunication' returned '1': AMENT_PREFIX_PATH=/home/upo/TFG/ros2_ws/install/interfaces:${AMENT_PREFIX_PATH} CMAKE_PREFIX_PATH=/home/upo/TFG/ros2_ws/install/interfaces:${CMAKE_PREFIX_PATH} DEBUGINFOD_URLS=https://debuginfod.ubuntu.com LD_LIBRARY_PATH=/home/upo/TFG/ros2_ws/install/interfaces/lib:${LD_LIBRARY_PATH} PYTHONPATH=/home/upo/TFG/ros2_ws/build/robotCommunication/prefix_override:/usr/lib/python3/dist-packages/colcon_core/task/python/colcon_distutils_commands:/home/upo/TFG/ros2_ws/install/robotCommunication/lib/python3.12/site-packages:/home/upo/TFG/ros2_ws/install/interfaces/lib/python3.12/site-packages:${PYTHONPATH} /usr/bin/python3 -W ignore:setup.py install is deprecated -W ignore:easy_install command is deprecated setup.py egg_info --egg-base ../../build/robotCommunication build --build-base /home/upo/TFG/ros2_ws/build/robotCommunication/build install --record /home/upo/TFG/ros2_ws/build/robotCommunication/install.log --install-scripts $base/lib/robotCommunication --single-version-externally-managed install_data
