[0.123s] DEBUG:colcon:Command line arguments: ['/usr/bin/colcon', 'build', '--symlink-install']
[0.124s] DEBUG:colcon:Parsed command line arguments: Namespace(log_base=None, log_level=None, verb_name='build', build_base='build', install_base='install', merge_install=False, symlink_install=True, test_result_base=None, continue_on_error=False, executor='parallel', parallel_workers=16, event_handlers=None, ignore_user_meta=False, metas=['./colcon.meta'], base_paths=['.'], packages_ignore=None, packages_ignore_regex=None, paths=None, packages_up_to=None, packages_up_to_regex=None, packages_above=None, packages_above_and_dependencies=None, packages_above_depth=None, packages_select_by_dep=None, packages_skip_by_dep=None, packages_skip_up_to=None, packages_select_build_failed=False, packages_skip_build_finished=False, packages_select_test_failures=False, packages_skip_test_passed=False, packages_select=None, packages_skip=None, packages_select_regex=None, packages_skip_regex=None, packages_start=None, packages_end=None, allow_overriding=[], cmake_args=None, cmake_target=None, cmake_target_skip_unavailable=False, cmake_clean_cache=False, cmake_clean_first=False, cmake_force_configure=False, ament_cmake_args=None, catkin_cmake_args=None, catkin_skip_building_tests=False, mixin_files=None, mixin=None, verb_parser=<colcon_mixin.mixin.mixin_argument.MixinArgumentDecorator object at 0x76185bbb7ef0>, verb_extension=<colcon_core.verb.build.BuildVerb object at 0x76185bbb7c20>, main=<bound method BuildVerb.main of <colcon_core.verb.build.BuildVerb object at 0x76185bbb7c20>>, mixin_verb=('build',))
[0.169s] Level 1:colcon.colcon_core.package_discovery:discover_packages(colcon_meta) check parameters
[0.169s] Level 1:colcon.colcon_core.package_discovery:discover_packages(recursive) check parameters
[0.169s] Level 1:colcon.colcon_core.package_discovery:discover_packages(ignore) check parameters
[0.169s] Level 1:colcon.colcon_core.package_discovery:discover_packages(path) check parameters
[0.169s] Level 1:colcon.colcon_core.package_discovery:discover_packages(colcon_meta) discover
[0.169s] Level 1:colcon.colcon_core.package_discovery:discover_packages(recursive) discover
[0.169s] INFO:colcon.colcon_core.package_discovery:Crawling recursively for packages in '/home/upo/Documents/TFG/TFG/ros2_ws/src'
[0.169s] Level 1:colcon.colcon_core.package_identification:_identify(.) by extensions ['ignore', 'ignore_ament_install']
[0.169s] Level 1:colcon.colcon_core.package_identification:_identify(.) by extension 'ignore'
[0.169s] Level 1:colcon.colcon_core.package_identification:_identify(.) by extension 'ignore_ament_install'
[0.169s] Level 1:colcon.colcon_core.package_identification:_identify(.) by extensions ['colcon_pkg']
[0.169s] Level 1:colcon.colcon_core.package_identification:_identify(.) by extension 'colcon_pkg'
[0.169s] Level 1:colcon.colcon_core.package_identification:_identify(.) by extensions ['colcon_meta']
[0.170s] Level 1:colcon.colcon_core.package_identification:_identify(.) by extension 'colcon_meta'
[0.170s] Level 1:colcon.colcon_core.package_identification:_identify(.) by extensions ['ros']
[0.170s] Level 1:colcon.colcon_core.package_identification:_identify(.) by extension 'ros'
[0.198s] Level 1:colcon.colcon_core.package_identification:_identify(.) by extensions ['cmake', 'python']
[0.198s] Level 1:colcon.colcon_core.package_identification:_identify(.) by extension 'cmake'
[0.198s] Level 1:colcon.colcon_core.package_identification:_identify(.) by extension 'python'
[0.198s] Level 1:colcon.colcon_core.package_identification:_identify(.) by extensions ['python_setup_py']
[0.198s] Level 1:colcon.colcon_core.package_identification:_identify(.) by extension 'python_setup_py'
[0.198s] Level 1:colcon.colcon_core.package_identification:_identify(VLMProcessing) by extensions ['ignore', 'ignore_ament_install']
[0.198s] Level 1:colcon.colcon_core.package_identification:_identify(VLMProcessing) by extension 'ignore'
[0.198s] Level 1:colcon.colcon_core.package_identification:_identify(VLMProcessing) by extension 'ignore_ament_install'
[0.198s] Level 1:colcon.colcon_core.package_identification:_identify(VLMProcessing) by extensions ['colcon_pkg']
[0.198s] Level 1:colcon.colcon_core.package_identification:_identify(VLMProcessing) by extension 'colcon_pkg'
[0.199s] Level 1:colcon.colcon_core.package_identification:_identify(VLMProcessing) by extensions ['colcon_meta']
[0.199s] Level 1:colcon.colcon_core.package_identification:_identify(VLMProcessing) by extension 'colcon_meta'
[0.199s] Level 1:colcon.colcon_core.package_identification:_identify(VLMProcessing) by extensions ['ros']
[0.199s] Level 1:colcon.colcon_core.package_identification:_identify(VLMProcessing) by extension 'ros'
[0.201s] DEBUG:colcon.colcon_core.package_identification:Package 'VLMProcessing' with type 'ros.ament_python' and name 'VLMProcessing'
[0.202s] Level 1:colcon.colcon_core.package_identification:_identify(build) by extensions ['ignore', 'ignore_ament_install']
[0.202s] Level 1:colcon.colcon_core.package_identification:_identify(build) by extension 'ignore'
[0.202s] Level 1:colcon.colcon_core.package_identification:_identify(build) ignored
[0.202s] Level 1:colcon.colcon_core.package_identification:_identify(install) by extensions ['ignore', 'ignore_ament_install']
[0.202s] Level 1:colcon.colcon_core.package_identification:_identify(install) by extension 'ignore'
[0.202s] Level 1:colcon.colcon_core.package_identification:_identify(install) ignored
[0.202s] Level 1:colcon.colcon_core.package_identification:_identify(interfaces) by extensions ['ignore', 'ignore_ament_install']
[0.202s] Level 1:colcon.colcon_core.package_identification:_identify(interfaces) by extension 'ignore'
[0.202s] Level 1:colcon.colcon_core.package_identification:_identify(interfaces) by extension 'ignore_ament_install'
[0.202s] Level 1:colcon.colcon_core.package_identification:_identify(interfaces) by extensions ['colcon_pkg']
[0.202s] Level 1:colcon.colcon_core.package_identification:_identify(interfaces) by extension 'colcon_pkg'
[0.202s] Level 1:colcon.colcon_core.package_identification:_identify(interfaces) by extensions ['colcon_meta']
[0.202s] Level 1:colcon.colcon_core.package_identification:_identify(interfaces) by extension 'colcon_meta'
[0.202s] Level 1:colcon.colcon_core.package_identification:_identify(interfaces) by extensions ['ros']
[0.202s] Level 1:colcon.colcon_core.package_identification:_identify(interfaces) by extension 'ros'
[0.203s] DEBUG:colcon.colcon_core.package_identification:Package 'interfaces' with type 'ros.ament_cmake' and name 'interfaces'
[0.203s] Level 1:colcon.colcon_core.package_identification:_identify(log) by extensions ['ignore', 'ignore_ament_install']
[0.203s] Level 1:colcon.colcon_core.package_identification:_identify(log) by extension 'ignore'
[0.203s] Level 1:colcon.colcon_core.package_identification:_identify(log) ignored
[0.203s] Level 1:colcon.colcon_core.package_identification:_identify(robotCommunication) by extensions ['ignore', 'ignore_ament_install']
[0.203s] Level 1:colcon.colcon_core.package_identification:_identify(robotCommunication) by extension 'ignore'
[0.204s] Level 1:colcon.colcon_core.package_identification:_identify(robotCommunication) by extension 'ignore_ament_install'
[0.204s] Level 1:colcon.colcon_core.package_identification:_identify(robotCommunication) by extensions ['colcon_pkg']
[0.204s] Level 1:colcon.colcon_core.package_identification:_identify(robotCommunication) by extension 'colcon_pkg'
[0.204s] Level 1:colcon.colcon_core.package_identification:_identify(robotCommunication) by extensions ['colcon_meta']
[0.204s] Level 1:colcon.colcon_core.package_identification:_identify(robotCommunication) by extension 'colcon_meta'
[0.204s] Level 1:colcon.colcon_core.package_identification:_identify(robotCommunication) by extensions ['ros']
[0.204s] Level 1:colcon.colcon_core.package_identification:_identify(robotCommunication) by extension 'ros'
[0.205s] DEBUG:colcon.colcon_core.package_identification:Package 'robotCommunication' with type 'ros.ament_python' and name 'robotCommunication'
[0.205s] Level 1:colcon.colcon_core.package_identification:_identify(robotMovement) by extensions ['ignore', 'ignore_ament_install']
[0.205s] Level 1:colcon.colcon_core.package_identification:_identify(robotMovement) by extension 'ignore'
[0.205s] Level 1:colcon.colcon_core.package_identification:_identify(robotMovement) by extension 'ignore_ament_install'
[0.205s] Level 1:colcon.colcon_core.package_identification:_identify(robotMovement) by extensions ['colcon_pkg']
[0.205s] Level 1:colcon.colcon_core.package_identification:_identify(robotMovement) by extension 'colcon_pkg'
[0.205s] Level 1:colcon.colcon_core.package_identification:_identify(robotMovement) by extensions ['colcon_meta']
[0.205s] Level 1:colcon.colcon_core.package_identification:_identify(robotMovement) by extension 'colcon_meta'
[0.205s] Level 1:colcon.colcon_core.package_identification:_identify(robotMovement) by extensions ['ros']
[0.205s] Level 1:colcon.colcon_core.package_identification:_identify(robotMovement) by extension 'ros'
[0.206s] DEBUG:colcon.colcon_core.package_identification:Package 'robotMovement' with type 'ros.ament_python' and name 'robotMovement'
[0.206s] Level 1:colcon.colcon_core.package_identification:_identify(robotWebSocket) by extensions ['ignore', 'ignore_ament_install']
[0.206s] Level 1:colcon.colcon_core.package_identification:_identify(robotWebSocket) by extension 'ignore'
[0.206s] Level 1:colcon.colcon_core.package_identification:_identify(robotWebSocket) by extension 'ignore_ament_install'
[0.206s] Level 1:colcon.colcon_core.package_identification:_identify(robotWebSocket) by extensions ['colcon_pkg']
[0.206s] Level 1:colcon.colcon_core.package_identification:_identify(robotWebSocket) by extension 'colcon_pkg'
[0.206s] Level 1:colcon.colcon_core.package_identification:_identify(robotWebSocket) by extensions ['colcon_meta']
[0.206s] Level 1:colcon.colcon_core.package_identification:_identify(robotWebSocket) by extension 'colcon_meta'
[0.206s] Level 1:colcon.colcon_core.package_identification:_identify(robotWebSocket) by extensions ['ros']
[0.206s] Level 1:colcon.colcon_core.package_identification:_identify(robotWebSocket) by extension 'ros'
[0.207s] DEBUG:colcon.colcon_core.package_identification:Package 'robotWebSocket' with type 'ros.ament_python' and name 'robotWebSocket'
[0.207s] Level 1:colcon.colcon_core.package_identification:_identify(userCommunication) by extensions ['ignore', 'ignore_ament_install']
[0.207s] Level 1:colcon.colcon_core.package_identification:_identify(userCommunication) by extension 'ignore'
[0.207s] Level 1:colcon.colcon_core.package_identification:_identify(userCommunication) by extension 'ignore_ament_install'
[0.207s] Level 1:colcon.colcon_core.package_identification:_identify(userCommunication) by extensions ['colcon_pkg']
[0.207s] Level 1:colcon.colcon_core.package_identification:_identify(userCommunication) by extension 'colcon_pkg'
[0.207s] Level 1:colcon.colcon_core.package_identification:_identify(userCommunication) by extensions ['colcon_meta']
[0.207s] Level 1:colcon.colcon_core.package_identification:_identify(userCommunication) by extension 'colcon_meta'
[0.207s] Level 1:colcon.colcon_core.package_identification:_identify(userCommunication) by extensions ['ros']
[0.207s] Level 1:colcon.colcon_core.package_identification:_identify(userCommunication) by extension 'ros'
[0.208s] DEBUG:colcon.colcon_core.package_identification:Package 'userCommunication' with type 'ros.ament_python' and name 'userCommunication'
[0.208s] Level 1:colcon.colcon_core.package_discovery:discover_packages(recursive) using defaults
[0.208s] Level 1:colcon.colcon_core.package_discovery:discover_packages(ignore) discover
[0.208s] Level 1:colcon.colcon_core.package_discovery:discover_packages(ignore) using defaults
[0.208s] Level 1:colcon.colcon_core.package_discovery:discover_packages(path) discover
[0.208s] Level 1:colcon.colcon_core.package_discovery:discover_packages(path) using defaults
[0.232s] Level 1:colcon.colcon_core.package_discovery:discover_packages(prefix_path) check parameters
[0.232s] Level 1:colcon.colcon_core.package_discovery:discover_packages(prefix_path) discover
[0.235s] DEBUG:colcon.colcon_installed_package_information.package_discovery:Found 6 installed packages in /home/upo/Documents/TFG/TFG/ros2_ws/install
[0.236s] DEBUG:colcon.colcon_installed_package_information.package_discovery:Found 17 installed packages in /home/upo/turtlebot3_ws/install
[0.238s] DEBUG:colcon.colcon_installed_package_information.package_discovery:Found 406 installed packages in /opt/ros/jazzy
[0.241s] Level 1:colcon.colcon_core.package_discovery:discover_packages(prefix_path) using defaults
[0.298s] Level 5:colcon.colcon_core.verb:set package 'interfaces' build argument 'cmake_args' from command line to 'None'
[0.298s] Level 5:colcon.colcon_core.verb:set package 'interfaces' build argument 'cmake_target' from command line to 'None'
[0.298s] Level 5:colcon.colcon_core.verb:set package 'interfaces' build argument 'cmake_target_skip_unavailable' from command line to 'False'
[0.298s] Level 5:colcon.colcon_core.verb:set package 'interfaces' build argument 'cmake_clean_cache' from command line to 'False'
[0.298s] Level 5:colcon.colcon_core.verb:set package 'interfaces' build argument 'cmake_clean_first' from command line to 'False'
[0.298s] Level 5:colcon.colcon_core.verb:set package 'interfaces' build argument 'cmake_force_configure' from command line to 'False'
[0.298s] Level 5:colcon.colcon_core.verb:set package 'interfaces' build argument 'ament_cmake_args' from command line to 'None'
[0.298s] Level 5:colcon.colcon_core.verb:set package 'interfaces' build argument 'catkin_cmake_args' from command line to 'None'
[0.298s] Level 5:colcon.colcon_core.verb:set package 'interfaces' build argument 'catkin_skip_building_tests' from command line to 'False'
[0.298s] DEBUG:colcon.colcon_core.verb:Building package 'interfaces' with the following arguments: {'ament_cmake_args': None, 'build_base': '/home/upo/Documents/TFG/TFG/ros2_ws/src/build/interfaces', 'catkin_cmake_args': None, 'catkin_skip_building_tests': False, 'cmake_args': None, 'cmake_clean_cache': False, 'cmake_clean_first': False, 'cmake_force_configure': False, 'cmake_target': None, 'cmake_target_skip_unavailable': False, 'install_base': '/home/upo/Documents/TFG/TFG/ros2_ws/src/install/interfaces', 'merge_install': False, 'path': '/home/upo/Documents/TFG/TFG/ros2_ws/src/interfaces', 'symlink_install': True, 'test_result_base': None}
[0.298s] Level 5:colcon.colcon_core.verb:set package 'robotWebSocket' build argument 'cmake_args' from command line to 'None'
[0.298s] Level 5:colcon.colcon_core.verb:set package 'robotWebSocket' build argument 'cmake_target' from command line to 'None'
[0.298s] Level 5:colcon.colcon_core.verb:set package 'robotWebSocket' build argument 'cmake_target_skip_unavailable' from command line to 'False'
[0.298s] Level 5:colcon.colcon_core.verb:set package 'robotWebSocket' build argument 'cmake_clean_cache' from command line to 'False'
[0.298s] Level 5:colcon.colcon_core.verb:set package 'robotWebSocket' build argument 'cmake_clean_first' from command line to 'False'
[0.298s] Level 5:colcon.colcon_core.verb:set package 'robotWebSocket' build argument 'cmake_force_configure' from command line to 'False'
[0.298s] Level 5:colcon.colcon_core.verb:set package 'robotWebSocket' build argument 'ament_cmake_args' from command line to 'None'
[0.298s] Level 5:colcon.colcon_core.verb:set package 'robotWebSocket' build argument 'catkin_cmake_args' from command line to 'None'
[0.298s] Level 5:colcon.colcon_core.verb:set package 'robotWebSocket' build argument 'catkin_skip_building_tests' from command line to 'False'
[0.298s] DEBUG:colcon.colcon_core.verb:Building package 'robotWebSocket' with the following arguments: {'ament_cmake_args': None, 'build_base': '/home/upo/Documents/TFG/TFG/ros2_ws/src/build/robotWebSocket', 'catkin_cmake_args': None, 'catkin_skip_building_tests': False, 'cmake_args': None, 'cmake_clean_cache': False, 'cmake_clean_first': False, 'cmake_force_configure': False, 'cmake_target': None, 'cmake_target_skip_unavailable': False, 'install_base': '/home/upo/Documents/TFG/TFG/ros2_ws/src/install/robotWebSocket', 'merge_install': False, 'path': '/home/upo/Documents/TFG/TFG/ros2_ws/src/robotWebSocket', 'symlink_install': True, 'test_result_base': None}
[0.299s] Level 5:colcon.colcon_core.verb:set package 'userCommunication' build argument 'cmake_args' from command line to 'None'
[0.299s] Level 5:colcon.colcon_core.verb:set package 'userCommunication' build argument 'cmake_target' from command line to 'None'
[0.299s] Level 5:colcon.colcon_core.verb:set package 'userCommunication' build argument 'cmake_target_skip_unavailable' from command line to 'False'
[0.299s] Level 5:colcon.colcon_core.verb:set package 'userCommunication' build argument 'cmake_clean_cache' from command line to 'False'
[0.299s] Level 5:colcon.colcon_core.verb:set package 'userCommunication' build argument 'cmake_clean_first' from command line to 'False'
[0.299s] Level 5:colcon.colcon_core.verb:set package 'userCommunication' build argument 'cmake_force_configure' from command line to 'False'
[0.299s] Level 5:colcon.colcon_core.verb:set package 'userCommunication' build argument 'ament_cmake_args' from command line to 'None'
[0.299s] Level 5:colcon.colcon_core.verb:set package 'userCommunication' build argument 'catkin_cmake_args' from command line to 'None'
[0.299s] Level 5:colcon.colcon_core.verb:set package 'userCommunication' build argument 'catkin_skip_building_tests' from command line to 'False'
[0.299s] DEBUG:colcon.colcon_core.verb:Building package 'userCommunication' with the following arguments: {'ament_cmake_args': None, 'build_base': '/home/upo/Documents/TFG/TFG/ros2_ws/src/build/userCommunication', 'catkin_cmake_args': None, 'catkin_skip_building_tests': False, 'cmake_args': None, 'cmake_clean_cache': False, 'cmake_clean_first': False, 'cmake_force_configure': False, 'cmake_target': None, 'cmake_target_skip_unavailable': False, 'install_base': '/home/upo/Documents/TFG/TFG/ros2_ws/src/install/userCommunication', 'merge_install': False, 'path': '/home/upo/Documents/TFG/TFG/ros2_ws/src/userCommunication', 'symlink_install': True, 'test_result_base': None}
[0.299s] Level 5:colcon.colcon_core.verb:set package 'VLMProcessing' build argument 'cmake_args' from command line to 'None'
[0.299s] Level 5:colcon.colcon_core.verb:set package 'VLMProcessing' build argument 'cmake_target' from command line to 'None'
[0.299s] Level 5:colcon.colcon_core.verb:set package 'VLMProcessing' build argument 'cmake_target_skip_unavailable' from command line to 'False'
[0.299s] Level 5:colcon.colcon_core.verb:set package 'VLMProcessing' build argument 'cmake_clean_cache' from command line to 'False'
[0.299s] Level 5:colcon.colcon_core.verb:set package 'VLMProcessing' build argument 'cmake_clean_first' from command line to 'False'
[0.299s] Level 5:colcon.colcon_core.verb:set package 'VLMProcessing' build argument 'cmake_force_configure' from command line to 'False'
[0.299s] Level 5:colcon.colcon_core.verb:set package 'VLMProcessing' build argument 'ament_cmake_args' from command line to 'None'
[0.299s] Level 5:colcon.colcon_core.verb:set package 'VLMProcessing' build argument 'catkin_cmake_args' from command line to 'None'
[0.299s] Level 5:colcon.colcon_core.verb:set package 'VLMProcessing' build argument 'catkin_skip_building_tests' from command line to 'False'
[0.299s] DEBUG:colcon.colcon_core.verb:Building package 'VLMProcessing' with the following arguments: {'ament_cmake_args': None, 'build_base': '/home/upo/Documents/TFG/TFG/ros2_ws/src/build/VLMProcessing', 'catkin_cmake_args': None, 'catkin_skip_building_tests': False, 'cmake_args': None, 'cmake_clean_cache': False, 'cmake_clean_first': False, 'cmake_force_configure': False, 'cmake_target': None, 'cmake_target_skip_unavailable': False, 'install_base': '/home/upo/Documents/TFG/TFG/ros2_ws/src/install/VLMProcessing', 'merge_install': False, 'path': '/home/upo/Documents/TFG/TFG/ros2_ws/src/VLMProcessing', 'symlink_install': True, 'test_result_base': None}
[0.299s] Level 5:colcon.colcon_core.verb:set package 'robotCommunication' build argument 'cmake_args' from command line to 'None'
[0.300s] Level 5:colcon.colcon_core.verb:set package 'robotCommunication' build argument 'cmake_target' from command line to 'None'
[0.300s] Level 5:colcon.colcon_core.verb:set package 'robotCommunication' build argument 'cmake_target_skip_unavailable' from command line to 'False'
[0.300s] Level 5:colcon.colcon_core.verb:set package 'robotCommunication' build argument 'cmake_clean_cache' from command line to 'False'
[0.300s] Level 5:colcon.colcon_core.verb:set package 'robotCommunication' build argument 'cmake_clean_first' from command line to 'False'
[0.300s] Level 5:colcon.colcon_core.verb:set package 'robotCommunication' build argument 'cmake_force_configure' from command line to 'False'
[0.300s] Level 5:colcon.colcon_core.verb:set package 'robotCommunication' build argument 'ament_cmake_args' from command line to 'None'
[0.300s] Level 5:colcon.colcon_core.verb:set package 'robotCommunication' build argument 'catkin_cmake_args' from command line to 'None'
[0.300s] Level 5:colcon.colcon_core.verb:set package 'robotCommunication' build argument 'catkin_skip_building_tests' from command line to 'False'
[0.300s] DEBUG:colcon.colcon_core.verb:Building package 'robotCommunication' with the following arguments: {'ament_cmake_args': None, 'build_base': '/home/upo/Documents/TFG/TFG/ros2_ws/src/build/robotCommunication', 'catkin_cmake_args': None, 'catkin_skip_building_tests': False, 'cmake_args': None, 'cmake_clean_cache': False, 'cmake_clean_first': False, 'cmake_force_configure': False, 'cmake_target': None, 'cmake_target_skip_unavailable': False, 'install_base': '/home/upo/Documents/TFG/TFG/ros2_ws/src/install/robotCommunication', 'merge_install': False, 'path': '/home/upo/Documents/TFG/TFG/ros2_ws/src/robotCommunication', 'symlink_install': True, 'test_result_base': None}
[0.300s] Level 5:colcon.colcon_core.verb:set package 'robotMovement' build argument 'cmake_args' from command line to 'None'
[0.300s] Level 5:colcon.colcon_core.verb:set package 'robotMovement' build argument 'cmake_target' from command line to 'None'
[0.300s] Level 5:colcon.colcon_core.verb:set package 'robotMovement' build argument 'cmake_target_skip_unavailable' from command line to 'False'
[0.300s] Level 5:colcon.colcon_core.verb:set package 'robotMovement' build argument 'cmake_clean_cache' from command line to 'False'
[0.300s] Level 5:colcon.colcon_core.verb:set package 'robotMovement' build argument 'cmake_clean_first' from command line to 'False'
[0.300s] Level 5:colcon.colcon_core.verb:set package 'robotMovement' build argument 'cmake_force_configure' from command line to 'False'
[0.300s] Level 5:colcon.colcon_core.verb:set package 'robotMovement' build argument 'ament_cmake_args' from command line to 'None'
[0.300s] Level 5:colcon.colcon_core.verb:set package 'robotMovement' build argument 'catkin_cmake_args' from command line to 'None'
[0.300s] Level 5:colcon.colcon_core.verb:set package 'robotMovement' build argument 'catkin_skip_building_tests' from command line to 'False'
[0.300s] DEBUG:colcon.colcon_core.verb:Building package 'robotMovement' with the following arguments: {'ament_cmake_args': None, 'build_base': '/home/upo/Documents/TFG/TFG/ros2_ws/src/build/robotMovement', 'catkin_cmake_args': None, 'catkin_skip_building_tests': False, 'cmake_args': None, 'cmake_clean_cache': False, 'cmake_clean_first': False, 'cmake_force_configure': False, 'cmake_target': None, 'cmake_target_skip_unavailable': False, 'install_base': '/home/upo/Documents/TFG/TFG/ros2_ws/src/install/robotMovement', 'merge_install': False, 'path': '/home/upo/Documents/TFG/TFG/ros2_ws/src/robotMovement', 'symlink_install': True, 'test_result_base': None}
[0.300s] INFO:colcon.colcon_core.executor:Executing jobs using 'parallel' executor
[0.301s] DEBUG:colcon.colcon_parallel_executor.executor.parallel:run_until_complete
[0.301s] INFO:colcon.colcon_ros.task.ament_cmake.build:Building ROS package in '/home/upo/Documents/TFG/TFG/ros2_ws/src/interfaces' with build type 'ament_cmake'
[0.301s] INFO:colcon.colcon_cmake.task.cmake.build:Building CMake package in '/home/upo/Documents/TFG/TFG/ros2_ws/src/interfaces'
[0.304s] INFO:colcon.colcon_core.plugin_system:Skipping extension 'colcon_core.shell.bat': Not used on non-Windows systems
[0.304s] INFO:colcon.colcon_core.shell:Skip shell extension 'powershell' for command environment: Not usable outside of PowerShell
[0.304s] DEBUG:colcon.colcon_core.shell:Skip shell extension 'dsv' for command environment
[0.311s] INFO:colcon.colcon_ros.task.ament_python.build:Building ROS package in '/home/upo/Documents/TFG/TFG/ros2_ws/src/robotWebSocket' with build type 'ament_python'
[0.311s] Level 1:colcon.colcon_core.shell:create_environment_hook('robotWebSocket', 'ament_prefix_path')
[0.311s] INFO:colcon.colcon_core.shell:Creating environment hook '/home/upo/Documents/TFG/TFG/ros2_ws/src/install/robotWebSocket/share/robotWebSocket/hook/ament_prefix_path.ps1'
[0.312s] INFO:colcon.colcon_core.shell:Creating environment descriptor '/home/upo/Documents/TFG/TFG/ros2_ws/src/install/robotWebSocket/share/robotWebSocket/hook/ament_prefix_path.dsv'
[0.312s] INFO:colcon.colcon_core.shell:Creating environment hook '/home/upo/Documents/TFG/TFG/ros2_ws/src/install/robotWebSocket/share/robotWebSocket/hook/ament_prefix_path.sh'
[0.313s] INFO:colcon.colcon_core.shell:Skip shell extension 'powershell' for command environment: Not usable outside of PowerShell
[0.313s] DEBUG:colcon.colcon_core.shell:Skip shell extension 'dsv' for command environment
[0.319s] INFO:colcon.colcon_ros.task.ament_python.build:Building ROS package in '/home/upo/Documents/TFG/TFG/ros2_ws/src/userCommunication' with build type 'ament_python'
[0.319s] Level 1:colcon.colcon_core.shell:create_environment_hook('userCommunication', 'ament_prefix_path')
[0.319s] INFO:colcon.colcon_core.shell:Creating environment hook '/home/upo/Documents/TFG/TFG/ros2_ws/src/install/userCommunication/share/userCommunication/hook/ament_prefix_path.ps1'
[0.320s] INFO:colcon.colcon_core.shell:Creating environment descriptor '/home/upo/Documents/TFG/TFG/ros2_ws/src/install/userCommunication/share/userCommunication/hook/ament_prefix_path.dsv'
[0.321s] INFO:colcon.colcon_core.shell:Creating environment hook '/home/upo/Documents/TFG/TFG/ros2_ws/src/install/userCommunication/share/userCommunication/hook/ament_prefix_path.sh'
[0.321s] INFO:colcon.colcon_core.shell:Skip shell extension 'powershell' for command environment: Not usable outside of PowerShell
[0.321s] DEBUG:colcon.colcon_core.shell:Skip shell extension 'dsv' for command environment
[0.333s] DEBUG:colcon.colcon_core.event_handler.log_command:Invoking command in '/home/upo/Documents/TFG/TFG/ros2_ws/src/build/interfaces': CMAKE_PREFIX_PATH=${CMAKE_PREFIX_PATH}:/home/upo/Documents/TFG/TFG/ros2_ws/install/userCommunication:/home/upo/Documents/TFG/TFG/ros2_ws/install/robotWebSocket:/home/upo/Documents/TFG/TFG/ros2_ws/install/robotMovement:/home/upo/Documents/TFG/TFG/ros2_ws/install/robotCommunication:/home/upo/Documents/TFG/TFG/ros2_ws/install/VLMProcessing:/home/upo/turtlebot3_ws/install/userCommunication:/home/upo/turtlebot3_ws/install/turtlebot3_teleop:/home/upo/turtlebot3_ws/install/turtlebot3_example:/home/upo/turtlebot3_ws/install/robotMovement:/home/upo/turtlebot3_ws/install/robotCommunication:/home/upo/turtlebot3_ws/install/VLMProcessing:/opt/ros/jazzy DEBUGINFOD_URLS=https://debuginfod.ubuntu.com /usr/bin/cmake --build /home/upo/Documents/TFG/TFG/ros2_ws/src/build/interfaces -- -j16 -l16
[0.598s] INFO:colcon.colcon_core.task.python.build:Building Python package in '/home/upo/Documents/TFG/TFG/ros2_ws/src/robotWebSocket'
[0.598s] INFO:colcon.colcon_core.shell:Skip shell extension 'powershell' for command environment: Not usable outside of PowerShell
[0.598s] DEBUG:colcon.colcon_core.shell:Skip shell extension 'dsv' for command environment
[0.919s] INFO:colcon.colcon_core.task.python.build:Building Python package in '/home/upo/Documents/TFG/TFG/ros2_ws/src/userCommunication'
[0.919s] INFO:colcon.colcon_core.shell:Skip shell extension 'powershell' for command environment: Not usable outside of PowerShell
[0.919s] DEBUG:colcon.colcon_core.shell:Skip shell extension 'dsv' for command environment
[0.929s] DEBUG:colcon.colcon_core.event_handler.log_command:Invoked command in '/home/upo/Documents/TFG/TFG/ros2_ws/src/build/interfaces' returned '0': CMAKE_PREFIX_PATH=${CMAKE_PREFIX_PATH}:/home/upo/Documents/TFG/TFG/ros2_ws/install/userCommunication:/home/upo/Documents/TFG/TFG/ros2_ws/install/robotWebSocket:/home/upo/Documents/TFG/TFG/ros2_ws/install/robotMovement:/home/upo/Documents/TFG/TFG/ros2_ws/install/robotCommunication:/home/upo/Documents/TFG/TFG/ros2_ws/install/VLMProcessing:/home/upo/turtlebot3_ws/install/userCommunication:/home/upo/turtlebot3_ws/install/turtlebot3_teleop:/home/upo/turtlebot3_ws/install/turtlebot3_example:/home/upo/turtlebot3_ws/install/robotMovement:/home/upo/turtlebot3_ws/install/robotCommunication:/home/upo/turtlebot3_ws/install/VLMProcessing:/opt/ros/jazzy DEBUGINFOD_URLS=https://debuginfod.ubuntu.com /usr/bin/cmake --build /home/upo/Documents/TFG/TFG/ros2_ws/src/build/interfaces -- -j16 -l16
[0.944s] DEBUG:colcon.colcon_core.event_handler.log_command:Invoking command in '/home/upo/Documents/TFG/TFG/ros2_ws/src/build/interfaces': CMAKE_PREFIX_PATH=${CMAKE_PREFIX_PATH}:/home/upo/Documents/TFG/TFG/ros2_ws/install/userCommunication:/home/upo/Documents/TFG/TFG/ros2_ws/install/robotWebSocket:/home/upo/Documents/TFG/TFG/ros2_ws/install/robotMovement:/home/upo/Documents/TFG/TFG/ros2_ws/install/robotCommunication:/home/upo/Documents/TFG/TFG/ros2_ws/install/VLMProcessing:/home/upo/turtlebot3_ws/install/userCommunication:/home/upo/turtlebot3_ws/install/turtlebot3_teleop:/home/upo/turtlebot3_ws/install/turtlebot3_example:/home/upo/turtlebot3_ws/install/robotMovement:/home/upo/turtlebot3_ws/install/robotCommunication:/home/upo/turtlebot3_ws/install/VLMProcessing:/opt/ros/jazzy DEBUGINFOD_URLS=https://debuginfod.ubuntu.com /usr/bin/cmake --install /home/upo/Documents/TFG/TFG/ros2_ws/src/build/interfaces
[1.067s] Level 1:colcon.colcon_core.environment:create_environment_scripts_only(interfaces)
[1.068s] DEBUG:colcon.colcon_core.event_handler.log_command:Invoked command in '/home/upo/Documents/TFG/TFG/ros2_ws/src/build/interfaces' returned '0': CMAKE_PREFIX_PATH=${CMAKE_PREFIX_PATH}:/home/upo/Documents/TFG/TFG/ros2_ws/install/userCommunication:/home/upo/Documents/TFG/TFG/ros2_ws/install/robotWebSocket:/home/upo/Documents/TFG/TFG/ros2_ws/install/robotMovement:/home/upo/Documents/TFG/TFG/ros2_ws/install/robotCommunication:/home/upo/Documents/TFG/TFG/ros2_ws/install/VLMProcessing:/home/upo/turtlebot3_ws/install/userCommunication:/home/upo/turtlebot3_ws/install/turtlebot3_teleop:/home/upo/turtlebot3_ws/install/turtlebot3_example:/home/upo/turtlebot3_ws/install/robotMovement:/home/upo/turtlebot3_ws/install/robotCommunication:/home/upo/turtlebot3_ws/install/VLMProcessing:/opt/ros/jazzy DEBUGINFOD_URLS=https://debuginfod.ubuntu.com /usr/bin/cmake --install /home/upo/Documents/TFG/TFG/ros2_ws/src/build/interfaces
[1.070s] Level 1:colcon.colcon_core.environment:checking '/home/upo/Documents/TFG/TFG/ros2_ws/src/install/interfaces' for CMake module files
[1.071s] Level 1:colcon.colcon_core.environment:checking '/home/upo/Documents/TFG/TFG/ros2_ws/src/install/interfaces' for CMake config files
[1.071s] Level 1:colcon.colcon_core.shell:create_environment_hook('interfaces', 'cmake_prefix_path')
[1.071s] INFO:colcon.colcon_core.shell:Creating environment hook '/home/upo/Documents/TFG/TFG/ros2_ws/src/install/interfaces/share/interfaces/hook/cmake_prefix_path.ps1'
[1.072s] INFO:colcon.colcon_core.shell:Creating environment descriptor '/home/upo/Documents/TFG/TFG/ros2_ws/src/install/interfaces/share/interfaces/hook/cmake_prefix_path.dsv'
[1.073s] INFO:colcon.colcon_core.shell:Creating environment hook '/home/upo/Documents/TFG/TFG/ros2_ws/src/install/interfaces/share/interfaces/hook/cmake_prefix_path.sh'
[1.074s] Level 1:colcon.colcon_core.environment:checking '/home/upo/Documents/TFG/TFG/ros2_ws/src/install/interfaces/lib'
[1.074s] Level 1:colcon.colcon_core.shell:create_environment_hook('interfaces', 'ld_library_path_lib')
[1.074s] INFO:colcon.colcon_core.shell:Creating environment hook '/home/upo/Documents/TFG/TFG/ros2_ws/src/install/interfaces/share/interfaces/hook/ld_library_path_lib.ps1'
[1.074s] INFO:colcon.colcon_core.shell:Creating environment descriptor '/home/upo/Documents/TFG/TFG/ros2_ws/src/install/interfaces/share/interfaces/hook/ld_library_path_lib.dsv'
[1.075s] INFO:colcon.colcon_core.shell:Creating environment hook '/home/upo/Documents/TFG/TFG/ros2_ws/src/install/interfaces/share/interfaces/hook/ld_library_path_lib.sh'
[1.075s] Level 1:colcon.colcon_core.environment:checking '/home/upo/Documents/TFG/TFG/ros2_ws/src/install/interfaces/bin'
[1.075s] Level 1:colcon.colcon_core.environment:checking '/home/upo/Documents/TFG/TFG/ros2_ws/src/install/interfaces/lib/pkgconfig/interfaces.pc'
[1.075s] Level 1:colcon.colcon_core.environment:checking '/home/upo/Documents/TFG/TFG/ros2_ws/src/install/interfaces/lib/python3.12/site-packages'
[1.075s] Level 1:colcon.colcon_core.shell:create_environment_hook('interfaces', 'pythonpath')
[1.076s] INFO:colcon.colcon_core.shell:Creating environment hook '/home/upo/Documents/TFG/TFG/ros2_ws/src/install/interfaces/share/interfaces/hook/pythonpath.ps1'
[1.076s] INFO:colcon.colcon_core.shell:Creating environment descriptor '/home/upo/Documents/TFG/TFG/ros2_ws/src/install/interfaces/share/interfaces/hook/pythonpath.dsv'
[1.076s] INFO:colcon.colcon_core.shell:Creating environment hook '/home/upo/Documents/TFG/TFG/ros2_ws/src/install/interfaces/share/interfaces/hook/pythonpath.sh'
[1.077s] Level 1:colcon.colcon_core.environment:checking '/home/upo/Documents/TFG/TFG/ros2_ws/src/install/interfaces/bin'
[1.077s] INFO:colcon.colcon_core.shell:Creating package script '/home/upo/Documents/TFG/TFG/ros2_ws/src/install/interfaces/share/interfaces/package.ps1'
[1.079s] INFO:colcon.colcon_core.shell:Creating package descriptor '/home/upo/Documents/TFG/TFG/ros2_ws/src/install/interfaces/share/interfaces/package.dsv'
[1.079s] INFO:colcon.colcon_core.shell:Creating package script '/home/upo/Documents/TFG/TFG/ros2_ws/src/install/interfaces/share/interfaces/package.sh'
[1.080s] INFO:colcon.colcon_core.shell:Creating package script '/home/upo/Documents/TFG/TFG/ros2_ws/src/install/interfaces/share/interfaces/package.bash'
[1.081s] INFO:colcon.colcon_core.shell:Creating package script '/home/upo/Documents/TFG/TFG/ros2_ws/src/install/interfaces/share/interfaces/package.zsh'
[1.081s] Level 1:colcon.colcon_core.environment:create_file_with_runtime_dependencies(/home/upo/Documents/TFG/TFG/ros2_ws/src/install/interfaces/share/colcon-core/packages/interfaces)
[1.082s] Level 1:colcon.colcon_core.environment:create_environment_scripts_only(interfaces)
[1.082s] Level 1:colcon.colcon_core.environment:checking '/home/upo/Documents/TFG/TFG/ros2_ws/src/install/interfaces' for CMake module files
[1.083s] Level 1:colcon.colcon_core.environment:checking '/home/upo/Documents/TFG/TFG/ros2_ws/src/install/interfaces' for CMake config files
[1.084s] Level 1:colcon.colcon_core.shell:create_environment_hook('interfaces', 'cmake_prefix_path')
[1.084s] INFO:colcon.colcon_core.shell:Creating environment hook '/home/upo/Documents/TFG/TFG/ros2_ws/src/install/interfaces/share/interfaces/hook/cmake_prefix_path.ps1'
[1.084s] INFO:colcon.colcon_core.shell:Creating environment descriptor '/home/upo/Documents/TFG/TFG/ros2_ws/src/install/interfaces/share/interfaces/hook/cmake_prefix_path.dsv'
[1.085s] INFO:colcon.colcon_core.shell:Creating environment hook '/home/upo/Documents/TFG/TFG/ros2_ws/src/install/interfaces/share/interfaces/hook/cmake_prefix_path.sh'
[1.085s] Level 1:colcon.colcon_core.environment:checking '/home/upo/Documents/TFG/TFG/ros2_ws/src/install/interfaces/lib'
[1.085s] Level 1:colcon.colcon_core.shell:create_environment_hook('interfaces', 'ld_library_path_lib')
[1.086s] INFO:colcon.colcon_core.shell:Creating environment hook '/home/upo/Documents/TFG/TFG/ros2_ws/src/install/interfaces/share/interfaces/hook/ld_library_path_lib.ps1'
[1.086s] INFO:colcon.colcon_core.shell:Creating environment descriptor '/home/upo/Documents/TFG/TFG/ros2_ws/src/install/interfaces/share/interfaces/hook/ld_library_path_lib.dsv'
[1.086s] INFO:colcon.colcon_core.shell:Creating environment hook '/home/upo/Documents/TFG/TFG/ros2_ws/src/install/interfaces/share/interfaces/hook/ld_library_path_lib.sh'
[1.087s] Level 1:colcon.colcon_core.environment:checking '/home/upo/Documents/TFG/TFG/ros2_ws/src/install/interfaces/bin'
[1.087s] Level 1:colcon.colcon_core.environment:checking '/home/upo/Documents/TFG/TFG/ros2_ws/src/install/interfaces/lib/pkgconfig/interfaces.pc'
[1.087s] Level 1:colcon.colcon_core.environment:checking '/home/upo/Documents/TFG/TFG/ros2_ws/src/install/interfaces/lib/python3.12/site-packages'
[1.087s] Level 1:colcon.colcon_core.shell:create_environment_hook('interfaces', 'pythonpath')
[1.088s] INFO:colcon.colcon_core.shell:Creating environment hook '/home/upo/Documents/TFG/TFG/ros2_ws/src/install/interfaces/share/interfaces/hook/pythonpath.ps1'
[1.088s] INFO:colcon.colcon_core.shell:Creating environment descriptor '/home/upo/Documents/TFG/TFG/ros2_ws/src/install/interfaces/share/interfaces/hook/pythonpath.dsv'
[1.089s] INFO:colcon.colcon_core.shell:Creating environment hook '/home/upo/Documents/TFG/TFG/ros2_ws/src/install/interfaces/share/interfaces/hook/pythonpath.sh'
[1.089s] Level 1:colcon.colcon_core.environment:checking '/home/upo/Documents/TFG/TFG/ros2_ws/src/install/interfaces/bin'
[1.090s] INFO:colcon.colcon_core.shell:Creating package script '/home/upo/Documents/TFG/TFG/ros2_ws/src/install/interfaces/share/interfaces/package.ps1'
[1.091s] INFO:colcon.colcon_core.shell:Creating package descriptor '/home/upo/Documents/TFG/TFG/ros2_ws/src/install/interfaces/share/interfaces/package.dsv'
[1.091s] INFO:colcon.colcon_core.shell:Creating package script '/home/upo/Documents/TFG/TFG/ros2_ws/src/install/interfaces/share/interfaces/package.sh'
[1.091s] INFO:colcon.colcon_core.shell:Creating package script '/home/upo/Documents/TFG/TFG/ros2_ws/src/install/interfaces/share/interfaces/package.bash'
[1.092s] INFO:colcon.colcon_core.shell:Creating package script '/home/upo/Documents/TFG/TFG/ros2_ws/src/install/interfaces/share/interfaces/package.zsh'
[1.092s] Level 1:colcon.colcon_core.environment:create_file_with_runtime_dependencies(/home/upo/Documents/TFG/TFG/ros2_ws/src/install/interfaces/share/colcon-core/packages/interfaces)
[1.093s] INFO:colcon.colcon_ros.task.ament_python.build:Building ROS package in '/home/upo/Documents/TFG/TFG/ros2_ws/src/VLMProcessing' with build type 'ament_python'
[1.093s] Level 1:colcon.colcon_core.shell:create_environment_hook('VLMProcessing', 'ament_prefix_path')
[1.093s] INFO:colcon.colcon_core.shell:Creating environment hook '/home/upo/Documents/TFG/TFG/ros2_ws/src/install/VLMProcessing/share/VLMProcessing/hook/ament_prefix_path.ps1'
[1.094s] INFO:colcon.colcon_core.shell:Creating environment descriptor '/home/upo/Documents/TFG/TFG/ros2_ws/src/install/VLMProcessing/share/VLMProcessing/hook/ament_prefix_path.dsv'
[1.095s] INFO:colcon.colcon_core.shell:Creating environment hook '/home/upo/Documents/TFG/TFG/ros2_ws/src/install/VLMProcessing/share/VLMProcessing/hook/ament_prefix_path.sh'
[1.096s] INFO:colcon.colcon_core.shell:Skip shell extension 'powershell' for command environment: Not usable outside of PowerShell
[1.096s] DEBUG:colcon.colcon_core.shell:Skip shell extension 'dsv' for command environment
[1.102s] INFO:colcon.colcon_ros.task.ament_python.build:Building ROS package in '/home/upo/Documents/TFG/TFG/ros2_ws/src/robotCommunication' with build type 'ament_python'
[1.102s] Level 1:colcon.colcon_core.shell:create_environment_hook('robotCommunication', 'ament_prefix_path')
[1.102s] INFO:colcon.colcon_core.shell:Creating environment hook '/home/upo/Documents/TFG/TFG/ros2_ws/src/install/robotCommunication/share/robotCommunication/hook/ament_prefix_path.ps1'
[1.103s] INFO:colcon.colcon_core.shell:Creating environment descriptor '/home/upo/Documents/TFG/TFG/ros2_ws/src/install/robotCommunication/share/robotCommunication/hook/ament_prefix_path.dsv'
[1.103s] INFO:colcon.colcon_core.shell:Creating environment hook '/home/upo/Documents/TFG/TFG/ros2_ws/src/install/robotCommunication/share/robotCommunication/hook/ament_prefix_path.sh'
[1.103s] INFO:colcon.colcon_core.shell:Skip shell extension 'powershell' for command environment: Not usable outside of PowerShell
[1.103s] DEBUG:colcon.colcon_core.shell:Skip shell extension 'dsv' for command environment
[1.110s] INFO:colcon.colcon_ros.task.ament_python.build:Building ROS package in '/home/upo/Documents/TFG/TFG/ros2_ws/src/robotMovement' with build type 'ament_python'
[1.110s] Level 1:colcon.colcon_core.shell:create_environment_hook('robotMovement', 'ament_prefix_path')
[1.111s] INFO:colcon.colcon_core.shell:Creating environment hook '/home/upo/Documents/TFG/TFG/ros2_ws/src/install/robotMovement/share/robotMovement/hook/ament_prefix_path.ps1'
[1.111s] INFO:colcon.colcon_core.shell:Creating environment descriptor '/home/upo/Documents/TFG/TFG/ros2_ws/src/install/robotMovement/share/robotMovement/hook/ament_prefix_path.dsv'
[1.111s] INFO:colcon.colcon_core.shell:Creating environment hook '/home/upo/Documents/TFG/TFG/ros2_ws/src/install/robotMovement/share/robotMovement/hook/ament_prefix_path.sh'
[1.112s] INFO:colcon.colcon_core.shell:Skip shell extension 'powershell' for command environment: Not usable outside of PowerShell
[1.112s] DEBUG:colcon.colcon_core.shell:Skip shell extension 'dsv' for command environment
[1.394s] INFO:colcon.colcon_core.task.python.build:Building Python package in '/home/upo/Documents/TFG/TFG/ros2_ws/src/VLMProcessing'
[1.394s] INFO:colcon.colcon_core.shell:Skip shell extension 'powershell' for command environment: Not usable outside of PowerShell
[1.394s] DEBUG:colcon.colcon_core.shell:Skip shell extension 'dsv' for command environment
[1.670s] INFO:colcon.colcon_core.task.python.build:Building Python package in '/home/upo/Documents/TFG/TFG/ros2_ws/src/robotCommunication'
[1.670s] INFO:colcon.colcon_core.shell:Skip shell extension 'powershell' for command environment: Not usable outside of PowerShell
[1.670s] DEBUG:colcon.colcon_core.shell:Skip shell extension 'dsv' for command environment
[1.964s] INFO:colcon.colcon_core.task.python.build:Building Python package in '/home/upo/Documents/TFG/TFG/ros2_ws/src/robotMovement'
[1.964s] INFO:colcon.colcon_core.shell:Skip shell extension 'powershell' for command environment: Not usable outside of PowerShell
[1.964s] DEBUG:colcon.colcon_core.shell:Skip shell extension 'dsv' for command environment
[1.971s] DEBUG:colcon.colcon_core.task.python.build:Available setuptools commands: build_clib, egg_info, upload, build_py, install_scripts, bdist_wheel, editable_wheel, setopt, dist_info, symlink_data, saveopts, compile_catalog, build_scripts, extract_messages, rotate, bdist_egg, bdist_dumb, init_catalog, build, register, bdist, check, install_lib, easy_install, install, upload_docs, install_egg_info, build_ext, update_catalog, test, install_headers, alias, bdist_rpm, sdist, develop, install_data, clean
[1.972s] DEBUG:colcon.colcon_core.task.python.build:Available setuptools commands: build_clib, egg_info, upload, build_py, install_scripts, bdist_wheel, editable_wheel, setopt, dist_info, symlink_data, saveopts, compile_catalog, build_scripts, extract_messages, rotate, bdist_egg, bdist_dumb, init_catalog, build, register, bdist, check, install_lib, easy_install, install, upload_docs, install_egg_info, build_ext, update_catalog, test, install_headers, alias, bdist_rpm, sdist, develop, install_data, clean
[2.417s] DEBUG:colcon.colcon_core.task.python.build:Available setuptools 'develop' options: --zip-ok, --help, --script-dir, --exclude-scripts, --always-copy, --upgrade, --version, --force-installation-into-system-dir, --uninstall, --no-deps, --editable, --local-snapshots-ok, --record, --site-dirs, --user, --no-user-cfg, --index-url, --find-links, --build-directory, --verbose, --allow-hosts, --optimize, --always-unzip, --multi-version, --dry-run, --quiet, --prefix, --install-layout, --install-dir, --no-find-links, --egg-path
[2.419s] DEBUG:colcon.colcon_core.task.python.build:Available setuptools 'develop' options: --zip-ok, --help, --script-dir, --exclude-scripts, --always-copy, --upgrade, --version, --force-installation-into-system-dir, --uninstall, --no-deps, --editable, --local-snapshots-ok, --record, --site-dirs, --user, --no-user-cfg, --index-url, --find-links, --build-directory, --verbose, --allow-hosts, --optimize, --always-unzip, --multi-version, --dry-run, --quiet, --prefix, --install-layout, --install-dir, --no-find-links, --egg-path
[2.419s] DEBUG:colcon.colcon_core.event_handler.log_command:Invoking command in '/home/upo/Documents/TFG/TFG/ros2_ws/src/build/robotWebSocket': DEBUGINFOD_URLS=https://debuginfod.ubuntu.com PYTHONPATH=/home/upo/Documents/TFG/TFG/ros2_ws/src/build/robotWebSocket/prefix_override:/usr/lib/python3/dist-packages/colcon_core/task/python/colcon_distutils_commands:/home/upo/Documents/TFG/TFG/ros2_ws/src/install/robotWebSocket/lib/python3.12/site-packages:${PYTHONPATH} /usr/bin/python3 -W ignore:setup.py install is deprecated -W ignore:easy_install command is deprecated setup.py develop --editable --build-directory /home/upo/Documents/TFG/TFG/ros2_ws/src/build/robotWebSocket/build --no-deps symlink_data
[2.421s] DEBUG:colcon.colcon_core.event_handler.log_command:Invoking command in '/home/upo/Documents/TFG/TFG/ros2_ws/src/build/userCommunication': DEBUGINFOD_URLS=https://debuginfod.ubuntu.com PYTHONPATH=/home/upo/Documents/TFG/TFG/ros2_ws/src/build/userCommunication/prefix_override:/usr/lib/python3/dist-packages/colcon_core/task/python/colcon_distutils_commands:/home/upo/Documents/TFG/TFG/ros2_ws/src/install/userCommunication/lib/python3.12/site-packages:${PYTHONPATH} /usr/bin/python3 -W ignore:setup.py install is deprecated -W ignore:easy_install command is deprecated setup.py develop --editable --build-directory /home/upo/Documents/TFG/TFG/ros2_ws/src/build/userCommunication/build --no-deps symlink_data
[2.773s] DEBUG:colcon.colcon_core.task.python.build:Available setuptools commands: build_clib, egg_info, upload, build_py, install_scripts, bdist_wheel, editable_wheel, setopt, dist_info, symlink_data, saveopts, compile_catalog, build_scripts, extract_messages, rotate, bdist_egg, bdist_dumb, init_catalog, build, register, bdist, check, install_lib, easy_install, install, upload_docs, install_egg_info, build_ext, update_catalog, test, install_headers, alias, bdist_rpm, sdist, develop, install_data, clean
[2.777s] DEBUG:colcon.colcon_core.task.python.build:Available setuptools commands: build_clib, egg_info, upload, build_py, install_scripts, bdist_wheel, editable_wheel, setopt, dist_info, symlink_data, saveopts, compile_catalog, build_scripts, extract_messages, rotate, bdist_egg, bdist_dumb, init_catalog, build, register, bdist, check, install_lib, easy_install, install, upload_docs, install_egg_info, build_ext, update_catalog, test, install_headers, alias, bdist_rpm, sdist, develop, install_data, clean
[2.778s] DEBUG:colcon.colcon_core.task.python.build:Available setuptools commands: build_clib, egg_info, upload, build_py, install_scripts, bdist_wheel, editable_wheel, setopt, dist_info, symlink_data, saveopts, compile_catalog, build_scripts, extract_messages, rotate, bdist_egg, bdist_dumb, init_catalog, build, register, bdist, check, install_lib, easy_install, install, upload_docs, install_egg_info, build_ext, update_catalog, test, install_headers, alias, bdist_rpm, sdist, develop, install_data, clean
[3.271s] DEBUG:colcon.colcon_core.task.python.build:Available setuptools 'develop' options: --zip-ok, --help, --script-dir, --exclude-scripts, --always-copy, --upgrade, --version, --force-installation-into-system-dir, --uninstall, --no-deps, --editable, --local-snapshots-ok, --record, --site-dirs, --user, --no-user-cfg, --index-url, --find-links, --build-directory, --verbose, --allow-hosts, --optimize, --always-unzip, --multi-version, --dry-run, --quiet, --prefix, --install-layout, --install-dir, --no-find-links, --egg-path
[3.273s] DEBUG:colcon.colcon_core.event_handler.log_command:Invoking command in '/home/upo/Documents/TFG/TFG/ros2_ws/src/build/VLMProcessing': AMENT_PREFIX_PATH=/home/upo/Documents/TFG/TFG/ros2_ws/src/install/interfaces:${AMENT_PREFIX_PATH} CMAKE_PREFIX_PATH=/home/upo/Documents/TFG/TFG/ros2_ws/src/install/interfaces:${CMAKE_PREFIX_PATH} DEBUGINFOD_URLS=https://debuginfod.ubuntu.com LD_LIBRARY_PATH=/home/upo/Documents/TFG/TFG/ros2_ws/src/install/interfaces/lib:${LD_LIBRARY_PATH} PYTHONPATH=/home/upo/Documents/TFG/TFG/ros2_ws/src/build/VLMProcessing/prefix_override:/usr/lib/python3/dist-packages/colcon_core/task/python/colcon_distutils_commands:/home/upo/Documents/TFG/TFG/ros2_ws/src/install/VLMProcessing/lib/python3.12/site-packages:/home/upo/Documents/TFG/TFG/ros2_ws/src/install/interfaces/lib/python3.12/site-packages:${PYTHONPATH} /usr/bin/python3 -W ignore:setup.py install is deprecated -W ignore:easy_install command is deprecated setup.py develop --editable --build-directory /home/upo/Documents/TFG/TFG/ros2_ws/src/build/VLMProcessing/build --no-deps symlink_data
[3.276s] DEBUG:colcon.colcon_core.task.python.build:Available setuptools 'develop' options: --zip-ok, --help, --script-dir, --exclude-scripts, --always-copy, --upgrade, --version, --force-installation-into-system-dir, --uninstall, --no-deps, --editable, --local-snapshots-ok, --record, --site-dirs, --user, --no-user-cfg, --index-url, --find-links, --build-directory, --verbose, --allow-hosts, --optimize, --always-unzip, --multi-version, --dry-run, --quiet, --prefix, --install-layout, --install-dir, --no-find-links, --egg-path
[3.277s] DEBUG:colcon.colcon_core.event_handler.log_command:Invoking command in '/home/upo/Documents/TFG/TFG/ros2_ws/src/build/robotMovement': AMENT_PREFIX_PATH=/home/upo/Documents/TFG/TFG/ros2_ws/src/install/interfaces:${AMENT_PREFIX_PATH} CMAKE_PREFIX_PATH=/home/upo/Documents/TFG/TFG/ros2_ws/src/install/interfaces:${CMAKE_PREFIX_PATH} DEBUGINFOD_URLS=https://debuginfod.ubuntu.com LD_LIBRARY_PATH=/home/upo/Documents/TFG/TFG/ros2_ws/src/install/interfaces/lib:${LD_LIBRARY_PATH} PYTHONPATH=/home/upo/Documents/TFG/TFG/ros2_ws/src/build/robotMovement/prefix_override:/usr/lib/python3/dist-packages/colcon_core/task/python/colcon_distutils_commands:/home/upo/Documents/TFG/TFG/ros2_ws/src/install/robotMovement/lib/python3.12/site-packages:/home/upo/Documents/TFG/TFG/ros2_ws/src/install/interfaces/lib/python3.12/site-packages:${PYTHONPATH} /usr/bin/python3 -W ignore:setup.py install is deprecated -W ignore:easy_install command is deprecated setup.py develop --editable --build-directory /home/upo/Documents/TFG/TFG/ros2_ws/src/build/robotMovement/build --no-deps symlink_data
[3.278s] DEBUG:colcon.colcon_core.task.python.build:Available setuptools 'develop' options: --zip-ok, --help, --script-dir, --exclude-scripts, --always-copy, --upgrade, --version, --force-installation-into-system-dir, --uninstall, --no-deps, --editable, --local-snapshots-ok, --record, --site-dirs, --user, --no-user-cfg, --index-url, --find-links, --build-directory, --verbose, --allow-hosts, --optimize, --always-unzip, --multi-version, --dry-run, --quiet, --prefix, --install-layout, --install-dir, --no-find-links, --egg-path
[3.280s] DEBUG:colcon.colcon_core.event_handler.log_command:Invoking command in '/home/upo/Documents/TFG/TFG/ros2_ws/src/build/robotCommunication': AMENT_PREFIX_PATH=/home/upo/Documents/TFG/TFG/ros2_ws/src/install/interfaces:${AMENT_PREFIX_PATH} CMAKE_PREFIX_PATH=/home/upo/Documents/TFG/TFG/ros2_ws/src/install/interfaces:${CMAKE_PREFIX_PATH} DEBUGINFOD_URLS=https://debuginfod.ubuntu.com LD_LIBRARY_PATH=/home/upo/Documents/TFG/TFG/ros2_ws/src/install/interfaces/lib:${LD_LIBRARY_PATH} PYTHONPATH=/home/upo/Documents/TFG/TFG/ros2_ws/src/build/robotCommunication/prefix_override:/usr/lib/python3/dist-packages/colcon_core/task/python/colcon_distutils_commands:/home/upo/Documents/TFG/TFG/ros2_ws/src/install/robotCommunication/lib/python3.12/site-packages:/home/upo/Documents/TFG/TFG/ros2_ws/src/install/interfaces/lib/python3.12/site-packages:${PYTHONPATH} /usr/bin/python3 -W ignore:setup.py install is deprecated -W ignore:easy_install command is deprecated setup.py develop --editable --build-directory /home/upo/Documents/TFG/TFG/ros2_ws/src/build/robotCommunication/build --no-deps symlink_data
[3.331s] Level 1:colcon.colcon_core.shell:create_environment_hook('userCommunication', 'pythonpath_develop')
[3.332s] INFO:colcon.colcon_core.shell:Creating environment hook '/home/upo/Documents/TFG/TFG/ros2_ws/src/build/userCommunication/share/userCommunication/hook/pythonpath_develop.ps1'
[3.332s] DEBUG:colcon.colcon_core.event_handler.log_command:Invoked command in '/home/upo/Documents/TFG/TFG/ros2_ws/src/build/userCommunication' returned '0': DEBUGINFOD_URLS=https://debuginfod.ubuntu.com PYTHONPATH=/home/upo/Documents/TFG/TFG/ros2_ws/src/build/userCommunication/prefix_override:/usr/lib/python3/dist-packages/colcon_core/task/python/colcon_distutils_commands:/home/upo/Documents/TFG/TFG/ros2_ws/src/install/userCommunication/lib/python3.12/site-packages:${PYTHONPATH} /usr/bin/python3 -W ignore:setup.py install is deprecated -W ignore:easy_install command is deprecated setup.py develop --editable --build-directory /home/upo/Documents/TFG/TFG/ros2_ws/src/build/userCommunication/build --no-deps symlink_data
[3.332s] INFO:colcon.colcon_core.shell:Creating environment descriptor '/home/upo/Documents/TFG/TFG/ros2_ws/src/build/userCommunication/share/userCommunication/hook/pythonpath_develop.dsv'
[3.333s] INFO:colcon.colcon_core.shell:Creating environment hook '/home/upo/Documents/TFG/TFG/ros2_ws/src/build/userCommunication/share/userCommunication/hook/pythonpath_develop.sh'
[3.333s] Level 1:colcon.colcon_core.environment:checking '/home/upo/Documents/TFG/TFG/ros2_ws/src/install/userCommunication' for CMake module files
[3.334s] Level 1:colcon.colcon_core.environment:checking '/home/upo/Documents/TFG/TFG/ros2_ws/src/install/userCommunication' for CMake config files
[3.334s] Level 1:colcon.colcon_core.environment:checking '/home/upo/Documents/TFG/TFG/ros2_ws/src/install/userCommunication/lib'
[3.334s] Level 1:colcon.colcon_core.environment:checking '/home/upo/Documents/TFG/TFG/ros2_ws/src/install/userCommunication/bin'
[3.334s] Level 1:colcon.colcon_core.environment:checking '/home/upo/Documents/TFG/TFG/ros2_ws/src/install/userCommunication/lib/pkgconfig/userCommunication.pc'
[3.335s] Level 1:colcon.colcon_core.environment:checking '/home/upo/Documents/TFG/TFG/ros2_ws/src/install/userCommunication/lib/python3.12/site-packages'
[3.335s] Level 1:colcon.colcon_core.shell:create_environment_hook('userCommunication', 'pythonpath')
[3.335s] INFO:colcon.colcon_core.shell:Creating environment hook '/home/upo/Documents/TFG/TFG/ros2_ws/src/install/userCommunication/share/userCommunication/hook/pythonpath.ps1'
[3.335s] INFO:colcon.colcon_core.shell:Creating environment descriptor '/home/upo/Documents/TFG/TFG/ros2_ws/src/install/userCommunication/share/userCommunication/hook/pythonpath.dsv'
[3.336s] INFO:colcon.colcon_core.shell:Creating environment hook '/home/upo/Documents/TFG/TFG/ros2_ws/src/install/userCommunication/share/userCommunication/hook/pythonpath.sh'
[3.336s] Level 1:colcon.colcon_core.environment:checking '/home/upo/Documents/TFG/TFG/ros2_ws/src/install/userCommunication/bin'
[3.336s] Level 1:colcon.colcon_core.environment:create_environment_scripts_only(userCommunication)
[3.336s] INFO:colcon.colcon_core.shell:Creating package script '/home/upo/Documents/TFG/TFG/ros2_ws/src/install/userCommunication/share/userCommunication/package.ps1'
[3.337s] INFO:colcon.colcon_core.shell:Creating package descriptor '/home/upo/Documents/TFG/TFG/ros2_ws/src/install/userCommunication/share/userCommunication/package.dsv'
[3.338s] INFO:colcon.colcon_core.shell:Creating package script '/home/upo/Documents/TFG/TFG/ros2_ws/src/install/userCommunication/share/userCommunication/package.sh'
[3.338s] INFO:colcon.colcon_core.shell:Creating package script '/home/upo/Documents/TFG/TFG/ros2_ws/src/install/userCommunication/share/userCommunication/package.bash'
[3.339s] INFO:colcon.colcon_core.shell:Creating package script '/home/upo/Documents/TFG/TFG/ros2_ws/src/install/userCommunication/share/userCommunication/package.zsh'
[3.339s] Level 1:colcon.colcon_core.environment:create_file_with_runtime_dependencies(/home/upo/Documents/TFG/TFG/ros2_ws/src/install/userCommunication/share/colcon-core/packages/userCommunication)
[3.340s] Level 1:colcon.colcon_core.shell:create_environment_hook('robotWebSocket', 'pythonpath_develop')
[3.340s] INFO:colcon.colcon_core.shell:Creating environment hook '/home/upo/Documents/TFG/TFG/ros2_ws/src/build/robotWebSocket/share/robotWebSocket/hook/pythonpath_develop.ps1'
[3.341s] DEBUG:colcon.colcon_core.event_handler.log_command:Invoked command in '/home/upo/Documents/TFG/TFG/ros2_ws/src/build/robotWebSocket' returned '0': DEBUGINFOD_URLS=https://debuginfod.ubuntu.com PYTHONPATH=/home/upo/Documents/TFG/TFG/ros2_ws/src/build/robotWebSocket/prefix_override:/usr/lib/python3/dist-packages/colcon_core/task/python/colcon_distutils_commands:/home/upo/Documents/TFG/TFG/ros2_ws/src/install/robotWebSocket/lib/python3.12/site-packages:${PYTHONPATH} /usr/bin/python3 -W ignore:setup.py install is deprecated -W ignore:easy_install command is deprecated setup.py develop --editable --build-directory /home/upo/Documents/TFG/TFG/ros2_ws/src/build/robotWebSocket/build --no-deps symlink_data
[3.341s] INFO:colcon.colcon_core.shell:Creating environment descriptor '/home/upo/Documents/TFG/TFG/ros2_ws/src/build/robotWebSocket/share/robotWebSocket/hook/pythonpath_develop.dsv'
[3.342s] INFO:colcon.colcon_core.shell:Creating environment hook '/home/upo/Documents/TFG/TFG/ros2_ws/src/build/robotWebSocket/share/robotWebSocket/hook/pythonpath_develop.sh'
[3.342s] Level 1:colcon.colcon_core.environment:checking '/home/upo/Documents/TFG/TFG/ros2_ws/src/install/robotWebSocket' for CMake module files
[3.343s] Level 1:colcon.colcon_core.environment:checking '/home/upo/Documents/TFG/TFG/ros2_ws/src/install/robotWebSocket' for CMake config files
[3.343s] Level 1:colcon.colcon_core.environment:checking '/home/upo/Documents/TFG/TFG/ros2_ws/src/install/robotWebSocket/lib'
[3.344s] Level 1:colcon.colcon_core.environment:checking '/home/upo/Documents/TFG/TFG/ros2_ws/src/install/robotWebSocket/bin'
[3.344s] Level 1:colcon.colcon_core.environment:checking '/home/upo/Documents/TFG/TFG/ros2_ws/src/install/robotWebSocket/lib/pkgconfig/robotWebSocket.pc'
[3.344s] Level 1:colcon.colcon_core.environment:checking '/home/upo/Documents/TFG/TFG/ros2_ws/src/install/robotWebSocket/lib/python3.12/site-packages'
[3.344s] Level 1:colcon.colcon_core.shell:create_environment_hook('robotWebSocket', 'pythonpath')
[3.344s] INFO:colcon.colcon_core.shell:Creating environment hook '/home/upo/Documents/TFG/TFG/ros2_ws/src/install/robotWebSocket/share/robotWebSocket/hook/pythonpath.ps1'
[3.345s] INFO:colcon.colcon_core.shell:Creating environment descriptor '/home/upo/Documents/TFG/TFG/ros2_ws/src/install/robotWebSocket/share/robotWebSocket/hook/pythonpath.dsv'
[3.345s] INFO:colcon.colcon_core.shell:Creating environment hook '/home/upo/Documents/TFG/TFG/ros2_ws/src/install/robotWebSocket/share/robotWebSocket/hook/pythonpath.sh'
[3.346s] Level 1:colcon.colcon_core.environment:checking '/home/upo/Documents/TFG/TFG/ros2_ws/src/install/robotWebSocket/bin'
[3.346s] Level 1:colcon.colcon_core.environment:create_environment_scripts_only(robotWebSocket)
[3.347s] INFO:colcon.colcon_core.shell:Creating package script '/home/upo/Documents/TFG/TFG/ros2_ws/src/install/robotWebSocket/share/robotWebSocket/package.ps1'
[3.347s] INFO:colcon.colcon_core.shell:Creating package descriptor '/home/upo/Documents/TFG/TFG/ros2_ws/src/install/robotWebSocket/share/robotWebSocket/package.dsv'
[3.348s] INFO:colcon.colcon_core.shell:Creating package script '/home/upo/Documents/TFG/TFG/ros2_ws/src/install/robotWebSocket/share/robotWebSocket/package.sh'
[3.348s] INFO:colcon.colcon_core.shell:Creating package script '/home/upo/Documents/TFG/TFG/ros2_ws/src/install/robotWebSocket/share/robotWebSocket/package.bash'
[3.349s] INFO:colcon.colcon_core.shell:Creating package script '/home/upo/Documents/TFG/TFG/ros2_ws/src/install/robotWebSocket/share/robotWebSocket/package.zsh'
[3.349s] Level 1:colcon.colcon_core.environment:create_file_with_runtime_dependencies(/home/upo/Documents/TFG/TFG/ros2_ws/src/install/robotWebSocket/share/colcon-core/packages/robotWebSocket)
[4.194s] Level 1:colcon.colcon_core.shell:create_environment_hook('VLMProcessing', 'pythonpath_develop')
[4.195s] INFO:colcon.colcon_core.shell:Creating environment hook '/home/upo/Documents/TFG/TFG/ros2_ws/src/build/VLMProcessing/share/VLMProcessing/hook/pythonpath_develop.ps1'
[4.195s] DEBUG:colcon.colcon_core.event_handler.log_command:Invoked command in '/home/upo/Documents/TFG/TFG/ros2_ws/src/build/VLMProcessing' returned '0': AMENT_PREFIX_PATH=/home/upo/Documents/TFG/TFG/ros2_ws/src/install/interfaces:${AMENT_PREFIX_PATH} CMAKE_PREFIX_PATH=/home/upo/Documents/TFG/TFG/ros2_ws/src/install/interfaces:${CMAKE_PREFIX_PATH} DEBUGINFOD_URLS=https://debuginfod.ubuntu.com LD_LIBRARY_PATH=/home/upo/Documents/TFG/TFG/ros2_ws/src/install/interfaces/lib:${LD_LIBRARY_PATH} PYTHONPATH=/home/upo/Documents/TFG/TFG/ros2_ws/src/build/VLMProcessing/prefix_override:/usr/lib/python3/dist-packages/colcon_core/task/python/colcon_distutils_commands:/home/upo/Documents/TFG/TFG/ros2_ws/src/install/VLMProcessing/lib/python3.12/site-packages:/home/upo/Documents/TFG/TFG/ros2_ws/src/install/interfaces/lib/python3.12/site-packages:${PYTHONPATH} /usr/bin/python3 -W ignore:setup.py install is deprecated -W ignore:easy_install command is deprecated setup.py develop --editable --build-directory /home/upo/Documents/TFG/TFG/ros2_ws/src/build/VLMProcessing/build --no-deps symlink_data
[4.196s] INFO:colcon.colcon_core.shell:Creating environment descriptor '/home/upo/Documents/TFG/TFG/ros2_ws/src/build/VLMProcessing/share/VLMProcessing/hook/pythonpath_develop.dsv'
[4.196s] INFO:colcon.colcon_core.shell:Creating environment hook '/home/upo/Documents/TFG/TFG/ros2_ws/src/build/VLMProcessing/share/VLMProcessing/hook/pythonpath_develop.sh'
[4.196s] Level 1:colcon.colcon_core.environment:checking '/home/upo/Documents/TFG/TFG/ros2_ws/src/install/VLMProcessing' for CMake module files
[4.197s] Level 1:colcon.colcon_core.environment:checking '/home/upo/Documents/TFG/TFG/ros2_ws/src/install/VLMProcessing' for CMake config files
[4.197s] Level 1:colcon.colcon_core.environment:checking '/home/upo/Documents/TFG/TFG/ros2_ws/src/install/VLMProcessing/lib'
[4.197s] Level 1:colcon.colcon_core.environment:checking '/home/upo/Documents/TFG/TFG/ros2_ws/src/install/VLMProcessing/bin'
[4.197s] Level 1:colcon.colcon_core.environment:checking '/home/upo/Documents/TFG/TFG/ros2_ws/src/install/VLMProcessing/lib/pkgconfig/VLMProcessing.pc'
[4.198s] Level 1:colcon.colcon_core.environment:checking '/home/upo/Documents/TFG/TFG/ros2_ws/src/install/VLMProcessing/lib/python3.12/site-packages'
[4.198s] Level 1:colcon.colcon_core.shell:create_environment_hook('VLMProcessing', 'pythonpath')
[4.198s] INFO:colcon.colcon_core.shell:Creating environment hook '/home/upo/Documents/TFG/TFG/ros2_ws/src/install/VLMProcessing/share/VLMProcessing/hook/pythonpath.ps1'
[4.198s] INFO:colcon.colcon_core.shell:Creating environment descriptor '/home/upo/Documents/TFG/TFG/ros2_ws/src/install/VLMProcessing/share/VLMProcessing/hook/pythonpath.dsv'
[4.199s] INFO:colcon.colcon_core.shell:Creating environment hook '/home/upo/Documents/TFG/TFG/ros2_ws/src/install/VLMProcessing/share/VLMProcessing/hook/pythonpath.sh'
[4.199s] Level 1:colcon.colcon_core.environment:checking '/home/upo/Documents/TFG/TFG/ros2_ws/src/install/VLMProcessing/bin'
[4.199s] Level 1:colcon.colcon_core.environment:create_environment_scripts_only(VLMProcessing)
[4.200s] INFO:colcon.colcon_core.shell:Creating package script '/home/upo/Documents/TFG/TFG/ros2_ws/src/install/VLMProcessing/share/VLMProcessing/package.ps1'
[4.200s] INFO:colcon.colcon_core.shell:Creating package descriptor '/home/upo/Documents/TFG/TFG/ros2_ws/src/install/VLMProcessing/share/VLMProcessing/package.dsv'
[4.201s] INFO:colcon.colcon_core.shell:Creating package script '/home/upo/Documents/TFG/TFG/ros2_ws/src/install/VLMProcessing/share/VLMProcessing/package.sh'
[4.201s] INFO:colcon.colcon_core.shell:Creating package script '/home/upo/Documents/TFG/TFG/ros2_ws/src/install/VLMProcessing/share/VLMProcessing/package.bash'
[4.201s] INFO:colcon.colcon_core.shell:Creating package script '/home/upo/Documents/TFG/TFG/ros2_ws/src/install/VLMProcessing/share/VLMProcessing/package.zsh'
[4.202s] Level 1:colcon.colcon_core.environment:create_file_with_runtime_dependencies(/home/upo/Documents/TFG/TFG/ros2_ws/src/install/VLMProcessing/share/colcon-core/packages/VLMProcessing)
[4.203s] Level 1:colcon.colcon_core.shell:create_environment_hook('robotMovement', 'pythonpath_develop')
[4.203s] INFO:colcon.colcon_core.shell:Creating environment hook '/home/upo/Documents/TFG/TFG/ros2_ws/src/build/robotMovement/share/robotMovement/hook/pythonpath_develop.ps1'
[4.203s] DEBUG:colcon.colcon_core.event_handler.log_command:Invoked command in '/home/upo/Documents/TFG/TFG/ros2_ws/src/build/robotMovement' returned '0': AMENT_PREFIX_PATH=/home/upo/Documents/TFG/TFG/ros2_ws/src/install/interfaces:${AMENT_PREFIX_PATH} CMAKE_PREFIX_PATH=/home/upo/Documents/TFG/TFG/ros2_ws/src/install/interfaces:${CMAKE_PREFIX_PATH} DEBUGINFOD_URLS=https://debuginfod.ubuntu.com LD_LIBRARY_PATH=/home/upo/Documents/TFG/TFG/ros2_ws/src/install/interfaces/lib:${LD_LIBRARY_PATH} PYTHONPATH=/home/upo/Documents/TFG/TFG/ros2_ws/src/build/robotMovement/prefix_override:/usr/lib/python3/dist-packages/colcon_core/task/python/colcon_distutils_commands:/home/upo/Documents/TFG/TFG/ros2_ws/src/install/robotMovement/lib/python3.12/site-packages:/home/upo/Documents/TFG/TFG/ros2_ws/src/install/interfaces/lib/python3.12/site-packages:${PYTHONPATH} /usr/bin/python3 -W ignore:setup.py install is deprecated -W ignore:easy_install command is deprecated setup.py develop --editable --build-directory /home/upo/Documents/TFG/TFG/ros2_ws/src/build/robotMovement/build --no-deps symlink_data
[4.204s] INFO:colcon.colcon_core.shell:Creating environment descriptor '/home/upo/Documents/TFG/TFG/ros2_ws/src/build/robotMovement/share/robotMovement/hook/pythonpath_develop.dsv'
[4.204s] INFO:colcon.colcon_core.shell:Creating environment hook '/home/upo/Documents/TFG/TFG/ros2_ws/src/build/robotMovement/share/robotMovement/hook/pythonpath_develop.sh'
[4.205s] Level 1:colcon.colcon_core.environment:checking '/home/upo/Documents/TFG/TFG/ros2_ws/src/install/robotMovement' for CMake module files
[4.205s] Level 1:colcon.colcon_core.environment:checking '/home/upo/Documents/TFG/TFG/ros2_ws/src/install/robotMovement' for CMake config files
[4.206s] Level 1:colcon.colcon_core.environment:checking '/home/upo/Documents/TFG/TFG/ros2_ws/src/install/robotMovement/lib'
[4.206s] Level 1:colcon.colcon_core.environment:checking '/home/upo/Documents/TFG/TFG/ros2_ws/src/install/robotMovement/bin'
[4.206s] Level 1:colcon.colcon_core.environment:checking '/home/upo/Documents/TFG/TFG/ros2_ws/src/install/robotMovement/lib/pkgconfig/robotMovement.pc'
[4.206s] Level 1:colcon.colcon_core.environment:checking '/home/upo/Documents/TFG/TFG/ros2_ws/src/install/robotMovement/lib/python3.12/site-packages'
[4.206s] Level 1:colcon.colcon_core.shell:create_environment_hook('robotMovement', 'pythonpath')
[4.207s] INFO:colcon.colcon_core.shell:Creating environment hook '/home/upo/Documents/TFG/TFG/ros2_ws/src/install/robotMovement/share/robotMovement/hook/pythonpath.ps1'
[4.207s] INFO:colcon.colcon_core.shell:Creating environment descriptor '/home/upo/Documents/TFG/TFG/ros2_ws/src/install/robotMovement/share/robotMovement/hook/pythonpath.dsv'
[4.207s] INFO:colcon.colcon_core.shell:Creating environment hook '/home/upo/Documents/TFG/TFG/ros2_ws/src/install/robotMovement/share/robotMovement/hook/pythonpath.sh'
[4.208s] Level 1:colcon.colcon_core.environment:checking '/home/upo/Documents/TFG/TFG/ros2_ws/src/install/robotMovement/bin'
[4.208s] Level 1:colcon.colcon_core.environment:create_environment_scripts_only(robotMovement)
[4.209s] INFO:colcon.colcon_core.shell:Creating package script '/home/upo/Documents/TFG/TFG/ros2_ws/src/install/robotMovement/share/robotMovement/package.ps1'
[4.210s] INFO:colcon.colcon_core.shell:Creating package descriptor '/home/upo/Documents/TFG/TFG/ros2_ws/src/install/robotMovement/share/robotMovement/package.dsv'
[4.210s] INFO:colcon.colcon_core.shell:Creating package script '/home/upo/Documents/TFG/TFG/ros2_ws/src/install/robotMovement/share/robotMovement/package.sh'
[4.211s] INFO:colcon.colcon_core.shell:Creating package script '/home/upo/Documents/TFG/TFG/ros2_ws/src/install/robotMovement/share/robotMovement/package.bash'
[4.211s] INFO:colcon.colcon_core.shell:Creating package script '/home/upo/Documents/TFG/TFG/ros2_ws/src/install/robotMovement/share/robotMovement/package.zsh'
[4.211s] Level 1:colcon.colcon_core.environment:create_file_with_runtime_dependencies(/home/upo/Documents/TFG/TFG/ros2_ws/src/install/robotMovement/share/colcon-core/packages/robotMovement)
[4.213s] Level 1:colcon.colcon_core.shell:create_environment_hook('robotCommunication', 'pythonpath_develop')
[4.214s] INFO:colcon.colcon_core.shell:Creating environment hook '/home/upo/Documents/TFG/TFG/ros2_ws/src/build/robotCommunication/share/robotCommunication/hook/pythonpath_develop.ps1'
[4.214s] DEBUG:colcon.colcon_core.event_handler.log_command:Invoked command in '/home/upo/Documents/TFG/TFG/ros2_ws/src/build/robotCommunication' returned '0': AMENT_PREFIX_PATH=/home/upo/Documents/TFG/TFG/ros2_ws/src/install/interfaces:${AMENT_PREFIX_PATH} CMAKE_PREFIX_PATH=/home/upo/Documents/TFG/TFG/ros2_ws/src/install/interfaces:${CMAKE_PREFIX_PATH} DEBUGINFOD_URLS=https://debuginfod.ubuntu.com LD_LIBRARY_PATH=/home/upo/Documents/TFG/TFG/ros2_ws/src/install/interfaces/lib:${LD_LIBRARY_PATH} PYTHONPATH=/home/upo/Documents/TFG/TFG/ros2_ws/src/build/robotCommunication/prefix_override:/usr/lib/python3/dist-packages/colcon_core/task/python/colcon_distutils_commands:/home/upo/Documents/TFG/TFG/ros2_ws/src/install/robotCommunication/lib/python3.12/site-packages:/home/upo/Documents/TFG/TFG/ros2_ws/src/install/interfaces/lib/python3.12/site-packages:${PYTHONPATH} /usr/bin/python3 -W ignore:setup.py install is deprecated -W ignore:easy_install command is deprecated setup.py develop --editable --build-directory /home/upo/Documents/TFG/TFG/ros2_ws/src/build/robotCommunication/build --no-deps symlink_data
[4.216s] INFO:colcon.colcon_core.shell:Creating environment descriptor '/home/upo/Documents/TFG/TFG/ros2_ws/src/build/robotCommunication/share/robotCommunication/hook/pythonpath_develop.dsv'
[4.216s] INFO:colcon.colcon_core.shell:Creating environment hook '/home/upo/Documents/TFG/TFG/ros2_ws/src/build/robotCommunication/share/robotCommunication/hook/pythonpath_develop.sh'
[4.217s] Level 1:colcon.colcon_core.environment:checking '/home/upo/Documents/TFG/TFG/ros2_ws/src/install/robotCommunication' for CMake module files
[4.217s] Level 1:colcon.colcon_core.environment:checking '/home/upo/Documents/TFG/TFG/ros2_ws/src/install/robotCommunication' for CMake config files
[4.218s] Level 1:colcon.colcon_core.environment:checking '/home/upo/Documents/TFG/TFG/ros2_ws/src/install/robotCommunication/lib'
[4.218s] Level 1:colcon.colcon_core.environment:checking '/home/upo/Documents/TFG/TFG/ros2_ws/src/install/robotCommunication/bin'
[4.218s] Level 1:colcon.colcon_core.environment:checking '/home/upo/Documents/TFG/TFG/ros2_ws/src/install/robotCommunication/lib/pkgconfig/robotCommunication.pc'
[4.218s] Level 1:colcon.colcon_core.environment:checking '/home/upo/Documents/TFG/TFG/ros2_ws/src/install/robotCommunication/lib/python3.12/site-packages'
[4.218s] Level 1:colcon.colcon_core.shell:create_environment_hook('robotCommunication', 'pythonpath')
[4.219s] INFO:colcon.colcon_core.shell:Creating environment hook '/home/upo/Documents/TFG/TFG/ros2_ws/src/install/robotCommunication/share/robotCommunication/hook/pythonpath.ps1'
[4.219s] INFO:colcon.colcon_core.shell:Creating environment descriptor '/home/upo/Documents/TFG/TFG/ros2_ws/src/install/robotCommunication/share/robotCommunication/hook/pythonpath.dsv'
[4.220s] INFO:colcon.colcon_core.shell:Creating environment hook '/home/upo/Documents/TFG/TFG/ros2_ws/src/install/robotCommunication/share/robotCommunication/hook/pythonpath.sh'
[4.221s] Level 1:colcon.colcon_core.environment:checking '/home/upo/Documents/TFG/TFG/ros2_ws/src/install/robotCommunication/bin'
[4.221s] Level 1:colcon.colcon_core.environment:create_environment_scripts_only(robotCommunication)
[4.221s] INFO:colcon.colcon_core.shell:Creating package script '/home/upo/Documents/TFG/TFG/ros2_ws/src/install/robotCommunication/share/robotCommunication/package.ps1'
[4.222s] INFO:colcon.colcon_core.shell:Creating package descriptor '/home/upo/Documents/TFG/TFG/ros2_ws/src/install/robotCommunication/share/robotCommunication/package.dsv'
[4.222s] INFO:colcon.colcon_core.shell:Creating package script '/home/upo/Documents/TFG/TFG/ros2_ws/src/install/robotCommunication/share/robotCommunication/package.sh'
[4.223s] INFO:colcon.colcon_core.shell:Creating package script '/home/upo/Documents/TFG/TFG/ros2_ws/src/install/robotCommunication/share/robotCommunication/package.bash'
[4.223s] INFO:colcon.colcon_core.shell:Creating package script '/home/upo/Documents/TFG/TFG/ros2_ws/src/install/robotCommunication/share/robotCommunication/package.zsh'
[4.223s] Level 1:colcon.colcon_core.environment:create_file_with_runtime_dependencies(/home/upo/Documents/TFG/TFG/ros2_ws/src/install/robotCommunication/share/colcon-core/packages/robotCommunication)
[4.224s] DEBUG:colcon.colcon_parallel_executor.executor.parallel:closing loop
[4.224s] DEBUG:colcon.colcon_parallel_executor.executor.parallel:loop closed
[4.224s] DEBUG:colcon.colcon_parallel_executor.executor.parallel:run_until_complete finished with '0'
[4.224s] DEBUG:colcon.colcon_core.event_reactor:joining thread
[4.254s] INFO:colcon.colcon_core.plugin_system:Skipping extension 'colcon_notification.desktop_notification.terminal_notifier': Not used on non-Darwin systems
[4.254s] INFO:colcon.colcon_core.plugin_system:Skipping extension 'colcon_notification.desktop_notification.win32': Not used on non-Windows systems
[4.254s] INFO:colcon.colcon_notification.desktop_notification:Sending desktop notification using 'notify2'
[4.269s] DEBUG:colcon.colcon_core.event_reactor:joined thread
[4.269s] INFO:colcon.colcon_core.shell:Creating prefix script '/home/upo/Documents/TFG/TFG/ros2_ws/src/install/local_setup.ps1'
[4.270s] INFO:colcon.colcon_core.shell:Creating prefix util module '/home/upo/Documents/TFG/TFG/ros2_ws/src/install/_local_setup_util_ps1.py'
[4.271s] INFO:colcon.colcon_core.shell:Creating prefix chain script '/home/upo/Documents/TFG/TFG/ros2_ws/src/install/setup.ps1'
[4.273s] INFO:colcon.colcon_core.shell:Creating prefix script '/home/upo/Documents/TFG/TFG/ros2_ws/src/install/local_setup.sh'
[4.273s] INFO:colcon.colcon_core.shell:Creating prefix util module '/home/upo/Documents/TFG/TFG/ros2_ws/src/install/_local_setup_util_sh.py'
[4.274s] INFO:colcon.colcon_core.shell:Creating prefix chain script '/home/upo/Documents/TFG/TFG/ros2_ws/src/install/setup.sh'
[4.277s] INFO:colcon.colcon_core.shell:Creating prefix script '/home/upo/Documents/TFG/TFG/ros2_ws/src/install/local_setup.bash'
[4.277s] INFO:colcon.colcon_core.shell:Creating prefix chain script '/home/upo/Documents/TFG/TFG/ros2_ws/src/install/setup.bash'
[4.281s] INFO:colcon.colcon_core.shell:Creating prefix script '/home/upo/Documents/TFG/TFG/ros2_ws/src/install/local_setup.zsh'
[4.282s] INFO:colcon.colcon_core.shell:Creating prefix chain script '/home/upo/Documents/TFG/TFG/ros2_ws/src/install/setup.zsh'
