[0.161s] DEBUG:colcon:Command line arguments: ['/usr/bin/colcon', 'build', '--symlink-install']
[0.162s] DEBUG:colcon:Parsed command line arguments: Namespace(log_base=None, log_level=None, verb_name='build', build_base='build', install_base='install', merge_install=False, symlink_install=True, test_result_base=None, continue_on_error=False, executor='parallel', parallel_workers=16, event_handlers=None, ignore_user_meta=False, metas=['./colcon.meta'], base_paths=['.'], packages_ignore=None, packages_ignore_regex=None, paths=None, packages_up_to=None, packages_up_to_regex=None, packages_above=None, packages_above_and_dependencies=None, packages_above_depth=None, packages_select_by_dep=None, packages_skip_by_dep=None, packages_skip_up_to=None, packages_select_build_failed=False, packages_skip_build_finished=False, packages_select_test_failures=False, packages_skip_test_passed=False, packages_select=None, packages_skip=None, packages_select_regex=None, packages_skip_regex=None, packages_start=None, packages_end=None, allow_overriding=[], cmake_args=None, cmake_target=None, cmake_target_skip_unavailable=False, cmake_clean_cache=False, cmake_clean_first=False, cmake_force_configure=False, ament_cmake_args=None, catkin_cmake_args=None, catkin_skip_building_tests=False, mixin_files=None, mixin=None, verb_parser=<colcon_mixin.mixin.mixin_argument.MixinArgumentDecorator object at 0x7ea2df6b2d50>, verb_extension=<colcon_core.verb.build.BuildVerb object at 0x7ea2df6b2a50>, main=<bound method BuildVerb.main of <colcon_core.verb.build.BuildVerb object at 0x7ea2df6b2a50>>, mixin_verb=('build',))
[0.217s] Level 1:colcon.colcon_core.package_discovery:discover_packages(colcon_meta) check parameters
[0.218s] Level 1:colcon.colcon_core.package_discovery:discover_packages(recursive) check parameters
[0.218s] Level 1:colcon.colcon_core.package_discovery:discover_packages(ignore) check parameters
[0.218s] Level 1:colcon.colcon_core.package_discovery:discover_packages(path) check parameters
[0.218s] Level 1:colcon.colcon_core.package_discovery:discover_packages(colcon_meta) discover
[0.218s] Level 1:colcon.colcon_core.package_discovery:discover_packages(recursive) discover
[0.218s] INFO:colcon.colcon_core.package_discovery:Crawling recursively for packages in '/home/upo/TFG/ros2_ws'
[0.218s] Level 1:colcon.colcon_core.package_identification:_identify(.) by extensions ['ignore', 'ignore_ament_install']
[0.218s] Level 1:colcon.colcon_core.package_identification:_identify(.) by extension 'ignore'
[0.218s] Level 1:colcon.colcon_core.package_identification:_identify(.) by extension 'ignore_ament_install'
[0.218s] Level 1:colcon.colcon_core.package_identification:_identify(.) by extensions ['colcon_pkg']
[0.218s] Level 1:colcon.colcon_core.package_identification:_identify(.) by extension 'colcon_pkg'
[0.218s] Level 1:colcon.colcon_core.package_identification:_identify(.) by extensions ['colcon_meta']
[0.218s] Level 1:colcon.colcon_core.package_identification:_identify(.) by extension 'colcon_meta'
[0.218s] Level 1:colcon.colcon_core.package_identification:_identify(.) by extensions ['ros']
[0.218s] Level 1:colcon.colcon_core.package_identification:_identify(.) by extension 'ros'
[0.245s] Level 1:colcon.colcon_core.package_identification:_identify(.) by extensions ['cmake', 'python']
[0.245s] Level 1:colcon.colcon_core.package_identification:_identify(.) by extension 'cmake'
[0.245s] Level 1:colcon.colcon_core.package_identification:_identify(.) by extension 'python'
[0.245s] Level 1:colcon.colcon_core.package_identification:_identify(.) by extensions ['python_setup_py']
[0.245s] Level 1:colcon.colcon_core.package_identification:_identify(.) by extension 'python_setup_py'
[0.245s] Level 1:colcon.colcon_core.package_identification:_identify(build) by extensions ['ignore', 'ignore_ament_install']
[0.245s] Level 1:colcon.colcon_core.package_identification:_identify(build) by extension 'ignore'
[0.245s] Level 1:colcon.colcon_core.package_identification:_identify(build) ignored
[0.245s] Level 1:colcon.colcon_core.package_identification:_identify(install) by extensions ['ignore', 'ignore_ament_install']
[0.245s] Level 1:colcon.colcon_core.package_identification:_identify(install) by extension 'ignore'
[0.245s] Level 1:colcon.colcon_core.package_identification:_identify(install) ignored
[0.246s] Level 1:colcon.colcon_core.package_identification:_identify(log) by extensions ['ignore', 'ignore_ament_install']
[0.246s] Level 1:colcon.colcon_core.package_identification:_identify(log) by extension 'ignore'
[0.246s] Level 1:colcon.colcon_core.package_identification:_identify(log) ignored
[0.246s] Level 1:colcon.colcon_core.package_identification:_identify(src) by extensions ['ignore', 'ignore_ament_install']
[0.246s] Level 1:colcon.colcon_core.package_identification:_identify(src) by extension 'ignore'
[0.246s] Level 1:colcon.colcon_core.package_identification:_identify(src) by extension 'ignore_ament_install'
[0.246s] Level 1:colcon.colcon_core.package_identification:_identify(src) by extensions ['colcon_pkg']
[0.246s] Level 1:colcon.colcon_core.package_identification:_identify(src) by extension 'colcon_pkg'
[0.246s] Level 1:colcon.colcon_core.package_identification:_identify(src) by extensions ['colcon_meta']
[0.246s] Level 1:colcon.colcon_core.package_identification:_identify(src) by extension 'colcon_meta'
[0.246s] Level 1:colcon.colcon_core.package_identification:_identify(src) by extensions ['ros']
[0.246s] Level 1:colcon.colcon_core.package_identification:_identify(src) by extension 'ros'
[0.246s] Level 1:colcon.colcon_core.package_identification:_identify(src) by extensions ['cmake', 'python']
[0.246s] Level 1:colcon.colcon_core.package_identification:_identify(src) by extension 'cmake'
[0.246s] Level 1:colcon.colcon_core.package_identification:_identify(src) by extension 'python'
[0.246s] Level 1:colcon.colcon_core.package_identification:_identify(src) by extensions ['python_setup_py']
[0.246s] Level 1:colcon.colcon_core.package_identification:_identify(src) by extension 'python_setup_py'
[0.247s] Level 1:colcon.colcon_core.package_identification:_identify(src/VLMProcessing) by extensions ['ignore', 'ignore_ament_install']
[0.247s] Level 1:colcon.colcon_core.package_identification:_identify(src/VLMProcessing) by extension 'ignore'
[0.247s] Level 1:colcon.colcon_core.package_identification:_identify(src/VLMProcessing) by extension 'ignore_ament_install'
[0.247s] Level 1:colcon.colcon_core.package_identification:_identify(src/VLMProcessing) by extensions ['colcon_pkg']
[0.247s] Level 1:colcon.colcon_core.package_identification:_identify(src/VLMProcessing) by extension 'colcon_pkg'
[0.247s] Level 1:colcon.colcon_core.package_identification:_identify(src/VLMProcessing) by extensions ['colcon_meta']
[0.247s] Level 1:colcon.colcon_core.package_identification:_identify(src/VLMProcessing) by extension 'colcon_meta'
[0.247s] Level 1:colcon.colcon_core.package_identification:_identify(src/VLMProcessing) by extensions ['ros']
[0.247s] Level 1:colcon.colcon_core.package_identification:_identify(src/VLMProcessing) by extension 'ros'
[0.250s] DEBUG:colcon.colcon_core.package_identification:Package 'src/VLMProcessing' with type 'ros.ament_python' and name 'VLMProcessing'
[0.250s] Level 1:colcon.colcon_core.package_identification:_identify(src/interfaces) by extensions ['ignore', 'ignore_ament_install']
[0.251s] Level 1:colcon.colcon_core.package_identification:_identify(src/interfaces) by extension 'ignore'
[0.251s] Level 1:colcon.colcon_core.package_identification:_identify(src/interfaces) by extension 'ignore_ament_install'
[0.251s] Level 1:colcon.colcon_core.package_identification:_identify(src/interfaces) by extensions ['colcon_pkg']
[0.251s] Level 1:colcon.colcon_core.package_identification:_identify(src/interfaces) by extension 'colcon_pkg'
[0.251s] Level 1:colcon.colcon_core.package_identification:_identify(src/interfaces) by extensions ['colcon_meta']
[0.251s] Level 1:colcon.colcon_core.package_identification:_identify(src/interfaces) by extension 'colcon_meta'
[0.251s] Level 1:colcon.colcon_core.package_identification:_identify(src/interfaces) by extensions ['ros']
[0.251s] Level 1:colcon.colcon_core.package_identification:_identify(src/interfaces) by extension 'ros'
[0.252s] DEBUG:colcon.colcon_core.package_identification:Package 'src/interfaces' with type 'ros.ament_cmake' and name 'interfaces'
[0.252s] Level 1:colcon.colcon_core.package_identification:_identify(src/robotCommunication) by extensions ['ignore', 'ignore_ament_install']
[0.252s] Level 1:colcon.colcon_core.package_identification:_identify(src/robotCommunication) by extension 'ignore'
[0.252s] Level 1:colcon.colcon_core.package_identification:_identify(src/robotCommunication) by extension 'ignore_ament_install'
[0.252s] Level 1:colcon.colcon_core.package_identification:_identify(src/robotCommunication) by extensions ['colcon_pkg']
[0.252s] Level 1:colcon.colcon_core.package_identification:_identify(src/robotCommunication) by extension 'colcon_pkg'
[0.252s] Level 1:colcon.colcon_core.package_identification:_identify(src/robotCommunication) by extensions ['colcon_meta']
[0.252s] Level 1:colcon.colcon_core.package_identification:_identify(src/robotCommunication) by extension 'colcon_meta'
[0.252s] Level 1:colcon.colcon_core.package_identification:_identify(src/robotCommunication) by extensions ['ros']
[0.252s] Level 1:colcon.colcon_core.package_identification:_identify(src/robotCommunication) by extension 'ros'
[0.253s] DEBUG:colcon.colcon_core.package_identification:Package 'src/robotCommunication' with type 'ros.ament_python' and name 'robotCommunication'
[0.253s] Level 1:colcon.colcon_core.package_identification:_identify(src/robotMovement) by extensions ['ignore', 'ignore_ament_install']
[0.253s] Level 1:colcon.colcon_core.package_identification:_identify(src/robotMovement) by extension 'ignore'
[0.254s] Level 1:colcon.colcon_core.package_identification:_identify(src/robotMovement) by extension 'ignore_ament_install'
[0.254s] Level 1:colcon.colcon_core.package_identification:_identify(src/robotMovement) by extensions ['colcon_pkg']
[0.254s] Level 1:colcon.colcon_core.package_identification:_identify(src/robotMovement) by extension 'colcon_pkg'
[0.254s] Level 1:colcon.colcon_core.package_identification:_identify(src/robotMovement) by extensions ['colcon_meta']
[0.254s] Level 1:colcon.colcon_core.package_identification:_identify(src/robotMovement) by extension 'colcon_meta'
[0.254s] Level 1:colcon.colcon_core.package_identification:_identify(src/robotMovement) by extensions ['ros']
[0.254s] Level 1:colcon.colcon_core.package_identification:_identify(src/robotMovement) by extension 'ros'
[0.255s] DEBUG:colcon.colcon_core.package_identification:Package 'src/robotMovement' with type 'ros.ament_python' and name 'robotMovement'
[0.255s] Level 1:colcon.colcon_core.package_identification:_identify(src/userCommunication) by extensions ['ignore', 'ignore_ament_install']
[0.255s] Level 1:colcon.colcon_core.package_identification:_identify(src/userCommunication) by extension 'ignore'
[0.255s] Level 1:colcon.colcon_core.package_identification:_identify(src/userCommunication) by extension 'ignore_ament_install'
[0.255s] Level 1:colcon.colcon_core.package_identification:_identify(src/userCommunication) by extensions ['colcon_pkg']
[0.255s] Level 1:colcon.colcon_core.package_identification:_identify(src/userCommunication) by extension 'colcon_pkg'
[0.255s] Level 1:colcon.colcon_core.package_identification:_identify(src/userCommunication) by extensions ['colcon_meta']
[0.255s] Level 1:colcon.colcon_core.package_identification:_identify(src/userCommunication) by extension 'colcon_meta'
[0.255s] Level 1:colcon.colcon_core.package_identification:_identify(src/userCommunication) by extensions ['ros']
[0.255s] Level 1:colcon.colcon_core.package_identification:_identify(src/userCommunication) by extension 'ros'
[0.256s] DEBUG:colcon.colcon_core.package_identification:Package 'src/userCommunication' with type 'ros.ament_python' and name 'userCommunication'
[0.256s] Level 1:colcon.colcon_core.package_discovery:discover_packages(recursive) using defaults
[0.256s] Level 1:colcon.colcon_core.package_discovery:discover_packages(ignore) discover
[0.256s] Level 1:colcon.colcon_core.package_discovery:discover_packages(ignore) using defaults
[0.256s] Level 1:colcon.colcon_core.package_discovery:discover_packages(path) discover
[0.256s] Level 1:colcon.colcon_core.package_discovery:discover_packages(path) using defaults
[0.280s] Level 1:colcon.colcon_core.package_discovery:discover_packages(prefix_path) check parameters
[0.280s] Level 1:colcon.colcon_core.package_discovery:discover_packages(prefix_path) discover
[0.284s] DEBUG:colcon.colcon_installed_package_information.package_discovery:Found 17 installed packages in /home/upo/turtlebot3_ws/install
[0.287s] DEBUG:colcon.colcon_installed_package_information.package_discovery:Found 406 installed packages in /opt/ros/jazzy
[0.289s] Level 1:colcon.colcon_core.package_discovery:discover_packages(prefix_path) using defaults
[0.366s] Level 5:colcon.colcon_core.verb:set package 'interfaces' build argument 'cmake_args' from command line to 'None'
[0.366s] Level 5:colcon.colcon_core.verb:set package 'interfaces' build argument 'cmake_target' from command line to 'None'
[0.366s] Level 5:colcon.colcon_core.verb:set package 'interfaces' build argument 'cmake_target_skip_unavailable' from command line to 'False'
[0.366s] Level 5:colcon.colcon_core.verb:set package 'interfaces' build argument 'cmake_clean_cache' from command line to 'False'
[0.366s] Level 5:colcon.colcon_core.verb:set package 'interfaces' build argument 'cmake_clean_first' from command line to 'False'
[0.366s] Level 5:colcon.colcon_core.verb:set package 'interfaces' build argument 'cmake_force_configure' from command line to 'False'
[0.366s] Level 5:colcon.colcon_core.verb:set package 'interfaces' build argument 'ament_cmake_args' from command line to 'None'
[0.366s] Level 5:colcon.colcon_core.verb:set package 'interfaces' build argument 'catkin_cmake_args' from command line to 'None'
[0.366s] Level 5:colcon.colcon_core.verb:set package 'interfaces' build argument 'catkin_skip_building_tests' from command line to 'False'
[0.366s] DEBUG:colcon.colcon_core.verb:Building package 'interfaces' with the following arguments: {'ament_cmake_args': None, 'build_base': '/home/upo/TFG/ros2_ws/build/interfaces', 'catkin_cmake_args': None, 'catkin_skip_building_tests': False, 'cmake_args': None, 'cmake_clean_cache': False, 'cmake_clean_first': False, 'cmake_force_configure': False, 'cmake_target': None, 'cmake_target_skip_unavailable': False, 'install_base': '/home/upo/TFG/ros2_ws/install/interfaces', 'merge_install': False, 'path': '/home/upo/TFG/ros2_ws/src/interfaces', 'symlink_install': True, 'test_result_base': None}
[0.367s] Level 5:colcon.colcon_core.verb:set package 'userCommunication' build argument 'cmake_args' from command line to 'None'
[0.367s] Level 5:colcon.colcon_core.verb:set package 'userCommunication' build argument 'cmake_target' from command line to 'None'
[0.367s] Level 5:colcon.colcon_core.verb:set package 'userCommunication' build argument 'cmake_target_skip_unavailable' from command line to 'False'
[0.367s] Level 5:colcon.colcon_core.verb:set package 'userCommunication' build argument 'cmake_clean_cache' from command line to 'False'
[0.367s] Level 5:colcon.colcon_core.verb:set package 'userCommunication' build argument 'cmake_clean_first' from command line to 'False'
[0.367s] Level 5:colcon.colcon_core.verb:set package 'userCommunication' build argument 'cmake_force_configure' from command line to 'False'
[0.367s] Level 5:colcon.colcon_core.verb:set package 'userCommunication' build argument 'ament_cmake_args' from command line to 'None'
[0.367s] Level 5:colcon.colcon_core.verb:set package 'userCommunication' build argument 'catkin_cmake_args' from command line to 'None'
[0.367s] Level 5:colcon.colcon_core.verb:set package 'userCommunication' build argument 'catkin_skip_building_tests' from command line to 'False'
[0.367s] DEBUG:colcon.colcon_core.verb:Building package 'userCommunication' with the following arguments: {'ament_cmake_args': None, 'build_base': '/home/upo/TFG/ros2_ws/build/userCommunication', 'catkin_cmake_args': None, 'catkin_skip_building_tests': False, 'cmake_args': None, 'cmake_clean_cache': False, 'cmake_clean_first': False, 'cmake_force_configure': False, 'cmake_target': None, 'cmake_target_skip_unavailable': False, 'install_base': '/home/upo/TFG/ros2_ws/install/userCommunication', 'merge_install': False, 'path': '/home/upo/TFG/ros2_ws/src/userCommunication', 'symlink_install': True, 'test_result_base': None}
[0.367s] Level 5:colcon.colcon_core.verb:set package 'VLMProcessing' build argument 'cmake_args' from command line to 'None'
[0.367s] Level 5:colcon.colcon_core.verb:set package 'VLMProcessing' build argument 'cmake_target' from command line to 'None'
[0.367s] Level 5:colcon.colcon_core.verb:set package 'VLMProcessing' build argument 'cmake_target_skip_unavailable' from command line to 'False'
[0.367s] Level 5:colcon.colcon_core.verb:set package 'VLMProcessing' build argument 'cmake_clean_cache' from command line to 'False'
[0.367s] Level 5:colcon.colcon_core.verb:set package 'VLMProcessing' build argument 'cmake_clean_first' from command line to 'False'
[0.367s] Level 5:colcon.colcon_core.verb:set package 'VLMProcessing' build argument 'cmake_force_configure' from command line to 'False'
[0.367s] Level 5:colcon.colcon_core.verb:set package 'VLMProcessing' build argument 'ament_cmake_args' from command line to 'None'
[0.367s] Level 5:colcon.colcon_core.verb:set package 'VLMProcessing' build argument 'catkin_cmake_args' from command line to 'None'
[0.367s] Level 5:colcon.colcon_core.verb:set package 'VLMProcessing' build argument 'catkin_skip_building_tests' from command line to 'False'
[0.367s] DEBUG:colcon.colcon_core.verb:Building package 'VLMProcessing' with the following arguments: {'ament_cmake_args': None, 'build_base': '/home/upo/TFG/ros2_ws/build/VLMProcessing', 'catkin_cmake_args': None, 'catkin_skip_building_tests': False, 'cmake_args': None, 'cmake_clean_cache': False, 'cmake_clean_first': False, 'cmake_force_configure': False, 'cmake_target': None, 'cmake_target_skip_unavailable': False, 'install_base': '/home/upo/TFG/ros2_ws/install/VLMProcessing', 'merge_install': False, 'path': '/home/upo/TFG/ros2_ws/src/VLMProcessing', 'symlink_install': True, 'test_result_base': None}
[0.368s] Level 5:colcon.colcon_core.verb:set package 'robotCommunication' build argument 'cmake_args' from command line to 'None'
[0.368s] Level 5:colcon.colcon_core.verb:set package 'robotCommunication' build argument 'cmake_target' from command line to 'None'
[0.368s] Level 5:colcon.colcon_core.verb:set package 'robotCommunication' build argument 'cmake_target_skip_unavailable' from command line to 'False'
[0.368s] Level 5:colcon.colcon_core.verb:set package 'robotCommunication' build argument 'cmake_clean_cache' from command line to 'False'
[0.368s] Level 5:colcon.colcon_core.verb:set package 'robotCommunication' build argument 'cmake_clean_first' from command line to 'False'
[0.368s] Level 5:colcon.colcon_core.verb:set package 'robotCommunication' build argument 'cmake_force_configure' from command line to 'False'
[0.368s] Level 5:colcon.colcon_core.verb:set package 'robotCommunication' build argument 'ament_cmake_args' from command line to 'None'
[0.368s] Level 5:colcon.colcon_core.verb:set package 'robotCommunication' build argument 'catkin_cmake_args' from command line to 'None'
[0.368s] Level 5:colcon.colcon_core.verb:set package 'robotCommunication' build argument 'catkin_skip_building_tests' from command line to 'False'
[0.368s] DEBUG:colcon.colcon_core.verb:Building package 'robotCommunication' with the following arguments: {'ament_cmake_args': None, 'build_base': '/home/upo/TFG/ros2_ws/build/robotCommunication', 'catkin_cmake_args': None, 'catkin_skip_building_tests': False, 'cmake_args': None, 'cmake_clean_cache': False, 'cmake_clean_first': False, 'cmake_force_configure': False, 'cmake_target': None, 'cmake_target_skip_unavailable': False, 'install_base': '/home/upo/TFG/ros2_ws/install/robotCommunication', 'merge_install': False, 'path': '/home/upo/TFG/ros2_ws/src/robotCommunication', 'symlink_install': True, 'test_result_base': None}
[0.368s] Level 5:colcon.colcon_core.verb:set package 'robotMovement' build argument 'cmake_args' from command line to 'None'
[0.368s] Level 5:colcon.colcon_core.verb:set package 'robotMovement' build argument 'cmake_target' from command line to 'None'
[0.368s] Level 5:colcon.colcon_core.verb:set package 'robotMovement' build argument 'cmake_target_skip_unavailable' from command line to 'False'
[0.368s] Level 5:colcon.colcon_core.verb:set package 'robotMovement' build argument 'cmake_clean_cache' from command line to 'False'
[0.368s] Level 5:colcon.colcon_core.verb:set package 'robotMovement' build argument 'cmake_clean_first' from command line to 'False'
[0.368s] Level 5:colcon.colcon_core.verb:set package 'robotMovement' build argument 'cmake_force_configure' from command line to 'False'
[0.368s] Level 5:colcon.colcon_core.verb:set package 'robotMovement' build argument 'ament_cmake_args' from command line to 'None'
[0.368s] Level 5:colcon.colcon_core.verb:set package 'robotMovement' build argument 'catkin_cmake_args' from command line to 'None'
[0.368s] Level 5:colcon.colcon_core.verb:set package 'robotMovement' build argument 'catkin_skip_building_tests' from command line to 'False'
[0.368s] DEBUG:colcon.colcon_core.verb:Building package 'robotMovement' with the following arguments: {'ament_cmake_args': None, 'build_base': '/home/upo/TFG/ros2_ws/build/robotMovement', 'catkin_cmake_args': None, 'catkin_skip_building_tests': False, 'cmake_args': None, 'cmake_clean_cache': False, 'cmake_clean_first': False, 'cmake_force_configure': False, 'cmake_target': None, 'cmake_target_skip_unavailable': False, 'install_base': '/home/upo/TFG/ros2_ws/install/robotMovement', 'merge_install': False, 'path': '/home/upo/TFG/ros2_ws/src/robotMovement', 'symlink_install': True, 'test_result_base': None}
[0.368s] INFO:colcon.colcon_core.executor:Executing jobs using 'parallel' executor
[0.369s] DEBUG:colcon.colcon_parallel_executor.executor.parallel:run_until_complete
[0.370s] INFO:colcon.colcon_ros.task.ament_cmake.build:Building ROS package in '/home/upo/TFG/ros2_ws/src/interfaces' with build type 'ament_cmake'
[0.370s] INFO:colcon.colcon_cmake.task.cmake.build:Building CMake package in '/home/upo/TFG/ros2_ws/src/interfaces'
[0.373s] INFO:colcon.colcon_core.plugin_system:Skipping extension 'colcon_core.shell.bat': Not used on non-Windows systems
[0.373s] INFO:colcon.colcon_core.shell:Skip shell extension 'powershell' for command environment: Not usable outside of PowerShell
[0.374s] DEBUG:colcon.colcon_core.shell:Skip shell extension 'dsv' for command environment
[0.380s] INFO:colcon.colcon_ros.task.ament_python.build:Building ROS package in '/home/upo/TFG/ros2_ws/src/userCommunication' with build type 'ament_python'
[0.380s] Level 1:colcon.colcon_core.shell:create_environment_hook('userCommunication', 'ament_prefix_path')
[0.380s] INFO:colcon.colcon_core.shell:Creating environment hook '/home/upo/TFG/ros2_ws/install/userCommunication/share/userCommunication/hook/ament_prefix_path.ps1'
[0.382s] INFO:colcon.colcon_core.shell:Creating environment descriptor '/home/upo/TFG/ros2_ws/install/userCommunication/share/userCommunication/hook/ament_prefix_path.dsv'
[0.382s] INFO:colcon.colcon_core.shell:Creating environment hook '/home/upo/TFG/ros2_ws/install/userCommunication/share/userCommunication/hook/ament_prefix_path.sh'
[0.383s] INFO:colcon.colcon_core.shell:Skip shell extension 'powershell' for command environment: Not usable outside of PowerShell
[0.383s] DEBUG:colcon.colcon_core.shell:Skip shell extension 'dsv' for command environment
[0.393s] DEBUG:colcon.colcon_core.event_handler.log_command:Invoking command in '/home/upo/TFG/ros2_ws/build/interfaces': CMAKE_PREFIX_PATH=${CMAKE_PREFIX_PATH}:/home/upo/turtlebot3_ws/install/userCommunication:/home/upo/turtlebot3_ws/install/turtlebot3_teleop:/home/upo/turtlebot3_ws/install/turtlebot3_example:/home/upo/turtlebot3_ws/install/robotMovement:/home/upo/turtlebot3_ws/install/robotCommunication:/home/upo/turtlebot3_ws/install/VLMProcessing:/opt/ros/jazzy DEBUGINFOD_URLS=https://debuginfod.ubuntu.com /usr/bin/cmake --build /home/upo/TFG/ros2_ws/build/interfaces -- -j16 -l16
[0.656s] INFO:colcon.colcon_core.task.python.build:Building Python package in '/home/upo/TFG/ros2_ws/src/userCommunication'
[0.656s] INFO:colcon.colcon_core.shell:Skip shell extension 'powershell' for command environment: Not usable outside of PowerShell
[0.656s] DEBUG:colcon.colcon_core.shell:Skip shell extension 'dsv' for command environment
[0.955s] DEBUG:colcon.colcon_core.event_handler.log_command:Invoked command in '/home/upo/TFG/ros2_ws/build/interfaces' returned '0': CMAKE_PREFIX_PATH=${CMAKE_PREFIX_PATH}:/home/upo/turtlebot3_ws/install/userCommunication:/home/upo/turtlebot3_ws/install/turtlebot3_teleop:/home/upo/turtlebot3_ws/install/turtlebot3_example:/home/upo/turtlebot3_ws/install/robotMovement:/home/upo/turtlebot3_ws/install/robotCommunication:/home/upo/turtlebot3_ws/install/VLMProcessing:/opt/ros/jazzy DEBUGINFOD_URLS=https://debuginfod.ubuntu.com /usr/bin/cmake --build /home/upo/TFG/ros2_ws/build/interfaces -- -j16 -l16
[0.971s] DEBUG:colcon.colcon_core.event_handler.log_command:Invoking command in '/home/upo/TFG/ros2_ws/build/interfaces': CMAKE_PREFIX_PATH=${CMAKE_PREFIX_PATH}:/home/upo/turtlebot3_ws/install/userCommunication:/home/upo/turtlebot3_ws/install/turtlebot3_teleop:/home/upo/turtlebot3_ws/install/turtlebot3_example:/home/upo/turtlebot3_ws/install/robotMovement:/home/upo/turtlebot3_ws/install/robotCommunication:/home/upo/turtlebot3_ws/install/VLMProcessing:/opt/ros/jazzy DEBUGINFOD_URLS=https://debuginfod.ubuntu.com /usr/bin/cmake --install /home/upo/TFG/ros2_ws/build/interfaces
[1.081s] Level 1:colcon.colcon_core.environment:create_environment_scripts_only(interfaces)
[1.081s] DEBUG:colcon.colcon_core.event_handler.log_command:Invoked command in '/home/upo/TFG/ros2_ws/build/interfaces' returned '0': CMAKE_PREFIX_PATH=${CMAKE_PREFIX_PATH}:/home/upo/turtlebot3_ws/install/userCommunication:/home/upo/turtlebot3_ws/install/turtlebot3_teleop:/home/upo/turtlebot3_ws/install/turtlebot3_example:/home/upo/turtlebot3_ws/install/robotMovement:/home/upo/turtlebot3_ws/install/robotCommunication:/home/upo/turtlebot3_ws/install/VLMProcessing:/opt/ros/jazzy DEBUGINFOD_URLS=https://debuginfod.ubuntu.com /usr/bin/cmake --install /home/upo/TFG/ros2_ws/build/interfaces
[1.085s] Level 1:colcon.colcon_core.environment:checking '/home/upo/TFG/ros2_ws/install/interfaces' for CMake module files
[1.085s] Level 1:colcon.colcon_core.environment:checking '/home/upo/TFG/ros2_ws/install/interfaces' for CMake config files
[1.086s] Level 1:colcon.colcon_core.shell:create_environment_hook('interfaces', 'cmake_prefix_path')
[1.086s] INFO:colcon.colcon_core.shell:Creating environment hook '/home/upo/TFG/ros2_ws/install/interfaces/share/interfaces/hook/cmake_prefix_path.ps1'
[1.086s] INFO:colcon.colcon_core.shell:Creating environment descriptor '/home/upo/TFG/ros2_ws/install/interfaces/share/interfaces/hook/cmake_prefix_path.dsv'
[1.087s] INFO:colcon.colcon_core.shell:Creating environment hook '/home/upo/TFG/ros2_ws/install/interfaces/share/interfaces/hook/cmake_prefix_path.sh'
[1.087s] Level 1:colcon.colcon_core.environment:checking '/home/upo/TFG/ros2_ws/install/interfaces/lib'
[1.087s] Level 1:colcon.colcon_core.shell:create_environment_hook('interfaces', 'ld_library_path_lib')
[1.087s] INFO:colcon.colcon_core.shell:Creating environment hook '/home/upo/TFG/ros2_ws/install/interfaces/share/interfaces/hook/ld_library_path_lib.ps1'
[1.088s] INFO:colcon.colcon_core.shell:Creating environment descriptor '/home/upo/TFG/ros2_ws/install/interfaces/share/interfaces/hook/ld_library_path_lib.dsv'
[1.088s] INFO:colcon.colcon_core.shell:Creating environment hook '/home/upo/TFG/ros2_ws/install/interfaces/share/interfaces/hook/ld_library_path_lib.sh'
[1.088s] Level 1:colcon.colcon_core.environment:checking '/home/upo/TFG/ros2_ws/install/interfaces/bin'
[1.088s] Level 1:colcon.colcon_core.environment:checking '/home/upo/TFG/ros2_ws/install/interfaces/lib/pkgconfig/interfaces.pc'
[1.088s] Level 1:colcon.colcon_core.environment:checking '/home/upo/TFG/ros2_ws/install/interfaces/lib/python3.12/site-packages'
[1.089s] Level 1:colcon.colcon_core.shell:create_environment_hook('interfaces', 'pythonpath')
[1.089s] INFO:colcon.colcon_core.shell:Creating environment hook '/home/upo/TFG/ros2_ws/install/interfaces/share/interfaces/hook/pythonpath.ps1'
[1.089s] INFO:colcon.colcon_core.shell:Creating environment descriptor '/home/upo/TFG/ros2_ws/install/interfaces/share/interfaces/hook/pythonpath.dsv'
[1.089s] INFO:colcon.colcon_core.shell:Creating environment hook '/home/upo/TFG/ros2_ws/install/interfaces/share/interfaces/hook/pythonpath.sh'
[1.090s] Level 1:colcon.colcon_core.environment:checking '/home/upo/TFG/ros2_ws/install/interfaces/bin'
[1.090s] INFO:colcon.colcon_core.shell:Creating package script '/home/upo/TFG/ros2_ws/install/interfaces/share/interfaces/package.ps1'
[1.091s] INFO:colcon.colcon_core.shell:Creating package descriptor '/home/upo/TFG/ros2_ws/install/interfaces/share/interfaces/package.dsv'
[1.091s] INFO:colcon.colcon_core.shell:Creating package script '/home/upo/TFG/ros2_ws/install/interfaces/share/interfaces/package.sh'
[1.092s] INFO:colcon.colcon_core.shell:Creating package script '/home/upo/TFG/ros2_ws/install/interfaces/share/interfaces/package.bash'
[1.092s] INFO:colcon.colcon_core.shell:Creating package script '/home/upo/TFG/ros2_ws/install/interfaces/share/interfaces/package.zsh'
[1.093s] Level 1:colcon.colcon_core.environment:create_file_with_runtime_dependencies(/home/upo/TFG/ros2_ws/install/interfaces/share/colcon-core/packages/interfaces)
[1.093s] Level 1:colcon.colcon_core.environment:create_environment_scripts_only(interfaces)
[1.093s] Level 1:colcon.colcon_core.environment:checking '/home/upo/TFG/ros2_ws/install/interfaces' for CMake module files
[1.094s] Level 1:colcon.colcon_core.environment:checking '/home/upo/TFG/ros2_ws/install/interfaces' for CMake config files
[1.094s] Level 1:colcon.colcon_core.shell:create_environment_hook('interfaces', 'cmake_prefix_path')
[1.095s] INFO:colcon.colcon_core.shell:Creating environment hook '/home/upo/TFG/ros2_ws/install/interfaces/share/interfaces/hook/cmake_prefix_path.ps1'
[1.095s] INFO:colcon.colcon_core.shell:Creating environment descriptor '/home/upo/TFG/ros2_ws/install/interfaces/share/interfaces/hook/cmake_prefix_path.dsv'
[1.095s] INFO:colcon.colcon_core.shell:Creating environment hook '/home/upo/TFG/ros2_ws/install/interfaces/share/interfaces/hook/cmake_prefix_path.sh'
[1.095s] Level 1:colcon.colcon_core.environment:checking '/home/upo/TFG/ros2_ws/install/interfaces/lib'
[1.095s] Level 1:colcon.colcon_core.shell:create_environment_hook('interfaces', 'ld_library_path_lib')
[1.096s] INFO:colcon.colcon_core.shell:Creating environment hook '/home/upo/TFG/ros2_ws/install/interfaces/share/interfaces/hook/ld_library_path_lib.ps1'
[1.096s] INFO:colcon.colcon_core.shell:Creating environment descriptor '/home/upo/TFG/ros2_ws/install/interfaces/share/interfaces/hook/ld_library_path_lib.dsv'
[1.096s] INFO:colcon.colcon_core.shell:Creating environment hook '/home/upo/TFG/ros2_ws/install/interfaces/share/interfaces/hook/ld_library_path_lib.sh'
[1.096s] Level 1:colcon.colcon_core.environment:checking '/home/upo/TFG/ros2_ws/install/interfaces/bin'
[1.096s] Level 1:colcon.colcon_core.environment:checking '/home/upo/TFG/ros2_ws/install/interfaces/lib/pkgconfig/interfaces.pc'
[1.096s] Level 1:colcon.colcon_core.environment:checking '/home/upo/TFG/ros2_ws/install/interfaces/lib/python3.12/site-packages'
[1.097s] Level 1:colcon.colcon_core.shell:create_environment_hook('interfaces', 'pythonpath')
[1.097s] INFO:colcon.colcon_core.shell:Creating environment hook '/home/upo/TFG/ros2_ws/install/interfaces/share/interfaces/hook/pythonpath.ps1'
[1.097s] INFO:colcon.colcon_core.shell:Creating environment descriptor '/home/upo/TFG/ros2_ws/install/interfaces/share/interfaces/hook/pythonpath.dsv'
[1.097s] INFO:colcon.colcon_core.shell:Creating environment hook '/home/upo/TFG/ros2_ws/install/interfaces/share/interfaces/hook/pythonpath.sh'
[1.098s] Level 1:colcon.colcon_core.environment:checking '/home/upo/TFG/ros2_ws/install/interfaces/bin'
[1.098s] INFO:colcon.colcon_core.shell:Creating package script '/home/upo/TFG/ros2_ws/install/interfaces/share/interfaces/package.ps1'
[1.098s] INFO:colcon.colcon_core.shell:Creating package descriptor '/home/upo/TFG/ros2_ws/install/interfaces/share/interfaces/package.dsv'
[1.099s] INFO:colcon.colcon_core.shell:Creating package script '/home/upo/TFG/ros2_ws/install/interfaces/share/interfaces/package.sh'
[1.099s] INFO:colcon.colcon_core.shell:Creating package script '/home/upo/TFG/ros2_ws/install/interfaces/share/interfaces/package.bash'
[1.099s] INFO:colcon.colcon_core.shell:Creating package script '/home/upo/TFG/ros2_ws/install/interfaces/share/interfaces/package.zsh'
[1.099s] Level 1:colcon.colcon_core.environment:create_file_with_runtime_dependencies(/home/upo/TFG/ros2_ws/install/interfaces/share/colcon-core/packages/interfaces)
[1.100s] INFO:colcon.colcon_ros.task.ament_python.build:Building ROS package in '/home/upo/TFG/ros2_ws/src/VLMProcessing' with build type 'ament_python'
[1.100s] Level 1:colcon.colcon_core.shell:create_environment_hook('VLMProcessing', 'ament_prefix_path')
[1.100s] INFO:colcon.colcon_core.shell:Creating environment hook '/home/upo/TFG/ros2_ws/install/VLMProcessing/share/VLMProcessing/hook/ament_prefix_path.ps1'
[1.101s] INFO:colcon.colcon_core.shell:Creating environment descriptor '/home/upo/TFG/ros2_ws/install/VLMProcessing/share/VLMProcessing/hook/ament_prefix_path.dsv'
[1.101s] INFO:colcon.colcon_core.shell:Creating environment hook '/home/upo/TFG/ros2_ws/install/VLMProcessing/share/VLMProcessing/hook/ament_prefix_path.sh'
[1.102s] INFO:colcon.colcon_core.shell:Skip shell extension 'powershell' for command environment: Not usable outside of PowerShell
[1.102s] DEBUG:colcon.colcon_core.shell:Skip shell extension 'dsv' for command environment
[1.107s] INFO:colcon.colcon_ros.task.ament_python.build:Building ROS package in '/home/upo/TFG/ros2_ws/src/robotCommunication' with build type 'ament_python'
[1.107s] Level 1:colcon.colcon_core.shell:create_environment_hook('robotCommunication', 'ament_prefix_path')
[1.107s] INFO:colcon.colcon_core.shell:Creating environment hook '/home/upo/TFG/ros2_ws/install/robotCommunication/share/robotCommunication/hook/ament_prefix_path.ps1'
[1.107s] INFO:colcon.colcon_core.shell:Creating environment descriptor '/home/upo/TFG/ros2_ws/install/robotCommunication/share/robotCommunication/hook/ament_prefix_path.dsv'
[1.108s] INFO:colcon.colcon_core.shell:Creating environment hook '/home/upo/TFG/ros2_ws/install/robotCommunication/share/robotCommunication/hook/ament_prefix_path.sh'
[1.108s] INFO:colcon.colcon_core.shell:Skip shell extension 'powershell' for command environment: Not usable outside of PowerShell
[1.108s] DEBUG:colcon.colcon_core.shell:Skip shell extension 'dsv' for command environment
[1.112s] INFO:colcon.colcon_ros.task.ament_python.build:Building ROS package in '/home/upo/TFG/ros2_ws/src/robotMovement' with build type 'ament_python'
[1.112s] Level 1:colcon.colcon_core.shell:create_environment_hook('robotMovement', 'ament_prefix_path')
[1.112s] INFO:colcon.colcon_core.shell:Creating environment hook '/home/upo/TFG/ros2_ws/install/robotMovement/share/robotMovement/hook/ament_prefix_path.ps1'
[1.113s] INFO:colcon.colcon_core.shell:Creating environment descriptor '/home/upo/TFG/ros2_ws/install/robotMovement/share/robotMovement/hook/ament_prefix_path.dsv'
[1.113s] INFO:colcon.colcon_core.shell:Creating environment hook '/home/upo/TFG/ros2_ws/install/robotMovement/share/robotMovement/hook/ament_prefix_path.sh'
[1.114s] INFO:colcon.colcon_core.shell:Skip shell extension 'powershell' for command environment: Not usable outside of PowerShell
[1.114s] DEBUG:colcon.colcon_core.shell:Skip shell extension 'dsv' for command environment
[1.294s] INFO:colcon.colcon_core.task.python.build:Building Python package in '/home/upo/TFG/ros2_ws/src/VLMProcessing'
[1.295s] INFO:colcon.colcon_core.shell:Skip shell extension 'powershell' for command environment: Not usable outside of PowerShell
[1.295s] DEBUG:colcon.colcon_core.shell:Skip shell extension 'dsv' for command environment
[1.478s] INFO:colcon.colcon_core.task.python.build:Building Python package in '/home/upo/TFG/ros2_ws/src/robotCommunication'
[1.478s] INFO:colcon.colcon_core.shell:Skip shell extension 'powershell' for command environment: Not usable outside of PowerShell
[1.478s] DEBUG:colcon.colcon_core.shell:Skip shell extension 'dsv' for command environment
[1.658s] INFO:colcon.colcon_core.task.python.build:Building Python package in '/home/upo/TFG/ros2_ws/src/robotMovement'
[1.658s] INFO:colcon.colcon_core.shell:Skip shell extension 'powershell' for command environment: Not usable outside of PowerShell
[1.658s] DEBUG:colcon.colcon_core.shell:Skip shell extension 'dsv' for command environment
[1.662s] DEBUG:colcon.colcon_core.task.python.build:Available setuptools commands: sdist, update_catalog, setopt, init_catalog, clean, install_lib, install_scripts, build_clib, easy_install, install_egg_info, upload_docs, editable_wheel, rotate, compile_catalog, egg_info, bdist_wheel, dist_info, install, test, bdist_egg, build, develop, alias, build_py, bdist, extract_messages, symlink_data, build_ext, install_data, bdist_dumb, saveopts, build_scripts, register, install_headers, check, upload, bdist_rpm
[1.971s] DEBUG:colcon.colcon_core.task.python.build:Available setuptools 'develop' options: --always-unzip, --upgrade, --site-dirs, --user, --index-url, --install-dir, --always-copy, --dry-run, --install-layout, --force-installation-into-system-dir, --quiet, --record, --optimize, --no-deps, --exclude-scripts, --allow-hosts, --uninstall, --script-dir, --no-find-links, --multi-version, --prefix, --verbose, --zip-ok, --build-directory, --version, --find-links, --local-snapshots-ok, --help, --no-user-cfg, --editable, --egg-path
[1.979s] DEBUG:colcon.colcon_core.event_handler.log_command:Invoking command in '/home/upo/TFG/ros2_ws/build/userCommunication': DEBUGINFOD_URLS=https://debuginfod.ubuntu.com PYTHONPATH=/home/upo/TFG/ros2_ws/build/userCommunication/prefix_override:/usr/lib/python3/dist-packages/colcon_core/task/python/colcon_distutils_commands:/home/upo/TFG/ros2_ws/install/userCommunication/lib/python3.12/site-packages:${PYTHONPATH} /usr/bin/python3 -W ignore:setup.py install is deprecated -W ignore:easy_install command is deprecated setup.py develop --editable --build-directory /home/upo/TFG/ros2_ws/build/userCommunication/build --no-deps symlink_data
[2.197s] DEBUG:colcon.colcon_core.task.python.build:Available setuptools commands: sdist, update_catalog, setopt, init_catalog, clean, install_lib, install_scripts, build_clib, easy_install, install_egg_info, upload_docs, editable_wheel, rotate, compile_catalog, egg_info, bdist_wheel, dist_info, install, test, bdist_egg, build, develop, alias, build_py, bdist, extract_messages, symlink_data, build_ext, install_data, bdist_dumb, saveopts, build_scripts, register, install_headers, check, upload, bdist_rpm
[2.202s] DEBUG:colcon.colcon_core.task.python.build:Available setuptools commands: sdist, update_catalog, setopt, init_catalog, clean, install_lib, install_scripts, build_clib, easy_install, install_egg_info, upload_docs, editable_wheel, rotate, compile_catalog, egg_info, bdist_wheel, dist_info, install, test, bdist_egg, build, develop, alias, build_py, bdist, extract_messages, symlink_data, build_ext, install_data, bdist_dumb, saveopts, build_scripts, register, install_headers, check, upload, bdist_rpm
[2.226s] DEBUG:colcon.colcon_core.task.python.build:Available setuptools commands: sdist, update_catalog, setopt, init_catalog, clean, install_lib, install_scripts, build_clib, easy_install, install_egg_info, upload_docs, editable_wheel, rotate, compile_catalog, egg_info, bdist_wheel, dist_info, install, test, bdist_egg, build, develop, alias, build_py, bdist, extract_messages, symlink_data, build_ext, install_data, bdist_dumb, saveopts, build_scripts, register, install_headers, check, upload, bdist_rpm
[2.507s] DEBUG:colcon.colcon_core.task.python.build:Available setuptools 'develop' options: --always-unzip, --upgrade, --site-dirs, --user, --index-url, --install-dir, --always-copy, --dry-run, --install-layout, --force-installation-into-system-dir, --quiet, --record, --optimize, --no-deps, --exclude-scripts, --allow-hosts, --uninstall, --script-dir, --no-find-links, --multi-version, --prefix, --verbose, --zip-ok, --build-directory, --version, --find-links, --local-snapshots-ok, --help, --no-user-cfg, --editable, --egg-path
[2.510s] DEBUG:colcon.colcon_core.event_handler.log_command:Invoking command in '/home/upo/TFG/ros2_ws/build/VLMProcessing': AMENT_PREFIX_PATH=/home/upo/TFG/ros2_ws/install/interfaces:${AMENT_PREFIX_PATH} CMAKE_PREFIX_PATH=/home/upo/TFG/ros2_ws/install/interfaces:${CMAKE_PREFIX_PATH} DEBUGINFOD_URLS=https://debuginfod.ubuntu.com LD_LIBRARY_PATH=/home/upo/TFG/ros2_ws/install/interfaces/lib:${LD_LIBRARY_PATH} PYTHONPATH=/home/upo/TFG/ros2_ws/build/VLMProcessing/prefix_override:/usr/lib/python3/dist-packages/colcon_core/task/python/colcon_distutils_commands:/home/upo/TFG/ros2_ws/install/VLMProcessing/lib/python3.12/site-packages:/home/upo/TFG/ros2_ws/install/interfaces/lib/python3.12/site-packages:${PYTHONPATH} /usr/bin/python3 -W ignore:setup.py install is deprecated -W ignore:easy_install command is deprecated setup.py develop --editable --build-directory /home/upo/TFG/ros2_ws/build/VLMProcessing/build --no-deps symlink_data
[2.512s] DEBUG:colcon.colcon_core.task.python.build:Available setuptools 'develop' options: --always-unzip, --upgrade, --site-dirs, --user, --index-url, --install-dir, --always-copy, --dry-run, --install-layout, --force-installation-into-system-dir, --quiet, --record, --optimize, --no-deps, --exclude-scripts, --allow-hosts, --uninstall, --script-dir, --no-find-links, --multi-version, --prefix, --verbose, --zip-ok, --build-directory, --version, --find-links, --local-snapshots-ok, --help, --no-user-cfg, --editable, --egg-path
[2.515s] DEBUG:colcon.colcon_core.event_handler.log_command:Invoking command in '/home/upo/TFG/ros2_ws/build/robotCommunication': AMENT_PREFIX_PATH=/home/upo/TFG/ros2_ws/install/interfaces:${AMENT_PREFIX_PATH} CMAKE_PREFIX_PATH=/home/upo/TFG/ros2_ws/install/interfaces:${CMAKE_PREFIX_PATH} DEBUGINFOD_URLS=https://debuginfod.ubuntu.com LD_LIBRARY_PATH=/home/upo/TFG/ros2_ws/install/interfaces/lib:${LD_LIBRARY_PATH} PYTHONPATH=/home/upo/TFG/ros2_ws/build/robotCommunication/prefix_override:/usr/lib/python3/dist-packages/colcon_core/task/python/colcon_distutils_commands:/home/upo/TFG/ros2_ws/install/robotCommunication/lib/python3.12/site-packages:/home/upo/TFG/ros2_ws/install/interfaces/lib/python3.12/site-packages:${PYTHONPATH} /usr/bin/python3 -W ignore:setup.py install is deprecated -W ignore:easy_install command is deprecated setup.py develop --editable --build-directory /home/upo/TFG/ros2_ws/build/robotCommunication/build --no-deps symlink_data
[2.544s] DEBUG:colcon.colcon_core.task.python.build:Available setuptools 'develop' options: --always-unzip, --upgrade, --site-dirs, --user, --index-url, --install-dir, --always-copy, --dry-run, --install-layout, --force-installation-into-system-dir, --quiet, --record, --optimize, --no-deps, --exclude-scripts, --allow-hosts, --uninstall, --script-dir, --no-find-links, --multi-version, --prefix, --verbose, --zip-ok, --build-directory, --version, --find-links, --local-snapshots-ok, --help, --no-user-cfg, --editable, --egg-path
[2.546s] DEBUG:colcon.colcon_core.event_handler.log_command:Invoking command in '/home/upo/TFG/ros2_ws/build/robotMovement': AMENT_PREFIX_PATH=/home/upo/TFG/ros2_ws/install/interfaces:${AMENT_PREFIX_PATH} CMAKE_PREFIX_PATH=/home/upo/TFG/ros2_ws/install/interfaces:${CMAKE_PREFIX_PATH} DEBUGINFOD_URLS=https://debuginfod.ubuntu.com LD_LIBRARY_PATH=/home/upo/TFG/ros2_ws/install/interfaces/lib:${LD_LIBRARY_PATH} PYTHONPATH=/home/upo/TFG/ros2_ws/build/robotMovement/prefix_override:/usr/lib/python3/dist-packages/colcon_core/task/python/colcon_distutils_commands:/home/upo/TFG/ros2_ws/install/robotMovement/lib/python3.12/site-packages:/home/upo/TFG/ros2_ws/install/interfaces/lib/python3.12/site-packages:${PYTHONPATH} /usr/bin/python3 -W ignore:setup.py install is deprecated -W ignore:easy_install command is deprecated setup.py develop --editable --build-directory /home/upo/TFG/ros2_ws/build/robotMovement/build --no-deps symlink_data
[2.596s] Level 1:colcon.colcon_core.shell:create_environment_hook('userCommunication', 'pythonpath_develop')
[2.596s] INFO:colcon.colcon_core.shell:Creating environment hook '/home/upo/TFG/ros2_ws/build/userCommunication/share/userCommunication/hook/pythonpath_develop.ps1'
[2.597s] DEBUG:colcon.colcon_core.event_handler.log_command:Invoked command in '/home/upo/TFG/ros2_ws/build/userCommunication' returned '0': DEBUGINFOD_URLS=https://debuginfod.ubuntu.com PYTHONPATH=/home/upo/TFG/ros2_ws/build/userCommunication/prefix_override:/usr/lib/python3/dist-packages/colcon_core/task/python/colcon_distutils_commands:/home/upo/TFG/ros2_ws/install/userCommunication/lib/python3.12/site-packages:${PYTHONPATH} /usr/bin/python3 -W ignore:setup.py install is deprecated -W ignore:easy_install command is deprecated setup.py develop --editable --build-directory /home/upo/TFG/ros2_ws/build/userCommunication/build --no-deps symlink_data
[2.597s] INFO:colcon.colcon_core.shell:Creating environment descriptor '/home/upo/TFG/ros2_ws/build/userCommunication/share/userCommunication/hook/pythonpath_develop.dsv'
[2.598s] INFO:colcon.colcon_core.shell:Creating environment hook '/home/upo/TFG/ros2_ws/build/userCommunication/share/userCommunication/hook/pythonpath_develop.sh'
[2.598s] Level 1:colcon.colcon_core.environment:checking '/home/upo/TFG/ros2_ws/install/userCommunication' for CMake module files
[2.599s] Level 1:colcon.colcon_core.environment:checking '/home/upo/TFG/ros2_ws/install/userCommunication' for CMake config files
[2.600s] Level 1:colcon.colcon_core.environment:checking '/home/upo/TFG/ros2_ws/install/userCommunication/lib'
[2.600s] Level 1:colcon.colcon_core.environment:checking '/home/upo/TFG/ros2_ws/install/userCommunication/bin'
[2.600s] Level 1:colcon.colcon_core.environment:checking '/home/upo/TFG/ros2_ws/install/userCommunication/lib/pkgconfig/userCommunication.pc'
[2.600s] Level 1:colcon.colcon_core.environment:checking '/home/upo/TFG/ros2_ws/install/userCommunication/lib/python3.12/site-packages'
[2.600s] Level 1:colcon.colcon_core.shell:create_environment_hook('userCommunication', 'pythonpath')
[2.601s] INFO:colcon.colcon_core.shell:Creating environment hook '/home/upo/TFG/ros2_ws/install/userCommunication/share/userCommunication/hook/pythonpath.ps1'
[2.601s] INFO:colcon.colcon_core.shell:Creating environment descriptor '/home/upo/TFG/ros2_ws/install/userCommunication/share/userCommunication/hook/pythonpath.dsv'
[2.601s] INFO:colcon.colcon_core.shell:Creating environment hook '/home/upo/TFG/ros2_ws/install/userCommunication/share/userCommunication/hook/pythonpath.sh'
[2.602s] Level 1:colcon.colcon_core.environment:checking '/home/upo/TFG/ros2_ws/install/userCommunication/bin'
[2.602s] Level 1:colcon.colcon_core.environment:create_environment_scripts_only(userCommunication)
[2.602s] INFO:colcon.colcon_core.shell:Creating package script '/home/upo/TFG/ros2_ws/install/userCommunication/share/userCommunication/package.ps1'
[2.603s] INFO:colcon.colcon_core.shell:Creating package descriptor '/home/upo/TFG/ros2_ws/install/userCommunication/share/userCommunication/package.dsv'
[2.604s] INFO:colcon.colcon_core.shell:Creating package script '/home/upo/TFG/ros2_ws/install/userCommunication/share/userCommunication/package.sh'
[2.604s] INFO:colcon.colcon_core.shell:Creating package script '/home/upo/TFG/ros2_ws/install/userCommunication/share/userCommunication/package.bash'
[2.604s] INFO:colcon.colcon_core.shell:Creating package script '/home/upo/TFG/ros2_ws/install/userCommunication/share/userCommunication/package.zsh'
[2.605s] Level 1:colcon.colcon_core.environment:create_file_with_runtime_dependencies(/home/upo/TFG/ros2_ws/install/userCommunication/share/colcon-core/packages/userCommunication)
[3.130s] Level 1:colcon.colcon_core.shell:create_environment_hook('VLMProcessing', 'pythonpath_develop')
[3.131s] INFO:colcon.colcon_core.shell:Creating environment hook '/home/upo/TFG/ros2_ws/build/VLMProcessing/share/VLMProcessing/hook/pythonpath_develop.ps1'
[3.131s] DEBUG:colcon.colcon_core.event_handler.log_command:Invoked command in '/home/upo/TFG/ros2_ws/build/VLMProcessing' returned '0': AMENT_PREFIX_PATH=/home/upo/TFG/ros2_ws/install/interfaces:${AMENT_PREFIX_PATH} CMAKE_PREFIX_PATH=/home/upo/TFG/ros2_ws/install/interfaces:${CMAKE_PREFIX_PATH} DEBUGINFOD_URLS=https://debuginfod.ubuntu.com LD_LIBRARY_PATH=/home/upo/TFG/ros2_ws/install/interfaces/lib:${LD_LIBRARY_PATH} PYTHONPATH=/home/upo/TFG/ros2_ws/build/VLMProcessing/prefix_override:/usr/lib/python3/dist-packages/colcon_core/task/python/colcon_distutils_commands:/home/upo/TFG/ros2_ws/install/VLMProcessing/lib/python3.12/site-packages:/home/upo/TFG/ros2_ws/install/interfaces/lib/python3.12/site-packages:${PYTHONPATH} /usr/bin/python3 -W ignore:setup.py install is deprecated -W ignore:easy_install command is deprecated setup.py develop --editable --build-directory /home/upo/TFG/ros2_ws/build/VLMProcessing/build --no-deps symlink_data
[3.132s] INFO:colcon.colcon_core.shell:Creating environment descriptor '/home/upo/TFG/ros2_ws/build/VLMProcessing/share/VLMProcessing/hook/pythonpath_develop.dsv'
[3.132s] INFO:colcon.colcon_core.shell:Creating environment hook '/home/upo/TFG/ros2_ws/build/VLMProcessing/share/VLMProcessing/hook/pythonpath_develop.sh'
[3.133s] Level 1:colcon.colcon_core.environment:checking '/home/upo/TFG/ros2_ws/install/VLMProcessing' for CMake module files
[3.133s] Level 1:colcon.colcon_core.environment:checking '/home/upo/TFG/ros2_ws/install/VLMProcessing' for CMake config files
[3.134s] Level 1:colcon.colcon_core.environment:checking '/home/upo/TFG/ros2_ws/install/VLMProcessing/lib'
[3.134s] Level 1:colcon.colcon_core.environment:checking '/home/upo/TFG/ros2_ws/install/VLMProcessing/bin'
[3.134s] Level 1:colcon.colcon_core.environment:checking '/home/upo/TFG/ros2_ws/install/VLMProcessing/lib/pkgconfig/VLMProcessing.pc'
[3.134s] Level 1:colcon.colcon_core.environment:checking '/home/upo/TFG/ros2_ws/install/VLMProcessing/lib/python3.12/site-packages'
[3.135s] Level 1:colcon.colcon_core.shell:create_environment_hook('VLMProcessing', 'pythonpath')
[3.135s] INFO:colcon.colcon_core.shell:Creating environment hook '/home/upo/TFG/ros2_ws/install/VLMProcessing/share/VLMProcessing/hook/pythonpath.ps1'
[3.135s] INFO:colcon.colcon_core.shell:Creating environment descriptor '/home/upo/TFG/ros2_ws/install/VLMProcessing/share/VLMProcessing/hook/pythonpath.dsv'
[3.135s] INFO:colcon.colcon_core.shell:Creating environment hook '/home/upo/TFG/ros2_ws/install/VLMProcessing/share/VLMProcessing/hook/pythonpath.sh'
[3.136s] Level 1:colcon.colcon_core.environment:checking '/home/upo/TFG/ros2_ws/install/VLMProcessing/bin'
[3.136s] Level 1:colcon.colcon_core.environment:create_environment_scripts_only(VLMProcessing)
[3.136s] INFO:colcon.colcon_core.shell:Creating package script '/home/upo/TFG/ros2_ws/install/VLMProcessing/share/VLMProcessing/package.ps1'
[3.136s] INFO:colcon.colcon_core.shell:Creating package descriptor '/home/upo/TFG/ros2_ws/install/VLMProcessing/share/VLMProcessing/package.dsv'
[3.137s] INFO:colcon.colcon_core.shell:Creating package script '/home/upo/TFG/ros2_ws/install/VLMProcessing/share/VLMProcessing/package.sh'
[3.137s] INFO:colcon.colcon_core.shell:Creating package script '/home/upo/TFG/ros2_ws/install/VLMProcessing/share/VLMProcessing/package.bash'
[3.137s] INFO:colcon.colcon_core.shell:Creating package script '/home/upo/TFG/ros2_ws/install/VLMProcessing/share/VLMProcessing/package.zsh'
[3.138s] Level 1:colcon.colcon_core.environment:create_file_with_runtime_dependencies(/home/upo/TFG/ros2_ws/install/VLMProcessing/share/colcon-core/packages/VLMProcessing)
[3.138s] Level 1:colcon.colcon_core.shell:create_environment_hook('robotCommunication', 'pythonpath_develop')
[3.139s] INFO:colcon.colcon_core.shell:Creating environment hook '/home/upo/TFG/ros2_ws/build/robotCommunication/share/robotCommunication/hook/pythonpath_develop.ps1'
[3.139s] INFO:colcon.colcon_core.shell:Creating environment descriptor '/home/upo/TFG/ros2_ws/build/robotCommunication/share/robotCommunication/hook/pythonpath_develop.dsv'
[3.140s] DEBUG:colcon.colcon_core.event_handler.log_command:Invoked command in '/home/upo/TFG/ros2_ws/build/robotCommunication' returned '0': AMENT_PREFIX_PATH=/home/upo/TFG/ros2_ws/install/interfaces:${AMENT_PREFIX_PATH} CMAKE_PREFIX_PATH=/home/upo/TFG/ros2_ws/install/interfaces:${CMAKE_PREFIX_PATH} DEBUGINFOD_URLS=https://debuginfod.ubuntu.com LD_LIBRARY_PATH=/home/upo/TFG/ros2_ws/install/interfaces/lib:${LD_LIBRARY_PATH} PYTHONPATH=/home/upo/TFG/ros2_ws/build/robotCommunication/prefix_override:/usr/lib/python3/dist-packages/colcon_core/task/python/colcon_distutils_commands:/home/upo/TFG/ros2_ws/install/robotCommunication/lib/python3.12/site-packages:/home/upo/TFG/ros2_ws/install/interfaces/lib/python3.12/site-packages:${PYTHONPATH} /usr/bin/python3 -W ignore:setup.py install is deprecated -W ignore:easy_install command is deprecated setup.py develop --editable --build-directory /home/upo/TFG/ros2_ws/build/robotCommunication/build --no-deps symlink_data
[3.140s] INFO:colcon.colcon_core.shell:Creating environment hook '/home/upo/TFG/ros2_ws/build/robotCommunication/share/robotCommunication/hook/pythonpath_develop.sh'
[3.140s] Level 1:colcon.colcon_core.environment:checking '/home/upo/TFG/ros2_ws/install/robotCommunication' for CMake module files
[3.141s] Level 1:colcon.colcon_core.environment:checking '/home/upo/TFG/ros2_ws/install/robotCommunication' for CMake config files
[3.141s] Level 1:colcon.colcon_core.environment:checking '/home/upo/TFG/ros2_ws/install/robotCommunication/lib'
[3.142s] Level 1:colcon.colcon_core.environment:checking '/home/upo/TFG/ros2_ws/install/robotCommunication/bin'
[3.142s] Level 1:colcon.colcon_core.environment:checking '/home/upo/TFG/ros2_ws/install/robotCommunication/lib/pkgconfig/robotCommunication.pc'
[3.142s] Level 1:colcon.colcon_core.environment:checking '/home/upo/TFG/ros2_ws/install/robotCommunication/lib/python3.12/site-packages'
[3.142s] Level 1:colcon.colcon_core.shell:create_environment_hook('robotCommunication', 'pythonpath')
[3.142s] INFO:colcon.colcon_core.shell:Creating environment hook '/home/upo/TFG/ros2_ws/install/robotCommunication/share/robotCommunication/hook/pythonpath.ps1'
[3.142s] INFO:colcon.colcon_core.shell:Creating environment descriptor '/home/upo/TFG/ros2_ws/install/robotCommunication/share/robotCommunication/hook/pythonpath.dsv'
[3.143s] INFO:colcon.colcon_core.shell:Creating environment hook '/home/upo/TFG/ros2_ws/install/robotCommunication/share/robotCommunication/hook/pythonpath.sh'
[3.143s] Level 1:colcon.colcon_core.environment:checking '/home/upo/TFG/ros2_ws/install/robotCommunication/bin'
[3.143s] Level 1:colcon.colcon_core.environment:create_environment_scripts_only(robotCommunication)
[3.144s] INFO:colcon.colcon_core.shell:Creating package script '/home/upo/TFG/ros2_ws/install/robotCommunication/share/robotCommunication/package.ps1'
[3.144s] INFO:colcon.colcon_core.shell:Creating package descriptor '/home/upo/TFG/ros2_ws/install/robotCommunication/share/robotCommunication/package.dsv'
[3.144s] INFO:colcon.colcon_core.shell:Creating package script '/home/upo/TFG/ros2_ws/install/robotCommunication/share/robotCommunication/package.sh'
[3.145s] INFO:colcon.colcon_core.shell:Creating package script '/home/upo/TFG/ros2_ws/install/robotCommunication/share/robotCommunication/package.bash'
[3.145s] INFO:colcon.colcon_core.shell:Creating package script '/home/upo/TFG/ros2_ws/install/robotCommunication/share/robotCommunication/package.zsh'
[3.145s] Level 1:colcon.colcon_core.environment:create_file_with_runtime_dependencies(/home/upo/TFG/ros2_ws/install/robotCommunication/share/colcon-core/packages/robotCommunication)
[3.172s] Level 1:colcon.colcon_core.shell:create_environment_hook('robotMovement', 'pythonpath_develop')
[3.173s] INFO:colcon.colcon_core.shell:Creating environment hook '/home/upo/TFG/ros2_ws/build/robotMovement/share/robotMovement/hook/pythonpath_develop.ps1'
[3.173s] DEBUG:colcon.colcon_core.event_handler.log_command:Invoked command in '/home/upo/TFG/ros2_ws/build/robotMovement' returned '0': AMENT_PREFIX_PATH=/home/upo/TFG/ros2_ws/install/interfaces:${AMENT_PREFIX_PATH} CMAKE_PREFIX_PATH=/home/upo/TFG/ros2_ws/install/interfaces:${CMAKE_PREFIX_PATH} DEBUGINFOD_URLS=https://debuginfod.ubuntu.com LD_LIBRARY_PATH=/home/upo/TFG/ros2_ws/install/interfaces/lib:${LD_LIBRARY_PATH} PYTHONPATH=/home/upo/TFG/ros2_ws/build/robotMovement/prefix_override:/usr/lib/python3/dist-packages/colcon_core/task/python/colcon_distutils_commands:/home/upo/TFG/ros2_ws/install/robotMovement/lib/python3.12/site-packages:/home/upo/TFG/ros2_ws/install/interfaces/lib/python3.12/site-packages:${PYTHONPATH} /usr/bin/python3 -W ignore:setup.py install is deprecated -W ignore:easy_install command is deprecated setup.py develop --editable --build-directory /home/upo/TFG/ros2_ws/build/robotMovement/build --no-deps symlink_data
[3.174s] INFO:colcon.colcon_core.shell:Creating environment descriptor '/home/upo/TFG/ros2_ws/build/robotMovement/share/robotMovement/hook/pythonpath_develop.dsv'
[3.174s] INFO:colcon.colcon_core.shell:Creating environment hook '/home/upo/TFG/ros2_ws/build/robotMovement/share/robotMovement/hook/pythonpath_develop.sh'
[3.175s] Level 1:colcon.colcon_core.environment:checking '/home/upo/TFG/ros2_ws/install/robotMovement' for CMake module files
[3.175s] Level 1:colcon.colcon_core.environment:checking '/home/upo/TFG/ros2_ws/install/robotMovement' for CMake config files
[3.176s] Level 1:colcon.colcon_core.environment:checking '/home/upo/TFG/ros2_ws/install/robotMovement/lib'
[3.176s] Level 1:colcon.colcon_core.environment:checking '/home/upo/TFG/ros2_ws/install/robotMovement/bin'
[3.176s] Level 1:colcon.colcon_core.environment:checking '/home/upo/TFG/ros2_ws/install/robotMovement/lib/pkgconfig/robotMovement.pc'
[3.176s] Level 1:colcon.colcon_core.environment:checking '/home/upo/TFG/ros2_ws/install/robotMovement/lib/python3.12/site-packages'
[3.176s] Level 1:colcon.colcon_core.shell:create_environment_hook('robotMovement', 'pythonpath')
[3.177s] INFO:colcon.colcon_core.shell:Creating environment hook '/home/upo/TFG/ros2_ws/install/robotMovement/share/robotMovement/hook/pythonpath.ps1'
[3.177s] INFO:colcon.colcon_core.shell:Creating environment descriptor '/home/upo/TFG/ros2_ws/install/robotMovement/share/robotMovement/hook/pythonpath.dsv'
[3.177s] INFO:colcon.colcon_core.shell:Creating environment hook '/home/upo/TFG/ros2_ws/install/robotMovement/share/robotMovement/hook/pythonpath.sh'
[3.178s] Level 1:colcon.colcon_core.environment:checking '/home/upo/TFG/ros2_ws/install/robotMovement/bin'
[3.178s] Level 1:colcon.colcon_core.environment:create_environment_scripts_only(robotMovement)
[3.178s] INFO:colcon.colcon_core.shell:Creating package script '/home/upo/TFG/ros2_ws/install/robotMovement/share/robotMovement/package.ps1'
[3.179s] INFO:colcon.colcon_core.shell:Creating package descriptor '/home/upo/TFG/ros2_ws/install/robotMovement/share/robotMovement/package.dsv'
[3.179s] INFO:colcon.colcon_core.shell:Creating package script '/home/upo/TFG/ros2_ws/install/robotMovement/share/robotMovement/package.sh'
[3.179s] INFO:colcon.colcon_core.shell:Creating package script '/home/upo/TFG/ros2_ws/install/robotMovement/share/robotMovement/package.bash'
[3.179s] INFO:colcon.colcon_core.shell:Creating package script '/home/upo/TFG/ros2_ws/install/robotMovement/share/robotMovement/package.zsh'
[3.180s] Level 1:colcon.colcon_core.environment:create_file_with_runtime_dependencies(/home/upo/TFG/ros2_ws/install/robotMovement/share/colcon-core/packages/robotMovement)
[3.180s] DEBUG:colcon.colcon_parallel_executor.executor.parallel:closing loop
[3.180s] DEBUG:colcon.colcon_parallel_executor.executor.parallel:loop closed
[3.180s] DEBUG:colcon.colcon_parallel_executor.executor.parallel:run_until_complete finished with '0'
[3.180s] DEBUG:colcon.colcon_core.event_reactor:joining thread
[3.211s] INFO:colcon.colcon_core.plugin_system:Skipping extension 'colcon_notification.desktop_notification.terminal_notifier': Not used on non-Darwin systems
[3.211s] INFO:colcon.colcon_core.plugin_system:Skipping extension 'colcon_notification.desktop_notification.win32': Not used on non-Windows systems
[3.211s] INFO:colcon.colcon_notification.desktop_notification:Sending desktop notification using 'notify2'
[3.229s] DEBUG:colcon.colcon_core.event_reactor:joined thread
[3.229s] INFO:colcon.colcon_core.shell:Creating prefix script '/home/upo/TFG/ros2_ws/install/local_setup.ps1'
[3.231s] INFO:colcon.colcon_core.shell:Creating prefix util module '/home/upo/TFG/ros2_ws/install/_local_setup_util_ps1.py'
[3.232s] INFO:colcon.colcon_core.shell:Creating prefix chain script '/home/upo/TFG/ros2_ws/install/setup.ps1'
[3.234s] INFO:colcon.colcon_core.shell:Creating prefix script '/home/upo/TFG/ros2_ws/install/local_setup.sh'
[3.234s] INFO:colcon.colcon_core.shell:Creating prefix util module '/home/upo/TFG/ros2_ws/install/_local_setup_util_sh.py'
[3.235s] INFO:colcon.colcon_core.shell:Creating prefix chain script '/home/upo/TFG/ros2_ws/install/setup.sh'
[3.236s] INFO:colcon.colcon_core.shell:Creating prefix script '/home/upo/TFG/ros2_ws/install/local_setup.bash'
[3.236s] INFO:colcon.colcon_core.shell:Creating prefix chain script '/home/upo/TFG/ros2_ws/install/setup.bash'
[3.238s] INFO:colcon.colcon_core.shell:Creating prefix script '/home/upo/TFG/ros2_ws/install/local_setup.zsh'
[3.238s] INFO:colcon.colcon_core.shell:Creating prefix chain script '/home/upo/TFG/ros2_ws/install/setup.zsh'
