running develop
running egg_info
creating robotMovement.egg-info
writing robotMovement.egg-info/PKG-INFO
writing dependency_links to robotMovement.egg-info/dependency_links.txt
writing entry points to robotMovement.egg-info/entry_points.txt
writing requirements to robotMovement.egg-info/requires.txt
writing top-level names to robotMovement.egg-info/top_level.txt
writing manifest file 'robotMovement.egg-info/SOURCES.txt'
reading manifest file 'robotMovement.egg-info/SOURCES.txt'
writing manifest file 'robotMovement.egg-info/SOURCES.txt'
running build_ext
Creating /home/upo/Documents/TFG/TFG/ros2_ws/src/install/robotMovement/lib/python3.12/site-packages/robotMovement.egg-link (link to .)
Installing robotMovement script to /home/upo/Documents/TFG/TFG/ros2_ws/src/install/robotMovement/lib/robotMovement

Installed /home/upo/Documents/TFG/TFG/ros2_ws/src/build/robotMovement
running symlink_data
creating /home/upo/Documents/TFG/TFG/ros2_ws/src/install/robotMovement/share/ament_index
creating /home/upo/Documents/TFG/TFG/ros2_ws/src/install/robotMovement/share/ament_index/resource_index
creating /home/upo/Documents/TFG/TFG/ros2_ws/src/install/robotMovement/share/ament_index/resource_index/packages
symbolically linking /home/upo/Documents/TFG/TFG/ros2_ws/src/build/robotMovement/resource/robotMovement -> /home/upo/Documents/TFG/TFG/ros2_ws/src/install/robotMovement/share/ament_index/resource_index/packages
symbolically linking /home/upo/Documents/TFG/TFG/ros2_ws/src/build/robotMovement/package.xml -> /home/upo/Documents/TFG/TFG/ros2_ws/src/install/robotMovement/share/robotMovement
