[2.059s] Invoking command in '/home/upo/Documents/TFG/TFG/ros2_ws/src/build/robotMovement': AMENT_PREFIX_PATH=/home/upo/Documents/TFG/TFG/ros2_ws/src/install/interfaces:${AMENT_PREFIX_PATH} CMAKE_PREFIX_PATH=/home/upo/Documents/TFG/TFG/ros2_ws/src/install/interfaces:${CMAKE_PREFIX_PATH} DEBUGINFOD_URLS=https://debuginfod.ubuntu.com LD_LIBRARY_PATH=/home/upo/Documents/TFG/TFG/ros2_ws/src/install/interfaces/lib:${LD_LIBRARY_PATH} PYTHONPATH=/home/upo/Documents/TFG/TFG/ros2_ws/src/build/robotMovement/prefix_override:/usr/lib/python3/dist-packages/colcon_core/task/python/colcon_distutils_commands:/home/upo/Documents/TFG/TFG/ros2_ws/src/install/robotMovement/lib/python3.12/site-packages:/home/upo/Documents/TFG/TFG/ros2_ws/src/install/interfaces/lib/python3.12/site-packages:${PYTHONPATH} /usr/bin/python3 -W ignore:setup.py install is deprecated -W ignore:easy_install command is deprecated setup.py develop --editable --build-directory /home/upo/Documents/TFG/TFG/ros2_ws/src/build/robotMovement/build --no-deps symlink_data
[2.522s] running develop
[2.799s] running egg_info
[2.799s] creating robotMovement.egg-info
[2.826s] writing robotMovement.egg-info/PKG-INFO
[2.827s] writing dependency_links to robotMovement.egg-info/dependency_links.txt
[2.827s] writing entry points to robotMovement.egg-info/entry_points.txt
[2.827s] writing requirements to robotMovement.egg-info/requires.txt
[2.827s] writing top-level names to robotMovement.egg-info/top_level.txt
[2.827s] writing manifest file 'robotMovement.egg-info/SOURCES.txt'
[2.878s] reading manifest file 'robotMovement.egg-info/SOURCES.txt'
[2.878s] writing manifest file 'robotMovement.egg-info/SOURCES.txt'
[2.905s] running build_ext
[2.905s] Creating /home/upo/Documents/TFG/TFG/ros2_ws/src/install/robotMovement/lib/python3.12/site-packages/robotMovement.egg-link (link to .)
[2.906s] Installing robotMovement script to /home/upo/Documents/TFG/TFG/ros2_ws/src/install/robotMovement/lib/robotMovement
[2.906s] 
[2.906s] Installed /home/upo/Documents/TFG/TFG/ros2_ws/src/build/robotMovement
[2.907s] running symlink_data
[2.907s] creating /home/upo/Documents/TFG/TFG/ros2_ws/src/install/robotMovement/share/ament_index
[2.907s] creating /home/upo/Documents/TFG/TFG/ros2_ws/src/install/robotMovement/share/ament_index/resource_index
[2.908s] creating /home/upo/Documents/TFG/TFG/ros2_ws/src/install/robotMovement/share/ament_index/resource_index/packages
[2.908s] symbolically linking /home/upo/Documents/TFG/TFG/ros2_ws/src/build/robotMovement/resource/robotMovement -> /home/upo/Documents/TFG/TFG/ros2_ws/src/install/robotMovement/share/ament_index/resource_index/packages
[2.908s] symbolically linking /home/upo/Documents/TFG/TFG/ros2_ws/src/build/robotMovement/package.xml -> /home/upo/Documents/TFG/TFG/ros2_ws/src/install/robotMovement/share/robotMovement
[2.985s] Invoked command in '/home/upo/Documents/TFG/TFG/ros2_ws/src/build/robotMovement' returned '0': AMENT_PREFIX_PATH=/home/upo/Documents/TFG/TFG/ros2_ws/src/install/interfaces:${AMENT_PREFIX_PATH} CMAKE_PREFIX_PATH=/home/upo/Documents/TFG/TFG/ros2_ws/src/install/interfaces:${CMAKE_PREFIX_PATH} DEBUGINFOD_URLS=https://debuginfod.ubuntu.com LD_LIBRARY_PATH=/home/upo/Documents/TFG/TFG/ros2_ws/src/install/interfaces/lib:${LD_LIBRARY_PATH} PYTHONPATH=/home/upo/Documents/TFG/TFG/ros2_ws/src/build/robotMovement/prefix_override:/usr/lib/python3/dist-packages/colcon_core/task/python/colcon_distutils_commands:/home/upo/Documents/TFG/TFG/ros2_ws/src/install/robotMovement/lib/python3.12/site-packages:/home/upo/Documents/TFG/TFG/ros2_ws/src/install/interfaces/lib/python3.12/site-packages:${PYTHONPATH} /usr/bin/python3 -W ignore:setup.py install is deprecated -W ignore:easy_install command is deprecated setup.py develop --editable --build-directory /home/upo/Documents/TFG/TFG/ros2_ws/src/build/robotMovement/build --no-deps symlink_data
